  正在确定要还原的项目…
  所有项目均是最新的，无法还原。
  TelegramSearchBot.Data -> /root/WorkSpace/CSharp/TelegramSearchBot/feature/project-restructure-implementation/TelegramSearchBot.Data/bin/Release/net9.0/TelegramSearchBot.Data.dll
  TelegramSearchBot.Common -> /root/WorkSpace/CSharp/TelegramSearchBot/feature/project-restructure-implementation/TelegramSearchBot.Common/bin/Release/net9.0/TelegramSearchBot.Common.dll
  TelegramSearchBot.Domain -> /root/WorkSpace/CSharp/TelegramSearchBot/feature/project-restructure-implementation/TelegramSearchBot.Domain/bin/Release/net9.0/TelegramSearchBot.Domain.dll
  TelegramSearchBot.Search -> /root/WorkSpace/CSharp/TelegramSearchBot/feature/project-restructure-implementation/TelegramSearchBot.Search/bin/Release/net9.0/TelegramSearchBot.Search.dll
  TelegramSearchBot.Vector -> /root/WorkSpace/CSharp/TelegramSearchBot/feature/project-restructure-implementation/TelegramSearchBot.Vector/bin/Release/net9.0/TelegramSearchBot.Vector.dll
  TelegramSearchBot.Infrastructure -> /root/WorkSpace/CSharp/TelegramSearchBot/feature/project-restructure-implementation/TelegramSearchBot.Infrastructure/bin/Release/net9.0/TelegramSearchBot.Infrastructure.dll
  TelegramSearchBot.AI -> /root/WorkSpace/CSharp/TelegramSearchBot/feature/project-restructure-implementation/TelegramSearchBot.AI/bin/Release/net9.0/TelegramSearchBot.AI.dll
  TelegramSearchBot.Media -> /root/WorkSpace/CSharp/TelegramSearchBot/feature/project-restructure-implementation/TelegramSearchBot.Media/bin/Release/net9.0/TelegramSearchBot.Media.dll
  TelegramSearchBot -> /root/WorkSpace/CSharp/TelegramSearchBot/feature/project-restructure-implementation/TelegramSearchBot/bin/Release/net9.0/TelegramSearchBot.dll
/root/WorkSpace/CSharp/TelegramSearchBot/feature/project-restructure-implementation/TelegramSearchBot.Test/Core/Controller/ControllerBasicTests.cs(17,7): warning CS0105: “TelegramSearchBot.Controller.AI.LLM”的 using 指令以前在此命名空间中出现过 [/root/WorkSpace/CSharp/TelegramSearchBot/feature/project-restructure-implementation/TelegramSearchBot.Test/TelegramSearchBot.Test.csproj]
/root/WorkSpace/CSharp/TelegramSearchBot/feature/project-restructure-implementation/TelegramSearchBot.Test/Core/Controller/ControllerBasicTests.cs(19,7): warning CS0105: “TelegramSearchBot.Controller.Storage”的 using 指令以前在此命名空间中出现过 [/root/WorkSpace/CSharp/TelegramSearchBot/feature/project-restructure-implementation/TelegramSearchBot.Test/TelegramSearchBot.Test.csproj]
/root/WorkSpace/CSharp/TelegramSearchBot/feature/project-restructure-implementation/TelegramSearchBot.Test/Core/Controller/ControllerBasicTests.cs(20,7): warning CS0105: “TelegramSearchBot.Controller.AI.OCR”的 using 指令以前在此命名空间中出现过 [/root/WorkSpace/CSharp/TelegramSearchBot/feature/project-restructure-implementation/TelegramSearchBot.Test/TelegramSearchBot.Test.csproj]
/root/WorkSpace/CSharp/TelegramSearchBot/feature/project-restructure-implementation/TelegramSearchBot.Test/Core/Controller/ControllerBasicTests.cs(23,7): warning CS0105: “TelegramSearchBot.Interface.Controller”的 using 指令以前在此命名空间中出现过 [/root/WorkSpace/CSharp/TelegramSearchBot/feature/project-restructure-implementation/TelegramSearchBot.Test/TelegramSearchBot.Test.csproj]
/root/WorkSpace/CSharp/TelegramSearchBot/feature/project-restructure-implementation/TelegramSearchBot.Test/Domain/Message/MessageExtensionTests.cs(43,92): warning CS8625: 无法将 null 字面量转换为非 null 的引用类型。 [/root/WorkSpace/CSharp/TelegramSearchBot/feature/project-restructure-implementation/TelegramSearchBot.Test/TelegramSearchBot.Test.csproj]
/root/WorkSpace/CSharp/TelegramSearchBot/feature/project-restructure-implementation/TelegramSearchBot.Test/Domain/Message/MessageExtensionTests.cs(43,134): warning CS8625: 无法将 null 字面量转换为非 null 的引用类型。 [/root/WorkSpace/CSharp/TelegramSearchBot/feature/project-restructure-implementation/TelegramSearchBot.Test/TelegramSearchBot.Test.csproj]
/root/WorkSpace/CSharp/TelegramSearchBot/feature/project-restructure-implementation/TelegramSearchBot.Test/Domain/Message/MessageServiceTests.cs(58,92): warning CS8625: 无法将 null 字面量转换为非 null 的引用类型。 [/root/WorkSpace/CSharp/TelegramSearchBot/feature/project-restructure-implementation/TelegramSearchBot.Test/TelegramSearchBot.Test.csproj]
/root/WorkSpace/CSharp/TelegramSearchBot/feature/project-restructure-implementation/TelegramSearchBot.Test/Domain/Message/MessageServiceTests.cs(58,134): warning CS8625: 无法将 null 字面量转换为非 null 的引用类型。 [/root/WorkSpace/CSharp/TelegramSearchBot/feature/project-restructure-implementation/TelegramSearchBot.Test/TelegramSearchBot.Test.csproj]
/root/WorkSpace/CSharp/TelegramSearchBot/feature/project-restructure-implementation/TelegramSearchBot.Test/Service/BotAPI/SendServiceTests.cs(35,47): warning CS0114: “TestDataDbContext.SearchPageCaches”隐藏继承的成员“DataDbContext.SearchPageCaches”。若要使当前成员重写该实现，请添加关键字 override。否则，添加关键字 new。 [/root/WorkSpace/CSharp/TelegramSearchBot/feature/project-restructure-implementation/TelegramSearchBot.Test/TelegramSearchBot.Test.csproj]
/root/WorkSpace/CSharp/TelegramSearchBot/feature/project-restructure-implementation/TelegramSearchBot.Test/Domain/Message/MessageServiceTests.cs(40,66): error CS0246: 未能找到类型或命名空间名“ISendMessageService”(是否缺少 using 指令或程序集引用?) [/root/WorkSpace/CSharp/TelegramSearchBot/feature/project-restructure-implementation/TelegramSearchBot.Test/TelegramSearchBot.Test.csproj]
/root/WorkSpace/CSharp/TelegramSearchBot/feature/project-restructure-implementation/TelegramSearchBot.Test/Domain/Message/MessageExtensionTests.cs(40,24): error CS1729: “MessageExtensionService”不包含采用 2 个参数的构造函数 [/root/WorkSpace/CSharp/TelegramSearchBot/feature/project-restructure-implementation/TelegramSearchBot.Test/TelegramSearchBot.Test.csproj]
/root/WorkSpace/CSharp/TelegramSearchBot/feature/project-restructure-implementation/TelegramSearchBot.Test/Domain/TestBase.cs(228,24): error CS1729: “MessageService”不包含采用 5 个参数的构造函数 [/root/WorkSpace/CSharp/TelegramSearchBot/feature/project-restructure-implementation/TelegramSearchBot.Test/TelegramSearchBot.Test.csproj]
/root/WorkSpace/CSharp/TelegramSearchBot/feature/project-restructure-implementation/TelegramSearchBot.Test/Domain/Message/MessageProcessingPipelineTests.cs(50,24): error CS1729: “MessageProcessingPipeline”不包含采用 5 个参数的构造函数 [/root/WorkSpace/CSharp/TelegramSearchBot/feature/project-restructure-implementation/TelegramSearchBot.Test/TelegramSearchBot.Test.csproj]
/root/WorkSpace/CSharp/TelegramSearchBot/feature/project-restructure-implementation/TelegramSearchBot.Test/Domain/Message/MessageServiceTests.cs(53,25): error CS0246: 未能找到类型或命名空间名“ISendMessageService”(是否缺少 using 指令或程序集引用?) [/root/WorkSpace/CSharp/TelegramSearchBot/feature/project-restructure-implementation/TelegramSearchBot.Test/TelegramSearchBot.Test.csproj]
/root/WorkSpace/CSharp/TelegramSearchBot/feature/project-restructure-implementation/TelegramSearchBot.Test/Domain/Message/MessageServiceTests.cs(50,24): error CS1729: “MessageService”不包含采用 5 个参数的构造函数 [/root/WorkSpace/CSharp/TelegramSearchBot/feature/project-restructure-implementation/TelegramSearchBot.Test/TelegramSearchBot.Test.csproj]
/root/WorkSpace/CSharp/TelegramSearchBot/feature/project-restructure-implementation/TelegramSearchBot.Test/Domain/MessageTestDataFactory.cs(31,53): error CS0234: 命名空间“TelegramSearchBot.Model.Data”中不存在类型或命名空间名“MessageOption”(是否缺少程序集引用?) [/root/WorkSpace/CSharp/TelegramSearchBot/feature/project-restructure-implementation/TelegramSearchBot.Test/TelegramSearchBot.Test.csproj]
/root/WorkSpace/CSharp/TelegramSearchBot/feature/project-restructure-implementation/TelegramSearchBot.Test/Domain/Message/MessageProcessingPipelineTests.cs(89,46): error CS1061: “IMessageService”未包含“ExecuteAsync”的定义，并且找不到可接受第一个“IMessageService”类型参数的可访问扩展方法“ExecuteAsync”(是否缺少 using 指令或程序集引用?) [/root/WorkSpace/CSharp/TelegramSearchBot/feature/project-restructure-implementation/TelegramSearchBot.Test/TelegramSearchBot.Test.csproj]
/root/WorkSpace/CSharp/TelegramSearchBot/feature/project-restructure-implementation/TelegramSearchBot.Test/Domain/Message/MessageProcessingPipelineTests.cs(99,47): error CS1061: “IMessageService”未包含“ExecuteAsync”的定义，并且找不到可接受第一个“IMessageService”类型参数的可访问扩展方法“ExecuteAsync”(是否缺少 using 指令或程序集引用?) [/root/WorkSpace/CSharp/TelegramSearchBot/feature/project-restructure-implementation/TelegramSearchBot.Test/TelegramSearchBot.Test.csproj]
/root/WorkSpace/CSharp/TelegramSearchBot/feature/project-restructure-implementation/TelegramSearchBot.Test/Domain/MessageTestDataFactory.cs(214,17): error CS0117: “MessageExtension”未包含“MessageId”的定义 [/root/WorkSpace/CSharp/TelegramSearchBot/feature/project-restructure-implementation/TelegramSearchBot.Test/TelegramSearchBot.Test.csproj]
/root/WorkSpace/CSharp/TelegramSearchBot/feature/project-restructure-implementation/TelegramSearchBot.Test/Domain/Message/MessageProcessingPipelineTests.cs(109,46): error CS1061: “IMessageService”未包含“ExecuteAsync”的定义，并且找不到可接受第一个“IMessageService”类型参数的可访问扩展方法“ExecuteAsync”(是否缺少 using 指令或程序集引用?) [/root/WorkSpace/CSharp/TelegramSearchBot/feature/project-restructure-implementation/TelegramSearchBot.Test/TelegramSearchBot.Test.csproj]
/root/WorkSpace/CSharp/TelegramSearchBot/feature/project-restructure-implementation/TelegramSearchBot.Test/Domain/Message/MessageProcessingPipelineTests.cs(119,47): error CS1061: “IMessageService”未包含“ExecuteAsync”的定义，并且找不到可接受第一个“IMessageService”类型参数的可访问扩展方法“ExecuteAsync”(是否缺少 using 指令或程序集引用?) [/root/WorkSpace/CSharp/TelegramSearchBot/feature/project-restructure-implementation/TelegramSearchBot.Test/TelegramSearchBot.Test.csproj]
/root/WorkSpace/CSharp/TelegramSearchBot/feature/project-restructure-implementation/TelegramSearchBot.Test/Domain/Message/MessageProcessingPipelineTests.cs(134,35): error CS1061: “MessageProcessingPipeline”未包含“ValidateMessage”的定义，并且找不到可接受第一个“MessageProcessingPipeline”类型参数的可访问扩展方法“ValidateMessage”(是否缺少 using 指令或程序集引用?) [/root/WorkSpace/CSharp/TelegramSearchBot/feature/project-restructure-implementation/TelegramSearchBot.Test/TelegramSearchBot.Test.csproj]
/root/WorkSpace/CSharp/TelegramSearchBot/feature/project-restructure-implementation/TelegramSearchBot.Test/Domain/Message/MessageProcessingPipelineTests.cs(147,35): error CS1061: “MessageProcessingPipeline”未包含“ValidateMessage”的定义，并且找不到可接受第一个“MessageProcessingPipeline”类型参数的可访问扩展方法“ValidateMessage”(是否缺少 using 指令或程序集引用?) [/root/WorkSpace/CSharp/TelegramSearchBot/feature/project-restructure-implementation/TelegramSearchBot.Test/TelegramSearchBot.Test.csproj]
/root/WorkSpace/CSharp/TelegramSearchBot/feature/project-restructure-implementation/TelegramSearchBot.Test/Base/IntegrationTestBase.cs(522,24): warning CS8603: 可能返回 null 引用。 [/root/WorkSpace/CSharp/TelegramSearchBot/feature/project-restructure-implementation/TelegramSearchBot.Test/TelegramSearchBot.Test.csproj]
/root/WorkSpace/CSharp/TelegramSearchBot/feature/project-restructure-implementation/TelegramSearchBot.Test/Base/IntegrationTestBase.cs(531,24): warning CS8603: 可能返回 null 引用。 [/root/WorkSpace/CSharp/TelegramSearchBot/feature/project-restructure-implementation/TelegramSearchBot.Test/TelegramSearchBot.Test.csproj]
/root/WorkSpace/CSharp/TelegramSearchBot/feature/project-restructure-implementation/TelegramSearchBot.Test/Domain/Message/MessageEntityRedGreenRefactorTests.cs(74,17): error CS0200: 无法为属性或索引器“Message.MessageId”赋值 - 它是只读的 [/root/WorkSpace/CSharp/TelegramSearchBot/feature/project-restructure-implementation/TelegramSearchBot.Test/TelegramSearchBot.Test.csproj]
/root/WorkSpace/CSharp/TelegramSearchBot/feature/project-restructure-implementation/TelegramSearchBot.Test/Base/IntegrationTestBase.cs(64,25): error CS0029: 无法将类型“TelegramSearchBot.Test.Helpers.TestDataSet”隐式转换为“TelegramSearchBot.Test.Base.TestDataSet” [/root/WorkSpace/CSharp/TelegramSearchBot/feature/project-restructure-implementation/TelegramSearchBot.Test/TelegramSearchBot.Test.csproj]
/root/WorkSpace/CSharp/TelegramSearchBot/feature/project-restructure-implementation/TelegramSearchBot.Test/Domain/Message/MessageTestsSimplified.cs(46,47): error CS1061: “MessageExtension”未包含“MessageId”的定义，并且找不到可接受第一个“MessageExtension”类型参数的可访问扩展方法“MessageId”(是否缺少 using 指令或程序集引用?) [/root/WorkSpace/CSharp/TelegramSearchBot/feature/project-restructure-implementation/TelegramSearchBot.Test/TelegramSearchBot.Test.csproj]
/root/WorkSpace/CSharp/TelegramSearchBot/feature/project-restructure-implementation/TelegramSearchBot.Test/Domain/Message/MessageTestsSimplified.cs(47,42): error CS1061: “MessageExtension”未包含“Type”的定义，并且找不到可接受第一个“MessageExtension”类型参数的可访问扩展方法“Type”(是否缺少 using 指令或程序集引用?) [/root/WorkSpace/CSharp/TelegramSearchBot/feature/project-restructure-implementation/TelegramSearchBot.Test/TelegramSearchBot.Test.csproj]
/root/WorkSpace/CSharp/TelegramSearchBot/feature/project-restructure-implementation/TelegramSearchBot.Test/Domain/Message/MessageTestsSimplified.cs(48,43): error CS1061: “MessageExtension”未包含“Value”的定义，并且找不到可接受第一个“MessageExtension”类型参数的可访问扩展方法“Value”(是否缺少 using 指令或程序集引用?) [/root/WorkSpace/CSharp/TelegramSearchBot/feature/project-restructure-implementation/TelegramSearchBot.Test/TelegramSearchBot.Test.csproj]
/root/WorkSpace/CSharp/TelegramSearchBot/feature/project-restructure-implementation/TelegramSearchBot.Test/Domain/Message/MessageTestsSimplified.cs(49,35): error CS1061: “MessageExtension”未包含“CreatedAt”的定义，并且找不到可接受第一个“MessageExtension”类型参数的可访问扩展方法“CreatedAt”(是否缺少 using 指令或程序集引用?) [/root/WorkSpace/CSharp/TelegramSearchBot/feature/project-restructure-implementation/TelegramSearchBot.Test/TelegramSearchBot.Test.csproj]
/root/WorkSpace/CSharp/TelegramSearchBot/feature/project-restructure-implementation/TelegramSearchBot.Test/Domain/Message/MessageEntityTests.cs(41,17): error CS0200: 无法为属性或索引器“Message.MessageId”赋值 - 它是只读的 [/root/WorkSpace/CSharp/TelegramSearchBot/feature/project-restructure-implementation/TelegramSearchBot.Test/TelegramSearchBot.Test.csproj]
/root/WorkSpace/CSharp/TelegramSearchBot/feature/project-restructure-implementation/TelegramSearchBot.Test/Domain/Message/MessageEntityTests.cs(49,26): error CS0234: 命名空间“TelegramSearchBot.Domain.Tests.Message”中不存在类型或命名空间名“FromTelegramMessage”(是否缺少程序集引用?) [/root/WorkSpace/CSharp/TelegramSearchBot/feature/project-restructure-implementation/TelegramSearchBot.Test/TelegramSearchBot.Test.csproj]
/root/WorkSpace/CSharp/TelegramSearchBot/feature/project-restructure-implementation/TelegramSearchBot.Test/Core/Service/ServiceBasicTests.cs(50,24): warning CS0618: “ChatContextProvider”已过时:“ChatContextProvider is deprecated. Use ToolContext instead for passing ChatId to tools.” [/root/WorkSpace/CSharp/TelegramSearchBot/feature/project-restructure-implementation/TelegramSearchBot.Test/TelegramSearchBot.Test.csproj]
/root/WorkSpace/CSharp/TelegramSearchBot/feature/project-restructure-implementation/TelegramSearchBot.Test/Core/Service/ServiceBasicTests.cs(60,24): error CS0246: 未能找到类型或命名空间名“TelegramFileCacheService”(是否缺少 using 指令或程序集引用?) [/root/WorkSpace/CSharp/TelegramSearchBot/feature/project-restructure-implementation/TelegramSearchBot.Test/TelegramSearchBot.Test.csproj]
/root/WorkSpace/CSharp/TelegramSearchBot/feature/project-restructure-implementation/TelegramSearchBot.Test/Core/Service/ServiceBasicTests.cs(61,24): error CS0246: 未能找到类型或命名空间名“DownloadService”(是否缺少 using 指令或程序集引用?) [/root/WorkSpace/CSharp/TelegramSearchBot/feature/project-restructure-implementation/TelegramSearchBot.Test/TelegramSearchBot.Test.csproj]
/root/WorkSpace/CSharp/TelegramSearchBot/feature/project-restructure-implementation/TelegramSearchBot.Test/Core/Service/ServiceBasicTests.cs(62,24): error CS0246: 未能找到类型或命名空间名“BiliVideoProcessingService”(是否缺少 using 指令或程序集引用?) [/root/WorkSpace/CSharp/TelegramSearchBot/feature/project-restructure-implementation/TelegramSearchBot.Test/TelegramSearchBot.Test.csproj]
/root/WorkSpace/CSharp/TelegramSearchBot/feature/project-restructure-implementation/TelegramSearchBot.Test/Core/Service/ServiceBasicTests.cs(63,24): error CS0246: 未能找到类型或命名空间名“BiliOpusProcessingService”(是否缺少 using 指令或程序集引用?) [/root/WorkSpace/CSharp/TelegramSearchBot/feature/project-restructure-implementation/TelegramSearchBot.Test/TelegramSearchBot.Test.csproj]
/root/WorkSpace/CSharp/TelegramSearchBot/feature/project-restructure-implementation/TelegramSearchBot.Test/Core/Service/ServiceBasicTests.cs(64,24): error CS0246: 未能找到类型或命名空间名“BiliApiService”(是否缺少 using 指令或程序集引用?) [/root/WorkSpace/CSharp/TelegramSearchBot/feature/project-restructure-implementation/TelegramSearchBot.Test/TelegramSearchBot.Test.csproj]
/root/WorkSpace/CSharp/TelegramSearchBot/feature/project-restructure-implementation/TelegramSearchBot.Test/Base/IntegrationTestBase.cs(78,35): error CS0103: 当前上下文中不存在名称“MockServiceFactory” [/root/WorkSpace/CSharp/TelegramSearchBot/feature/project-restructure-implementation/TelegramSearchBot.Test/TelegramSearchBot.Test.csproj]
/root/WorkSpace/CSharp/TelegramSearchBot/feature/project-restructure-implementation/TelegramSearchBot.Test/Base/IntegrationTestBase.cs(79,35): error CS0103: 当前上下文中不存在名称“MockServiceFactory” [/root/WorkSpace/CSharp/TelegramSearchBot/feature/project-restructure-implementation/TelegramSearchBot.Test/TelegramSearchBot.Test.csproj]
/root/WorkSpace/CSharp/TelegramSearchBot/feature/project-restructure-implementation/TelegramSearchBot.Test/Base/IntegrationTestBase.cs(80,35): error CS0103: 当前上下文中不存在名称“MockServiceFactory” [/root/WorkSpace/CSharp/TelegramSearchBot/feature/project-restructure-implementation/TelegramSearchBot.Test/TelegramSearchBot.Test.csproj]
/root/WorkSpace/CSharp/TelegramSearchBot/feature/project-restructure-implementation/TelegramSearchBot.Test/Base/IntegrationTestBase.cs(81,35): error CS0103: 当前上下文中不存在名称“MockServiceFactory” [/root/WorkSpace/CSharp/TelegramSearchBot/feature/project-restructure-implementation/TelegramSearchBot.Test/TelegramSearchBot.Test.csproj]
/root/WorkSpace/CSharp/TelegramSearchBot/feature/project-restructure-implementation/TelegramSearchBot.Test/Base/IntegrationTestBase.cs(82,35): error CS0103: 当前上下文中不存在名称“MockServiceFactory” [/root/WorkSpace/CSharp/TelegramSearchBot/feature/project-restructure-implementation/TelegramSearchBot.Test/TelegramSearchBot.Test.csproj]
/root/WorkSpace/CSharp/TelegramSearchBot/feature/project-restructure-implementation/TelegramSearchBot.Test/Base/IntegrationTestBase.cs(83,35): error CS0103: 当前上下文中不存在名称“MockServiceFactory” [/root/WorkSpace/CSharp/TelegramSearchBot/feature/project-restructure-implementation/TelegramSearchBot.Test/TelegramSearchBot.Test.csproj]
/root/WorkSpace/CSharp/TelegramSearchBot/feature/project-restructure-implementation/TelegramSearchBot.Test/Base/IntegrationTestBase.cs(88,44): error CS0103: 当前上下文中不存在名称“TestConfigurationHelper” [/root/WorkSpace/CSharp/TelegramSearchBot/feature/project-restructure-implementation/TelegramSearchBot.Test/TelegramSearchBot.Test.csproj]
/root/WorkSpace/CSharp/TelegramSearchBot/feature/project-restructure-implementation/TelegramSearchBot.Test/Base/IntegrationTestBase.cs(111,32): error CS0246: 未能找到类型或命名空间名“WordCloudTask”(是否缺少 using 指令或程序集引用?) [/root/WorkSpace/CSharp/TelegramSearchBot/feature/project-restructure-implementation/TelegramSearchBot.Test/TelegramSearchBot.Test.csproj]
/root/WorkSpace/CSharp/TelegramSearchBot/feature/project-restructure-implementation/TelegramSearchBot.Test/Base/IntegrationTestBase.cs(112,32): error CS0246: 未能找到类型或命名空间名“ScheduledTaskExecutionService”(是否缺少 using 指令或程序集引用?) [/root/WorkSpace/CSharp/TelegramSearchBot/feature/project-restructure-implementation/TelegramSearchBot.Test/TelegramSearchBot.Test.csproj]
/root/WorkSpace/CSharp/TelegramSearchBot/feature/project-restructure-implementation/TelegramSearchBot.Test/Base/IntegrationTestBase.cs(130,20): warning CS8603: 可能返回 null 引用。 [/root/WorkSpace/CSharp/TelegramSearchBot/feature/project-restructure-implementation/TelegramSearchBot.Test/TelegramSearchBot.Test.csproj]
/root/WorkSpace/CSharp/TelegramSearchBot/feature/project-restructure-implementation/TelegramSearchBot.Test/Base/IntegrationTestBase.cs(145,20): warning CS8603: 可能返回 null 引用。 [/root/WorkSpace/CSharp/TelegramSearchBot/feature/project-restructure-implementation/TelegramSearchBot.Test/TelegramSearchBot.Test.csproj]
/root/WorkSpace/CSharp/TelegramSearchBot/feature/project-restructure-implementation/TelegramSearchBot.Test/Domain/Message/MessageEntitySimpleTests.cs(47,17): error CS0200: 无法为属性或索引器“Message.MessageId”赋值 - 它是只读的 [/root/WorkSpace/CSharp/TelegramSearchBot/feature/project-restructure-implementation/TelegramSearchBot.Test/TelegramSearchBot.Test.csproj]
/root/WorkSpace/CSharp/TelegramSearchBot/feature/project-restructure-implementation/TelegramSearchBot.Test/Domain/Message/MessageEntitySimpleTests.cs(55,26): error CS0234: 命名空间“TelegramSearchBot.Domain.Tests.Message”中不存在类型或命名空间名“FromTelegramMessage”(是否缺少程序集引用?) [/root/WorkSpace/CSharp/TelegramSearchBot/feature/project-restructure-implementation/TelegramSearchBot.Test/TelegramSearchBot.Test.csproj]
/root/WorkSpace/CSharp/TelegramSearchBot/feature/project-restructure-implementation/TelegramSearchBot.Test/Domain/Message/MessageEntityTests.cs(67,17): error CS0200: 无法为属性或索引器“Message.MessageId”赋值 - 它是只读的 [/root/WorkSpace/CSharp/TelegramSearchBot/feature/project-restructure-implementation/TelegramSearchBot.Test/TelegramSearchBot.Test.csproj]
/root/WorkSpace/CSharp/TelegramSearchBot/feature/project-restructure-implementation/TelegramSearchBot.Test/Domain/Message/MessageEntityTests.cs(75,26): error CS0234: 命名空间“TelegramSearchBot.Domain.Tests.Message”中不存在类型或命名空间名“FromTelegramMessage”(是否缺少程序集引用?) [/root/WorkSpace/CSharp/TelegramSearchBot/feature/project-restructure-implementation/TelegramSearchBot.Test/TelegramSearchBot.Test.csproj]
/root/WorkSpace/CSharp/TelegramSearchBot/feature/project-restructure-implementation/TelegramSearchBot.Test/Base/IntegrationTestBase.cs(168,41): error CS1061: “ITelegramBotClient”未包含“GetMeAsync”的定义，并且找不到可接受第一个“ITelegramBotClient”类型参数的可访问扩展方法“GetMeAsync”(是否缺少 using 指令或程序集引用?) [/root/WorkSpace/CSharp/TelegramSearchBot/feature/project-restructure-implementation/TelegramSearchBot.Test/TelegramSearchBot.Test.csproj]
/root/WorkSpace/CSharp/TelegramSearchBot/feature/project-restructure-implementation/TelegramSearchBot.Test/Base/IntegrationTestBase.cs(180,34): error CS1061: “object”未包含“ProcessMessageAsync”的定义，并且找不到可接受第一个“object”类型参数的可访问扩展方法“ProcessMessageAsync”(是否缺少 using 指令或程序集引用?) [/root/WorkSpace/CSharp/TelegramSearchBot/feature/project-restructure-implementation/TelegramSearchBot.Test/TelegramSearchBot.Test.csproj]
/root/WorkSpace/CSharp/TelegramSearchBot/feature/project-restructure-implementation/TelegramSearchBot.Test/Core/Service/ServiceBasicTests.cs(191,75): warning CS8602: 解引用可能出现空引用。 [/root/WorkSpace/CSharp/TelegramSearchBot/feature/project-restructure-implementation/TelegramSearchBot.Test/TelegramSearchBot.Test.csproj]
/root/WorkSpace/CSharp/TelegramSearchBot/feature/project-restructure-implementation/TelegramSearchBot.Test/Base/IntegrationTestBase.cs(202,40): error CS1061: “object”未包含“SearchAsync”的定义，并且找不到可接受第一个“object”类型参数的可访问扩展方法“SearchAsync”(是否缺少 using 指令或程序集引用?) [/root/WorkSpace/CSharp/TelegramSearchBot/feature/project-restructure-implementation/TelegramSearchBot.Test/TelegramSearchBot.Test.csproj]
/root/WorkSpace/CSharp/TelegramSearchBot/feature/project-restructure-implementation/TelegramSearchBot.Test/Domain/Message/MessageEntityTests.cs(91,17): error CS0200: 无法为属性或索引器“Message.MessageId”赋值 - 它是只读的 [/root/WorkSpace/CSharp/TelegramSearchBot/feature/project-restructure-implementation/TelegramSearchBot.Test/TelegramSearchBot.Test.csproj]
/root/WorkSpace/CSharp/TelegramSearchBot/feature/project-restructure-implementation/TelegramSearchBot.Test/Domain/Message/MessageEntityTests.cs(97,21): error CS0200: 无法为属性或索引器“Message.MessageId”赋值 - 它是只读的 [/root/WorkSpace/CSharp/TelegramSearchBot/feature/project-restructure-implementation/TelegramSearchBot.Test/TelegramSearchBot.Test.csproj]
/root/WorkSpace/CSharp/TelegramSearchBot/feature/project-restructure-implementation/TelegramSearchBot.Test/Domain/Message/MessageEntityTests.cs(104,26): error CS0234: 命名空间“TelegramSearchBot.Domain.Tests.Message”中不存在类型或命名空间名“FromTelegramMessage”(是否缺少程序集引用?) [/root/WorkSpace/CSharp/TelegramSearchBot/feature/project-restructure-implementation/TelegramSearchBot.Test/TelegramSearchBot.Test.csproj]
/root/WorkSpace/CSharp/TelegramSearchBot/feature/project-restructure-implementation/TelegramSearchBot.Test/Domain/Message/MessageEntityTests.cs(121,17): error CS0200: 无法为属性或索引器“Message.MessageId”赋值 - 它是只读的 [/root/WorkSpace/CSharp/TelegramSearchBot/feature/project-restructure-implementation/TelegramSearchBot.Test/TelegramSearchBot.Test.csproj]
/root/WorkSpace/CSharp/TelegramSearchBot/feature/project-restructure-implementation/TelegramSearchBot.Test/Domain/Message/MessageEntityTests.cs(129,26): error CS0234: 命名空间“TelegramSearchBot.Domain.Tests.Message”中不存在类型或命名空间名“FromTelegramMessage”(是否缺少程序集引用?) [/root/WorkSpace/CSharp/TelegramSearchBot/feature/project-restructure-implementation/TelegramSearchBot.Test/TelegramSearchBot.Test.csproj]
/root/WorkSpace/CSharp/TelegramSearchBot/feature/project-restructure-implementation/TelegramSearchBot.Test/Domain/Message/MessageEntitySimpleTests.cs(73,17): error CS0200: 无法为属性或索引器“Message.MessageId”赋值 - 它是只读的 [/root/WorkSpace/CSharp/TelegramSearchBot/feature/project-restructure-implementation/TelegramSearchBot.Test/TelegramSearchBot.Test.csproj]
/root/WorkSpace/CSharp/TelegramSearchBot/feature/project-restructure-implementation/TelegramSearchBot.Test/Domain/Message/MessageEntitySimpleTests.cs(79,21): error CS0200: 无法为属性或索引器“Message.MessageId”赋值 - 它是只读的 [/root/WorkSpace/CSharp/TelegramSearchBot/feature/project-restructure-implementation/TelegramSearchBot.Test/TelegramSearchBot.Test.csproj]
/root/WorkSpace/CSharp/TelegramSearchBot/feature/project-restructure-implementation/TelegramSearchBot.Test/Domain/Message/MessageEntitySimpleTests.cs(86,26): error CS0234: 命名空间“TelegramSearchBot.Domain.Tests.Message”中不存在类型或命名空间名“FromTelegramMessage”(是否缺少程序集引用?) [/root/WorkSpace/CSharp/TelegramSearchBot/feature/project-restructure-implementation/TelegramSearchBot.Test/TelegramSearchBot.Test.csproj]
/root/WorkSpace/CSharp/TelegramSearchBot/feature/project-restructure-implementation/TelegramSearchBot.Test/Domain/Message/MessageEntitySimpleTests.cs(103,17): error CS0200: 无法为属性或索引器“Message.MessageId”赋值 - 它是只读的 [/root/WorkSpace/CSharp/TelegramSearchBot/feature/project-restructure-implementation/TelegramSearchBot.Test/TelegramSearchBot.Test.csproj]
/root/WorkSpace/CSharp/TelegramSearchBot/feature/project-restructure-implementation/TelegramSearchBot.Test/Domain/Message/MessageEntitySimpleTests.cs(111,26): error CS0234: 命名空间“TelegramSearchBot.Domain.Tests.Message”中不存在类型或命名空间名“FromTelegramMessage”(是否缺少程序集引用?) [/root/WorkSpace/CSharp/TelegramSearchBot/feature/project-restructure-implementation/TelegramSearchBot.Test/TelegramSearchBot.Test.csproj]
/root/WorkSpace/CSharp/TelegramSearchBot/feature/project-restructure-implementation/TelegramSearchBot.Test/Base/IntegrationTestBase.cs(222,47): error CS0246: 未能找到类型或命名空间名“OpenAIService”(是否缺少 using 指令或程序集引用?) [/root/WorkSpace/CSharp/TelegramSearchBot/feature/project-restructure-implementation/TelegramSearchBot.Test/TelegramSearchBot.Test.csproj]
/root/WorkSpace/CSharp/TelegramSearchBot/feature/project-restructure-implementation/TelegramSearchBot.Test/Base/IntegrationTestBase.cs(226,13): error CS0103: 当前上下文中不存在名称“Assert” [/root/WorkSpace/CSharp/TelegramSearchBot/feature/project-restructure-implementation/TelegramSearchBot.Test/TelegramSearchBot.Test.csproj]
/root/WorkSpace/CSharp/TelegramSearchBot/feature/project-restructure-implementation/TelegramSearchBot.Test/Base/IntegrationTestBase.cs(227,13): error CS0103: 当前上下文中不存在名称“Assert” [/root/WorkSpace/CSharp/TelegramSearchBot/feature/project-restructure-implementation/TelegramSearchBot.Test/TelegramSearchBot.Test.csproj]
/root/WorkSpace/CSharp/TelegramSearchBot/feature/project-restructure-implementation/TelegramSearchBot.Test/Base/IntegrationTestBase.cs(237,13): error CS0191: 无法分配到只读字段(除非在定义了该字段的类型的构造函数或 init-only 资源库中，或者在变量初始值设定项中) [/root/WorkSpace/CSharp/TelegramSearchBot/feature/project-restructure-implementation/TelegramSearchBot.Test/TelegramSearchBot.Test.csproj]
/root/WorkSpace/CSharp/TelegramSearchBot/feature/project-restructure-implementation/TelegramSearchBot.Test/Base/IntegrationTestBase.cs(246,20): error CS0029: 无法将类型“TelegramSearchBot.Test.Helpers.DatabaseSnapshot”隐式转换为“TelegramSearchBot.Test.Base.DatabaseSnapshot” [/root/WorkSpace/CSharp/TelegramSearchBot/feature/project-restructure-implementation/TelegramSearchBot.Test/TelegramSearchBot.Test.csproj]
/root/WorkSpace/CSharp/TelegramSearchBot/feature/project-restructure-implementation/TelegramSearchBot.Test/Base/IntegrationTestBase.cs(256,75): error CS1503: 参数 2: 无法从“TelegramSearchBot.Test.Base.DatabaseSnapshot”转换为“TelegramSearchBot.Test.Helpers.DatabaseSnapshot” [/root/WorkSpace/CSharp/TelegramSearchBot/feature/project-restructure-implementation/TelegramSearchBot.Test/TelegramSearchBot.Test.csproj]
/root/WorkSpace/CSharp/TelegramSearchBot/feature/project-restructure-implementation/TelegramSearchBot.Test/Base/IntegrationTestBase.cs(270,13): error CS0103: 当前上下文中不存在名称“Assert” [/root/WorkSpace/CSharp/TelegramSearchBot/feature/project-restructure-implementation/TelegramSearchBot.Test/TelegramSearchBot.Test.csproj]
/root/WorkSpace/CSharp/TelegramSearchBot/feature/project-restructure-implementation/TelegramSearchBot.Test/Base/IntegrationTestBase.cs(271,13): error CS0103: 当前上下文中不存在名称“Assert” [/root/WorkSpace/CSharp/TelegramSearchBot/feature/project-restructure-implementation/TelegramSearchBot.Test/TelegramSearchBot.Test.csproj]
/root/WorkSpace/CSharp/TelegramSearchBot/feature/project-restructure-implementation/TelegramSearchBot.Test/Base/IntegrationTestBase.cs(272,13): error CS0103: 当前上下文中不存在名称“Assert” [/root/WorkSpace/CSharp/TelegramSearchBot/feature/project-restructure-implementation/TelegramSearchBot.Test/TelegramSearchBot.Test.csproj]
/root/WorkSpace/CSharp/TelegramSearchBot/feature/project-restructure-implementation/TelegramSearchBot.Test/Domain/Message/MessageTestsSimplified.cs(178,36): error CS1061: “MessageExtension”未包含“WithMessageId”的定义，并且找不到可接受第一个“MessageExtension”类型参数的可访问扩展方法“WithMessageId”(是否缺少 using 指令或程序集引用?) [/root/WorkSpace/CSharp/TelegramSearchBot/feature/project-restructure-implementation/TelegramSearchBot.Test/TelegramSearchBot.Test.csproj]
/root/WorkSpace/CSharp/TelegramSearchBot/feature/project-restructure-implementation/TelegramSearchBot.Test/Domain/Message/MessageEntitySimpleTests.cs(123,17): error CS0200: 无法为属性或索引器“Message.MessageId”赋值 - 它是只读的 [/root/WorkSpace/CSharp/TelegramSearchBot/feature/project-restructure-implementation/TelegramSearchBot.Test/TelegramSearchBot.Test.csproj]
/root/WorkSpace/CSharp/TelegramSearchBot/feature/project-restructure-implementation/TelegramSearchBot.Test/Domain/Message/MessageEntitySimpleTests.cs(132,26): error CS0234: 命名空间“TelegramSearchBot.Domain.Tests.Message”中不存在类型或命名空间名“FromTelegramMessage”(是否缺少程序集引用?) [/root/WorkSpace/CSharp/TelegramSearchBot/feature/project-restructure-implementation/TelegramSearchBot.Test/TelegramSearchBot.Test.csproj]
/root/WorkSpace/CSharp/TelegramSearchBot/feature/project-restructure-implementation/TelegramSearchBot.Test/Domain/Message/MessageEntityTests.cs(141,17): error CS0200: 无法为属性或索引器“Message.MessageId”赋值 - 它是只读的 [/root/WorkSpace/CSharp/TelegramSearchBot/feature/project-restructure-implementation/TelegramSearchBot.Test/TelegramSearchBot.Test.csproj]
/root/WorkSpace/CSharp/TelegramSearchBot/feature/project-restructure-implementation/TelegramSearchBot.Test/Domain/Message/MessageEntityTests.cs(150,26): error CS0234: 命名空间“TelegramSearchBot.Domain.Tests.Message”中不存在类型或命名空间名“FromTelegramMessage”(是否缺少程序集引用?) [/root/WorkSpace/CSharp/TelegramSearchBot/feature/project-restructure-implementation/TelegramSearchBot.Test/TelegramSearchBot.Test.csproj]
/root/WorkSpace/CSharp/TelegramSearchBot/feature/project-restructure-implementation/TelegramSearchBot.Test/Domain/TestBase.cs(73,28): warning CS8603: 可能返回 null 引用。 [/root/WorkSpace/CSharp/TelegramSearchBot/feature/project-restructure-implementation/TelegramSearchBot.Test/TelegramSearchBot.Test.csproj]
/root/WorkSpace/CSharp/TelegramSearchBot/feature/project-restructure-implementation/TelegramSearchBot.Test/Domain/TestBase.cs(89,58): warning CS8605: 取消装箱可能为 null 的值。 [/root/WorkSpace/CSharp/TelegramSearchBot/feature/project-restructure-implementation/TelegramSearchBot.Test/TelegramSearchBot.Test.csproj]
/root/WorkSpace/CSharp/TelegramSearchBot/feature/project-restructure-implementation/TelegramSearchBot.Test/Domain/TestBase.cs(56,29): error CS0854: 表达式树可能不包含使用可选参数的调用 [/root/WorkSpace/CSharp/TelegramSearchBot/feature/project-restructure-implementation/TelegramSearchBot.Test/TelegramSearchBot.Test.csproj]
/root/WorkSpace/CSharp/TelegramSearchBot/feature/project-restructure-implementation/TelegramSearchBot.Test/Base/IntegrationTestBase.cs(310,13): error CS0103: 当前上下文中不存在名称“TestConfigurationHelper” [/root/WorkSpace/CSharp/TelegramSearchBot/feature/project-restructure-implementation/TelegramSearchBot.Test/TelegramSearchBot.Test.csproj]
/root/WorkSpace/CSharp/TelegramSearchBot/feature/project-restructure-implementation/TelegramSearchBot.Test/Domain/Message/MessageTestsSimplified.cs(192,36): error CS1061: “MessageExtension”未包含“WithType”的定义，并且找不到可接受第一个“MessageExtension”类型参数的可访问扩展方法“WithType”(是否缺少 using 指令或程序集引用?) [/root/WorkSpace/CSharp/TelegramSearchBot/feature/project-restructure-implementation/TelegramSearchBot.Test/TelegramSearchBot.Test.csproj]
/root/WorkSpace/CSharp/TelegramSearchBot/feature/project-restructure-implementation/TelegramSearchBot.Test/Examples/TestToolsExample.cs(42,61): error CS0104: “Message”是“TelegramSearchBot.Model.Data.Message”和“Telegram.Bot.Types.Message”之间的不明确的引用 [/root/WorkSpace/CSharp/TelegramSearchBot/feature/project-restructure-implementation/TelegramSearchBot.Test/TelegramSearchBot.Test.csproj]
/root/WorkSpace/CSharp/TelegramSearchBot/feature/project-restructure-implementation/TelegramSearchBot.Test/Domain/TestBase.cs(193,24): warning CS8600: 将 null 文本或可能的 null 值转换为不可为 null 类型。 [/root/WorkSpace/CSharp/TelegramSearchBot/feature/project-restructure-implementation/TelegramSearchBot.Test/TelegramSearchBot.Test.csproj]
/root/WorkSpace/CSharp/TelegramSearchBot/feature/project-restructure-implementation/TelegramSearchBot.Test/Domain/TestBase.cs(193,24): warning CS8603: 可能返回 null 引用。 [/root/WorkSpace/CSharp/TelegramSearchBot/feature/project-restructure-implementation/TelegramSearchBot.Test/TelegramSearchBot.Test.csproj]
/root/WorkSpace/CSharp/TelegramSearchBot/feature/project-restructure-implementation/TelegramSearchBot.Test/Domain/Message/MessageEntityTests.cs(163,17): error CS0200: 无法为属性或索引器“Message.MessageId”赋值 - 它是只读的 [/root/WorkSpace/CSharp/TelegramSearchBot/feature/project-restructure-implementation/TelegramSearchBot.Test/TelegramSearchBot.Test.csproj]
/root/WorkSpace/CSharp/TelegramSearchBot/feature/project-restructure-implementation/TelegramSearchBot.Test/Domain/Message/MessageEntityTests.cs(172,26): error CS0234: 命名空间“TelegramSearchBot.Domain.Tests.Message”中不存在类型或命名空间名“FromTelegramMessage”(是否缺少程序集引用?) [/root/WorkSpace/CSharp/TelegramSearchBot/feature/project-restructure-implementation/TelegramSearchBot.Test/TelegramSearchBot.Test.csproj]
/root/WorkSpace/CSharp/TelegramSearchBot/feature/project-restructure-implementation/TelegramSearchBot.Test/Domain/TestBase.cs(214,24): warning CS8603: 可能返回 null 引用。 [/root/WorkSpace/CSharp/TelegramSearchBot/feature/project-restructure-implementation/TelegramSearchBot.Test/TelegramSearchBot.Test.csproj]
/root/WorkSpace/CSharp/TelegramSearchBot/feature/project-restructure-implementation/TelegramSearchBot.Test/Examples/TestToolsExample.cs(59,33): error CS0103: 当前上下文中不存在名称“MockServiceFactory” [/root/WorkSpace/CSharp/TelegramSearchBot/feature/project-restructure-implementation/TelegramSearchBot.Test/TelegramSearchBot.Test.csproj]
/root/WorkSpace/CSharp/TelegramSearchBot/feature/project-restructure-implementation/TelegramSearchBot.Test/Examples/TestToolsExample.cs(62,34): error CS0103: 当前上下文中不存在名称“MockServiceFactory” [/root/WorkSpace/CSharp/TelegramSearchBot/feature/project-restructure-implementation/TelegramSearchBot.Test/TelegramSearchBot.Test.csproj]
/root/WorkSpace/CSharp/TelegramSearchBot/feature/project-restructure-implementation/TelegramSearchBot.Test/Examples/TestToolsExample.cs(65,27): error CS0103: 当前上下文中不存在名称“MockServiceFactory” [/root/WorkSpace/CSharp/TelegramSearchBot/feature/project-restructure-implementation/TelegramSearchBot.Test/TelegramSearchBot.Test.csproj]
/root/WorkSpace/CSharp/TelegramSearchBot/feature/project-restructure-implementation/TelegramSearchBot.Test/Examples/TestToolsExample.cs(68,30): error CS0103: 当前上下文中不存在名称“MockServiceFactory” [/root/WorkSpace/CSharp/TelegramSearchBot/feature/project-restructure-implementation/TelegramSearchBot.Test/TelegramSearchBot.Test.csproj]
/root/WorkSpace/CSharp/TelegramSearchBot/feature/project-restructure-implementation/TelegramSearchBot.Test/Examples/TestToolsExample.cs(71,33): error CS0103: 当前上下文中不存在名称“MockServiceFactory” [/root/WorkSpace/CSharp/TelegramSearchBot/feature/project-restructure-implementation/TelegramSearchBot.Test/TelegramSearchBot.Test.csproj]
/root/WorkSpace/CSharp/TelegramSearchBot/feature/project-restructure-implementation/TelegramSearchBot.Test/Domain/Message/MessageTestsSimplified.cs(206,36): error CS1061: “MessageExtension”未包含“WithValue”的定义，并且找不到可接受第一个“MessageExtension”类型参数的可访问扩展方法“WithValue”(是否缺少 using 指令或程序集引用?) [/root/WorkSpace/CSharp/TelegramSearchBot/feature/project-restructure-implementation/TelegramSearchBot.Test/TelegramSearchBot.Test.csproj]
/root/WorkSpace/CSharp/TelegramSearchBot/feature/project-restructure-implementation/TelegramSearchBot.Test/Domain/Message/MessageTestsSimplified.cs(220,36): error CS1061: “MessageExtension”未包含“WithCreatedAt”的定义，并且找不到可接受第一个“MessageExtension”类型参数的可访问扩展方法“WithCreatedAt”(是否缺少 using 指令或程序集引用?) [/root/WorkSpace/CSharp/TelegramSearchBot/feature/project-restructure-implementation/TelegramSearchBot.Test/TelegramSearchBot.Test.csproj]
/root/WorkSpace/CSharp/TelegramSearchBot/feature/project-restructure-implementation/TelegramSearchBot.Test/Examples/TestToolsExample.cs(97,37): error CS0104: “Message”是“TelegramSearchBot.Model.Data.Message”和“Telegram.Bot.Types.Message”之间的不明确的引用 [/root/WorkSpace/CSharp/TelegramSearchBot/feature/project-restructure-implementation/TelegramSearchBot.Test/TelegramSearchBot.Test.csproj]
/root/WorkSpace/CSharp/TelegramSearchBot/feature/project-restructure-implementation/TelegramSearchBot.Test/Examples/TestToolsExample.cs(97,48): error CS1950: 集合初始值设定项的最佳重载 Add 方法“List<Message>.Add(Message)”具有一些无效参数 [/root/WorkSpace/CSharp/TelegramSearchBot/feature/project-restructure-implementation/TelegramSearchBot.Test/TelegramSearchBot.Test.csproj]
/root/WorkSpace/CSharp/TelegramSearchBot/feature/project-restructure-implementation/TelegramSearchBot.Test/Examples/TestToolsExample.cs(97,48): error CS1503: 参数 1: 无法从“TelegramSearchBot.Model.Data.Message”转换为“TelegramSearchBot.Model.Data.Message” [/root/WorkSpace/CSharp/TelegramSearchBot/feature/project-restructure-implementation/TelegramSearchBot.Test/TelegramSearchBot.Test.csproj]
/root/WorkSpace/CSharp/TelegramSearchBot/feature/project-restructure-implementation/TelegramSearchBot.Test/Examples/TestToolsExample.cs(98,13): error CS1929: “List<Message>”不包含“ShouldContainMessageWithContent”的定义，并且最佳扩展方法重载“TestAssertionExtensions.ShouldContainMessageWithContent(IEnumerable<Message>, string)”需要类型为“System.Collections.Generic.IEnumerable<TelegramSearchBot.Model.Data.Message>”的接收器 [/root/WorkSpace/CSharp/TelegramSearchBot/feature/project-restructure-implementation/TelegramSearchBot.Test/TelegramSearchBot.Test.csproj]
/root/WorkSpace/CSharp/TelegramSearchBot/feature/project-restructure-implementation/TelegramSearchBot.Test/Service/Vector/VectorSearchIntegrationTests.cs(71,39): error CS7036: 未提供与“FaissVectorService.FaissVectorService(ILogger<FaissVectorService>, IServiceProvider, IGeneralLLMService, IEnvService)”的所需参数“envService”对应的参数 [/root/WorkSpace/CSharp/TelegramSearchBot/feature/project-restructure-implementation/TelegramSearchBot.Test/TelegramSearchBot.Test.csproj]
/root/WorkSpace/CSharp/TelegramSearchBot/feature/project-restructure-implementation/TelegramSearchBot.Test/Service/Vector/VectorSearchIntegrationTests.cs(79,30): warning CS8625: 无法将 null 字面量转换为非 null 的引用类型。 [/root/WorkSpace/CSharp/TelegramSearchBot/feature/project-restructure-implementation/TelegramSearchBot.Test/TelegramSearchBot.Test.csproj]
/root/WorkSpace/CSharp/TelegramSearchBot/feature/project-restructure-implementation/TelegramSearchBot.Test/Service/Vector/VectorSearchIntegrationTests.cs(39,16): warning CS8618: 在退出构造函数时，不可为 null 的 字段 "_searchService" 必须包含非 null 值。请考虑添加 "required" 修饰符或将该 字段 声明为可为 null。 [/root/WorkSpace/CSharp/TelegramSearchBot/feature/project-restructure-implementation/TelegramSearchBot.Test/TelegramSearchBot.Test.csproj]
/root/WorkSpace/CSharp/TelegramSearchBot/feature/project-restructure-implementation/TelegramSearchBot.Test/Domain/TestBase.cs(144,24): warning CS8600: 将 null 文本或可能的 null 值转换为不可为 null 类型。 [/root/WorkSpace/CSharp/TelegramSearchBot/feature/project-restructure-implementation/TelegramSearchBot.Test/TelegramSearchBot.Test.csproj]
/root/WorkSpace/CSharp/TelegramSearchBot/feature/project-restructure-implementation/TelegramSearchBot.Test/Domain/TestBase.cs(144,24): warning CS8603: 可能返回 null 引用。 [/root/WorkSpace/CSharp/TelegramSearchBot/feature/project-restructure-implementation/TelegramSearchBot.Test/TelegramSearchBot.Test.csproj]
/root/WorkSpace/CSharp/TelegramSearchBot/feature/project-restructure-implementation/TelegramSearchBot.Test/Domain/Message/MessageTestsSimplified.cs(234,34): error CS1061: “Message”未包含“WithGroupId”的定义，并且找不到可接受第一个“Message”类型参数的可访问扩展方法“WithGroupId”(是否缺少 using 指令或程序集引用?) [/root/WorkSpace/CSharp/TelegramSearchBot/feature/project-restructure-implementation/TelegramSearchBot.Test/TelegramSearchBot.Test.csproj]
/root/WorkSpace/CSharp/TelegramSearchBot/feature/project-restructure-implementation/TelegramSearchBot.Test/Core/Service/ServiceBasicTests.cs(358,24): warning CS0618: “ChatContextProvider”已过时:“ChatContextProvider is deprecated. Use ToolContext instead for passing ChatId to tools.” [/root/WorkSpace/CSharp/TelegramSearchBot/feature/project-restructure-implementation/TelegramSearchBot.Test/TelegramSearchBot.Test.csproj]
/root/WorkSpace/CSharp/TelegramSearchBot/feature/project-restructure-implementation/TelegramSearchBot.Test/Core/Service/ServiceBasicTests.cs(368,24): error CS0246: 未能找到类型或命名空间名“TelegramFileCacheService”(是否缺少 using 指令或程序集引用?) [/root/WorkSpace/CSharp/TelegramSearchBot/feature/project-restructure-implementation/TelegramSearchBot.Test/TelegramSearchBot.Test.csproj]
/root/WorkSpace/CSharp/TelegramSearchBot/feature/project-restructure-implementation/TelegramSearchBot.Test/Core/Service/ServiceBasicTests.cs(369,24): error CS0246: 未能找到类型或命名空间名“DownloadService”(是否缺少 using 指令或程序集引用?) [/root/WorkSpace/CSharp/TelegramSearchBot/feature/project-restructure-implementation/TelegramSearchBot.Test/TelegramSearchBot.Test.csproj]
/root/WorkSpace/CSharp/TelegramSearchBot/feature/project-restructure-implementation/TelegramSearchBot.Test/Core/Service/ServiceBasicTests.cs(370,24): error CS0246: 未能找到类型或命名空间名“BiliVideoProcessingService”(是否缺少 using 指令或程序集引用?) [/root/WorkSpace/CSharp/TelegramSearchBot/feature/project-restructure-implementation/TelegramSearchBot.Test/TelegramSearchBot.Test.csproj]
/root/WorkSpace/CSharp/TelegramSearchBot/feature/project-restructure-implementation/TelegramSearchBot.Test/Core/Service/ServiceBasicTests.cs(371,24): error CS0246: 未能找到类型或命名空间名“BiliOpusProcessingService”(是否缺少 using 指令或程序集引用?) [/root/WorkSpace/CSharp/TelegramSearchBot/feature/project-restructure-implementation/TelegramSearchBot.Test/TelegramSearchBot.Test.csproj]
/root/WorkSpace/CSharp/TelegramSearchBot/feature/project-restructure-implementation/TelegramSearchBot.Test/Core/Service/ServiceBasicTests.cs(372,24): error CS0246: 未能找到类型或命名空间名“BiliApiService”(是否缺少 using 指令或程序集引用?) [/root/WorkSpace/CSharp/TelegramSearchBot/feature/project-restructure-implementation/TelegramSearchBot.Test/TelegramSearchBot.Test.csproj]
/root/WorkSpace/CSharp/TelegramSearchBot/feature/project-restructure-implementation/TelegramSearchBot.Test/Domain/Message/MessageEntityTests.cs(240,36): error CS0021: 无法将带 [] 的索引应用于“ICollection<MessageExtension>”类型的表达式 [/root/WorkSpace/CSharp/TelegramSearchBot/feature/project-restructure-implementation/TelegramSearchBot.Test/TelegramSearchBot.Test.csproj]
/root/WorkSpace/CSharp/TelegramSearchBot/feature/project-restructure-implementation/TelegramSearchBot.Test/Domain/Message/MessageTestsSimplified.cs(248,34): error CS1061: “Message”未包含“WithMessageId”的定义，并且找不到可接受第一个“Message”类型参数的可访问扩展方法“WithMessageId”(是否缺少 using 指令或程序集引用?) [/root/WorkSpace/CSharp/TelegramSearchBot/feature/project-restructure-implementation/TelegramSearchBot.Test/TelegramSearchBot.Test.csproj]
/root/WorkSpace/CSharp/TelegramSearchBot/feature/project-restructure-implementation/TelegramSearchBot.Test/Domain/Message/MessageEntityTests.cs(253,17): error CS0200: 无法为属性或索引器“Message.MessageId”赋值 - 它是只读的 [/root/WorkSpace/CSharp/TelegramSearchBot/feature/project-restructure-implementation/TelegramSearchBot.Test/TelegramSearchBot.Test.csproj]
/root/WorkSpace/CSharp/TelegramSearchBot/feature/project-restructure-implementation/TelegramSearchBot.Test/Domain/Message/MessageEntityTests.cs(261,26): error CS0234: 命名空间“TelegramSearchBot.Domain.Tests.Message”中不存在类型或命名空间名“FromTelegramMessage”(是否缺少程序集引用?) [/root/WorkSpace/CSharp/TelegramSearchBot/feature/project-restructure-implementation/TelegramSearchBot.Test/TelegramSearchBot.Test.csproj]
/root/WorkSpace/CSharp/TelegramSearchBot/feature/project-restructure-implementation/TelegramSearchBot.Test/Domain/Message/MessageTestsSimplified.cs(262,34): error CS1061: “Message”未包含“WithFromUserId”的定义，并且找不到可接受第一个“Message”类型参数的可访问扩展方法“WithFromUserId”(是否缺少 using 指令或程序集引用?) [/root/WorkSpace/CSharp/TelegramSearchBot/feature/project-restructure-implementation/TelegramSearchBot.Test/TelegramSearchBot.Test.csproj]
/root/WorkSpace/CSharp/TelegramSearchBot/feature/project-restructure-implementation/TelegramSearchBot.Test/Domain/Message/MessageEntityTests.cs(273,17): error CS0200: 无法为属性或索引器“Message.MessageId”赋值 - 它是只读的 [/root/WorkSpace/CSharp/TelegramSearchBot/feature/project-restructure-implementation/TelegramSearchBot.Test/TelegramSearchBot.Test.csproj]
/root/WorkSpace/CSharp/TelegramSearchBot/feature/project-restructure-implementation/TelegramSearchBot.Test/Domain/Message/MessageEntityTests.cs(281,26): error CS0234: 命名空间“TelegramSearchBot.Domain.Tests.Message”中不存在类型或命名空间名“FromTelegramMessage”(是否缺少程序集引用?) [/root/WorkSpace/CSharp/TelegramSearchBot/feature/project-restructure-implementation/TelegramSearchBot.Test/TelegramSearchBot.Test.csproj]
/root/WorkSpace/CSharp/TelegramSearchBot/feature/project-restructure-implementation/TelegramSearchBot.Test/Core/Service/ServiceBasicTests.cs(468,38): warning CS8602: 解引用可能出现空引用。 [/root/WorkSpace/CSharp/TelegramSearchBot/feature/project-restructure-implementation/TelegramSearchBot.Test/TelegramSearchBot.Test.csproj]
/root/WorkSpace/CSharp/TelegramSearchBot/feature/project-restructure-implementation/TelegramSearchBot.Test/Domain/Message/MessageTestsSimplified.cs(276,34): error CS1061: “Message”未包含“WithContent”的定义，并且找不到可接受第一个“Message”类型参数的可访问扩展方法“WithContent”(是否缺少 using 指令或程序集引用?) [/root/WorkSpace/CSharp/TelegramSearchBot/feature/project-restructure-implementation/TelegramSearchBot.Test/TelegramSearchBot.Test.csproj]
/root/WorkSpace/CSharp/TelegramSearchBot/feature/project-restructure-implementation/TelegramSearchBot.Test/Core/Controller/ControllerBasicTests.cs(215,25): error CS0246: 未能找到类型或命名空间名“IDownloadPhotoService”(是否缺少 using 指令或程序集引用?) [/root/WorkSpace/CSharp/TelegramSearchBot/feature/project-restructure-implementation/TelegramSearchBot.Test/TelegramSearchBot.Test.csproj]
/root/WorkSpace/CSharp/TelegramSearchBot/feature/project-restructure-implementation/TelegramSearchBot.Test/Core/Controller/ControllerBasicTests.cs(216,25): error CS0246: 未能找到类型或命名空间名“IMessageController”(是否缺少 using 指令或程序集引用?) [/root/WorkSpace/CSharp/TelegramSearchBot/feature/project-restructure-implementation/TelegramSearchBot.Test/TelegramSearchBot.Test.csproj]
/root/WorkSpace/CSharp/TelegramSearchBot/feature/project-restructure-implementation/TelegramSearchBot.Test/Core/Controller/ControllerBasicTests.cs(217,25): error CS0246: 未能找到类型或命名空间名“IOCRService”(是否缺少 using 指令或程序集引用?) [/root/WorkSpace/CSharp/TelegramSearchBot/feature/project-restructure-implementation/TelegramSearchBot.Test/TelegramSearchBot.Test.csproj]
/root/WorkSpace/CSharp/TelegramSearchBot/feature/project-restructure-implementation/TelegramSearchBot.Test/Core/Controller/ControllerBasicTests.cs(213,34): error CS7036: 未提供与“AltPhotoController.AltPhotoController(ITelegramBotClient, IGeneralLLMService, SendMessage, MessageService, ILogger<AutoOCRController>, ISendMessageService, MessageExtensionService)”的所需参数“messageExtensionService”对应的参数 [/root/WorkSpace/CSharp/TelegramSearchBot/feature/project-restructure-implementation/TelegramSearchBot.Test/TelegramSearchBot.Test.csproj]
/root/WorkSpace/CSharp/TelegramSearchBot/feature/project-restructure-implementation/TelegramSearchBot.Test/Domain/Message/MessageTestsSimplified.cs(290,34): error CS1061: “Message”未包含“WithDateTime”的定义，并且找不到可接受第一个“Message”类型参数的可访问扩展方法“WithDateTime”(是否缺少 using 指令或程序集引用?) [/root/WorkSpace/CSharp/TelegramSearchBot/feature/project-restructure-implementation/TelegramSearchBot.Test/TelegramSearchBot.Test.csproj]
/root/WorkSpace/CSharp/TelegramSearchBot/feature/project-restructure-implementation/TelegramSearchBot.Test/Data/DataDbContextTests.cs(23,27): warning CS1998: 此异步方法缺少 "await" 运算符，将以同步方式运行。请考虑使用 "await" 运算符等待非阻止的 API 调用，或者使用 "await Task.Run(...)" 在后台线程上执行占用大量 CPU 的工作。 [/root/WorkSpace/CSharp/TelegramSearchBot/feature/project-restructure-implementation/TelegramSearchBot.Test/TelegramSearchBot.Test.csproj]
/root/WorkSpace/CSharp/TelegramSearchBot/feature/project-restructure-implementation/TelegramSearchBot.Test/Examples/TestToolsExample.cs(113,26): error CS0103: 当前上下文中不存在名称“TestConfigurationHelper” [/root/WorkSpace/CSharp/TelegramSearchBot/feature/project-restructure-implementation/TelegramSearchBot.Test/TelegramSearchBot.Test.csproj]
/root/WorkSpace/CSharp/TelegramSearchBot/feature/project-restructure-implementation/TelegramSearchBot.Test/Examples/TestToolsExample.cs(117,29): error CS0103: 当前上下文中不存在名称“TestConfigurationHelper” [/root/WorkSpace/CSharp/TelegramSearchBot/feature/project-restructure-implementation/TelegramSearchBot.Test/TelegramSearchBot.Test.csproj]
/root/WorkSpace/CSharp/TelegramSearchBot/feature/project-restructure-implementation/TelegramSearchBot.Test/Examples/TestToolsExample.cs(122,31): error CS0103: 当前上下文中不存在名称“TestConfigurationHelper” [/root/WorkSpace/CSharp/TelegramSearchBot/feature/project-restructure-implementation/TelegramSearchBot.Test/TelegramSearchBot.Test.csproj]
/root/WorkSpace/CSharp/TelegramSearchBot/feature/project-restructure-implementation/TelegramSearchBot.Test/Examples/TestToolsExample.cs(127,32): error CS0103: 当前上下文中不存在名称“TestConfigurationHelper” [/root/WorkSpace/CSharp/TelegramSearchBot/feature/project-restructure-implementation/TelegramSearchBot.Test/TelegramSearchBot.Test.csproj]
/root/WorkSpace/CSharp/TelegramSearchBot/feature/project-restructure-implementation/TelegramSearchBot.Test/Examples/TestToolsExample.cs(132,30): error CS0103: 当前上下文中不存在名称“TestConfigurationHelper” [/root/WorkSpace/CSharp/TelegramSearchBot/feature/project-restructure-implementation/TelegramSearchBot.Test/TelegramSearchBot.Test.csproj]
/root/WorkSpace/CSharp/TelegramSearchBot/feature/project-restructure-implementation/TelegramSearchBot.Test/Examples/TestToolsExample.cs(136,13): error CS0103: 当前上下文中不存在名称“TestConfigurationHelper” [/root/WorkSpace/CSharp/TelegramSearchBot/feature/project-restructure-implementation/TelegramSearchBot.Test/TelegramSearchBot.Test.csproj]
/root/WorkSpace/CSharp/TelegramSearchBot/feature/project-restructure-implementation/TelegramSearchBot.Test/Data/DataDbContextTests.cs(32,27): warning CS1998: 此异步方法缺少 "await" 运算符，将以同步方式运行。请考虑使用 "await" 运算符等待非阻止的 API 调用，或者使用 "await Task.Run(...)" 在后台线程上执行占用大量 CPU 的工作。 [/root/WorkSpace/CSharp/TelegramSearchBot/feature/project-restructure-implementation/TelegramSearchBot.Test/TelegramSearchBot.Test.csproj]
/root/WorkSpace/CSharp/TelegramSearchBot/feature/project-restructure-implementation/TelegramSearchBot.Test/Examples/TestToolsExample.cs(170,51): error CS1061: “ITelegramBotClient”未包含“GetMeAsync”的定义，并且找不到可接受第一个“ITelegramBotClient”类型参数的可访问扩展方法“GetMeAsync”(是否缺少 using 指令或程序集引用?) [/root/WorkSpace/CSharp/TelegramSearchBot/feature/project-restructure-implementation/TelegramSearchBot.Test/TelegramSearchBot.Test.csproj]
/root/WorkSpace/CSharp/TelegramSearchBot/feature/project-restructure-implementation/TelegramSearchBot.Test/Helpers/TestDatabaseHelper.cs(54,21): error CS1061: “DataDbContext”未包含“Users”的定义，并且找不到可接受第一个“DataDbContext”类型参数的可访问扩展方法“Users”(是否缺少 using 指令或程序集引用?) [/root/WorkSpace/CSharp/TelegramSearchBot/feature/project-restructure-implementation/TelegramSearchBot.Test/TelegramSearchBot.Test.csproj]
/root/WorkSpace/CSharp/TelegramSearchBot/feature/project-restructure-implementation/TelegramSearchBot.Test/Helpers/TestDatabaseHelper.cs(54,53): error CS1061: “DataDbContext”未包含“Users”的定义，并且找不到可接受第一个“DataDbContext”类型参数的可访问扩展方法“Users”(是否缺少 using 指令或程序集引用?) [/root/WorkSpace/CSharp/TelegramSearchBot/feature/project-restructure-implementation/TelegramSearchBot.Test/TelegramSearchBot.Test.csproj]
/root/WorkSpace/CSharp/TelegramSearchBot/feature/project-restructure-implementation/TelegramSearchBot.Test/Helpers/TestDatabaseHelper.cs(55,21): error CS1061: “DataDbContext”未包含“Groups”的定义，并且找不到可接受第一个“DataDbContext”类型参数的可访问扩展方法“Groups”(是否缺少 using 指令或程序集引用?) [/root/WorkSpace/CSharp/TelegramSearchBot/feature/project-restructure-implementation/TelegramSearchBot.Test/TelegramSearchBot.Test.csproj]
/root/WorkSpace/CSharp/TelegramSearchBot/feature/project-restructure-implementation/TelegramSearchBot.Test/Helpers/TestDatabaseHelper.cs(55,54): error CS1061: “DataDbContext”未包含“Groups”的定义，并且找不到可接受第一个“DataDbContext”类型参数的可访问扩展方法“Groups”(是否缺少 using 指令或程序集引用?) [/root/WorkSpace/CSharp/TelegramSearchBot/feature/project-restructure-implementation/TelegramSearchBot.Test/TelegramSearchBot.Test.csproj]
/root/WorkSpace/CSharp/TelegramSearchBot/feature/project-restructure-implementation/TelegramSearchBot.Test/Domain/Message/MessageTestsSimplified.cs(304,34): error CS1061: “Message”未包含“WithReplyToMessageId”的定义，并且找不到可接受第一个“Message”类型参数的可访问扩展方法“WithReplyToMessageId”(是否缺少 using 指令或程序集引用?) [/root/WorkSpace/CSharp/TelegramSearchBot/feature/project-restructure-implementation/TelegramSearchBot.Test/TelegramSearchBot.Test.csproj]
/root/WorkSpace/CSharp/TelegramSearchBot/feature/project-restructure-implementation/TelegramSearchBot.Test/Domain/Message/MessageTestsSimplified.cs(318,34): error CS1061: “Message”未包含“WithReplyToUserId”的定义，并且找不到可接受第一个“Message”类型参数的可访问扩展方法“WithReplyToUserId”(是否缺少 using 指令或程序集引用?) [/root/WorkSpace/CSharp/TelegramSearchBot/feature/project-restructure-implementation/TelegramSearchBot.Test/TelegramSearchBot.Test.csproj]
/root/WorkSpace/CSharp/TelegramSearchBot/feature/project-restructure-implementation/TelegramSearchBot.Test/Helpers/TestDatabaseHelper.cs(72,21): error CS1061: “DataDbContext”未包含“Groups”的定义，并且找不到可接受第一个“DataDbContext”类型参数的可访问扩展方法“Groups”(是否缺少 using 指令或程序集引用?) [/root/WorkSpace/CSharp/TelegramSearchBot/feature/project-restructure-implementation/TelegramSearchBot.Test/TelegramSearchBot.Test.csproj]
/root/WorkSpace/CSharp/TelegramSearchBot/feature/project-restructure-implementation/TelegramSearchBot.Test/Helpers/TestDatabaseHelper.cs(76,48): error CS0117: “UserData”未包含“Username”的定义 [/root/WorkSpace/CSharp/TelegramSearchBot/feature/project-restructure-implementation/TelegramSearchBot.Test/TelegramSearchBot.Test.csproj]
/root/WorkSpace/CSharp/TelegramSearchBot/feature/project-restructure-implementation/TelegramSearchBot.Test/Helpers/TestDatabaseHelper.cs(77,48): error CS0117: “UserData”未包含“Username”的定义 [/root/WorkSpace/CSharp/TelegramSearchBot/feature/project-restructure-implementation/TelegramSearchBot.Test/TelegramSearchBot.Test.csproj]
/root/WorkSpace/CSharp/TelegramSearchBot/feature/project-restructure-implementation/TelegramSearchBot.Test/Helpers/TestDatabaseHelper.cs(78,48): error CS0117: “UserData”未包含“Username”的定义 [/root/WorkSpace/CSharp/TelegramSearchBot/feature/project-restructure-implementation/TelegramSearchBot.Test/TelegramSearchBot.Test.csproj]
/root/WorkSpace/CSharp/TelegramSearchBot/feature/project-restructure-implementation/TelegramSearchBot.Test/Helpers/TestDatabaseHelper.cs(80,21): error CS1061: “DataDbContext”未包含“Users”的定义，并且找不到可接受第一个“DataDbContext”类型参数的可访问扩展方法“Users”(是否缺少 using 指令或程序集引用?) [/root/WorkSpace/CSharp/TelegramSearchBot/feature/project-restructure-implementation/TelegramSearchBot.Test/TelegramSearchBot.Test.csproj]
/root/WorkSpace/CSharp/TelegramSearchBot/feature/project-restructure-implementation/TelegramSearchBot.Test/Examples/TestToolsExample.cs(223,52): error CS1061: “IGeneralLLMService”未包含“ChatCompletionAsync”的定义，并且找不到可接受第一个“IGeneralLLMService”类型参数的可访问扩展方法“ChatCompletionAsync”(是否缺少 using 指令或程序集引用?) [/root/WorkSpace/CSharp/TelegramSearchBot/feature/project-restructure-implementation/TelegramSearchBot.Test/TelegramSearchBot.Test.csproj]
/root/WorkSpace/CSharp/TelegramSearchBot/feature/project-restructure-implementation/TelegramSearchBot.Test/Helpers/TestDatabaseHelper.cs(125,52): error CS1061: “DataDbContext”未包含“Users”的定义，并且找不到可接受第一个“DataDbContext”类型参数的可访问扩展方法“Users”(是否缺少 using 指令或程序集引用?) [/root/WorkSpace/CSharp/TelegramSearchBot/feature/project-restructure-implementation/TelegramSearchBot.Test/TelegramSearchBot.Test.csproj]
/root/WorkSpace/CSharp/TelegramSearchBot/feature/project-restructure-implementation/TelegramSearchBot.Test/Helpers/TestDatabaseHelper.cs(126,53): error CS1061: “DataDbContext”未包含“Groups”的定义，并且找不到可接受第一个“DataDbContext”类型参数的可访问扩展方法“Groups”(是否缺少 using 指令或程序集引用?) [/root/WorkSpace/CSharp/TelegramSearchBot/feature/project-restructure-implementation/TelegramSearchBot.Test/TelegramSearchBot.Test.csproj]
/root/WorkSpace/CSharp/TelegramSearchBot/feature/project-restructure-implementation/TelegramSearchBot.Test/Integration/EndToEndIntegrationTests.cs(130,40): error CS0246: 未能找到类型或命名空间名“IOnUpdate”(是否缺少 using 指令或程序集引用?) [/root/WorkSpace/CSharp/TelegramSearchBot/feature/project-restructure-implementation/TelegramSearchBot.Test/TelegramSearchBot.Test.csproj]
/root/WorkSpace/CSharp/TelegramSearchBot/feature/project-restructure-implementation/TelegramSearchBot.Test/Helpers/TestDatabaseHelper.cs(145,25): error CS1061: “DataDbContext”未包含“Users”的定义，并且找不到可接受第一个“DataDbContext”类型参数的可访问扩展方法“Users”(是否缺少 using 指令或程序集引用?) [/root/WorkSpace/CSharp/TelegramSearchBot/feature/project-restructure-implementation/TelegramSearchBot.Test/TelegramSearchBot.Test.csproj]
/root/WorkSpace/CSharp/TelegramSearchBot/feature/project-restructure-implementation/TelegramSearchBot.Test/Helpers/TestDatabaseHelper.cs(149,25): error CS1061: “DataDbContext”未包含“Groups”的定义，并且找不到可接受第一个“DataDbContext”类型参数的可访问扩展方法“Groups”(是否缺少 using 指令或程序集引用?) [/root/WorkSpace/CSharp/TelegramSearchBot/feature/project-restructure-implementation/TelegramSearchBot.Test/TelegramSearchBot.Test.csproj]
/root/WorkSpace/CSharp/TelegramSearchBot/feature/project-restructure-implementation/TelegramSearchBot.Test/Core/Architecture/CoreArchitectureTests.cs(142,27): warning CS1998: 此异步方法缺少 "await" 运算符，将以同步方式运行。请考虑使用 "await" 运算符等待非阻止的 API 调用，或者使用 "await Task.Run(...)" 在后台线程上执行占用大量 CPU 的工作。 [/root/WorkSpace/CSharp/TelegramSearchBot/feature/project-restructure-implementation/TelegramSearchBot.Test/TelegramSearchBot.Test.csproj]
/root/WorkSpace/CSharp/TelegramSearchBot/feature/project-restructure-implementation/TelegramSearchBot.Test/Service/BotAPI/SendServiceTests.cs(28,20): warning CS8600: 将 null 文本或可能的 null 值转换为不可为 null 类型。 [/root/WorkSpace/CSharp/TelegramSearchBot/feature/project-restructure-implementation/TelegramSearchBot.Test/TelegramSearchBot.Test.csproj]
/root/WorkSpace/CSharp/TelegramSearchBot/feature/project-restructure-implementation/TelegramSearchBot.Test/Service/BotAPI/SendServiceTests.cs(28,20): warning CS8603: 可能返回 null 引用。 [/root/WorkSpace/CSharp/TelegramSearchBot/feature/project-restructure-implementation/TelegramSearchBot.Test/TelegramSearchBot.Test.csproj]
/root/WorkSpace/CSharp/TelegramSearchBot/feature/project-restructure-implementation/TelegramSearchBot.Test/Helpers/TestDatabaseHelper.cs(177,43): error CS1061: “DataDbContext”未包含“Users”的定义，并且找不到可接受第一个“DataDbContext”类型参数的可访问扩展方法“Users”(是否缺少 using 指令或程序集引用?) [/root/WorkSpace/CSharp/TelegramSearchBot/feature/project-restructure-implementation/TelegramSearchBot.Test/TelegramSearchBot.Test.csproj]
/root/WorkSpace/CSharp/TelegramSearchBot/feature/project-restructure-implementation/TelegramSearchBot.Test/Helpers/TestDatabaseHelper.cs(178,44): error CS1061: “DataDbContext”未包含“Groups”的定义，并且找不到可接受第一个“DataDbContext”类型参数的可访问扩展方法“Groups”(是否缺少 using 指令或程序集引用?) [/root/WorkSpace/CSharp/TelegramSearchBot/feature/project-restructure-implementation/TelegramSearchBot.Test/TelegramSearchBot.Test.csproj]
/root/WorkSpace/CSharp/TelegramSearchBot/feature/project-restructure-implementation/TelegramSearchBot.Test/Service/Common/UrlProcessingServiceTests.cs(39,60): warning CS8625: 无法将 null 字面量转换为非 null 的引用类型。 [/root/WorkSpace/CSharp/TelegramSearchBot/feature/project-restructure-implementation/TelegramSearchBot.Test/TelegramSearchBot.Test.csproj]
/root/WorkSpace/CSharp/TelegramSearchBot/feature/project-restructure-implementation/TelegramSearchBot.Test/Core/Architecture/CoreArchitectureTests.cs(160,27): warning CS1998: 此异步方法缺少 "await" 运算符，将以同步方式运行。请考虑使用 "await" 运算符等待非阻止的 API 调用，或者使用 "await Task.Run(...)" 在后台线程上执行占用大量 CPU 的工作。 [/root/WorkSpace/CSharp/TelegramSearchBot/feature/project-restructure-implementation/TelegramSearchBot.Test/TelegramSearchBot.Test.csproj]
/root/WorkSpace/CSharp/TelegramSearchBot/feature/project-restructure-implementation/TelegramSearchBot.Test/Domain/Message/MessageRepositoryTests.cs(195,94): warning CS8625: 无法将 null 字面量转换为非 null 的引用类型。 [/root/WorkSpace/CSharp/TelegramSearchBot/feature/project-restructure-implementation/TelegramSearchBot.Test/TelegramSearchBot.Test.csproj]
/root/WorkSpace/CSharp/TelegramSearchBot/feature/project-restructure-implementation/TelegramSearchBot.Test/Data/QueryServicesTests.cs(317,27): warning CS1998: 此异步方法缺少 "await" 运算符，将以同步方式运行。请考虑使用 "await" 运算符等待非阻止的 API 调用，或者使用 "await Task.Run(...)" 在后台线程上执行占用大量 CPU 的工作。 [/root/WorkSpace/CSharp/TelegramSearchBot/feature/project-restructure-implementation/TelegramSearchBot.Test/TelegramSearchBot.Test.csproj]
/root/WorkSpace/CSharp/TelegramSearchBot/feature/project-restructure-implementation/TelegramSearchBot.Test/Domain/Message/MessageRepositoryTests.cs(226,74): error CS1503: 参数 3: 无法从“string”转换为“long” [/root/WorkSpace/CSharp/TelegramSearchBot/feature/project-restructure-implementation/TelegramSearchBot.Test/TelegramSearchBot.Test.csproj]
/root/WorkSpace/CSharp/TelegramSearchBot/feature/project-restructure-implementation/TelegramSearchBot.Test/Domain/Message/MessageRepositoryTests.cs(227,74): error CS1503: 参数 3: 无法从“string”转换为“long” [/root/WorkSpace/CSharp/TelegramSearchBot/feature/project-restructure-implementation/TelegramSearchBot.Test/TelegramSearchBot.Test.csproj]
/root/WorkSpace/CSharp/TelegramSearchBot/feature/project-restructure-implementation/TelegramSearchBot.Test/Domain/Message/MessageRepositoryTests.cs(228,74): error CS1503: 参数 3: 无法从“string”转换为“long” [/root/WorkSpace/CSharp/TelegramSearchBot/feature/project-restructure-implementation/TelegramSearchBot.Test/TelegramSearchBot.Test.csproj]
/root/WorkSpace/CSharp/TelegramSearchBot/feature/project-restructure-implementation/TelegramSearchBot.Test/Service/Storage/MessageServiceTests.cs(98,57): error CS0433: 类型“MessageVectorGenerationNotification”同时存在于“TelegramSearchBot.AI, Version=1.0.0.0, Culture=neutral, PublicKeyToken=null”和“TelegramSearchBot.Common, Version=1.0.0.0, Culture=neutral, PublicKeyToken=null”中 [/root/WorkSpace/CSharp/TelegramSearchBot/feature/project-restructure-implementation/TelegramSearchBot.Test/TelegramSearchBot.Test.csproj]
/root/WorkSpace/CSharp/TelegramSearchBot/feature/project-restructure-implementation/TelegramSearchBot.Test/Service/Storage/MessageServiceTests.cs(103,23): error CS0433: 类型“MessageVectorGenerationNotification”同时存在于“TelegramSearchBot.AI, Version=1.0.0.0, Culture=neutral, PublicKeyToken=null”和“TelegramSearchBot.Common, Version=1.0.0.0, Culture=neutral, PublicKeyToken=null”中 [/root/WorkSpace/CSharp/TelegramSearchBot/feature/project-restructure-implementation/TelegramSearchBot.Test/TelegramSearchBot.Test.csproj]
/root/WorkSpace/CSharp/TelegramSearchBot/feature/project-restructure-implementation/TelegramSearchBot.Test/Service/Storage/MessageServiceTests.cs(114,129): warning CS8604: “DataDbContext.DataDbContext(DbContextOptions<DataDbContext> options)”中的形参“options”可能传入 null 引用实参。 [/root/WorkSpace/CSharp/TelegramSearchBot/feature/project-restructure-implementation/TelegramSearchBot.Test/TelegramSearchBot.Test.csproj]
/root/WorkSpace/CSharp/TelegramSearchBot/feature/project-restructure-implementation/TelegramSearchBot.Test/Service/Tools/MemoryServiceTest.cs(71,25): warning CS8602: 解引用可能出现空引用。 [/root/WorkSpace/CSharp/TelegramSearchBot/feature/project-restructure-implementation/TelegramSearchBot.Test/TelegramSearchBot.Test.csproj]
/root/WorkSpace/CSharp/TelegramSearchBot/feature/project-restructure-implementation/TelegramSearchBot.Test/Service/Common/AppConfigurationServiceTests.cs(94,66): warning CS8625: 无法将 null 字面量转换为非 null 的引用类型。 [/root/WorkSpace/CSharp/TelegramSearchBot/feature/project-restructure-implementation/TelegramSearchBot.Test/TelegramSearchBot.Test.csproj]
/root/WorkSpace/CSharp/TelegramSearchBot/feature/project-restructure-implementation/TelegramSearchBot.Test/Service/BotAPI/SendServiceTests.cs(73,26): warning CS8620: 由于引用类型的可为 null 性差异，ValueTask<EntityEntry<SearchPageCache>?> 类型的实参不能用于 IReturnsResult<DbSet<SearchPageCache>> IReturns<DbSet<SearchPageCache>, ValueTask<EntityEntry<SearchPageCache>>>.Returns(ValueTask<EntityEntry<SearchPageCache>> value) 中 ValueTask<EntityEntry<SearchPageCache>> 类型的形参 value。 [/root/WorkSpace/CSharp/TelegramSearchBot/feature/project-restructure-implementation/TelegramSearchBot.Test/TelegramSearchBot.Test.csproj]
/root/WorkSpace/CSharp/TelegramSearchBot/feature/project-restructure-implementation/TelegramSearchBot.Test/Service/AI/LLM/McpToolHelperTests.cs(274,56): warning CS8625: 无法将 null 字面量转换为非 null 的引用类型。 [/root/WorkSpace/CSharp/TelegramSearchBot/feature/project-restructure-implementation/TelegramSearchBot.Test/TelegramSearchBot.Test.csproj]
/root/WorkSpace/CSharp/TelegramSearchBot/feature/project-restructure-implementation/TelegramSearchBot.Test/Service/BotAPI/SendServiceTests.cs(99,72): warning CS8625: 无法将 null 字面量转换为非 null 的引用类型。 [/root/WorkSpace/CSharp/TelegramSearchBot/feature/project-restructure-implementation/TelegramSearchBot.Test/TelegramSearchBot.Test.csproj]
/root/WorkSpace/CSharp/TelegramSearchBot/feature/project-restructure-implementation/TelegramSearchBot.Test/Service/BotAPI/SendServiceTests.cs(100,95): warning CS8625: 无法将 null 字面量转换为非 null 的引用类型。 [/root/WorkSpace/CSharp/TelegramSearchBot/feature/project-restructure-implementation/TelegramSearchBot.Test/TelegramSearchBot.Test.csproj]
/root/WorkSpace/CSharp/TelegramSearchBot/feature/project-restructure-implementation/TelegramSearchBot.Test/Service/BotAPI/SendServiceTests.cs(101,120): warning CS8625: 无法将 null 字面量转换为非 null 的引用类型。 [/root/WorkSpace/CSharp/TelegramSearchBot/feature/project-restructure-implementation/TelegramSearchBot.Test/TelegramSearchBot.Test.csproj]
/root/WorkSpace/CSharp/TelegramSearchBot/feature/project-restructure-implementation/TelegramSearchBot.Test/Service/Storage/MessageServiceTests.cs(179,149): warning CS8604: “DataDbContext.DataDbContext(DbContextOptions<DataDbContext> options)”中的形参“options”可能传入 null 引用实参。 [/root/WorkSpace/CSharp/TelegramSearchBot/feature/project-restructure-implementation/TelegramSearchBot.Test/TelegramSearchBot.Test.csproj]
/root/WorkSpace/CSharp/TelegramSearchBot/feature/project-restructure-implementation/TelegramSearchBot.Test/Service/Tools/BraveSearchServiceTest.cs(40,33): warning CS8602: 解引用可能出现空引用。 [/root/WorkSpace/CSharp/TelegramSearchBot/feature/project-restructure-implementation/TelegramSearchBot.Test/TelegramSearchBot.Test.csproj]
/root/WorkSpace/CSharp/TelegramSearchBot/feature/project-restructure-implementation/TelegramSearchBot.Test/Service/Tools/BraveSearchServiceTest.cs(44,38): warning CS8600: 将 null 文本或可能的 null 值转换为不可为 null 类型。 [/root/WorkSpace/CSharp/TelegramSearchBot/feature/project-restructure-implementation/TelegramSearchBot.Test/TelegramSearchBot.Test.csproj]
/root/WorkSpace/CSharp/TelegramSearchBot/feature/project-restructure-implementation/TelegramSearchBot.Test/Service/Tools/BraveSearchServiceTest.cs(79,33): warning CS8602: 解引用可能出现空引用。 [/root/WorkSpace/CSharp/TelegramSearchBot/feature/project-restructure-implementation/TelegramSearchBot.Test/TelegramSearchBot.Test.csproj]
/root/WorkSpace/CSharp/TelegramSearchBot/feature/project-restructure-implementation/TelegramSearchBot.Test/Service/Tools/BraveSearchServiceTest.cs(100,33): warning CS8602: 解引用可能出现空引用。 [/root/WorkSpace/CSharp/TelegramSearchBot/feature/project-restructure-implementation/TelegramSearchBot.Test/TelegramSearchBot.Test.csproj]
/root/WorkSpace/CSharp/TelegramSearchBot/feature/project-restructure-implementation/TelegramSearchBot.Test/Service/Tools/BraveSearchServiceTest.cs(122,33): warning CS8602: 解引用可能出现空引用。 [/root/WorkSpace/CSharp/TelegramSearchBot/feature/project-restructure-implementation/TelegramSearchBot.Test/TelegramSearchBot.Test.csproj]
/root/WorkSpace/CSharp/TelegramSearchBot/feature/project-restructure-implementation/TelegramSearchBot.Test/Service/Tools/BraveSearchServiceTest.cs(143,33): warning CS8602: 解引用可能出现空引用。 [/root/WorkSpace/CSharp/TelegramSearchBot/feature/project-restructure-implementation/TelegramSearchBot.Test/TelegramSearchBot.Test.csproj]
/root/WorkSpace/CSharp/TelegramSearchBot/feature/project-restructure-implementation/TelegramSearchBot.Test/Service/Tools/BraveSearchServiceTest.cs(147,38): warning CS8600: 将 null 文本或可能的 null 值转换为不可为 null 类型。 [/root/WorkSpace/CSharp/TelegramSearchBot/feature/project-restructure-implementation/TelegramSearchBot.Test/TelegramSearchBot.Test.csproj]
/root/WorkSpace/CSharp/TelegramSearchBot/feature/project-restructure-implementation/TelegramSearchBot.Test/Service/Common/AppConfigurationServiceTests.cs(146,54): warning CS8625: 无法将 null 字面量转换为非 null 的引用类型。 [/root/WorkSpace/CSharp/TelegramSearchBot/feature/project-restructure-implementation/TelegramSearchBot.Test/TelegramSearchBot.Test.csproj]
/root/WorkSpace/CSharp/TelegramSearchBot/feature/project-restructure-implementation/TelegramSearchBot.Test/Manage/EditLLMConfHelperTest.cs(248,33): warning CS8602: 解引用可能出现空引用。 [/root/WorkSpace/CSharp/TelegramSearchBot/feature/project-restructure-implementation/TelegramSearchBot.Test/TelegramSearchBot.Test.csproj]
/root/WorkSpace/CSharp/TelegramSearchBot/feature/project-restructure-implementation/TelegramSearchBot.Test/Service/Vector/VectorSearchIntegrationTests.cs(35,40): warning CS0414: 字段“VectorSearchIntegrationTests._searchService”已被赋值，但从未使用过它的值 [/root/WorkSpace/CSharp/TelegramSearchBot/feature/project-restructure-implementation/TelegramSearchBot.Test/TelegramSearchBot.Test.csproj]
/root/WorkSpace/CSharp/TelegramSearchBot/feature/project-restructure-implementation/TelegramSearchBot.Test/Domain/Message/MessageEntityRedGreenRefactorTests.cs(46,13): warning xUnit2002: Do not use Assert.NotNull() on value type 'DateTime'. Remove this assert. (https://xunit.net/xunit.analyzers/rules/xUnit2002) [/root/WorkSpace/CSharp/TelegramSearchBot/feature/project-restructure-implementation/TelegramSearchBot.Test/TelegramSearchBot.Test.csproj]
/root/WorkSpace/CSharp/TelegramSearchBot/feature/project-restructure-implementation/TelegramSearchBot.Test/Service/Tools/MemoryServiceTest.cs(61,13): warning xUnit2013: Do not use Assert.Equal() to check for collection size. Use Assert.Single instead. (https://xunit.net/xunit.analyzers/rules/xUnit2013) [/root/WorkSpace/CSharp/TelegramSearchBot/feature/project-restructure-implementation/TelegramSearchBot.Test/TelegramSearchBot.Test.csproj]
/root/WorkSpace/CSharp/TelegramSearchBot/feature/project-restructure-implementation/TelegramSearchBot.Test/Service/Tools/MemoryServiceTest.cs(71,13): warning xUnit2009: Do not use Assert.True() to check for substrings. Use Assert.Contains instead. (https://xunit.net/xunit.analyzers/rules/xUnit2009) [/root/WorkSpace/CSharp/TelegramSearchBot/feature/project-restructure-implementation/TelegramSearchBot.Test/TelegramSearchBot.Test.csproj]
/root/WorkSpace/CSharp/TelegramSearchBot/feature/project-restructure-implementation/TelegramSearchBot.Test/Service/Tools/MemoryServiceTest.cs(72,13): warning xUnit2009: Do not use Assert.True() to check for substrings. Use Assert.Contains instead. (https://xunit.net/xunit.analyzers/rules/xUnit2009) [/root/WorkSpace/CSharp/TelegramSearchBot/feature/project-restructure-implementation/TelegramSearchBot.Test/TelegramSearchBot.Test.csproj]
/root/WorkSpace/CSharp/TelegramSearchBot/feature/project-restructure-implementation/TelegramSearchBot.Test/Service/Tools/MemoryServiceTest.cs(100,13): warning xUnit2013: Do not use Assert.Equal() to check for collection size. Use Assert.Single instead. (https://xunit.net/xunit.analyzers/rules/xUnit2013) [/root/WorkSpace/CSharp/TelegramSearchBot/feature/project-restructure-implementation/TelegramSearchBot.Test/TelegramSearchBot.Test.csproj]
/root/WorkSpace/CSharp/TelegramSearchBot/feature/project-restructure-implementation/TelegramSearchBot.Test/Service/Tools/MemoryServiceTest.cs(159,13): warning xUnit2017: Do not use Assert.True() to check if a value exists in a collection. Use Assert.Contains instead. (https://xunit.net/xunit.analyzers/rules/xUnit2017) [/root/WorkSpace/CSharp/TelegramSearchBot/feature/project-restructure-implementation/TelegramSearchBot.Test/TelegramSearchBot.Test.csproj]
/root/WorkSpace/CSharp/TelegramSearchBot/feature/project-restructure-implementation/TelegramSearchBot.Test/Service/Tools/MemoryServiceTest.cs(157,13): warning xUnit2013: Do not use Assert.Equal() to check for collection size. Use Assert.Single instead. (https://xunit.net/xunit.analyzers/rules/xUnit2013) [/root/WorkSpace/CSharp/TelegramSearchBot/feature/project-restructure-implementation/TelegramSearchBot.Test/TelegramSearchBot.Test.csproj]
/root/WorkSpace/CSharp/TelegramSearchBot/feature/project-restructure-implementation/TelegramSearchBot.Test/Service/Tools/MemoryServiceTest.cs(202,13): warning xUnit2013: Do not use Assert.Equal() to check for collection size. Use Assert.Single instead. (https://xunit.net/xunit.analyzers/rules/xUnit2013) [/root/WorkSpace/CSharp/TelegramSearchBot/feature/project-restructure-implementation/TelegramSearchBot.Test/TelegramSearchBot.Test.csproj]
/root/WorkSpace/CSharp/TelegramSearchBot/feature/project-restructure-implementation/TelegramSearchBot.Test/Service/Tools/MemoryServiceTest.cs(203,13): warning xUnit2013: Do not use Assert.Equal() to check for collection size. Use Assert.Single instead. (https://xunit.net/xunit.analyzers/rules/xUnit2013) [/root/WorkSpace/CSharp/TelegramSearchBot/feature/project-restructure-implementation/TelegramSearchBot.Test/TelegramSearchBot.Test.csproj]
/root/WorkSpace/CSharp/TelegramSearchBot/feature/project-restructure-implementation/TelegramSearchBot.Test/Service/Tools/MemoryServiceTest.cs(218,13): warning xUnit2009: Do not use Assert.True() to check for substrings. Use Assert.Contains instead. (https://xunit.net/xunit.analyzers/rules/xUnit2009) [/root/WorkSpace/CSharp/TelegramSearchBot/feature/project-restructure-implementation/TelegramSearchBot.Test/TelegramSearchBot.Test.csproj]
/root/WorkSpace/CSharp/TelegramSearchBot/feature/project-restructure-implementation/TelegramSearchBot.Test/Service/Tools/MemoryServiceTest.cs(233,13): warning xUnit2009: Do not use Assert.True() to check for substrings. Use Assert.Contains instead. (https://xunit.net/xunit.analyzers/rules/xUnit2009) [/root/WorkSpace/CSharp/TelegramSearchBot/feature/project-restructure-implementation/TelegramSearchBot.Test/TelegramSearchBot.Test.csproj]
/root/WorkSpace/CSharp/TelegramSearchBot/feature/project-restructure-implementation/TelegramSearchBot.Test/Service/AI/LLM/McpToolHelperTests.cs(311,13): warning xUnit2013: Do not use Assert.Equal() to check for collection size. Use Assert.Single instead. (https://xunit.net/xunit.analyzers/rules/xUnit2013) [/root/WorkSpace/CSharp/TelegramSearchBot/feature/project-restructure-implementation/TelegramSearchBot.Test/TelegramSearchBot.Test.csproj]
/root/WorkSpace/CSharp/TelegramSearchBot/feature/project-restructure-implementation/TelegramSearchBot.Test/Service/AI/LLM/McpToolHelperTests.cs(325,13): warning xUnit2013: Do not use Assert.Equal() to check for collection size. Use Assert.Single instead. (https://xunit.net/xunit.analyzers/rules/xUnit2013) [/root/WorkSpace/CSharp/TelegramSearchBot/feature/project-restructure-implementation/TelegramSearchBot.Test/TelegramSearchBot.Test.csproj]
/root/WorkSpace/CSharp/TelegramSearchBot/feature/project-restructure-implementation/TelegramSearchBot.Test/Service/AI/LLM/McpToolHelperTests.cs(357,13): warning xUnit2013: Do not use Assert.Equal() to check for collection size. Use Assert.Single instead. (https://xunit.net/xunit.analyzers/rules/xUnit2013) [/root/WorkSpace/CSharp/TelegramSearchBot/feature/project-restructure-implementation/TelegramSearchBot.Test/TelegramSearchBot.Test.csproj]
/root/WorkSpace/CSharp/TelegramSearchBot/feature/project-restructure-implementation/TelegramSearchBot.Test/Service/AI/LLM/McpToolHelperTests.cs(373,13): warning xUnit2013: Do not use Assert.Equal() to check for collection size. Use Assert.Single instead. (https://xunit.net/xunit.analyzers/rules/xUnit2013) [/root/WorkSpace/CSharp/TelegramSearchBot/feature/project-restructure-implementation/TelegramSearchBot.Test/TelegramSearchBot.Test.csproj]
/root/WorkSpace/CSharp/TelegramSearchBot/feature/project-restructure-implementation/TelegramSearchBot.Test/Service/AI/LLM/McpToolHelperTests.cs(379,13): warning xUnit2013: Do not use Assert.Equal() to check for collection size. Use Assert.Single instead. (https://xunit.net/xunit.analyzers/rules/xUnit2013) [/root/WorkSpace/CSharp/TelegramSearchBot/feature/project-restructure-implementation/TelegramSearchBot.Test/TelegramSearchBot.Test.csproj]
/root/WorkSpace/CSharp/TelegramSearchBot/feature/project-restructure-implementation/TelegramSearchBot.Test/Service/AI/LLM/McpToolHelperTests.cs(371,13): warning xUnit2002: Do not use Assert.NotNull() on value type '(string toolName, Dictionary<string, string> arguments)'. Remove this assert. (https://xunit.net/xunit.analyzers/rules/xUnit2002) [/root/WorkSpace/CSharp/TelegramSearchBot/feature/project-restructure-implementation/TelegramSearchBot.Test/TelegramSearchBot.Test.csproj]
/root/WorkSpace/CSharp/TelegramSearchBot/feature/project-restructure-implementation/TelegramSearchBot.Test/Service/AI/LLM/McpToolHelperTests.cs(377,13): warning xUnit2002: Do not use Assert.NotNull() on value type '(string toolName, Dictionary<string, string> arguments)'. Remove this assert. (https://xunit.net/xunit.analyzers/rules/xUnit2002) [/root/WorkSpace/CSharp/TelegramSearchBot/feature/project-restructure-implementation/TelegramSearchBot.Test/TelegramSearchBot.Test.csproj]
/root/WorkSpace/CSharp/TelegramSearchBot/feature/project-restructure-implementation/TelegramSearchBot.Test/Service/Manage/AccountServiceTests.cs(287,50): warning xUnit1012: Null should not be used for type parameter 'expectedDescription' of type 'string'. Use a non-null value, or convert the parameter to a nullable type. (https://xunit.net/xunit.analyzers/rules/xUnit1012) [/root/WorkSpace/CSharp/TelegramSearchBot/feature/project-restructure-implementation/TelegramSearchBot.Test/TelegramSearchBot.Test.csproj]
/root/WorkSpace/CSharp/TelegramSearchBot/feature/project-restructure-implementation/TelegramSearchBot.Test/Service/Manage/AccountServiceTests.cs(288,56): warning xUnit1012: Null should not be used for type parameter 'expectedDescription' of type 'string'. Use a non-null value, or convert the parameter to a nullable type. (https://xunit.net/xunit.analyzers/rules/xUnit1012) [/root/WorkSpace/CSharp/TelegramSearchBot/feature/project-restructure-implementation/TelegramSearchBot.Test/TelegramSearchBot.Test.csproj]
/root/WorkSpace/CSharp/TelegramSearchBot/feature/project-restructure-implementation/TelegramSearchBot.Test/Service/Manage/AccountServiceTests.cs(289,49): warning xUnit1012: Null should not be used for type parameter 'expectedTag' of type 'string'. Use a non-null value, or convert the parameter to a nullable type. (https://xunit.net/xunit.analyzers/rules/xUnit1012) [/root/WorkSpace/CSharp/TelegramSearchBot/feature/project-restructure-implementation/TelegramSearchBot.Test/TelegramSearchBot.Test.csproj]
/root/WorkSpace/CSharp/TelegramSearchBot/feature/project-restructure-implementation/TelegramSearchBot.Test/Service/Manage/AccountServiceTests.cs(289,55): warning xUnit1012: Null should not be used for type parameter 'expectedDescription' of type 'string'. Use a non-null value, or convert the parameter to a nullable type. (https://xunit.net/xunit.analyzers/rules/xUnit1012) [/root/WorkSpace/CSharp/TelegramSearchBot/feature/project-restructure-implementation/TelegramSearchBot.Test/TelegramSearchBot.Test.csproj]
/root/WorkSpace/CSharp/TelegramSearchBot/feature/project-restructure-implementation/TelegramSearchBot.Test/Service/Manage/AccountServiceTests.cs(290,35): warning xUnit1012: Null should not be used for type parameter 'expectedTag' of type 'string'. Use a non-null value, or convert the parameter to a nullable type. (https://xunit.net/xunit.analyzers/rules/xUnit1012) [/root/WorkSpace/CSharp/TelegramSearchBot/feature/project-restructure-implementation/TelegramSearchBot.Test/TelegramSearchBot.Test.csproj]
/root/WorkSpace/CSharp/TelegramSearchBot/feature/project-restructure-implementation/TelegramSearchBot.Test/Service/Manage/AccountServiceTests.cs(290,41): warning xUnit1012: Null should not be used for type parameter 'expectedDescription' of type 'string'. Use a non-null value, or convert the parameter to a nullable type. (https://xunit.net/xunit.analyzers/rules/xUnit1012) [/root/WorkSpace/CSharp/TelegramSearchBot/feature/project-restructure-implementation/TelegramSearchBot.Test/TelegramSearchBot.Test.csproj]
/root/WorkSpace/CSharp/TelegramSearchBot/feature/project-restructure-implementation/TelegramSearchBot.Test/Service/Manage/AccountServiceTests.cs(291,37): warning xUnit1012: Null should not be used for type parameter 'expectedTag' of type 'string'. Use a non-null value, or convert the parameter to a nullable type. (https://xunit.net/xunit.analyzers/rules/xUnit1012) [/root/WorkSpace/CSharp/TelegramSearchBot/feature/project-restructure-implementation/TelegramSearchBot.Test/TelegramSearchBot.Test.csproj]
/root/WorkSpace/CSharp/TelegramSearchBot/feature/project-restructure-implementation/TelegramSearchBot.Test/Service/Manage/AccountServiceTests.cs(291,43): warning xUnit1012: Null should not be used for type parameter 'expectedDescription' of type 'string'. Use a non-null value, or convert the parameter to a nullable type. (https://xunit.net/xunit.analyzers/rules/xUnit1012) [/root/WorkSpace/CSharp/TelegramSearchBot/feature/project-restructure-implementation/TelegramSearchBot.Test/TelegramSearchBot.Test.csproj]

生成失败。

/root/WorkSpace/CSharp/TelegramSearchBot/feature/project-restructure-implementation/TelegramSearchBot.Test/Core/Controller/ControllerBasicTests.cs(17,7): warning CS0105: “TelegramSearchBot.Controller.AI.LLM”的 using 指令以前在此命名空间中出现过 [/root/WorkSpace/CSharp/TelegramSearchBot/feature/project-restructure-implementation/TelegramSearchBot.Test/TelegramSearchBot.Test.csproj]
/root/WorkSpace/CSharp/TelegramSearchBot/feature/project-restructure-implementation/TelegramSearchBot.Test/Core/Controller/ControllerBasicTests.cs(19,7): warning CS0105: “TelegramSearchBot.Controller.Storage”的 using 指令以前在此命名空间中出现过 [/root/WorkSpace/CSharp/TelegramSearchBot/feature/project-restructure-implementation/TelegramSearchBot.Test/TelegramSearchBot.Test.csproj]
/root/WorkSpace/CSharp/TelegramSearchBot/feature/project-restructure-implementation/TelegramSearchBot.Test/Core/Controller/ControllerBasicTests.cs(20,7): warning CS0105: “TelegramSearchBot.Controller.AI.OCR”的 using 指令以前在此命名空间中出现过 [/root/WorkSpace/CSharp/TelegramSearchBot/feature/project-restructure-implementation/TelegramSearchBot.Test/TelegramSearchBot.Test.csproj]
/root/WorkSpace/CSharp/TelegramSearchBot/feature/project-restructure-implementation/TelegramSearchBot.Test/Core/Controller/ControllerBasicTests.cs(23,7): warning CS0105: “TelegramSearchBot.Interface.Controller”的 using 指令以前在此命名空间中出现过 [/root/WorkSpace/CSharp/TelegramSearchBot/feature/project-restructure-implementation/TelegramSearchBot.Test/TelegramSearchBot.Test.csproj]
/root/WorkSpace/CSharp/TelegramSearchBot/feature/project-restructure-implementation/TelegramSearchBot.Test/Domain/Message/MessageExtensionTests.cs(43,92): warning CS8625: 无法将 null 字面量转换为非 null 的引用类型。 [/root/WorkSpace/CSharp/TelegramSearchBot/feature/project-restructure-implementation/TelegramSearchBot.Test/TelegramSearchBot.Test.csproj]
/root/WorkSpace/CSharp/TelegramSearchBot/feature/project-restructure-implementation/TelegramSearchBot.Test/Domain/Message/MessageExtensionTests.cs(43,134): warning CS8625: 无法将 null 字面量转换为非 null 的引用类型。 [/root/WorkSpace/CSharp/TelegramSearchBot/feature/project-restructure-implementation/TelegramSearchBot.Test/TelegramSearchBot.Test.csproj]
/root/WorkSpace/CSharp/TelegramSearchBot/feature/project-restructure-implementation/TelegramSearchBot.Test/Domain/Message/MessageServiceTests.cs(58,92): warning CS8625: 无法将 null 字面量转换为非 null 的引用类型。 [/root/WorkSpace/CSharp/TelegramSearchBot/feature/project-restructure-implementation/TelegramSearchBot.Test/TelegramSearchBot.Test.csproj]
/root/WorkSpace/CSharp/TelegramSearchBot/feature/project-restructure-implementation/TelegramSearchBot.Test/Domain/Message/MessageServiceTests.cs(58,134): warning CS8625: 无法将 null 字面量转换为非 null 的引用类型。 [/root/WorkSpace/CSharp/TelegramSearchBot/feature/project-restructure-implementation/TelegramSearchBot.Test/TelegramSearchBot.Test.csproj]
/root/WorkSpace/CSharp/TelegramSearchBot/feature/project-restructure-implementation/TelegramSearchBot.Test/Service/BotAPI/SendServiceTests.cs(35,47): warning CS0114: “TestDataDbContext.SearchPageCaches”隐藏继承的成员“DataDbContext.SearchPageCaches”。若要使当前成员重写该实现，请添加关键字 override。否则，添加关键字 new。 [/root/WorkSpace/CSharp/TelegramSearchBot/feature/project-restructure-implementation/TelegramSearchBot.Test/TelegramSearchBot.Test.csproj]
/root/WorkSpace/CSharp/TelegramSearchBot/feature/project-restructure-implementation/TelegramSearchBot.Test/Base/IntegrationTestBase.cs(522,24): warning CS8603: 可能返回 null 引用。 [/root/WorkSpace/CSharp/TelegramSearchBot/feature/project-restructure-implementation/TelegramSearchBot.Test/TelegramSearchBot.Test.csproj]
/root/WorkSpace/CSharp/TelegramSearchBot/feature/project-restructure-implementation/TelegramSearchBot.Test/Base/IntegrationTestBase.cs(531,24): warning CS8603: 可能返回 null 引用。 [/root/WorkSpace/CSharp/TelegramSearchBot/feature/project-restructure-implementation/TelegramSearchBot.Test/TelegramSearchBot.Test.csproj]
/root/WorkSpace/CSharp/TelegramSearchBot/feature/project-restructure-implementation/TelegramSearchBot.Test/Core/Service/ServiceBasicTests.cs(50,24): warning CS0618: “ChatContextProvider”已过时:“ChatContextProvider is deprecated. Use ToolContext instead for passing ChatId to tools.” [/root/WorkSpace/CSharp/TelegramSearchBot/feature/project-restructure-implementation/TelegramSearchBot.Test/TelegramSearchBot.Test.csproj]
/root/WorkSpace/CSharp/TelegramSearchBot/feature/project-restructure-implementation/TelegramSearchBot.Test/Base/IntegrationTestBase.cs(130,20): warning CS8603: 可能返回 null 引用。 [/root/WorkSpace/CSharp/TelegramSearchBot/feature/project-restructure-implementation/TelegramSearchBot.Test/TelegramSearchBot.Test.csproj]
/root/WorkSpace/CSharp/TelegramSearchBot/feature/project-restructure-implementation/TelegramSearchBot.Test/Base/IntegrationTestBase.cs(145,20): warning CS8603: 可能返回 null 引用。 [/root/WorkSpace/CSharp/TelegramSearchBot/feature/project-restructure-implementation/TelegramSearchBot.Test/TelegramSearchBot.Test.csproj]
/root/WorkSpace/CSharp/TelegramSearchBot/feature/project-restructure-implementation/TelegramSearchBot.Test/Core/Service/ServiceBasicTests.cs(191,75): warning CS8602: 解引用可能出现空引用。 [/root/WorkSpace/CSharp/TelegramSearchBot/feature/project-restructure-implementation/TelegramSearchBot.Test/TelegramSearchBot.Test.csproj]
/root/WorkSpace/CSharp/TelegramSearchBot/feature/project-restructure-implementation/TelegramSearchBot.Test/Domain/TestBase.cs(73,28): warning CS8603: 可能返回 null 引用。 [/root/WorkSpace/CSharp/TelegramSearchBot/feature/project-restructure-implementation/TelegramSearchBot.Test/TelegramSearchBot.Test.csproj]
/root/WorkSpace/CSharp/TelegramSearchBot/feature/project-restructure-implementation/TelegramSearchBot.Test/Domain/TestBase.cs(89,58): warning CS8605: 取消装箱可能为 null 的值。 [/root/WorkSpace/CSharp/TelegramSearchBot/feature/project-restructure-implementation/TelegramSearchBot.Test/TelegramSearchBot.Test.csproj]
/root/WorkSpace/CSharp/TelegramSearchBot/feature/project-restructure-implementation/TelegramSearchBot.Test/Domain/TestBase.cs(193,24): warning CS8600: 将 null 文本或可能的 null 值转换为不可为 null 类型。 [/root/WorkSpace/CSharp/TelegramSearchBot/feature/project-restructure-implementation/TelegramSearchBot.Test/TelegramSearchBot.Test.csproj]
/root/WorkSpace/CSharp/TelegramSearchBot/feature/project-restructure-implementation/TelegramSearchBot.Test/Domain/TestBase.cs(193,24): warning CS8603: 可能返回 null 引用。 [/root/WorkSpace/CSharp/TelegramSearchBot/feature/project-restructure-implementation/TelegramSearchBot.Test/TelegramSearchBot.Test.csproj]
/root/WorkSpace/CSharp/TelegramSearchBot/feature/project-restructure-implementation/TelegramSearchBot.Test/Domain/TestBase.cs(214,24): warning CS8603: 可能返回 null 引用。 [/root/WorkSpace/CSharp/TelegramSearchBot/feature/project-restructure-implementation/TelegramSearchBot.Test/TelegramSearchBot.Test.csproj]
/root/WorkSpace/CSharp/TelegramSearchBot/feature/project-restructure-implementation/TelegramSearchBot.Test/Service/Vector/VectorSearchIntegrationTests.cs(79,30): warning CS8625: 无法将 null 字面量转换为非 null 的引用类型。 [/root/WorkSpace/CSharp/TelegramSearchBot/feature/project-restructure-implementation/TelegramSearchBot.Test/TelegramSearchBot.Test.csproj]
/root/WorkSpace/CSharp/TelegramSearchBot/feature/project-restructure-implementation/TelegramSearchBot.Test/Service/Vector/VectorSearchIntegrationTests.cs(39,16): warning CS8618: 在退出构造函数时，不可为 null 的 字段 "_searchService" 必须包含非 null 值。请考虑添加 "required" 修饰符或将该 字段 声明为可为 null。 [/root/WorkSpace/CSharp/TelegramSearchBot/feature/project-restructure-implementation/TelegramSearchBot.Test/TelegramSearchBot.Test.csproj]
/root/WorkSpace/CSharp/TelegramSearchBot/feature/project-restructure-implementation/TelegramSearchBot.Test/Domain/TestBase.cs(144,24): warning CS8600: 将 null 文本或可能的 null 值转换为不可为 null 类型。 [/root/WorkSpace/CSharp/TelegramSearchBot/feature/project-restructure-implementation/TelegramSearchBot.Test/TelegramSearchBot.Test.csproj]
/root/WorkSpace/CSharp/TelegramSearchBot/feature/project-restructure-implementation/TelegramSearchBot.Test/Domain/TestBase.cs(144,24): warning CS8603: 可能返回 null 引用。 [/root/WorkSpace/CSharp/TelegramSearchBot/feature/project-restructure-implementation/TelegramSearchBot.Test/TelegramSearchBot.Test.csproj]
/root/WorkSpace/CSharp/TelegramSearchBot/feature/project-restructure-implementation/TelegramSearchBot.Test/Core/Service/ServiceBasicTests.cs(358,24): warning CS0618: “ChatContextProvider”已过时:“ChatContextProvider is deprecated. Use ToolContext instead for passing ChatId to tools.” [/root/WorkSpace/CSharp/TelegramSearchBot/feature/project-restructure-implementation/TelegramSearchBot.Test/TelegramSearchBot.Test.csproj]
/root/WorkSpace/CSharp/TelegramSearchBot/feature/project-restructure-implementation/TelegramSearchBot.Test/Core/Service/ServiceBasicTests.cs(468,38): warning CS8602: 解引用可能出现空引用。 [/root/WorkSpace/CSharp/TelegramSearchBot/feature/project-restructure-implementation/TelegramSearchBot.Test/TelegramSearchBot.Test.csproj]
/root/WorkSpace/CSharp/TelegramSearchBot/feature/project-restructure-implementation/TelegramSearchBot.Test/Data/DataDbContextTests.cs(23,27): warning CS1998: 此异步方法缺少 "await" 运算符，将以同步方式运行。请考虑使用 "await" 运算符等待非阻止的 API 调用，或者使用 "await Task.Run(...)" 在后台线程上执行占用大量 CPU 的工作。 [/root/WorkSpace/CSharp/TelegramSearchBot/feature/project-restructure-implementation/TelegramSearchBot.Test/TelegramSearchBot.Test.csproj]
/root/WorkSpace/CSharp/TelegramSearchBot/feature/project-restructure-implementation/TelegramSearchBot.Test/Data/DataDbContextTests.cs(32,27): warning CS1998: 此异步方法缺少 "await" 运算符，将以同步方式运行。请考虑使用 "await" 运算符等待非阻止的 API 调用，或者使用 "await Task.Run(...)" 在后台线程上执行占用大量 CPU 的工作。 [/root/WorkSpace/CSharp/TelegramSearchBot/feature/project-restructure-implementation/TelegramSearchBot.Test/TelegramSearchBot.Test.csproj]
/root/WorkSpace/CSharp/TelegramSearchBot/feature/project-restructure-implementation/TelegramSearchBot.Test/Core/Architecture/CoreArchitectureTests.cs(142,27): warning CS1998: 此异步方法缺少 "await" 运算符，将以同步方式运行。请考虑使用 "await" 运算符等待非阻止的 API 调用，或者使用 "await Task.Run(...)" 在后台线程上执行占用大量 CPU 的工作。 [/root/WorkSpace/CSharp/TelegramSearchBot/feature/project-restructure-implementation/TelegramSearchBot.Test/TelegramSearchBot.Test.csproj]
/root/WorkSpace/CSharp/TelegramSearchBot/feature/project-restructure-implementation/TelegramSearchBot.Test/Service/BotAPI/SendServiceTests.cs(28,20): warning CS8600: 将 null 文本或可能的 null 值转换为不可为 null 类型。 [/root/WorkSpace/CSharp/TelegramSearchBot/feature/project-restructure-implementation/TelegramSearchBot.Test/TelegramSearchBot.Test.csproj]
/root/WorkSpace/CSharp/TelegramSearchBot/feature/project-restructure-implementation/TelegramSearchBot.Test/Service/BotAPI/SendServiceTests.cs(28,20): warning CS8603: 可能返回 null 引用。 [/root/WorkSpace/CSharp/TelegramSearchBot/feature/project-restructure-implementation/TelegramSearchBot.Test/TelegramSearchBot.Test.csproj]
/root/WorkSpace/CSharp/TelegramSearchBot/feature/project-restructure-implementation/TelegramSearchBot.Test/Service/Common/UrlProcessingServiceTests.cs(39,60): warning CS8625: 无法将 null 字面量转换为非 null 的引用类型。 [/root/WorkSpace/CSharp/TelegramSearchBot/feature/project-restructure-implementation/TelegramSearchBot.Test/TelegramSearchBot.Test.csproj]
/root/WorkSpace/CSharp/TelegramSearchBot/feature/project-restructure-implementation/TelegramSearchBot.Test/Core/Architecture/CoreArchitectureTests.cs(160,27): warning CS1998: 此异步方法缺少 "await" 运算符，将以同步方式运行。请考虑使用 "await" 运算符等待非阻止的 API 调用，或者使用 "await Task.Run(...)" 在后台线程上执行占用大量 CPU 的工作。 [/root/WorkSpace/CSharp/TelegramSearchBot/feature/project-restructure-implementation/TelegramSearchBot.Test/TelegramSearchBot.Test.csproj]
/root/WorkSpace/CSharp/TelegramSearchBot/feature/project-restructure-implementation/TelegramSearchBot.Test/Domain/Message/MessageRepositoryTests.cs(195,94): warning CS8625: 无法将 null 字面量转换为非 null 的引用类型。 [/root/WorkSpace/CSharp/TelegramSearchBot/feature/project-restructure-implementation/TelegramSearchBot.Test/TelegramSearchBot.Test.csproj]
/root/WorkSpace/CSharp/TelegramSearchBot/feature/project-restructure-implementation/TelegramSearchBot.Test/Data/QueryServicesTests.cs(317,27): warning CS1998: 此异步方法缺少 "await" 运算符，将以同步方式运行。请考虑使用 "await" 运算符等待非阻止的 API 调用，或者使用 "await Task.Run(...)" 在后台线程上执行占用大量 CPU 的工作。 [/root/WorkSpace/CSharp/TelegramSearchBot/feature/project-restructure-implementation/TelegramSearchBot.Test/TelegramSearchBot.Test.csproj]
/root/WorkSpace/CSharp/TelegramSearchBot/feature/project-restructure-implementation/TelegramSearchBot.Test/Service/Storage/MessageServiceTests.cs(114,129): warning CS8604: “DataDbContext.DataDbContext(DbContextOptions<DataDbContext> options)”中的形参“options”可能传入 null 引用实参。 [/root/WorkSpace/CSharp/TelegramSearchBot/feature/project-restructure-implementation/TelegramSearchBot.Test/TelegramSearchBot.Test.csproj]
/root/WorkSpace/CSharp/TelegramSearchBot/feature/project-restructure-implementation/TelegramSearchBot.Test/Service/Tools/MemoryServiceTest.cs(71,25): warning CS8602: 解引用可能出现空引用。 [/root/WorkSpace/CSharp/TelegramSearchBot/feature/project-restructure-implementation/TelegramSearchBot.Test/TelegramSearchBot.Test.csproj]
/root/WorkSpace/CSharp/TelegramSearchBot/feature/project-restructure-implementation/TelegramSearchBot.Test/Service/Common/AppConfigurationServiceTests.cs(94,66): warning CS8625: 无法将 null 字面量转换为非 null 的引用类型。 [/root/WorkSpace/CSharp/TelegramSearchBot/feature/project-restructure-implementation/TelegramSearchBot.Test/TelegramSearchBot.Test.csproj]
/root/WorkSpace/CSharp/TelegramSearchBot/feature/project-restructure-implementation/TelegramSearchBot.Test/Service/BotAPI/SendServiceTests.cs(73,26): warning CS8620: 由于引用类型的可为 null 性差异，ValueTask<EntityEntry<SearchPageCache>?> 类型的实参不能用于 IReturnsResult<DbSet<SearchPageCache>> IReturns<DbSet<SearchPageCache>, ValueTask<EntityEntry<SearchPageCache>>>.Returns(ValueTask<EntityEntry<SearchPageCache>> value) 中 ValueTask<EntityEntry<SearchPageCache>> 类型的形参 value。 [/root/WorkSpace/CSharp/TelegramSearchBot/feature/project-restructure-implementation/TelegramSearchBot.Test/TelegramSearchBot.Test.csproj]
/root/WorkSpace/CSharp/TelegramSearchBot/feature/project-restructure-implementation/TelegramSearchBot.Test/Service/AI/LLM/McpToolHelperTests.cs(274,56): warning CS8625: 无法将 null 字面量转换为非 null 的引用类型。 [/root/WorkSpace/CSharp/TelegramSearchBot/feature/project-restructure-implementation/TelegramSearchBot.Test/TelegramSearchBot.Test.csproj]
/root/WorkSpace/CSharp/TelegramSearchBot/feature/project-restructure-implementation/TelegramSearchBot.Test/Service/BotAPI/SendServiceTests.cs(99,72): warning CS8625: 无法将 null 字面量转换为非 null 的引用类型。 [/root/WorkSpace/CSharp/TelegramSearchBot/feature/project-restructure-implementation/TelegramSearchBot.Test/TelegramSearchBot.Test.csproj]
/root/WorkSpace/CSharp/TelegramSearchBot/feature/project-restructure-implementation/TelegramSearchBot.Test/Service/BotAPI/SendServiceTests.cs(100,95): warning CS8625: 无法将 null 字面量转换为非 null 的引用类型。 [/root/WorkSpace/CSharp/TelegramSearchBot/feature/project-restructure-implementation/TelegramSearchBot.Test/TelegramSearchBot.Test.csproj]
/root/WorkSpace/CSharp/TelegramSearchBot/feature/project-restructure-implementation/TelegramSearchBot.Test/Service/BotAPI/SendServiceTests.cs(101,120): warning CS8625: 无法将 null 字面量转换为非 null 的引用类型。 [/root/WorkSpace/CSharp/TelegramSearchBot/feature/project-restructure-implementation/TelegramSearchBot.Test/TelegramSearchBot.Test.csproj]
/root/WorkSpace/CSharp/TelegramSearchBot/feature/project-restructure-implementation/TelegramSearchBot.Test/Service/Storage/MessageServiceTests.cs(179,149): warning CS8604: “DataDbContext.DataDbContext(DbContextOptions<DataDbContext> options)”中的形参“options”可能传入 null 引用实参。 [/root/WorkSpace/CSharp/TelegramSearchBot/feature/project-restructure-implementation/TelegramSearchBot.Test/TelegramSearchBot.Test.csproj]
/root/WorkSpace/CSharp/TelegramSearchBot/feature/project-restructure-implementation/TelegramSearchBot.Test/Service/Tools/BraveSearchServiceTest.cs(40,33): warning CS8602: 解引用可能出现空引用。 [/root/WorkSpace/CSharp/TelegramSearchBot/feature/project-restructure-implementation/TelegramSearchBot.Test/TelegramSearchBot.Test.csproj]
/root/WorkSpace/CSharp/TelegramSearchBot/feature/project-restructure-implementation/TelegramSearchBot.Test/Service/Tools/BraveSearchServiceTest.cs(44,38): warning CS8600: 将 null 文本或可能的 null 值转换为不可为 null 类型。 [/root/WorkSpace/CSharp/TelegramSearchBot/feature/project-restructure-implementation/TelegramSearchBot.Test/TelegramSearchBot.Test.csproj]
/root/WorkSpace/CSharp/TelegramSearchBot/feature/project-restructure-implementation/TelegramSearchBot.Test/Service/Tools/BraveSearchServiceTest.cs(79,33): warning CS8602: 解引用可能出现空引用。 [/root/WorkSpace/CSharp/TelegramSearchBot/feature/project-restructure-implementation/TelegramSearchBot.Test/TelegramSearchBot.Test.csproj]
/root/WorkSpace/CSharp/TelegramSearchBot/feature/project-restructure-implementation/TelegramSearchBot.Test/Service/Tools/BraveSearchServiceTest.cs(100,33): warning CS8602: 解引用可能出现空引用。 [/root/WorkSpace/CSharp/TelegramSearchBot/feature/project-restructure-implementation/TelegramSearchBot.Test/TelegramSearchBot.Test.csproj]
/root/WorkSpace/CSharp/TelegramSearchBot/feature/project-restructure-implementation/TelegramSearchBot.Test/Service/Tools/BraveSearchServiceTest.cs(122,33): warning CS8602: 解引用可能出现空引用。 [/root/WorkSpace/CSharp/TelegramSearchBot/feature/project-restructure-implementation/TelegramSearchBot.Test/TelegramSearchBot.Test.csproj]
/root/WorkSpace/CSharp/TelegramSearchBot/feature/project-restructure-implementation/TelegramSearchBot.Test/Service/Tools/BraveSearchServiceTest.cs(143,33): warning CS8602: 解引用可能出现空引用。 [/root/WorkSpace/CSharp/TelegramSearchBot/feature/project-restructure-implementation/TelegramSearchBot.Test/TelegramSearchBot.Test.csproj]
/root/WorkSpace/CSharp/TelegramSearchBot/feature/project-restructure-implementation/TelegramSearchBot.Test/Service/Tools/BraveSearchServiceTest.cs(147,38): warning CS8600: 将 null 文本或可能的 null 值转换为不可为 null 类型。 [/root/WorkSpace/CSharp/TelegramSearchBot/feature/project-restructure-implementation/TelegramSearchBot.Test/TelegramSearchBot.Test.csproj]
/root/WorkSpace/CSharp/TelegramSearchBot/feature/project-restructure-implementation/TelegramSearchBot.Test/Service/Common/AppConfigurationServiceTests.cs(146,54): warning CS8625: 无法将 null 字面量转换为非 null 的引用类型。 [/root/WorkSpace/CSharp/TelegramSearchBot/feature/project-restructure-implementation/TelegramSearchBot.Test/TelegramSearchBot.Test.csproj]
/root/WorkSpace/CSharp/TelegramSearchBot/feature/project-restructure-implementation/TelegramSearchBot.Test/Manage/EditLLMConfHelperTest.cs(248,33): warning CS8602: 解引用可能出现空引用。 [/root/WorkSpace/CSharp/TelegramSearchBot/feature/project-restructure-implementation/TelegramSearchBot.Test/TelegramSearchBot.Test.csproj]
/root/WorkSpace/CSharp/TelegramSearchBot/feature/project-restructure-implementation/TelegramSearchBot.Test/Service/Vector/VectorSearchIntegrationTests.cs(35,40): warning CS0414: 字段“VectorSearchIntegrationTests._searchService”已被赋值，但从未使用过它的值 [/root/WorkSpace/CSharp/TelegramSearchBot/feature/project-restructure-implementation/TelegramSearchBot.Test/TelegramSearchBot.Test.csproj]
/root/WorkSpace/CSharp/TelegramSearchBot/feature/project-restructure-implementation/TelegramSearchBot.Test/Domain/Message/MessageEntityRedGreenRefactorTests.cs(46,13): warning xUnit2002: Do not use Assert.NotNull() on value type 'DateTime'. Remove this assert. (https://xunit.net/xunit.analyzers/rules/xUnit2002) [/root/WorkSpace/CSharp/TelegramSearchBot/feature/project-restructure-implementation/TelegramSearchBot.Test/TelegramSearchBot.Test.csproj]
/root/WorkSpace/CSharp/TelegramSearchBot/feature/project-restructure-implementation/TelegramSearchBot.Test/Service/Tools/MemoryServiceTest.cs(61,13): warning xUnit2013: Do not use Assert.Equal() to check for collection size. Use Assert.Single instead. (https://xunit.net/xunit.analyzers/rules/xUnit2013) [/root/WorkSpace/CSharp/TelegramSearchBot/feature/project-restructure-implementation/TelegramSearchBot.Test/TelegramSearchBot.Test.csproj]
/root/WorkSpace/CSharp/TelegramSearchBot/feature/project-restructure-implementation/TelegramSearchBot.Test/Service/Tools/MemoryServiceTest.cs(71,13): warning xUnit2009: Do not use Assert.True() to check for substrings. Use Assert.Contains instead. (https://xunit.net/xunit.analyzers/rules/xUnit2009) [/root/WorkSpace/CSharp/TelegramSearchBot/feature/project-restructure-implementation/TelegramSearchBot.Test/TelegramSearchBot.Test.csproj]
/root/WorkSpace/CSharp/TelegramSearchBot/feature/project-restructure-implementation/TelegramSearchBot.Test/Service/Tools/MemoryServiceTest.cs(72,13): warning xUnit2009: Do not use Assert.True() to check for substrings. Use Assert.Contains instead. (https://xunit.net/xunit.analyzers/rules/xUnit2009) [/root/WorkSpace/CSharp/TelegramSearchBot/feature/project-restructure-implementation/TelegramSearchBot.Test/TelegramSearchBot.Test.csproj]
/root/WorkSpace/CSharp/TelegramSearchBot/feature/project-restructure-implementation/TelegramSearchBot.Test/Service/Tools/MemoryServiceTest.cs(100,13): warning xUnit2013: Do not use Assert.Equal() to check for collection size. Use Assert.Single instead. (https://xunit.net/xunit.analyzers/rules/xUnit2013) [/root/WorkSpace/CSharp/TelegramSearchBot/feature/project-restructure-implementation/TelegramSearchBot.Test/TelegramSearchBot.Test.csproj]
/root/WorkSpace/CSharp/TelegramSearchBot/feature/project-restructure-implementation/TelegramSearchBot.Test/Service/Tools/MemoryServiceTest.cs(159,13): warning xUnit2017: Do not use Assert.True() to check if a value exists in a collection. Use Assert.Contains instead. (https://xunit.net/xunit.analyzers/rules/xUnit2017) [/root/WorkSpace/CSharp/TelegramSearchBot/feature/project-restructure-implementation/TelegramSearchBot.Test/TelegramSearchBot.Test.csproj]
/root/WorkSpace/CSharp/TelegramSearchBot/feature/project-restructure-implementation/TelegramSearchBot.Test/Service/Tools/MemoryServiceTest.cs(157,13): warning xUnit2013: Do not use Assert.Equal() to check for collection size. Use Assert.Single instead. (https://xunit.net/xunit.analyzers/rules/xUnit2013) [/root/WorkSpace/CSharp/TelegramSearchBot/feature/project-restructure-implementation/TelegramSearchBot.Test/TelegramSearchBot.Test.csproj]
/root/WorkSpace/CSharp/TelegramSearchBot/feature/project-restructure-implementation/TelegramSearchBot.Test/Service/Tools/MemoryServiceTest.cs(202,13): warning xUnit2013: Do not use Assert.Equal() to check for collection size. Use Assert.Single instead. (https://xunit.net/xunit.analyzers/rules/xUnit2013) [/root/WorkSpace/CSharp/TelegramSearchBot/feature/project-restructure-implementation/TelegramSearchBot.Test/TelegramSearchBot.Test.csproj]
/root/WorkSpace/CSharp/TelegramSearchBot/feature/project-restructure-implementation/TelegramSearchBot.Test/Service/Tools/MemoryServiceTest.cs(203,13): warning xUnit2013: Do not use Assert.Equal() to check for collection size. Use Assert.Single instead. (https://xunit.net/xunit.analyzers/rules/xUnit2013) [/root/WorkSpace/CSharp/TelegramSearchBot/feature/project-restructure-implementation/TelegramSearchBot.Test/TelegramSearchBot.Test.csproj]
/root/WorkSpace/CSharp/TelegramSearchBot/feature/project-restructure-implementation/TelegramSearchBot.Test/Service/Tools/MemoryServiceTest.cs(218,13): warning xUnit2009: Do not use Assert.True() to check for substrings. Use Assert.Contains instead. (https://xunit.net/xunit.analyzers/rules/xUnit2009) [/root/WorkSpace/CSharp/TelegramSearchBot/feature/project-restructure-implementation/TelegramSearchBot.Test/TelegramSearchBot.Test.csproj]
/root/WorkSpace/CSharp/TelegramSearchBot/feature/project-restructure-implementation/TelegramSearchBot.Test/Service/Tools/MemoryServiceTest.cs(233,13): warning xUnit2009: Do not use Assert.True() to check for substrings. Use Assert.Contains instead. (https://xunit.net/xunit.analyzers/rules/xUnit2009) [/root/WorkSpace/CSharp/TelegramSearchBot/feature/project-restructure-implementation/TelegramSearchBot.Test/TelegramSearchBot.Test.csproj]
/root/WorkSpace/CSharp/TelegramSearchBot/feature/project-restructure-implementation/TelegramSearchBot.Test/Service/AI/LLM/McpToolHelperTests.cs(311,13): warning xUnit2013: Do not use Assert.Equal() to check for collection size. Use Assert.Single instead. (https://xunit.net/xunit.analyzers/rules/xUnit2013) [/root/WorkSpace/CSharp/TelegramSearchBot/feature/project-restructure-implementation/TelegramSearchBot.Test/TelegramSearchBot.Test.csproj]
/root/WorkSpace/CSharp/TelegramSearchBot/feature/project-restructure-implementation/TelegramSearchBot.Test/Service/AI/LLM/McpToolHelperTests.cs(325,13): warning xUnit2013: Do not use Assert.Equal() to check for collection size. Use Assert.Single instead. (https://xunit.net/xunit.analyzers/rules/xUnit2013) [/root/WorkSpace/CSharp/TelegramSearchBot/feature/project-restructure-implementation/TelegramSearchBot.Test/TelegramSearchBot.Test.csproj]
/root/WorkSpace/CSharp/TelegramSearchBot/feature/project-restructure-implementation/TelegramSearchBot.Test/Service/AI/LLM/McpToolHelperTests.cs(357,13): warning xUnit2013: Do not use Assert.Equal() to check for collection size. Use Assert.Single instead. (https://xunit.net/xunit.analyzers/rules/xUnit2013) [/root/WorkSpace/CSharp/TelegramSearchBot/feature/project-restructure-implementation/TelegramSearchBot.Test/TelegramSearchBot.Test.csproj]
/root/WorkSpace/CSharp/TelegramSearchBot/feature/project-restructure-implementation/TelegramSearchBot.Test/Service/AI/LLM/McpToolHelperTests.cs(373,13): warning xUnit2013: Do not use Assert.Equal() to check for collection size. Use Assert.Single instead. (https://xunit.net/xunit.analyzers/rules/xUnit2013) [/root/WorkSpace/CSharp/TelegramSearchBot/feature/project-restructure-implementation/TelegramSearchBot.Test/TelegramSearchBot.Test.csproj]
/root/WorkSpace/CSharp/TelegramSearchBot/feature/project-restructure-implementation/TelegramSearchBot.Test/Service/AI/LLM/McpToolHelperTests.cs(379,13): warning xUnit2013: Do not use Assert.Equal() to check for collection size. Use Assert.Single instead. (https://xunit.net/xunit.analyzers/rules/xUnit2013) [/root/WorkSpace/CSharp/TelegramSearchBot/feature/project-restructure-implementation/TelegramSearchBot.Test/TelegramSearchBot.Test.csproj]
/root/WorkSpace/CSharp/TelegramSearchBot/feature/project-restructure-implementation/TelegramSearchBot.Test/Service/AI/LLM/McpToolHelperTests.cs(371,13): warning xUnit2002: Do not use Assert.NotNull() on value type '(string toolName, Dictionary<string, string> arguments)'. Remove this assert. (https://xunit.net/xunit.analyzers/rules/xUnit2002) [/root/WorkSpace/CSharp/TelegramSearchBot/feature/project-restructure-implementation/TelegramSearchBot.Test/TelegramSearchBot.Test.csproj]
/root/WorkSpace/CSharp/TelegramSearchBot/feature/project-restructure-implementation/TelegramSearchBot.Test/Service/AI/LLM/McpToolHelperTests.cs(377,13): warning xUnit2002: Do not use Assert.NotNull() on value type '(string toolName, Dictionary<string, string> arguments)'. Remove this assert. (https://xunit.net/xunit.analyzers/rules/xUnit2002) [/root/WorkSpace/CSharp/TelegramSearchBot/feature/project-restructure-implementation/TelegramSearchBot.Test/TelegramSearchBot.Test.csproj]
/root/WorkSpace/CSharp/TelegramSearchBot/feature/project-restructure-implementation/TelegramSearchBot.Test/Service/Manage/AccountServiceTests.cs(287,50): warning xUnit1012: Null should not be used for type parameter 'expectedDescription' of type 'string'. Use a non-null value, or convert the parameter to a nullable type. (https://xunit.net/xunit.analyzers/rules/xUnit1012) [/root/WorkSpace/CSharp/TelegramSearchBot/feature/project-restructure-implementation/TelegramSearchBot.Test/TelegramSearchBot.Test.csproj]
/root/WorkSpace/CSharp/TelegramSearchBot/feature/project-restructure-implementation/TelegramSearchBot.Test/Service/Manage/AccountServiceTests.cs(288,56): warning xUnit1012: Null should not be used for type parameter 'expectedDescription' of type 'string'. Use a non-null value, or convert the parameter to a nullable type. (https://xunit.net/xunit.analyzers/rules/xUnit1012) [/root/WorkSpace/CSharp/TelegramSearchBot/feature/project-restructure-implementation/TelegramSearchBot.Test/TelegramSearchBot.Test.csproj]
/root/WorkSpace/CSharp/TelegramSearchBot/feature/project-restructure-implementation/TelegramSearchBot.Test/Service/Manage/AccountServiceTests.cs(289,49): warning xUnit1012: Null should not be used for type parameter 'expectedTag' of type 'string'. Use a non-null value, or convert the parameter to a nullable type. (https://xunit.net/xunit.analyzers/rules/xUnit1012) [/root/WorkSpace/CSharp/TelegramSearchBot/feature/project-restructure-implementation/TelegramSearchBot.Test/TelegramSearchBot.Test.csproj]
/root/WorkSpace/CSharp/TelegramSearchBot/feature/project-restructure-implementation/TelegramSearchBot.Test/Service/Manage/AccountServiceTests.cs(289,55): warning xUnit1012: Null should not be used for type parameter 'expectedDescription' of type 'string'. Use a non-null value, or convert the parameter to a nullable type. (https://xunit.net/xunit.analyzers/rules/xUnit1012) [/root/WorkSpace/CSharp/TelegramSearchBot/feature/project-restructure-implementation/TelegramSearchBot.Test/TelegramSearchBot.Test.csproj]
/root/WorkSpace/CSharp/TelegramSearchBot/feature/project-restructure-implementation/TelegramSearchBot.Test/Service/Manage/AccountServiceTests.cs(290,35): warning xUnit1012: Null should not be used for type parameter 'expectedTag' of type 'string'. Use a non-null value, or convert the parameter to a nullable type. (https://xunit.net/xunit.analyzers/rules/xUnit1012) [/root/WorkSpace/CSharp/TelegramSearchBot/feature/project-restructure-implementation/TelegramSearchBot.Test/TelegramSearchBot.Test.csproj]
/root/WorkSpace/CSharp/TelegramSearchBot/feature/project-restructure-implementation/TelegramSearchBot.Test/Service/Manage/AccountServiceTests.cs(290,41): warning xUnit1012: Null should not be used for type parameter 'expectedDescription' of type 'string'. Use a non-null value, or convert the parameter to a nullable type. (https://xunit.net/xunit.analyzers/rules/xUnit1012) [/root/WorkSpace/CSharp/TelegramSearchBot/feature/project-restructure-implementation/TelegramSearchBot.Test/TelegramSearchBot.Test.csproj]
/root/WorkSpace/CSharp/TelegramSearchBot/feature/project-restructure-implementation/TelegramSearchBot.Test/Service/Manage/AccountServiceTests.cs(291,37): warning xUnit1012: Null should not be used for type parameter 'expectedTag' of type 'string'. Use a non-null value, or convert the parameter to a nullable type. (https://xunit.net/xunit.analyzers/rules/xUnit1012) [/root/WorkSpace/CSharp/TelegramSearchBot/feature/project-restructure-implementation/TelegramSearchBot.Test/TelegramSearchBot.Test.csproj]
/root/WorkSpace/CSharp/TelegramSearchBot/feature/project-restructure-implementation/TelegramSearchBot.Test/Service/Manage/AccountServiceTests.cs(291,43): warning xUnit1012: Null should not be used for type parameter 'expectedDescription' of type 'string'. Use a non-null value, or convert the parameter to a nullable type. (https://xunit.net/xunit.analyzers/rules/xUnit1012) [/root/WorkSpace/CSharp/TelegramSearchBot/feature/project-restructure-implementation/TelegramSearchBot.Test/TelegramSearchBot.Test.csproj]
/root/WorkSpace/CSharp/TelegramSearchBot/feature/project-restructure-implementation/TelegramSearchBot.Test/Domain/Message/MessageServiceTests.cs(40,66): error CS0246: 未能找到类型或命名空间名“ISendMessageService”(是否缺少 using 指令或程序集引用?) [/root/WorkSpace/CSharp/TelegramSearchBot/feature/project-restructure-implementation/TelegramSearchBot.Test/TelegramSearchBot.Test.csproj]
/root/WorkSpace/CSharp/TelegramSearchBot/feature/project-restructure-implementation/TelegramSearchBot.Test/Domain/Message/MessageExtensionTests.cs(40,24): error CS1729: “MessageExtensionService”不包含采用 2 个参数的构造函数 [/root/WorkSpace/CSharp/TelegramSearchBot/feature/project-restructure-implementation/TelegramSearchBot.Test/TelegramSearchBot.Test.csproj]
/root/WorkSpace/CSharp/TelegramSearchBot/feature/project-restructure-implementation/TelegramSearchBot.Test/Domain/TestBase.cs(228,24): error CS1729: “MessageService”不包含采用 5 个参数的构造函数 [/root/WorkSpace/CSharp/TelegramSearchBot/feature/project-restructure-implementation/TelegramSearchBot.Test/TelegramSearchBot.Test.csproj]
/root/WorkSpace/CSharp/TelegramSearchBot/feature/project-restructure-implementation/TelegramSearchBot.Test/Domain/Message/MessageProcessingPipelineTests.cs(50,24): error CS1729: “MessageProcessingPipeline”不包含采用 5 个参数的构造函数 [/root/WorkSpace/CSharp/TelegramSearchBot/feature/project-restructure-implementation/TelegramSearchBot.Test/TelegramSearchBot.Test.csproj]
/root/WorkSpace/CSharp/TelegramSearchBot/feature/project-restructure-implementation/TelegramSearchBot.Test/Domain/Message/MessageServiceTests.cs(53,25): error CS0246: 未能找到类型或命名空间名“ISendMessageService”(是否缺少 using 指令或程序集引用?) [/root/WorkSpace/CSharp/TelegramSearchBot/feature/project-restructure-implementation/TelegramSearchBot.Test/TelegramSearchBot.Test.csproj]
/root/WorkSpace/CSharp/TelegramSearchBot/feature/project-restructure-implementation/TelegramSearchBot.Test/Domain/Message/MessageServiceTests.cs(50,24): error CS1729: “MessageService”不包含采用 5 个参数的构造函数 [/root/WorkSpace/CSharp/TelegramSearchBot/feature/project-restructure-implementation/TelegramSearchBot.Test/TelegramSearchBot.Test.csproj]
/root/WorkSpace/CSharp/TelegramSearchBot/feature/project-restructure-implementation/TelegramSearchBot.Test/Domain/MessageTestDataFactory.cs(31,53): error CS0234: 命名空间“TelegramSearchBot.Model.Data”中不存在类型或命名空间名“MessageOption”(是否缺少程序集引用?) [/root/WorkSpace/CSharp/TelegramSearchBot/feature/project-restructure-implementation/TelegramSearchBot.Test/TelegramSearchBot.Test.csproj]
/root/WorkSpace/CSharp/TelegramSearchBot/feature/project-restructure-implementation/TelegramSearchBot.Test/Domain/Message/MessageProcessingPipelineTests.cs(89,46): error CS1061: “IMessageService”未包含“ExecuteAsync”的定义，并且找不到可接受第一个“IMessageService”类型参数的可访问扩展方法“ExecuteAsync”(是否缺少 using 指令或程序集引用?) [/root/WorkSpace/CSharp/TelegramSearchBot/feature/project-restructure-implementation/TelegramSearchBot.Test/TelegramSearchBot.Test.csproj]
/root/WorkSpace/CSharp/TelegramSearchBot/feature/project-restructure-implementation/TelegramSearchBot.Test/Domain/Message/MessageProcessingPipelineTests.cs(99,47): error CS1061: “IMessageService”未包含“ExecuteAsync”的定义，并且找不到可接受第一个“IMessageService”类型参数的可访问扩展方法“ExecuteAsync”(是否缺少 using 指令或程序集引用?) [/root/WorkSpace/CSharp/TelegramSearchBot/feature/project-restructure-implementation/TelegramSearchBot.Test/TelegramSearchBot.Test.csproj]
/root/WorkSpace/CSharp/TelegramSearchBot/feature/project-restructure-implementation/TelegramSearchBot.Test/Domain/MessageTestDataFactory.cs(214,17): error CS0117: “MessageExtension”未包含“MessageId”的定义 [/root/WorkSpace/CSharp/TelegramSearchBot/feature/project-restructure-implementation/TelegramSearchBot.Test/TelegramSearchBot.Test.csproj]
/root/WorkSpace/CSharp/TelegramSearchBot/feature/project-restructure-implementation/TelegramSearchBot.Test/Domain/Message/MessageProcessingPipelineTests.cs(109,46): error CS1061: “IMessageService”未包含“ExecuteAsync”的定义，并且找不到可接受第一个“IMessageService”类型参数的可访问扩展方法“ExecuteAsync”(是否缺少 using 指令或程序集引用?) [/root/WorkSpace/CSharp/TelegramSearchBot/feature/project-restructure-implementation/TelegramSearchBot.Test/TelegramSearchBot.Test.csproj]
/root/WorkSpace/CSharp/TelegramSearchBot/feature/project-restructure-implementation/TelegramSearchBot.Test/Domain/Message/MessageProcessingPipelineTests.cs(119,47): error CS1061: “IMessageService”未包含“ExecuteAsync”的定义，并且找不到可接受第一个“IMessageService”类型参数的可访问扩展方法“ExecuteAsync”(是否缺少 using 指令或程序集引用?) [/root/WorkSpace/CSharp/TelegramSearchBot/feature/project-restructure-implementation/TelegramSearchBot.Test/TelegramSearchBot.Test.csproj]
/root/WorkSpace/CSharp/TelegramSearchBot/feature/project-restructure-implementation/TelegramSearchBot.Test/Domain/Message/MessageProcessingPipelineTests.cs(134,35): error CS1061: “MessageProcessingPipeline”未包含“ValidateMessage”的定义，并且找不到可接受第一个“MessageProcessingPipeline”类型参数的可访问扩展方法“ValidateMessage”(是否缺少 using 指令或程序集引用?) [/root/WorkSpace/CSharp/TelegramSearchBot/feature/project-restructure-implementation/TelegramSearchBot.Test/TelegramSearchBot.Test.csproj]
/root/WorkSpace/CSharp/TelegramSearchBot/feature/project-restructure-implementation/TelegramSearchBot.Test/Domain/Message/MessageProcessingPipelineTests.cs(147,35): error CS1061: “MessageProcessingPipeline”未包含“ValidateMessage”的定义，并且找不到可接受第一个“MessageProcessingPipeline”类型参数的可访问扩展方法“ValidateMessage”(是否缺少 using 指令或程序集引用?) [/root/WorkSpace/CSharp/TelegramSearchBot/feature/project-restructure-implementation/TelegramSearchBot.Test/TelegramSearchBot.Test.csproj]
/root/WorkSpace/CSharp/TelegramSearchBot/feature/project-restructure-implementation/TelegramSearchBot.Test/Domain/Message/MessageEntityRedGreenRefactorTests.cs(74,17): error CS0200: 无法为属性或索引器“Message.MessageId”赋值 - 它是只读的 [/root/WorkSpace/CSharp/TelegramSearchBot/feature/project-restructure-implementation/TelegramSearchBot.Test/TelegramSearchBot.Test.csproj]
/root/WorkSpace/CSharp/TelegramSearchBot/feature/project-restructure-implementation/TelegramSearchBot.Test/Base/IntegrationTestBase.cs(64,25): error CS0029: 无法将类型“TelegramSearchBot.Test.Helpers.TestDataSet”隐式转换为“TelegramSearchBot.Test.Base.TestDataSet” [/root/WorkSpace/CSharp/TelegramSearchBot/feature/project-restructure-implementation/TelegramSearchBot.Test/TelegramSearchBot.Test.csproj]
/root/WorkSpace/CSharp/TelegramSearchBot/feature/project-restructure-implementation/TelegramSearchBot.Test/Domain/Message/MessageTestsSimplified.cs(46,47): error CS1061: “MessageExtension”未包含“MessageId”的定义，并且找不到可接受第一个“MessageExtension”类型参数的可访问扩展方法“MessageId”(是否缺少 using 指令或程序集引用?) [/root/WorkSpace/CSharp/TelegramSearchBot/feature/project-restructure-implementation/TelegramSearchBot.Test/TelegramSearchBot.Test.csproj]
/root/WorkSpace/CSharp/TelegramSearchBot/feature/project-restructure-implementation/TelegramSearchBot.Test/Domain/Message/MessageTestsSimplified.cs(47,42): error CS1061: “MessageExtension”未包含“Type”的定义，并且找不到可接受第一个“MessageExtension”类型参数的可访问扩展方法“Type”(是否缺少 using 指令或程序集引用?) [/root/WorkSpace/CSharp/TelegramSearchBot/feature/project-restructure-implementation/TelegramSearchBot.Test/TelegramSearchBot.Test.csproj]
/root/WorkSpace/CSharp/TelegramSearchBot/feature/project-restructure-implementation/TelegramSearchBot.Test/Domain/Message/MessageTestsSimplified.cs(48,43): error CS1061: “MessageExtension”未包含“Value”的定义，并且找不到可接受第一个“MessageExtension”类型参数的可访问扩展方法“Value”(是否缺少 using 指令或程序集引用?) [/root/WorkSpace/CSharp/TelegramSearchBot/feature/project-restructure-implementation/TelegramSearchBot.Test/TelegramSearchBot.Test.csproj]
/root/WorkSpace/CSharp/TelegramSearchBot/feature/project-restructure-implementation/TelegramSearchBot.Test/Domain/Message/MessageTestsSimplified.cs(49,35): error CS1061: “MessageExtension”未包含“CreatedAt”的定义，并且找不到可接受第一个“MessageExtension”类型参数的可访问扩展方法“CreatedAt”(是否缺少 using 指令或程序集引用?) [/root/WorkSpace/CSharp/TelegramSearchBot/feature/project-restructure-implementation/TelegramSearchBot.Test/TelegramSearchBot.Test.csproj]
/root/WorkSpace/CSharp/TelegramSearchBot/feature/project-restructure-implementation/TelegramSearchBot.Test/Domain/Message/MessageEntityTests.cs(41,17): error CS0200: 无法为属性或索引器“Message.MessageId”赋值 - 它是只读的 [/root/WorkSpace/CSharp/TelegramSearchBot/feature/project-restructure-implementation/TelegramSearchBot.Test/TelegramSearchBot.Test.csproj]
/root/WorkSpace/CSharp/TelegramSearchBot/feature/project-restructure-implementation/TelegramSearchBot.Test/Domain/Message/MessageEntityTests.cs(49,26): error CS0234: 命名空间“TelegramSearchBot.Domain.Tests.Message”中不存在类型或命名空间名“FromTelegramMessage”(是否缺少程序集引用?) [/root/WorkSpace/CSharp/TelegramSearchBot/feature/project-restructure-implementation/TelegramSearchBot.Test/TelegramSearchBot.Test.csproj]
/root/WorkSpace/CSharp/TelegramSearchBot/feature/project-restructure-implementation/TelegramSearchBot.Test/Core/Service/ServiceBasicTests.cs(60,24): error CS0246: 未能找到类型或命名空间名“TelegramFileCacheService”(是否缺少 using 指令或程序集引用?) [/root/WorkSpace/CSharp/TelegramSearchBot/feature/project-restructure-implementation/TelegramSearchBot.Test/TelegramSearchBot.Test.csproj]
/root/WorkSpace/CSharp/TelegramSearchBot/feature/project-restructure-implementation/TelegramSearchBot.Test/Core/Service/ServiceBasicTests.cs(61,24): error CS0246: 未能找到类型或命名空间名“DownloadService”(是否缺少 using 指令或程序集引用?) [/root/WorkSpace/CSharp/TelegramSearchBot/feature/project-restructure-implementation/TelegramSearchBot.Test/TelegramSearchBot.Test.csproj]
/root/WorkSpace/CSharp/TelegramSearchBot/feature/project-restructure-implementation/TelegramSearchBot.Test/Core/Service/ServiceBasicTests.cs(62,24): error CS0246: 未能找到类型或命名空间名“BiliVideoProcessingService”(是否缺少 using 指令或程序集引用?) [/root/WorkSpace/CSharp/TelegramSearchBot/feature/project-restructure-implementation/TelegramSearchBot.Test/TelegramSearchBot.Test.csproj]
/root/WorkSpace/CSharp/TelegramSearchBot/feature/project-restructure-implementation/TelegramSearchBot.Test/Core/Service/ServiceBasicTests.cs(63,24): error CS0246: 未能找到类型或命名空间名“BiliOpusProcessingService”(是否缺少 using 指令或程序集引用?) [/root/WorkSpace/CSharp/TelegramSearchBot/feature/project-restructure-implementation/TelegramSearchBot.Test/TelegramSearchBot.Test.csproj]
/root/WorkSpace/CSharp/TelegramSearchBot/feature/project-restructure-implementation/TelegramSearchBot.Test/Core/Service/ServiceBasicTests.cs(64,24): error CS0246: 未能找到类型或命名空间名“BiliApiService”(是否缺少 using 指令或程序集引用?) [/root/WorkSpace/CSharp/TelegramSearchBot/feature/project-restructure-implementation/TelegramSearchBot.Test/TelegramSearchBot.Test.csproj]
/root/WorkSpace/CSharp/TelegramSearchBot/feature/project-restructure-implementation/TelegramSearchBot.Test/Base/IntegrationTestBase.cs(78,35): error CS0103: 当前上下文中不存在名称“MockServiceFactory” [/root/WorkSpace/CSharp/TelegramSearchBot/feature/project-restructure-implementation/TelegramSearchBot.Test/TelegramSearchBot.Test.csproj]
/root/WorkSpace/CSharp/TelegramSearchBot/feature/project-restructure-implementation/TelegramSearchBot.Test/Base/IntegrationTestBase.cs(79,35): error CS0103: 当前上下文中不存在名称“MockServiceFactory” [/root/WorkSpace/CSharp/TelegramSearchBot/feature/project-restructure-implementation/TelegramSearchBot.Test/TelegramSearchBot.Test.csproj]
/root/WorkSpace/CSharp/TelegramSearchBot/feature/project-restructure-implementation/TelegramSearchBot.Test/Base/IntegrationTestBase.cs(80,35): error CS0103: 当前上下文中不存在名称“MockServiceFactory” [/root/WorkSpace/CSharp/TelegramSearchBot/feature/project-restructure-implementation/TelegramSearchBot.Test/TelegramSearchBot.Test.csproj]
/root/WorkSpace/CSharp/TelegramSearchBot/feature/project-restructure-implementation/TelegramSearchBot.Test/Base/IntegrationTestBase.cs(81,35): error CS0103: 当前上下文中不存在名称“MockServiceFactory” [/root/WorkSpace/CSharp/TelegramSearchBot/feature/project-restructure-implementation/TelegramSearchBot.Test/TelegramSearchBot.Test.csproj]
/root/WorkSpace/CSharp/TelegramSearchBot/feature/project-restructure-implementation/TelegramSearchBot.Test/Base/IntegrationTestBase.cs(82,35): error CS0103: 当前上下文中不存在名称“MockServiceFactory” [/root/WorkSpace/CSharp/TelegramSearchBot/feature/project-restructure-implementation/TelegramSearchBot.Test/TelegramSearchBot.Test.csproj]
/root/WorkSpace/CSharp/TelegramSearchBot/feature/project-restructure-implementation/TelegramSearchBot.Test/Base/IntegrationTestBase.cs(83,35): error CS0103: 当前上下文中不存在名称“MockServiceFactory” [/root/WorkSpace/CSharp/TelegramSearchBot/feature/project-restructure-implementation/TelegramSearchBot.Test/TelegramSearchBot.Test.csproj]
/root/WorkSpace/CSharp/TelegramSearchBot/feature/project-restructure-implementation/TelegramSearchBot.Test/Base/IntegrationTestBase.cs(88,44): error CS0103: 当前上下文中不存在名称“TestConfigurationHelper” [/root/WorkSpace/CSharp/TelegramSearchBot/feature/project-restructure-implementation/TelegramSearchBot.Test/TelegramSearchBot.Test.csproj]
/root/WorkSpace/CSharp/TelegramSearchBot/feature/project-restructure-implementation/TelegramSearchBot.Test/Base/IntegrationTestBase.cs(111,32): error CS0246: 未能找到类型或命名空间名“WordCloudTask”(是否缺少 using 指令或程序集引用?) [/root/WorkSpace/CSharp/TelegramSearchBot/feature/project-restructure-implementation/TelegramSearchBot.Test/TelegramSearchBot.Test.csproj]
/root/WorkSpace/CSharp/TelegramSearchBot/feature/project-restructure-implementation/TelegramSearchBot.Test/Base/IntegrationTestBase.cs(112,32): error CS0246: 未能找到类型或命名空间名“ScheduledTaskExecutionService”(是否缺少 using 指令或程序集引用?) [/root/WorkSpace/CSharp/TelegramSearchBot/feature/project-restructure-implementation/TelegramSearchBot.Test/TelegramSearchBot.Test.csproj]
/root/WorkSpace/CSharp/TelegramSearchBot/feature/project-restructure-implementation/TelegramSearchBot.Test/Domain/Message/MessageEntitySimpleTests.cs(47,17): error CS0200: 无法为属性或索引器“Message.MessageId”赋值 - 它是只读的 [/root/WorkSpace/CSharp/TelegramSearchBot/feature/project-restructure-implementation/TelegramSearchBot.Test/TelegramSearchBot.Test.csproj]
/root/WorkSpace/CSharp/TelegramSearchBot/feature/project-restructure-implementation/TelegramSearchBot.Test/Domain/Message/MessageEntitySimpleTests.cs(55,26): error CS0234: 命名空间“TelegramSearchBot.Domain.Tests.Message”中不存在类型或命名空间名“FromTelegramMessage”(是否缺少程序集引用?) [/root/WorkSpace/CSharp/TelegramSearchBot/feature/project-restructure-implementation/TelegramSearchBot.Test/TelegramSearchBot.Test.csproj]
/root/WorkSpace/CSharp/TelegramSearchBot/feature/project-restructure-implementation/TelegramSearchBot.Test/Domain/Message/MessageEntityTests.cs(67,17): error CS0200: 无法为属性或索引器“Message.MessageId”赋值 - 它是只读的 [/root/WorkSpace/CSharp/TelegramSearchBot/feature/project-restructure-implementation/TelegramSearchBot.Test/TelegramSearchBot.Test.csproj]
/root/WorkSpace/CSharp/TelegramSearchBot/feature/project-restructure-implementation/TelegramSearchBot.Test/Domain/Message/MessageEntityTests.cs(75,26): error CS0234: 命名空间“TelegramSearchBot.Domain.Tests.Message”中不存在类型或命名空间名“FromTelegramMessage”(是否缺少程序集引用?) [/root/WorkSpace/CSharp/TelegramSearchBot/feature/project-restructure-implementation/TelegramSearchBot.Test/TelegramSearchBot.Test.csproj]
/root/WorkSpace/CSharp/TelegramSearchBot/feature/project-restructure-implementation/TelegramSearchBot.Test/Base/IntegrationTestBase.cs(168,41): error CS1061: “ITelegramBotClient”未包含“GetMeAsync”的定义，并且找不到可接受第一个“ITelegramBotClient”类型参数的可访问扩展方法“GetMeAsync”(是否缺少 using 指令或程序集引用?) [/root/WorkSpace/CSharp/TelegramSearchBot/feature/project-restructure-implementation/TelegramSearchBot.Test/TelegramSearchBot.Test.csproj]
/root/WorkSpace/CSharp/TelegramSearchBot/feature/project-restructure-implementation/TelegramSearchBot.Test/Base/IntegrationTestBase.cs(180,34): error CS1061: “object”未包含“ProcessMessageAsync”的定义，并且找不到可接受第一个“object”类型参数的可访问扩展方法“ProcessMessageAsync”(是否缺少 using 指令或程序集引用?) [/root/WorkSpace/CSharp/TelegramSearchBot/feature/project-restructure-implementation/TelegramSearchBot.Test/TelegramSearchBot.Test.csproj]
/root/WorkSpace/CSharp/TelegramSearchBot/feature/project-restructure-implementation/TelegramSearchBot.Test/Base/IntegrationTestBase.cs(202,40): error CS1061: “object”未包含“SearchAsync”的定义，并且找不到可接受第一个“object”类型参数的可访问扩展方法“SearchAsync”(是否缺少 using 指令或程序集引用?) [/root/WorkSpace/CSharp/TelegramSearchBot/feature/project-restructure-implementation/TelegramSearchBot.Test/TelegramSearchBot.Test.csproj]
/root/WorkSpace/CSharp/TelegramSearchBot/feature/project-restructure-implementation/TelegramSearchBot.Test/Domain/Message/MessageEntityTests.cs(91,17): error CS0200: 无法为属性或索引器“Message.MessageId”赋值 - 它是只读的 [/root/WorkSpace/CSharp/TelegramSearchBot/feature/project-restructure-implementation/TelegramSearchBot.Test/TelegramSearchBot.Test.csproj]
/root/WorkSpace/CSharp/TelegramSearchBot/feature/project-restructure-implementation/TelegramSearchBot.Test/Domain/Message/MessageEntityTests.cs(97,21): error CS0200: 无法为属性或索引器“Message.MessageId”赋值 - 它是只读的 [/root/WorkSpace/CSharp/TelegramSearchBot/feature/project-restructure-implementation/TelegramSearchBot.Test/TelegramSearchBot.Test.csproj]
/root/WorkSpace/CSharp/TelegramSearchBot/feature/project-restructure-implementation/TelegramSearchBot.Test/Domain/Message/MessageEntityTests.cs(104,26): error CS0234: 命名空间“TelegramSearchBot.Domain.Tests.Message”中不存在类型或命名空间名“FromTelegramMessage”(是否缺少程序集引用?) [/root/WorkSpace/CSharp/TelegramSearchBot/feature/project-restructure-implementation/TelegramSearchBot.Test/TelegramSearchBot.Test.csproj]
/root/WorkSpace/CSharp/TelegramSearchBot/feature/project-restructure-implementation/TelegramSearchBot.Test/Domain/Message/MessageEntityTests.cs(121,17): error CS0200: 无法为属性或索引器“Message.MessageId”赋值 - 它是只读的 [/root/WorkSpace/CSharp/TelegramSearchBot/feature/project-restructure-implementation/TelegramSearchBot.Test/TelegramSearchBot.Test.csproj]
/root/WorkSpace/CSharp/TelegramSearchBot/feature/project-restructure-implementation/TelegramSearchBot.Test/Domain/Message/MessageEntityTests.cs(129,26): error CS0234: 命名空间“TelegramSearchBot.Domain.Tests.Message”中不存在类型或命名空间名“FromTelegramMessage”(是否缺少程序集引用?) [/root/WorkSpace/CSharp/TelegramSearchBot/feature/project-restructure-implementation/TelegramSearchBot.Test/TelegramSearchBot.Test.csproj]
/root/WorkSpace/CSharp/TelegramSearchBot/feature/project-restructure-implementation/TelegramSearchBot.Test/Domain/Message/MessageEntitySimpleTests.cs(73,17): error CS0200: 无法为属性或索引器“Message.MessageId”赋值 - 它是只读的 [/root/WorkSpace/CSharp/TelegramSearchBot/feature/project-restructure-implementation/TelegramSearchBot.Test/TelegramSearchBot.Test.csproj]
/root/WorkSpace/CSharp/TelegramSearchBot/feature/project-restructure-implementation/TelegramSearchBot.Test/Domain/Message/MessageEntitySimpleTests.cs(79,21): error CS0200: 无法为属性或索引器“Message.MessageId”赋值 - 它是只读的 [/root/WorkSpace/CSharp/TelegramSearchBot/feature/project-restructure-implementation/TelegramSearchBot.Test/TelegramSearchBot.Test.csproj]
/root/WorkSpace/CSharp/TelegramSearchBot/feature/project-restructure-implementation/TelegramSearchBot.Test/Domain/Message/MessageEntitySimpleTests.cs(86,26): error CS0234: 命名空间“TelegramSearchBot.Domain.Tests.Message”中不存在类型或命名空间名“FromTelegramMessage”(是否缺少程序集引用?) [/root/WorkSpace/CSharp/TelegramSearchBot/feature/project-restructure-implementation/TelegramSearchBot.Test/TelegramSearchBot.Test.csproj]
/root/WorkSpace/CSharp/TelegramSearchBot/feature/project-restructure-implementation/TelegramSearchBot.Test/Domain/Message/MessageEntitySimpleTests.cs(103,17): error CS0200: 无法为属性或索引器“Message.MessageId”赋值 - 它是只读的 [/root/WorkSpace/CSharp/TelegramSearchBot/feature/project-restructure-implementation/TelegramSearchBot.Test/TelegramSearchBot.Test.csproj]
/root/WorkSpace/CSharp/TelegramSearchBot/feature/project-restructure-implementation/TelegramSearchBot.Test/Domain/Message/MessageEntitySimpleTests.cs(111,26): error CS0234: 命名空间“TelegramSearchBot.Domain.Tests.Message”中不存在类型或命名空间名“FromTelegramMessage”(是否缺少程序集引用?) [/root/WorkSpace/CSharp/TelegramSearchBot/feature/project-restructure-implementation/TelegramSearchBot.Test/TelegramSearchBot.Test.csproj]
/root/WorkSpace/CSharp/TelegramSearchBot/feature/project-restructure-implementation/TelegramSearchBot.Test/Base/IntegrationTestBase.cs(222,47): error CS0246: 未能找到类型或命名空间名“OpenAIService”(是否缺少 using 指令或程序集引用?) [/root/WorkSpace/CSharp/TelegramSearchBot/feature/project-restructure-implementation/TelegramSearchBot.Test/TelegramSearchBot.Test.csproj]
/root/WorkSpace/CSharp/TelegramSearchBot/feature/project-restructure-implementation/TelegramSearchBot.Test/Base/IntegrationTestBase.cs(226,13): error CS0103: 当前上下文中不存在名称“Assert” [/root/WorkSpace/CSharp/TelegramSearchBot/feature/project-restructure-implementation/TelegramSearchBot.Test/TelegramSearchBot.Test.csproj]
/root/WorkSpace/CSharp/TelegramSearchBot/feature/project-restructure-implementation/TelegramSearchBot.Test/Base/IntegrationTestBase.cs(227,13): error CS0103: 当前上下文中不存在名称“Assert” [/root/WorkSpace/CSharp/TelegramSearchBot/feature/project-restructure-implementation/TelegramSearchBot.Test/TelegramSearchBot.Test.csproj]
/root/WorkSpace/CSharp/TelegramSearchBot/feature/project-restructure-implementation/TelegramSearchBot.Test/Base/IntegrationTestBase.cs(237,13): error CS0191: 无法分配到只读字段(除非在定义了该字段的类型的构造函数或 init-only 资源库中，或者在变量初始值设定项中) [/root/WorkSpace/CSharp/TelegramSearchBot/feature/project-restructure-implementation/TelegramSearchBot.Test/TelegramSearchBot.Test.csproj]
/root/WorkSpace/CSharp/TelegramSearchBot/feature/project-restructure-implementation/TelegramSearchBot.Test/Base/IntegrationTestBase.cs(246,20): error CS0029: 无法将类型“TelegramSearchBot.Test.Helpers.DatabaseSnapshot”隐式转换为“TelegramSearchBot.Test.Base.DatabaseSnapshot” [/root/WorkSpace/CSharp/TelegramSearchBot/feature/project-restructure-implementation/TelegramSearchBot.Test/TelegramSearchBot.Test.csproj]
/root/WorkSpace/CSharp/TelegramSearchBot/feature/project-restructure-implementation/TelegramSearchBot.Test/Base/IntegrationTestBase.cs(256,75): error CS1503: 参数 2: 无法从“TelegramSearchBot.Test.Base.DatabaseSnapshot”转换为“TelegramSearchBot.Test.Helpers.DatabaseSnapshot” [/root/WorkSpace/CSharp/TelegramSearchBot/feature/project-restructure-implementation/TelegramSearchBot.Test/TelegramSearchBot.Test.csproj]
/root/WorkSpace/CSharp/TelegramSearchBot/feature/project-restructure-implementation/TelegramSearchBot.Test/Base/IntegrationTestBase.cs(270,13): error CS0103: 当前上下文中不存在名称“Assert” [/root/WorkSpace/CSharp/TelegramSearchBot/feature/project-restructure-implementation/TelegramSearchBot.Test/TelegramSearchBot.Test.csproj]
/root/WorkSpace/CSharp/TelegramSearchBot/feature/project-restructure-implementation/TelegramSearchBot.Test/Base/IntegrationTestBase.cs(271,13): error CS0103: 当前上下文中不存在名称“Assert” [/root/WorkSpace/CSharp/TelegramSearchBot/feature/project-restructure-implementation/TelegramSearchBot.Test/TelegramSearchBot.Test.csproj]
/root/WorkSpace/CSharp/TelegramSearchBot/feature/project-restructure-implementation/TelegramSearchBot.Test/Base/IntegrationTestBase.cs(272,13): error CS0103: 当前上下文中不存在名称“Assert” [/root/WorkSpace/CSharp/TelegramSearchBot/feature/project-restructure-implementation/TelegramSearchBot.Test/TelegramSearchBot.Test.csproj]
/root/WorkSpace/CSharp/TelegramSearchBot/feature/project-restructure-implementation/TelegramSearchBot.Test/Domain/Message/MessageTestsSimplified.cs(178,36): error CS1061: “MessageExtension”未包含“WithMessageId”的定义，并且找不到可接受第一个“MessageExtension”类型参数的可访问扩展方法“WithMessageId”(是否缺少 using 指令或程序集引用?) [/root/WorkSpace/CSharp/TelegramSearchBot/feature/project-restructure-implementation/TelegramSearchBot.Test/TelegramSearchBot.Test.csproj]
/root/WorkSpace/CSharp/TelegramSearchBot/feature/project-restructure-implementation/TelegramSearchBot.Test/Domain/Message/MessageEntitySimpleTests.cs(123,17): error CS0200: 无法为属性或索引器“Message.MessageId”赋值 - 它是只读的 [/root/WorkSpace/CSharp/TelegramSearchBot/feature/project-restructure-implementation/TelegramSearchBot.Test/TelegramSearchBot.Test.csproj]
/root/WorkSpace/CSharp/TelegramSearchBot/feature/project-restructure-implementation/TelegramSearchBot.Test/Domain/Message/MessageEntitySimpleTests.cs(132,26): error CS0234: 命名空间“TelegramSearchBot.Domain.Tests.Message”中不存在类型或命名空间名“FromTelegramMessage”(是否缺少程序集引用?) [/root/WorkSpace/CSharp/TelegramSearchBot/feature/project-restructure-implementation/TelegramSearchBot.Test/TelegramSearchBot.Test.csproj]
/root/WorkSpace/CSharp/TelegramSearchBot/feature/project-restructure-implementation/TelegramSearchBot.Test/Domain/Message/MessageEntityTests.cs(141,17): error CS0200: 无法为属性或索引器“Message.MessageId”赋值 - 它是只读的 [/root/WorkSpace/CSharp/TelegramSearchBot/feature/project-restructure-implementation/TelegramSearchBot.Test/TelegramSearchBot.Test.csproj]
/root/WorkSpace/CSharp/TelegramSearchBot/feature/project-restructure-implementation/TelegramSearchBot.Test/Domain/Message/MessageEntityTests.cs(150,26): error CS0234: 命名空间“TelegramSearchBot.Domain.Tests.Message”中不存在类型或命名空间名“FromTelegramMessage”(是否缺少程序集引用?) [/root/WorkSpace/CSharp/TelegramSearchBot/feature/project-restructure-implementation/TelegramSearchBot.Test/TelegramSearchBot.Test.csproj]
/root/WorkSpace/CSharp/TelegramSearchBot/feature/project-restructure-implementation/TelegramSearchBot.Test/Domain/TestBase.cs(56,29): error CS0854: 表达式树可能不包含使用可选参数的调用 [/root/WorkSpace/CSharp/TelegramSearchBot/feature/project-restructure-implementation/TelegramSearchBot.Test/TelegramSearchBot.Test.csproj]
/root/WorkSpace/CSharp/TelegramSearchBot/feature/project-restructure-implementation/TelegramSearchBot.Test/Base/IntegrationTestBase.cs(310,13): error CS0103: 当前上下文中不存在名称“TestConfigurationHelper” [/root/WorkSpace/CSharp/TelegramSearchBot/feature/project-restructure-implementation/TelegramSearchBot.Test/TelegramSearchBot.Test.csproj]
/root/WorkSpace/CSharp/TelegramSearchBot/feature/project-restructure-implementation/TelegramSearchBot.Test/Domain/Message/MessageTestsSimplified.cs(192,36): error CS1061: “MessageExtension”未包含“WithType”的定义，并且找不到可接受第一个“MessageExtension”类型参数的可访问扩展方法“WithType”(是否缺少 using 指令或程序集引用?) [/root/WorkSpace/CSharp/TelegramSearchBot/feature/project-restructure-implementation/TelegramSearchBot.Test/TelegramSearchBot.Test.csproj]
/root/WorkSpace/CSharp/TelegramSearchBot/feature/project-restructure-implementation/TelegramSearchBot.Test/Examples/TestToolsExample.cs(42,61): error CS0104: “Message”是“TelegramSearchBot.Model.Data.Message”和“Telegram.Bot.Types.Message”之间的不明确的引用 [/root/WorkSpace/CSharp/TelegramSearchBot/feature/project-restructure-implementation/TelegramSearchBot.Test/TelegramSearchBot.Test.csproj]
/root/WorkSpace/CSharp/TelegramSearchBot/feature/project-restructure-implementation/TelegramSearchBot.Test/Domain/Message/MessageEntityTests.cs(163,17): error CS0200: 无法为属性或索引器“Message.MessageId”赋值 - 它是只读的 [/root/WorkSpace/CSharp/TelegramSearchBot/feature/project-restructure-implementation/TelegramSearchBot.Test/TelegramSearchBot.Test.csproj]
/root/WorkSpace/CSharp/TelegramSearchBot/feature/project-restructure-implementation/TelegramSearchBot.Test/Domain/Message/MessageEntityTests.cs(172,26): error CS0234: 命名空间“TelegramSearchBot.Domain.Tests.Message”中不存在类型或命名空间名“FromTelegramMessage”(是否缺少程序集引用?) [/root/WorkSpace/CSharp/TelegramSearchBot/feature/project-restructure-implementation/TelegramSearchBot.Test/TelegramSearchBot.Test.csproj]
/root/WorkSpace/CSharp/TelegramSearchBot/feature/project-restructure-implementation/TelegramSearchBot.Test/Examples/TestToolsExample.cs(59,33): error CS0103: 当前上下文中不存在名称“MockServiceFactory” [/root/WorkSpace/CSharp/TelegramSearchBot/feature/project-restructure-implementation/TelegramSearchBot.Test/TelegramSearchBot.Test.csproj]
/root/WorkSpace/CSharp/TelegramSearchBot/feature/project-restructure-implementation/TelegramSearchBot.Test/Examples/TestToolsExample.cs(62,34): error CS0103: 当前上下文中不存在名称“MockServiceFactory” [/root/WorkSpace/CSharp/TelegramSearchBot/feature/project-restructure-implementation/TelegramSearchBot.Test/TelegramSearchBot.Test.csproj]
/root/WorkSpace/CSharp/TelegramSearchBot/feature/project-restructure-implementation/TelegramSearchBot.Test/Examples/TestToolsExample.cs(65,27): error CS0103: 当前上下文中不存在名称“MockServiceFactory” [/root/WorkSpace/CSharp/TelegramSearchBot/feature/project-restructure-implementation/TelegramSearchBot.Test/TelegramSearchBot.Test.csproj]
/root/WorkSpace/CSharp/TelegramSearchBot/feature/project-restructure-implementation/TelegramSearchBot.Test/Examples/TestToolsExample.cs(68,30): error CS0103: 当前上下文中不存在名称“MockServiceFactory” [/root/WorkSpace/CSharp/TelegramSearchBot/feature/project-restructure-implementation/TelegramSearchBot.Test/TelegramSearchBot.Test.csproj]
/root/WorkSpace/CSharp/TelegramSearchBot/feature/project-restructure-implementation/TelegramSearchBot.Test/Examples/TestToolsExample.cs(71,33): error CS0103: 当前上下文中不存在名称“MockServiceFactory” [/root/WorkSpace/CSharp/TelegramSearchBot/feature/project-restructure-implementation/TelegramSearchBot.Test/TelegramSearchBot.Test.csproj]
/root/WorkSpace/CSharp/TelegramSearchBot/feature/project-restructure-implementation/TelegramSearchBot.Test/Domain/Message/MessageTestsSimplified.cs(206,36): error CS1061: “MessageExtension”未包含“WithValue”的定义，并且找不到可接受第一个“MessageExtension”类型参数的可访问扩展方法“WithValue”(是否缺少 using 指令或程序集引用?) [/root/WorkSpace/CSharp/TelegramSearchBot/feature/project-restructure-implementation/TelegramSearchBot.Test/TelegramSearchBot.Test.csproj]
/root/WorkSpace/CSharp/TelegramSearchBot/feature/project-restructure-implementation/TelegramSearchBot.Test/Domain/Message/MessageTestsSimplified.cs(220,36): error CS1061: “MessageExtension”未包含“WithCreatedAt”的定义，并且找不到可接受第一个“MessageExtension”类型参数的可访问扩展方法“WithCreatedAt”(是否缺少 using 指令或程序集引用?) [/root/WorkSpace/CSharp/TelegramSearchBot/feature/project-restructure-implementation/TelegramSearchBot.Test/TelegramSearchBot.Test.csproj]
/root/WorkSpace/CSharp/TelegramSearchBot/feature/project-restructure-implementation/TelegramSearchBot.Test/Examples/TestToolsExample.cs(97,37): error CS0104: “Message”是“TelegramSearchBot.Model.Data.Message”和“Telegram.Bot.Types.Message”之间的不明确的引用 [/root/WorkSpace/CSharp/TelegramSearchBot/feature/project-restructure-implementation/TelegramSearchBot.Test/TelegramSearchBot.Test.csproj]
/root/WorkSpace/CSharp/TelegramSearchBot/feature/project-restructure-implementation/TelegramSearchBot.Test/Examples/TestToolsExample.cs(97,48): error CS1950: 集合初始值设定项的最佳重载 Add 方法“List<Message>.Add(Message)”具有一些无效参数 [/root/WorkSpace/CSharp/TelegramSearchBot/feature/project-restructure-implementation/TelegramSearchBot.Test/TelegramSearchBot.Test.csproj]
/root/WorkSpace/CSharp/TelegramSearchBot/feature/project-restructure-implementation/TelegramSearchBot.Test/Examples/TestToolsExample.cs(97,48): error CS1503: 参数 1: 无法从“TelegramSearchBot.Model.Data.Message”转换为“TelegramSearchBot.Model.Data.Message” [/root/WorkSpace/CSharp/TelegramSearchBot/feature/project-restructure-implementation/TelegramSearchBot.Test/TelegramSearchBot.Test.csproj]
/root/WorkSpace/CSharp/TelegramSearchBot/feature/project-restructure-implementation/TelegramSearchBot.Test/Examples/TestToolsExample.cs(98,13): error CS1929: “List<Message>”不包含“ShouldContainMessageWithContent”的定义，并且最佳扩展方法重载“TestAssertionExtensions.ShouldContainMessageWithContent(IEnumerable<Message>, string)”需要类型为“System.Collections.Generic.IEnumerable<TelegramSearchBot.Model.Data.Message>”的接收器 [/root/WorkSpace/CSharp/TelegramSearchBot/feature/project-restructure-implementation/TelegramSearchBot.Test/TelegramSearchBot.Test.csproj]
/root/WorkSpace/CSharp/TelegramSearchBot/feature/project-restructure-implementation/TelegramSearchBot.Test/Service/Vector/VectorSearchIntegrationTests.cs(71,39): error CS7036: 未提供与“FaissVectorService.FaissVectorService(ILogger<FaissVectorService>, IServiceProvider, IGeneralLLMService, IEnvService)”的所需参数“envService”对应的参数 [/root/WorkSpace/CSharp/TelegramSearchBot/feature/project-restructure-implementation/TelegramSearchBot.Test/TelegramSearchBot.Test.csproj]
/root/WorkSpace/CSharp/TelegramSearchBot/feature/project-restructure-implementation/TelegramSearchBot.Test/Domain/Message/MessageTestsSimplified.cs(234,34): error CS1061: “Message”未包含“WithGroupId”的定义，并且找不到可接受第一个“Message”类型参数的可访问扩展方法“WithGroupId”(是否缺少 using 指令或程序集引用?) [/root/WorkSpace/CSharp/TelegramSearchBot/feature/project-restructure-implementation/TelegramSearchBot.Test/TelegramSearchBot.Test.csproj]
/root/WorkSpace/CSharp/TelegramSearchBot/feature/project-restructure-implementation/TelegramSearchBot.Test/Core/Service/ServiceBasicTests.cs(368,24): error CS0246: 未能找到类型或命名空间名“TelegramFileCacheService”(是否缺少 using 指令或程序集引用?) [/root/WorkSpace/CSharp/TelegramSearchBot/feature/project-restructure-implementation/TelegramSearchBot.Test/TelegramSearchBot.Test.csproj]
/root/WorkSpace/CSharp/TelegramSearchBot/feature/project-restructure-implementation/TelegramSearchBot.Test/Core/Service/ServiceBasicTests.cs(369,24): error CS0246: 未能找到类型或命名空间名“DownloadService”(是否缺少 using 指令或程序集引用?) [/root/WorkSpace/CSharp/TelegramSearchBot/feature/project-restructure-implementation/TelegramSearchBot.Test/TelegramSearchBot.Test.csproj]
/root/WorkSpace/CSharp/TelegramSearchBot/feature/project-restructure-implementation/TelegramSearchBot.Test/Core/Service/ServiceBasicTests.cs(370,24): error CS0246: 未能找到类型或命名空间名“BiliVideoProcessingService”(是否缺少 using 指令或程序集引用?) [/root/WorkSpace/CSharp/TelegramSearchBot/feature/project-restructure-implementation/TelegramSearchBot.Test/TelegramSearchBot.Test.csproj]
/root/WorkSpace/CSharp/TelegramSearchBot/feature/project-restructure-implementation/TelegramSearchBot.Test/Core/Service/ServiceBasicTests.cs(371,24): error CS0246: 未能找到类型或命名空间名“BiliOpusProcessingService”(是否缺少 using 指令或程序集引用?) [/root/WorkSpace/CSharp/TelegramSearchBot/feature/project-restructure-implementation/TelegramSearchBot.Test/TelegramSearchBot.Test.csproj]
/root/WorkSpace/CSharp/TelegramSearchBot/feature/project-restructure-implementation/TelegramSearchBot.Test/Core/Service/ServiceBasicTests.cs(372,24): error CS0246: 未能找到类型或命名空间名“BiliApiService”(是否缺少 using 指令或程序集引用?) [/root/WorkSpace/CSharp/TelegramSearchBot/feature/project-restructure-implementation/TelegramSearchBot.Test/TelegramSearchBot.Test.csproj]
/root/WorkSpace/CSharp/TelegramSearchBot/feature/project-restructure-implementation/TelegramSearchBot.Test/Domain/Message/MessageEntityTests.cs(240,36): error CS0021: 无法将带 [] 的索引应用于“ICollection<MessageExtension>”类型的表达式 [/root/WorkSpace/CSharp/TelegramSearchBot/feature/project-restructure-implementation/TelegramSearchBot.Test/TelegramSearchBot.Test.csproj]
/root/WorkSpace/CSharp/TelegramSearchBot/feature/project-restructure-implementation/TelegramSearchBot.Test/Domain/Message/MessageTestsSimplified.cs(248,34): error CS1061: “Message”未包含“WithMessageId”的定义，并且找不到可接受第一个“Message”类型参数的可访问扩展方法“WithMessageId”(是否缺少 using 指令或程序集引用?) [/root/WorkSpace/CSharp/TelegramSearchBot/feature/project-restructure-implementation/TelegramSearchBot.Test/TelegramSearchBot.Test.csproj]
/root/WorkSpace/CSharp/TelegramSearchBot/feature/project-restructure-implementation/TelegramSearchBot.Test/Domain/Message/MessageEntityTests.cs(253,17): error CS0200: 无法为属性或索引器“Message.MessageId”赋值 - 它是只读的 [/root/WorkSpace/CSharp/TelegramSearchBot/feature/project-restructure-implementation/TelegramSearchBot.Test/TelegramSearchBot.Test.csproj]
/root/WorkSpace/CSharp/TelegramSearchBot/feature/project-restructure-implementation/TelegramSearchBot.Test/Domain/Message/MessageEntityTests.cs(261,26): error CS0234: 命名空间“TelegramSearchBot.Domain.Tests.Message”中不存在类型或命名空间名“FromTelegramMessage”(是否缺少程序集引用?) [/root/WorkSpace/CSharp/TelegramSearchBot/feature/project-restructure-implementation/TelegramSearchBot.Test/TelegramSearchBot.Test.csproj]
/root/WorkSpace/CSharp/TelegramSearchBot/feature/project-restructure-implementation/TelegramSearchBot.Test/Domain/Message/MessageTestsSimplified.cs(262,34): error CS1061: “Message”未包含“WithFromUserId”的定义，并且找不到可接受第一个“Message”类型参数的可访问扩展方法“WithFromUserId”(是否缺少 using 指令或程序集引用?) [/root/WorkSpace/CSharp/TelegramSearchBot/feature/project-restructure-implementation/TelegramSearchBot.Test/TelegramSearchBot.Test.csproj]
/root/WorkSpace/CSharp/TelegramSearchBot/feature/project-restructure-implementation/TelegramSearchBot.Test/Domain/Message/MessageEntityTests.cs(273,17): error CS0200: 无法为属性或索引器“Message.MessageId”赋值 - 它是只读的 [/root/WorkSpace/CSharp/TelegramSearchBot/feature/project-restructure-implementation/TelegramSearchBot.Test/TelegramSearchBot.Test.csproj]
/root/WorkSpace/CSharp/TelegramSearchBot/feature/project-restructure-implementation/TelegramSearchBot.Test/Domain/Message/MessageEntityTests.cs(281,26): error CS0234: 命名空间“TelegramSearchBot.Domain.Tests.Message”中不存在类型或命名空间名“FromTelegramMessage”(是否缺少程序集引用?) [/root/WorkSpace/CSharp/TelegramSearchBot/feature/project-restructure-implementation/TelegramSearchBot.Test/TelegramSearchBot.Test.csproj]
/root/WorkSpace/CSharp/TelegramSearchBot/feature/project-restructure-implementation/TelegramSearchBot.Test/Domain/Message/MessageTestsSimplified.cs(276,34): error CS1061: “Message”未包含“WithContent”的定义，并且找不到可接受第一个“Message”类型参数的可访问扩展方法“WithContent”(是否缺少 using 指令或程序集引用?) [/root/WorkSpace/CSharp/TelegramSearchBot/feature/project-restructure-implementation/TelegramSearchBot.Test/TelegramSearchBot.Test.csproj]
/root/WorkSpace/CSharp/TelegramSearchBot/feature/project-restructure-implementation/TelegramSearchBot.Test/Core/Controller/ControllerBasicTests.cs(215,25): error CS0246: 未能找到类型或命名空间名“IDownloadPhotoService”(是否缺少 using 指令或程序集引用?) [/root/WorkSpace/CSharp/TelegramSearchBot/feature/project-restructure-implementation/TelegramSearchBot.Test/TelegramSearchBot.Test.csproj]
/root/WorkSpace/CSharp/TelegramSearchBot/feature/project-restructure-implementation/TelegramSearchBot.Test/Core/Controller/ControllerBasicTests.cs(216,25): error CS0246: 未能找到类型或命名空间名“IMessageController”(是否缺少 using 指令或程序集引用?) [/root/WorkSpace/CSharp/TelegramSearchBot/feature/project-restructure-implementation/TelegramSearchBot.Test/TelegramSearchBot.Test.csproj]
/root/WorkSpace/CSharp/TelegramSearchBot/feature/project-restructure-implementation/TelegramSearchBot.Test/Core/Controller/ControllerBasicTests.cs(217,25): error CS0246: 未能找到类型或命名空间名“IOCRService”(是否缺少 using 指令或程序集引用?) [/root/WorkSpace/CSharp/TelegramSearchBot/feature/project-restructure-implementation/TelegramSearchBot.Test/TelegramSearchBot.Test.csproj]
/root/WorkSpace/CSharp/TelegramSearchBot/feature/project-restructure-implementation/TelegramSearchBot.Test/Core/Controller/ControllerBasicTests.cs(213,34): error CS7036: 未提供与“AltPhotoController.AltPhotoController(ITelegramBotClient, IGeneralLLMService, SendMessage, MessageService, ILogger<AutoOCRController>, ISendMessageService, MessageExtensionService)”的所需参数“messageExtensionService”对应的参数 [/root/WorkSpace/CSharp/TelegramSearchBot/feature/project-restructure-implementation/TelegramSearchBot.Test/TelegramSearchBot.Test.csproj]
/root/WorkSpace/CSharp/TelegramSearchBot/feature/project-restructure-implementation/TelegramSearchBot.Test/Domain/Message/MessageTestsSimplified.cs(290,34): error CS1061: “Message”未包含“WithDateTime”的定义，并且找不到可接受第一个“Message”类型参数的可访问扩展方法“WithDateTime”(是否缺少 using 指令或程序集引用?) [/root/WorkSpace/CSharp/TelegramSearchBot/feature/project-restructure-implementation/TelegramSearchBot.Test/TelegramSearchBot.Test.csproj]
/root/WorkSpace/CSharp/TelegramSearchBot/feature/project-restructure-implementation/TelegramSearchBot.Test/Examples/TestToolsExample.cs(113,26): error CS0103: 当前上下文中不存在名称“TestConfigurationHelper” [/root/WorkSpace/CSharp/TelegramSearchBot/feature/project-restructure-implementation/TelegramSearchBot.Test/TelegramSearchBot.Test.csproj]
/root/WorkSpace/CSharp/TelegramSearchBot/feature/project-restructure-implementation/TelegramSearchBot.Test/Examples/TestToolsExample.cs(117,29): error CS0103: 当前上下文中不存在名称“TestConfigurationHelper” [/root/WorkSpace/CSharp/TelegramSearchBot/feature/project-restructure-implementation/TelegramSearchBot.Test/TelegramSearchBot.Test.csproj]
/root/WorkSpace/CSharp/TelegramSearchBot/feature/project-restructure-implementation/TelegramSearchBot.Test/Examples/TestToolsExample.cs(122,31): error CS0103: 当前上下文中不存在名称“TestConfigurationHelper” [/root/WorkSpace/CSharp/TelegramSearchBot/feature/project-restructure-implementation/TelegramSearchBot.Test/TelegramSearchBot.Test.csproj]
/root/WorkSpace/CSharp/TelegramSearchBot/feature/project-restructure-implementation/TelegramSearchBot.Test/Examples/TestToolsExample.cs(127,32): error CS0103: 当前上下文中不存在名称“TestConfigurationHelper” [/root/WorkSpace/CSharp/TelegramSearchBot/feature/project-restructure-implementation/TelegramSearchBot.Test/TelegramSearchBot.Test.csproj]
/root/WorkSpace/CSharp/TelegramSearchBot/feature/project-restructure-implementation/TelegramSearchBot.Test/Examples/TestToolsExample.cs(132,30): error CS0103: 当前上下文中不存在名称“TestConfigurationHelper” [/root/WorkSpace/CSharp/TelegramSearchBot/feature/project-restructure-implementation/TelegramSearchBot.Test/TelegramSearchBot.Test.csproj]
/root/WorkSpace/CSharp/TelegramSearchBot/feature/project-restructure-implementation/TelegramSearchBot.Test/Examples/TestToolsExample.cs(136,13): error CS0103: 当前上下文中不存在名称“TestConfigurationHelper” [/root/WorkSpace/CSharp/TelegramSearchBot/feature/project-restructure-implementation/TelegramSearchBot.Test/TelegramSearchBot.Test.csproj]
/root/WorkSpace/CSharp/TelegramSearchBot/feature/project-restructure-implementation/TelegramSearchBot.Test/Examples/TestToolsExample.cs(170,51): error CS1061: “ITelegramBotClient”未包含“GetMeAsync”的定义，并且找不到可接受第一个“ITelegramBotClient”类型参数的可访问扩展方法“GetMeAsync”(是否缺少 using 指令或程序集引用?) [/root/WorkSpace/CSharp/TelegramSearchBot/feature/project-restructure-implementation/TelegramSearchBot.Test/TelegramSearchBot.Test.csproj]
/root/WorkSpace/CSharp/TelegramSearchBot/feature/project-restructure-implementation/TelegramSearchBot.Test/Helpers/TestDatabaseHelper.cs(54,21): error CS1061: “DataDbContext”未包含“Users”的定义，并且找不到可接受第一个“DataDbContext”类型参数的可访问扩展方法“Users”(是否缺少 using 指令或程序集引用?) [/root/WorkSpace/CSharp/TelegramSearchBot/feature/project-restructure-implementation/TelegramSearchBot.Test/TelegramSearchBot.Test.csproj]
/root/WorkSpace/CSharp/TelegramSearchBot/feature/project-restructure-implementation/TelegramSearchBot.Test/Helpers/TestDatabaseHelper.cs(54,53): error CS1061: “DataDbContext”未包含“Users”的定义，并且找不到可接受第一个“DataDbContext”类型参数的可访问扩展方法“Users”(是否缺少 using 指令或程序集引用?) [/root/WorkSpace/CSharp/TelegramSearchBot/feature/project-restructure-implementation/TelegramSearchBot.Test/TelegramSearchBot.Test.csproj]
/root/WorkSpace/CSharp/TelegramSearchBot/feature/project-restructure-implementation/TelegramSearchBot.Test/Helpers/TestDatabaseHelper.cs(55,21): error CS1061: “DataDbContext”未包含“Groups”的定义，并且找不到可接受第一个“DataDbContext”类型参数的可访问扩展方法“Groups”(是否缺少 using 指令或程序集引用?) [/root/WorkSpace/CSharp/TelegramSearchBot/feature/project-restructure-implementation/TelegramSearchBot.Test/TelegramSearchBot.Test.csproj]
/root/WorkSpace/CSharp/TelegramSearchBot/feature/project-restructure-implementation/TelegramSearchBot.Test/Helpers/TestDatabaseHelper.cs(55,54): error CS1061: “DataDbContext”未包含“Groups”的定义，并且找不到可接受第一个“DataDbContext”类型参数的可访问扩展方法“Groups”(是否缺少 using 指令或程序集引用?) [/root/WorkSpace/CSharp/TelegramSearchBot/feature/project-restructure-implementation/TelegramSearchBot.Test/TelegramSearchBot.Test.csproj]
/root/WorkSpace/CSharp/TelegramSearchBot/feature/project-restructure-implementation/TelegramSearchBot.Test/Domain/Message/MessageTestsSimplified.cs(304,34): error CS1061: “Message”未包含“WithReplyToMessageId”的定义，并且找不到可接受第一个“Message”类型参数的可访问扩展方法“WithReplyToMessageId”(是否缺少 using 指令或程序集引用?) [/root/WorkSpace/CSharp/TelegramSearchBot/feature/project-restructure-implementation/TelegramSearchBot.Test/TelegramSearchBot.Test.csproj]
/root/WorkSpace/CSharp/TelegramSearchBot/feature/project-restructure-implementation/TelegramSearchBot.Test/Domain/Message/MessageTestsSimplified.cs(318,34): error CS1061: “Message”未包含“WithReplyToUserId”的定义，并且找不到可接受第一个“Message”类型参数的可访问扩展方法“WithReplyToUserId”(是否缺少 using 指令或程序集引用?) [/root/WorkSpace/CSharp/TelegramSearchBot/feature/project-restructure-implementation/TelegramSearchBot.Test/TelegramSearchBot.Test.csproj]
/root/WorkSpace/CSharp/TelegramSearchBot/feature/project-restructure-implementation/TelegramSearchBot.Test/Helpers/TestDatabaseHelper.cs(72,21): error CS1061: “DataDbContext”未包含“Groups”的定义，并且找不到可接受第一个“DataDbContext”类型参数的可访问扩展方法“Groups”(是否缺少 using 指令或程序集引用?) [/root/WorkSpace/CSharp/TelegramSearchBot/feature/project-restructure-implementation/TelegramSearchBot.Test/TelegramSearchBot.Test.csproj]
/root/WorkSpace/CSharp/TelegramSearchBot/feature/project-restructure-implementation/TelegramSearchBot.Test/Helpers/TestDatabaseHelper.cs(76,48): error CS0117: “UserData”未包含“Username”的定义 [/root/WorkSpace/CSharp/TelegramSearchBot/feature/project-restructure-implementation/TelegramSearchBot.Test/TelegramSearchBot.Test.csproj]
/root/WorkSpace/CSharp/TelegramSearchBot/feature/project-restructure-implementation/TelegramSearchBot.Test/Helpers/TestDatabaseHelper.cs(77,48): error CS0117: “UserData”未包含“Username”的定义 [/root/WorkSpace/CSharp/TelegramSearchBot/feature/project-restructure-implementation/TelegramSearchBot.Test/TelegramSearchBot.Test.csproj]
/root/WorkSpace/CSharp/TelegramSearchBot/feature/project-restructure-implementation/TelegramSearchBot.Test/Helpers/TestDatabaseHelper.cs(78,48): error CS0117: “UserData”未包含“Username”的定义 [/root/WorkSpace/CSharp/TelegramSearchBot/feature/project-restructure-implementation/TelegramSearchBot.Test/TelegramSearchBot.Test.csproj]
/root/WorkSpace/CSharp/TelegramSearchBot/feature/project-restructure-implementation/TelegramSearchBot.Test/Helpers/TestDatabaseHelper.cs(80,21): error CS1061: “DataDbContext”未包含“Users”的定义，并且找不到可接受第一个“DataDbContext”类型参数的可访问扩展方法“Users”(是否缺少 using 指令或程序集引用?) [/root/WorkSpace/CSharp/TelegramSearchBot/feature/project-restructure-implementation/TelegramSearchBot.Test/TelegramSearchBot.Test.csproj]
/root/WorkSpace/CSharp/TelegramSearchBot/feature/project-restructure-implementation/TelegramSearchBot.Test/Examples/TestToolsExample.cs(223,52): error CS1061: “IGeneralLLMService”未包含“ChatCompletionAsync”的定义，并且找不到可接受第一个“IGeneralLLMService”类型参数的可访问扩展方法“ChatCompletionAsync”(是否缺少 using 指令或程序集引用?) [/root/WorkSpace/CSharp/TelegramSearchBot/feature/project-restructure-implementation/TelegramSearchBot.Test/TelegramSearchBot.Test.csproj]
/root/WorkSpace/CSharp/TelegramSearchBot/feature/project-restructure-implementation/TelegramSearchBot.Test/Helpers/TestDatabaseHelper.cs(125,52): error CS1061: “DataDbContext”未包含“Users”的定义，并且找不到可接受第一个“DataDbContext”类型参数的可访问扩展方法“Users”(是否缺少 using 指令或程序集引用?) [/root/WorkSpace/CSharp/TelegramSearchBot/feature/project-restructure-implementation/TelegramSearchBot.Test/TelegramSearchBot.Test.csproj]
/root/WorkSpace/CSharp/TelegramSearchBot/feature/project-restructure-implementation/TelegramSearchBot.Test/Helpers/TestDatabaseHelper.cs(126,53): error CS1061: “DataDbContext”未包含“Groups”的定义，并且找不到可接受第一个“DataDbContext”类型参数的可访问扩展方法“Groups”(是否缺少 using 指令或程序集引用?) [/root/WorkSpace/CSharp/TelegramSearchBot/feature/project-restructure-implementation/TelegramSearchBot.Test/TelegramSearchBot.Test.csproj]
/root/WorkSpace/CSharp/TelegramSearchBot/feature/project-restructure-implementation/TelegramSearchBot.Test/Integration/EndToEndIntegrationTests.cs(130,40): error CS0246: 未能找到类型或命名空间名“IOnUpdate”(是否缺少 using 指令或程序集引用?) [/root/WorkSpace/CSharp/TelegramSearchBot/feature/project-restructure-implementation/TelegramSearchBot.Test/TelegramSearchBot.Test.csproj]
/root/WorkSpace/CSharp/TelegramSearchBot/feature/project-restructure-implementation/TelegramSearchBot.Test/Helpers/TestDatabaseHelper.cs(145,25): error CS1061: “DataDbContext”未包含“Users”的定义，并且找不到可接受第一个“DataDbContext”类型参数的可访问扩展方法“Users”(是否缺少 using 指令或程序集引用?) [/root/WorkSpace/CSharp/TelegramSearchBot/feature/project-restructure-implementation/TelegramSearchBot.Test/TelegramSearchBot.Test.csproj]
/root/WorkSpace/CSharp/TelegramSearchBot/feature/project-restructure-implementation/TelegramSearchBot.Test/Helpers/TestDatabaseHelper.cs(149,25): error CS1061: “DataDbContext”未包含“Groups”的定义，并且找不到可接受第一个“DataDbContext”类型参数的可访问扩展方法“Groups”(是否缺少 using 指令或程序集引用?) [/root/WorkSpace/CSharp/TelegramSearchBot/feature/project-restructure-implementation/TelegramSearchBot.Test/TelegramSearchBot.Test.csproj]
/root/WorkSpace/CSharp/TelegramSearchBot/feature/project-restructure-implementation/TelegramSearchBot.Test/Helpers/TestDatabaseHelper.cs(177,43): error CS1061: “DataDbContext”未包含“Users”的定义，并且找不到可接受第一个“DataDbContext”类型参数的可访问扩展方法“Users”(是否缺少 using 指令或程序集引用?) [/root/WorkSpace/CSharp/TelegramSearchBot/feature/project-restructure-implementation/TelegramSearchBot.Test/TelegramSearchBot.Test.csproj]
/root/WorkSpace/CSharp/TelegramSearchBot/feature/project-restructure-implementation/TelegramSearchBot.Test/Helpers/TestDatabaseHelper.cs(178,44): error CS1061: “DataDbContext”未包含“Groups”的定义，并且找不到可接受第一个“DataDbContext”类型参数的可访问扩展方法“Groups”(是否缺少 using 指令或程序集引用?) [/root/WorkSpace/CSharp/TelegramSearchBot/feature/project-restructure-implementation/TelegramSearchBot.Test/TelegramSearchBot.Test.csproj]
/root/WorkSpace/CSharp/TelegramSearchBot/feature/project-restructure-implementation/TelegramSearchBot.Test/Domain/Message/MessageRepositoryTests.cs(226,74): error CS1503: 参数 3: 无法从“string”转换为“long” [/root/WorkSpace/CSharp/TelegramSearchBot/feature/project-restructure-implementation/TelegramSearchBot.Test/TelegramSearchBot.Test.csproj]
/root/WorkSpace/CSharp/TelegramSearchBot/feature/project-restructure-implementation/TelegramSearchBot.Test/Domain/Message/MessageRepositoryTests.cs(227,74): error CS1503: 参数 3: 无法从“string”转换为“long” [/root/WorkSpace/CSharp/TelegramSearchBot/feature/project-restructure-implementation/TelegramSearchBot.Test/TelegramSearchBot.Test.csproj]
/root/WorkSpace/CSharp/TelegramSearchBot/feature/project-restructure-implementation/TelegramSearchBot.Test/Domain/Message/MessageRepositoryTests.cs(228,74): error CS1503: 参数 3: 无法从“string”转换为“long” [/root/WorkSpace/CSharp/TelegramSearchBot/feature/project-restructure-implementation/TelegramSearchBot.Test/TelegramSearchBot.Test.csproj]
/root/WorkSpace/CSharp/TelegramSearchBot/feature/project-restructure-implementation/TelegramSearchBot.Test/Service/Storage/MessageServiceTests.cs(98,57): error CS0433: 类型“MessageVectorGenerationNotification”同时存在于“TelegramSearchBot.AI, Version=1.0.0.0, Culture=neutral, PublicKeyToken=null”和“TelegramSearchBot.Common, Version=1.0.0.0, Culture=neutral, PublicKeyToken=null”中 [/root/WorkSpace/CSharp/TelegramSearchBot/feature/project-restructure-implementation/TelegramSearchBot.Test/TelegramSearchBot.Test.csproj]
/root/WorkSpace/CSharp/TelegramSearchBot/feature/project-restructure-implementation/TelegramSearchBot.Test/Service/Storage/MessageServiceTests.cs(103,23): error CS0433: 类型“MessageVectorGenerationNotification”同时存在于“TelegramSearchBot.AI, Version=1.0.0.0, Culture=neutral, PublicKeyToken=null”和“TelegramSearchBot.Common, Version=1.0.0.0, Culture=neutral, PublicKeyToken=null”中 [/root/WorkSpace/CSharp/TelegramSearchBot/feature/project-restructure-implementation/TelegramSearchBot.Test/TelegramSearchBot.Test.csproj]
    80 个警告
    135 个错误

已用时间 00:00:05.61
