  正在确定要还原的项目…
  所有项目均是最新的，无法还原。
  TelegramSearchBot.Data -> /root/WorkSpace/CSharp/TelegramSearchBot/feature/project-restructure-implementation/TelegramSearchBot.Data/bin/Release/net9.0/TelegramSearchBot.Data.dll
  TelegramSearchBot.Common -> /root/WorkSpace/CSharp/TelegramSearchBot/feature/project-restructure-implementation/TelegramSearchBot.Common/bin/Release/net9.0/TelegramSearchBot.Common.dll
  TelegramSearchBot.Search -> /root/WorkSpace/CSharp/TelegramSearchBot/feature/project-restructure-implementation/TelegramSearchBot.Search/bin/Release/net9.0/TelegramSearchBot.Search.dll
  TelegramSearchBot.Domain -> /root/WorkSpace/CSharp/TelegramSearchBot/feature/project-restructure-implementation/TelegramSearchBot.Domain/bin/Release/net9.0/TelegramSearchBot.Domain.dll
  TelegramSearchBot.Infrastructure -> /root/WorkSpace/CSharp/TelegramSearchBot/feature/project-restructure-implementation/TelegramSearchBot.Infrastructure/bin/Release/net9.0/TelegramSearchBot.Infrastructure.dll
/root/WorkSpace/CSharp/TelegramSearchBot/feature/project-restructure-implementation/TelegramSearchBot.Vector/FaissVectorController.cs(55,52): warning CS8602: 解引用可能出现空引用。 [/root/WorkSpace/CSharp/TelegramSearchBot/feature/project-restructure-implementation/TelegramSearchBot.Vector/TelegramSearchBot.Vector.csproj]
/root/WorkSpace/CSharp/TelegramSearchBot/feature/project-restructure-implementation/TelegramSearchBot.Vector/Vector/ConversationSegmentationService.cs(155,58): warning CS8604: “List<string> ConversationSegmentationService.ExtractKeywords(string content)”中的形参“content”可能传入 null 引用实参。 [/root/WorkSpace/CSharp/TelegramSearchBot/feature/project-restructure-implementation/TelegramSearchBot.Vector/TelegramSearchBot.Vector.csproj]
/root/WorkSpace/CSharp/TelegramSearchBot/feature/project-restructure-implementation/TelegramSearchBot.Vector/FaissVectorController.cs(132,33): warning CS8602: 解引用可能出现空引用。 [/root/WorkSpace/CSharp/TelegramSearchBot/feature/project-restructure-implementation/TelegramSearchBot.Vector/TelegramSearchBot.Vector.csproj]
/root/WorkSpace/CSharp/TelegramSearchBot/feature/project-restructure-implementation/TelegramSearchBot.Vector/FaissVectorController.cs(140,33): warning CS8602: 解引用可能出现空引用。 [/root/WorkSpace/CSharp/TelegramSearchBot/feature/project-restructure-implementation/TelegramSearchBot.Vector/TelegramSearchBot.Vector.csproj]
/root/WorkSpace/CSharp/TelegramSearchBot/feature/project-restructure-implementation/TelegramSearchBot.Vector/FaissVectorController.cs(155,33): warning CS8602: 解引用可能出现空引用。 [/root/WorkSpace/CSharp/TelegramSearchBot/feature/project-restructure-implementation/TelegramSearchBot.Vector/TelegramSearchBot.Vector.csproj]
/root/WorkSpace/CSharp/TelegramSearchBot/feature/project-restructure-implementation/TelegramSearchBot.Vector/FaissVectorController.cs(210,33): warning CS8602: 解引用可能出现空引用。 [/root/WorkSpace/CSharp/TelegramSearchBot/feature/project-restructure-implementation/TelegramSearchBot.Vector/TelegramSearchBot.Vector.csproj]
/root/WorkSpace/CSharp/TelegramSearchBot/feature/project-restructure-implementation/TelegramSearchBot.Vector/FaissVectorController.cs(241,33): warning CS8602: 解引用可能出现空引用。 [/root/WorkSpace/CSharp/TelegramSearchBot/feature/project-restructure-implementation/TelegramSearchBot.Vector/TelegramSearchBot.Vector.csproj]
/root/WorkSpace/CSharp/TelegramSearchBot/feature/project-restructure-implementation/TelegramSearchBot.Vector/FaissVectorController.cs(249,33): warning CS8602: 解引用可能出现空引用。 [/root/WorkSpace/CSharp/TelegramSearchBot/feature/project-restructure-implementation/TelegramSearchBot.Vector/TelegramSearchBot.Vector.csproj]
/root/WorkSpace/CSharp/TelegramSearchBot/feature/project-restructure-implementation/TelegramSearchBot.Vector/FaissVectorController.cs(307,33): warning CS8602: 解引用可能出现空引用。 [/root/WorkSpace/CSharp/TelegramSearchBot/feature/project-restructure-implementation/TelegramSearchBot.Vector/TelegramSearchBot.Vector.csproj]
/root/WorkSpace/CSharp/TelegramSearchBot/feature/project-restructure-implementation/TelegramSearchBot.Vector/FaissVectorController.cs(315,33): warning CS8602: 解引用可能出现空引用。 [/root/WorkSpace/CSharp/TelegramSearchBot/feature/project-restructure-implementation/TelegramSearchBot.Vector/TelegramSearchBot.Vector.csproj]
/root/WorkSpace/CSharp/TelegramSearchBot/feature/project-restructure-implementation/TelegramSearchBot.Vector/Vector/ConversationSegmentationService.cs(379,36): warning CS1998: 此异步方法缺少 "await" 运算符，将以同步方式运行。请考虑使用 "await" 运算符等待非阻止的 API 调用，或者使用 "await Task.Run(...)" 在后台线程上执行占用大量 CPU 的工作。 [/root/WorkSpace/CSharp/TelegramSearchBot/feature/project-restructure-implementation/TelegramSearchBot.Vector/TelegramSearchBot.Vector.csproj]
/root/WorkSpace/CSharp/TelegramSearchBot/feature/project-restructure-implementation/TelegramSearchBot.Vector/FaissVectorController.cs(384,33): warning CS8602: 解引用可能出现空引用。 [/root/WorkSpace/CSharp/TelegramSearchBot/feature/project-restructure-implementation/TelegramSearchBot.Vector/TelegramSearchBot.Vector.csproj]
/root/WorkSpace/CSharp/TelegramSearchBot/feature/project-restructure-implementation/TelegramSearchBot.Vector/FaissVectorController.cs(392,33): warning CS8602: 解引用可能出现空引用。 [/root/WorkSpace/CSharp/TelegramSearchBot/feature/project-restructure-implementation/TelegramSearchBot.Vector/TelegramSearchBot.Vector.csproj]
/root/WorkSpace/CSharp/TelegramSearchBot/feature/project-restructure-implementation/TelegramSearchBot.Vector/FaissVectorService.cs(488,24): warning CS8603: 可能返回 null 引用。 [/root/WorkSpace/CSharp/TelegramSearchBot/feature/project-restructure-implementation/TelegramSearchBot.Vector/TelegramSearchBot.Vector.csproj]
/root/WorkSpace/CSharp/TelegramSearchBot/feature/project-restructure-implementation/TelegramSearchBot.Vector/FaissVectorService.cs(576,67): warning CS8600: 将 null 文本或可能的 null 值转换为不可为 null 类型。 [/root/WorkSpace/CSharp/TelegramSearchBot/feature/project-restructure-implementation/TelegramSearchBot.Vector/TelegramSearchBot.Vector.csproj]
/root/WorkSpace/CSharp/TelegramSearchBot/feature/project-restructure-implementation/TelegramSearchBot.Vector/FaissVectorService.cs(689,27): warning CS1998: 此异步方法缺少 "await" 运算符，将以同步方式运行。请考虑使用 "await" 运算符等待非阻止的 API 调用，或者使用 "await Task.Run(...)" 在后台线程上执行占用大量 CPU 的工作。 [/root/WorkSpace/CSharp/TelegramSearchBot/feature/project-restructure-implementation/TelegramSearchBot.Vector/TelegramSearchBot.Vector.csproj]
/root/WorkSpace/CSharp/TelegramSearchBot/feature/project-restructure-implementation/TelegramSearchBot.Vector/FaissVectorService.cs(695,27): warning CS1998: 此异步方法缺少 "await" 运算符，将以同步方式运行。请考虑使用 "await" 运算符等待非阻止的 API 调用，或者使用 "await Task.Run(...)" 在后台线程上执行占用大量 CPU 的工作。 [/root/WorkSpace/CSharp/TelegramSearchBot/feature/project-restructure-implementation/TelegramSearchBot.Vector/TelegramSearchBot.Vector.csproj]
/root/WorkSpace/CSharp/TelegramSearchBot/feature/project-restructure-implementation/TelegramSearchBot.Vector/FaissVectorService.cs(701,27): warning CS1998: 此异步方法缺少 "await" 运算符，将以同步方式运行。请考虑使用 "await" 运算符等待非阻止的 API 调用，或者使用 "await Task.Run(...)" 在后台线程上执行占用大量 CPU 的工作。 [/root/WorkSpace/CSharp/TelegramSearchBot/feature/project-restructure-implementation/TelegramSearchBot.Vector/TelegramSearchBot.Vector.csproj]
/root/WorkSpace/CSharp/TelegramSearchBot/feature/project-restructure-implementation/TelegramSearchBot.Vector/FaissVectorService.cs(713,33): warning CS1998: 此异步方法缺少 "await" 运算符，将以同步方式运行。请考虑使用 "await" 运算符等待非阻止的 API 调用，或者使用 "await Task.Run(...)" 在后台线程上执行占用大量 CPU 的工作。 [/root/WorkSpace/CSharp/TelegramSearchBot/feature/project-restructure-implementation/TelegramSearchBot.Vector/TelegramSearchBot.Vector.csproj]
  TelegramSearchBot.Vector -> /root/WorkSpace/CSharp/TelegramSearchBot/feature/project-restructure-implementation/TelegramSearchBot.Vector/bin/Debug/net9.0/TelegramSearchBot.Vector.dll
  TelegramSearchBot.Search.Tests -> /root/WorkSpace/CSharp/TelegramSearchBot/feature/project-restructure-implementation/TelegramSearchBot.Search.Tests/bin/Release/net9.0/TelegramSearchBot.Search.Tests.dll
/root/WorkSpace/CSharp/TelegramSearchBot/feature/project-restructure-implementation/TelegramSearchBot.AI/RefreshService.cs(17,7): warning CS0105: “TelegramSearchBot.Interface”的 using 指令以前在此命名空间中出现过 [/root/WorkSpace/CSharp/TelegramSearchBot/feature/project-restructure-implementation/TelegramSearchBot.AI/TelegramSearchBot.AI.csproj]
/root/WorkSpace/CSharp/TelegramSearchBot/feature/project-restructure-implementation/TelegramSearchBot.AI/Helper/BiliHelper.cs(24,93): warning CS8625: 无法将 null 字面量转换为非 null 的引用类型。 [/root/WorkSpace/CSharp/TelegramSearchBot/feature/project-restructure-implementation/TelegramSearchBot.AI/TelegramSearchBot.AI.csproj]
/root/WorkSpace/CSharp/TelegramSearchBot/feature/project-restructure-implementation/TelegramSearchBot.AI/Helper/BiliHelper.cs(45,102): warning CS8625: 无法将 null 字面量转换为非 null 的引用类型。 [/root/WorkSpace/CSharp/TelegramSearchBot/feature/project-restructure-implementation/TelegramSearchBot.AI/TelegramSearchBot.AI.csproj]
/root/WorkSpace/CSharp/TelegramSearchBot/feature/project-restructure-implementation/TelegramSearchBot.AI/Helper/BiliHelper.cs(87,109): warning CS8625: 无法将 null 字面量转换为非 null 的引用类型。 [/root/WorkSpace/CSharp/TelegramSearchBot/feature/project-restructure-implementation/TelegramSearchBot.AI/TelegramSearchBot.AI.csproj]
/root/WorkSpace/CSharp/TelegramSearchBot/feature/project-restructure-implementation/TelegramSearchBot.AI/Interface/IAccountService.cs(13,155): warning CS8625: 无法将 null 字面量转换为非 null 的引用类型。 [/root/WorkSpace/CSharp/TelegramSearchBot/feature/project-restructure-implementation/TelegramSearchBot.AI/TelegramSearchBot.AI.csproj]
/root/WorkSpace/CSharp/TelegramSearchBot/feature/project-restructure-implementation/TelegramSearchBot.AI/Interface/IAccountService.cs(33,176): warning CS8625: 无法将 null 字面量转换为非 null 的引用类型。 [/root/WorkSpace/CSharp/TelegramSearchBot/feature/project-restructure-implementation/TelegramSearchBot.AI/TelegramSearchBot.AI.csproj]
/root/WorkSpace/CSharp/TelegramSearchBot/feature/project-restructure-implementation/TelegramSearchBot.AI/Interface/ISearchToolService.cs(19,32): warning CS8625: 无法将 null 字面量转换为非 null 的引用类型。 [/root/WorkSpace/CSharp/TelegramSearchBot/feature/project-restructure-implementation/TelegramSearchBot.AI/TelegramSearchBot.AI.csproj]
/root/WorkSpace/CSharp/TelegramSearchBot/feature/project-restructure-implementation/TelegramSearchBot.AI/Interface/ISearchToolService.cs(21,37): warning CS8625: 无法将 null 字面量转换为非 null 的引用类型。 [/root/WorkSpace/CSharp/TelegramSearchBot/feature/project-restructure-implementation/TelegramSearchBot.AI/TelegramSearchBot.AI.csproj]
/root/WorkSpace/CSharp/TelegramSearchBot/feature/project-restructure-implementation/TelegramSearchBot.AI/BotAPI/SendMessageService.cs(181,98): warning CS8625: 无法将 null 字面量转换为非 null 的引用类型。 [/root/WorkSpace/CSharp/TelegramSearchBot/feature/project-restructure-implementation/TelegramSearchBot.AI/TelegramSearchBot.AI.csproj]
/root/WorkSpace/CSharp/TelegramSearchBot/feature/project-restructure-implementation/TelegramSearchBot.AI/Interface/ISearchToolService.cs(22,32): warning CS8625: 无法将 null 字面量转换为非 null 的引用类型。 [/root/WorkSpace/CSharp/TelegramSearchBot/feature/project-restructure-implementation/TelegramSearchBot.AI/TelegramSearchBot.AI.csproj]
/root/WorkSpace/CSharp/TelegramSearchBot/feature/project-restructure-implementation/TelegramSearchBot.AI/Interface/ISearchToolService.cs(23,30): warning CS8625: 无法将 null 字面量转换为非 null 的引用类型。 [/root/WorkSpace/CSharp/TelegramSearchBot/feature/project-restructure-implementation/TelegramSearchBot.AI/TelegramSearchBot.AI.csproj]
/root/WorkSpace/CSharp/TelegramSearchBot/feature/project-restructure-implementation/TelegramSearchBot.AI/Interface/ISequentialThinkingService.cs(18,31): warning CS8625: 无法将 null 字面量转换为非 null 的引用类型。 [/root/WorkSpace/CSharp/TelegramSearchBot/feature/project-restructure-implementation/TelegramSearchBot.AI/TelegramSearchBot.AI.csproj]
/root/WorkSpace/CSharp/TelegramSearchBot/feature/project-restructure-implementation/TelegramSearchBot.AI/Interface/IShortUrlToolService.cs(11,39): warning CS8625: 无法将 null 字面量转换为非 null 的引用类型。 [/root/WorkSpace/CSharp/TelegramSearchBot/feature/project-restructure-implementation/TelegramSearchBot.AI/TelegramSearchBot.AI.csproj]
/root/WorkSpace/CSharp/TelegramSearchBot/feature/project-restructure-implementation/TelegramSearchBot.AI/Interface/IShortUrlToolService.cs(12,39): warning CS8625: 无法将 null 字面量转换为非 null 的引用类型。 [/root/WorkSpace/CSharp/TelegramSearchBot/feature/project-restructure-implementation/TelegramSearchBot.AI/TelegramSearchBot.AI.csproj]
/root/WorkSpace/CSharp/TelegramSearchBot/feature/project-restructure-implementation/TelegramSearchBot.AI/AI/LLM/GeminiService.cs(54,112): warning CS8625: 无法将 null 字面量转换为非 null 的引用类型。 [/root/WorkSpace/CSharp/TelegramSearchBot/feature/project-restructure-implementation/TelegramSearchBot.AI/TelegramSearchBot.AI.csproj]
/root/WorkSpace/CSharp/TelegramSearchBot/feature/project-restructure-implementation/TelegramSearchBot.AI/AI/LLM/GeneralLLMService.cs(96,47): warning CS8425: 异步迭代器“GeneralLLMService.ExecAsync(Message, long, string, ILLMService, LLMChannel, CancellationToken)”具有一个或多个类型为 "CancellationToken" 的参数，但它们都未用 "EnumeratorCancellation" 属性修饰，因此将不使用所生成的 "IAsyncEnumerable<>.GetAsyncEnumerator" 中的取消令牌参数 [/root/WorkSpace/CSharp/TelegramSearchBot/feature/project-restructure-implementation/TelegramSearchBot.AI/TelegramSearchBot.AI.csproj]
/root/WorkSpace/CSharp/TelegramSearchBot/feature/project-restructure-implementation/TelegramSearchBot.AI/AI/LLM/GeneralLLMService.cs(205,47): warning CS8425: 异步迭代器“GeneralLLMService.AnalyzeImageAsync(string, long, string, ILLMService, LLMChannel, CancellationToken)”具有一个或多个类型为 "CancellationToken" 的参数，但它们都未用 "EnumeratorCancellation" 属性修饰，因此将不使用所生成的 "IAsyncEnumerable<>.GetAsyncEnumerator" 中的取消令牌参数 [/root/WorkSpace/CSharp/TelegramSearchBot/feature/project-restructure-implementation/TelegramSearchBot.AI/TelegramSearchBot.AI.csproj]
/root/WorkSpace/CSharp/TelegramSearchBot/feature/project-restructure-implementation/TelegramSearchBot.AI/AI/LLM/GeneralLLMService.cs(240,48): warning CS8425: 异步迭代器“GeneralLLMService.GenerateEmbeddingsAsync(string, string, ILLMService, LLMChannel, CancellationToken)”具有一个或多个类型为 "CancellationToken" 的参数，但它们都未用 "EnumeratorCancellation" 属性修饰，因此将不使用所生成的 "IAsyncEnumerable<>.GetAsyncEnumerator" 中的取消令牌参数 [/root/WorkSpace/CSharp/TelegramSearchBot/feature/project-restructure-implementation/TelegramSearchBot.AI/TelegramSearchBot.AI.csproj]
/root/WorkSpace/CSharp/TelegramSearchBot/feature/project-restructure-implementation/TelegramSearchBot.AI/McpToolHelper.cs(554,156): warning CS8625: 无法将 null 字面量转换为非 null 的引用类型。 [/root/WorkSpace/CSharp/TelegramSearchBot/feature/project-restructure-implementation/TelegramSearchBot.AI/TelegramSearchBot.AI.csproj]
/root/WorkSpace/CSharp/TelegramSearchBot/feature/project-restructure-implementation/TelegramSearchBot.AI/Manage/AccountService.cs(32,168): warning CS8625: 无法将 null 字面量转换为非 null 的引用类型。 [/root/WorkSpace/CSharp/TelegramSearchBot/feature/project-restructure-implementation/TelegramSearchBot.AI/TelegramSearchBot.AI.csproj]
/root/WorkSpace/CSharp/TelegramSearchBot/feature/project-restructure-implementation/TelegramSearchBot.AI/Manage/AccountService.cs(131,189): warning CS8625: 无法将 null 字面量转换为非 null 的引用类型。 [/root/WorkSpace/CSharp/TelegramSearchBot/feature/project-restructure-implementation/TelegramSearchBot.AI/TelegramSearchBot.AI.csproj]
/root/WorkSpace/CSharp/TelegramSearchBot/feature/project-restructure-implementation/TelegramSearchBot.AI/RefreshService.cs(40,36): warning CS0108: “RefreshService._mediator”隐藏继承的成员“MessageService._mediator”。如果是有意隐藏，请使用关键字 new。 [/root/WorkSpace/CSharp/TelegramSearchBot/feature/project-restructure-implementation/TelegramSearchBot.AI/TelegramSearchBot.AI.csproj]
/root/WorkSpace/CSharp/TelegramSearchBot/feature/project-restructure-implementation/TelegramSearchBot.AI/AI/LLM/OpenAIService.cs(1221,74): warning CS8425: 异步迭代器“OpenAIService.ExecAsync(Message, long, CancellationToken)”具有一个或多个类型为 "CancellationToken" 的参数，但它们都未用 "EnumeratorCancellation" 属性修饰，因此将不使用所生成的 "IAsyncEnumerable<>.GetAsyncEnumerator" 中的取消令牌参数 [/root/WorkSpace/CSharp/TelegramSearchBot/feature/project-restructure-implementation/TelegramSearchBot.AI/TelegramSearchBot.AI.csproj]
/root/WorkSpace/CSharp/TelegramSearchBot/feature/project-restructure-implementation/TelegramSearchBot.AI/SearchToolService.cs(138,118): warning CS8625: 无法将 null 字面量转换为非 null 的引用类型。 [/root/WorkSpace/CSharp/TelegramSearchBot/feature/project-restructure-implementation/TelegramSearchBot.AI/TelegramSearchBot.AI.csproj]
/root/WorkSpace/CSharp/TelegramSearchBot/feature/project-restructure-implementation/TelegramSearchBot.AI/SearchToolService.cs(140,148): warning CS8625: 无法将 null 字面量转换为非 null 的引用类型。 [/root/WorkSpace/CSharp/TelegramSearchBot/feature/project-restructure-implementation/TelegramSearchBot.AI/TelegramSearchBot.AI.csproj]
/root/WorkSpace/CSharp/TelegramSearchBot/feature/project-restructure-implementation/TelegramSearchBot.AI/SearchToolService.cs(141,164): warning CS8625: 无法将 null 字面量转换为非 null 的引用类型。 [/root/WorkSpace/CSharp/TelegramSearchBot/feature/project-restructure-implementation/TelegramSearchBot.AI/TelegramSearchBot.AI.csproj]
/root/WorkSpace/CSharp/TelegramSearchBot/feature/project-restructure-implementation/TelegramSearchBot.AI/SearchToolService.cs(142,155): warning CS8625: 无法将 null 字面量转换为非 null 的引用类型。 [/root/WorkSpace/CSharp/TelegramSearchBot/feature/project-restructure-implementation/TelegramSearchBot.AI/TelegramSearchBot.AI.csproj]
/root/WorkSpace/CSharp/TelegramSearchBot/feature/project-restructure-implementation/TelegramSearchBot.AI/SequentialThinkingService.cs(169,87): warning CS8625: 无法将 null 字面量转换为非 null 的引用类型。 [/root/WorkSpace/CSharp/TelegramSearchBot/feature/project-restructure-implementation/TelegramSearchBot.AI/TelegramSearchBot.AI.csproj]
/root/WorkSpace/CSharp/TelegramSearchBot/feature/project-restructure-implementation/TelegramSearchBot.AI/ShortUrlToolService.cs(56,127): warning CS8625: 无法将 null 字面量转换为非 null 的引用类型。 [/root/WorkSpace/CSharp/TelegramSearchBot/feature/project-restructure-implementation/TelegramSearchBot.AI/TelegramSearchBot.AI.csproj]
/root/WorkSpace/CSharp/TelegramSearchBot/feature/project-restructure-implementation/TelegramSearchBot.AI/ShortUrlToolService.cs(57,127): warning CS8625: 无法将 null 字面量转换为非 null 的引用类型。 [/root/WorkSpace/CSharp/TelegramSearchBot/feature/project-restructure-implementation/TelegramSearchBot.AI/TelegramSearchBot.AI.csproj]
/root/WorkSpace/CSharp/TelegramSearchBot/feature/project-restructure-implementation/TelegramSearchBot.AI/Service/Processing/MessageProcessingPipeline.cs(316,23): warning CS8618: 在退出构造函数时，不可为 null 的 属性 "Message" 必须包含非 null 值。请考虑添加 "required" 修饰符或将该 属性 声明为可为 null。 [/root/WorkSpace/CSharp/TelegramSearchBot/feature/project-restructure-implementation/TelegramSearchBot.AI/TelegramSearchBot.AI.csproj]
/root/WorkSpace/CSharp/TelegramSearchBot/feature/project-restructure-implementation/TelegramSearchBot.AI/Helper/WordCloudHelper.cs(43,42): warning CS8625: 无法将 null 字面量转换为非 null 的引用类型。 [/root/WorkSpace/CSharp/TelegramSearchBot/feature/project-restructure-implementation/TelegramSearchBot.AI/TelegramSearchBot.AI.csproj]
/root/WorkSpace/CSharp/TelegramSearchBot/feature/project-restructure-implementation/TelegramSearchBot.AI/Helper/WordCloudHelper.cs(48,20): warning CS8603: 可能返回 null 引用。 [/root/WorkSpace/CSharp/TelegramSearchBot/feature/project-restructure-implementation/TelegramSearchBot.AI/TelegramSearchBot.AI.csproj]
/root/WorkSpace/CSharp/TelegramSearchBot/feature/project-restructure-implementation/TelegramSearchBot.AI/McpAttributes.cs(21,16): warning CS8618: 在退出构造函数时，不可为 null 的 属性 "Name" 必须包含非 null 值。请考虑添加 "required" 修饰符或将该 属性 声明为可为 null。 [/root/WorkSpace/CSharp/TelegramSearchBot/feature/project-restructure-implementation/TelegramSearchBot.AI/TelegramSearchBot.AI.csproj]
/root/WorkSpace/CSharp/TelegramSearchBot/feature/project-restructure-implementation/TelegramSearchBot.AI/OllamaService.cs(44,16): warning CS8618: 在退出构造函数时，不可为 null 的 属性 "BotName" 必须包含非 null 值。请考虑添加 "required" 修饰符或将该 属性 声明为可为 null。 [/root/WorkSpace/CSharp/TelegramSearchBot/feature/project-restructure-implementation/TelegramSearchBot.AI/TelegramSearchBot.AI.csproj]
/root/WorkSpace/CSharp/TelegramSearchBot/feature/project-restructure-implementation/TelegramSearchBot.AI/Model/ExportModel.cs(12,30): warning CS8618: 在退出构造函数时，不可为 null 的 属性 "Messages" 必须包含非 null 值。请考虑添加 "required" 修饰符或将该 属性 声明为可为 null。 [/root/WorkSpace/CSharp/TelegramSearchBot/feature/project-restructure-implementation/TelegramSearchBot.AI/TelegramSearchBot.AI.csproj]
/root/WorkSpace/CSharp/TelegramSearchBot/feature/project-restructure-implementation/TelegramSearchBot.AI/Model/ExportModel.cs(13,36): warning CS8618: 在退出构造函数时，不可为 null 的 属性 "Users" 必须包含非 null 值。请考虑添加 "required" 修饰符或将该 属性 声明为可为 null。 [/root/WorkSpace/CSharp/TelegramSearchBot/feature/project-restructure-implementation/TelegramSearchBot.AI/TelegramSearchBot.AI.csproj]
/root/WorkSpace/CSharp/TelegramSearchBot/feature/project-restructure-implementation/TelegramSearchBot.AI/Service/Processing/MessageProcessingPipeline.cs(112,35): warning CS8601: 可能的 null 引用赋值。 [/root/WorkSpace/CSharp/TelegramSearchBot/feature/project-restructure-implementation/TelegramSearchBot.AI/TelegramSearchBot.AI.csproj]
/root/WorkSpace/CSharp/TelegramSearchBot/feature/project-restructure-implementation/TelegramSearchBot.AI/SearchToolModels.cs(38,23): warning CS8618: 在退出构造函数时，不可为 null 的 属性 "Content" 必须包含非 null 值。请考虑添加 "required" 修饰符或将该 属性 声明为可为 null。 [/root/WorkSpace/CSharp/TelegramSearchBot/feature/project-restructure-implementation/TelegramSearchBot.AI/TelegramSearchBot.AI.csproj]
/root/WorkSpace/CSharp/TelegramSearchBot/feature/project-restructure-implementation/TelegramSearchBot.AI/SearchToolModels.cs(40,23): warning CS8618: 在退出构造函数时，不可为 null 的 属性 "SenderName" 必须包含非 null 值。请考虑添加 "required" 修饰符或将该 属性 声明为可为 null。 [/root/WorkSpace/CSharp/TelegramSearchBot/feature/project-restructure-implementation/TelegramSearchBot.AI/TelegramSearchBot.AI.csproj]
/root/WorkSpace/CSharp/TelegramSearchBot/feature/project-restructure-implementation/TelegramSearchBot.AI/SearchToolModels.cs(43,39): warning CS8618: 在退出构造函数时，不可为 null 的 属性 "Extensions" 必须包含非 null 值。请考虑添加 "required" 修饰符或将该 属性 声明为可为 null。 [/root/WorkSpace/CSharp/TelegramSearchBot/feature/project-restructure-implementation/TelegramSearchBot.AI/TelegramSearchBot.AI.csproj]
/root/WorkSpace/CSharp/TelegramSearchBot/feature/project-restructure-implementation/TelegramSearchBot.AI/SearchToolModels.cs(31,41): warning CS8618: 在退出构造函数时，不可为 null 的 属性 "Results" 必须包含非 null 值。请考虑添加 "required" 修饰符或将该 属性 声明为可为 null。 [/root/WorkSpace/CSharp/TelegramSearchBot/feature/project-restructure-implementation/TelegramSearchBot.AI/TelegramSearchBot.AI.csproj]
/root/WorkSpace/CSharp/TelegramSearchBot/feature/project-restructure-implementation/TelegramSearchBot.AI/SearchToolModels.cs(32,23): warning CS8618: 在退出构造函数时，不可为 null 的 属性 "Note" 必须包含非 null 值。请考虑添加 "required" 修饰符或将该 属性 声明为可为 null。 [/root/WorkSpace/CSharp/TelegramSearchBot/feature/project-restructure-implementation/TelegramSearchBot.AI/TelegramSearchBot.AI.csproj]
/root/WorkSpace/CSharp/TelegramSearchBot/feature/project-restructure-implementation/TelegramSearchBot.AI/SearchToolModels.cs(20,23): warning CS8618: 在退出构造函数时，不可为 null 的 属性 "ContentPreview" 必须包含非 null 值。请考虑添加 "required" 修饰符或将该 属性 声明为可为 null。 [/root/WorkSpace/CSharp/TelegramSearchBot/feature/project-restructure-implementation/TelegramSearchBot.AI/TelegramSearchBot.AI.csproj]
/root/WorkSpace/CSharp/TelegramSearchBot/feature/project-restructure-implementation/TelegramSearchBot.AI/SearchToolModels.cs(21,41): warning CS8618: 在退出构造函数时，不可为 null 的 属性 "ContextBefore" 必须包含非 null 值。请考虑添加 "required" 修饰符或将该 属性 声明为可为 null。 [/root/WorkSpace/CSharp/TelegramSearchBot/feature/project-restructure-implementation/TelegramSearchBot.AI/TelegramSearchBot.AI.csproj]
/root/WorkSpace/CSharp/TelegramSearchBot/feature/project-restructure-implementation/TelegramSearchBot.AI/SearchToolModels.cs(22,41): warning CS8618: 在退出构造函数时，不可为 null 的 属性 "ContextAfter" 必须包含非 null 值。请考虑添加 "required" 修饰符或将该 属性 声明为可为 null。 [/root/WorkSpace/CSharp/TelegramSearchBot/feature/project-restructure-implementation/TelegramSearchBot.AI/TelegramSearchBot.AI.csproj]
/root/WorkSpace/CSharp/TelegramSearchBot/feature/project-restructure-implementation/TelegramSearchBot.AI/SearchToolModels.cs(23,39): warning CS8618: 在退出构造函数时，不可为 null 的 属性 "Extensions" 必须包含非 null 值。请考虑添加 "required" 修饰符或将该 属性 声明为可为 null。 [/root/WorkSpace/CSharp/TelegramSearchBot/feature/project-restructure-implementation/TelegramSearchBot.AI/TelegramSearchBot.AI.csproj]
/root/WorkSpace/CSharp/TelegramSearchBot/feature/project-restructure-implementation/TelegramSearchBot.AI/SubProcessService.cs(18,16): warning CS8618: 在退出构造函数时，不可为 null 的 属性 "ForkName" 必须包含非 null 值。请考虑添加 "required" 修饰符或将该 属性 声明为可为 null。 [/root/WorkSpace/CSharp/TelegramSearchBot/feature/project-restructure-implementation/TelegramSearchBot.AI/TelegramSearchBot.AI.csproj]
/root/WorkSpace/CSharp/TelegramSearchBot/feature/project-restructure-implementation/TelegramSearchBot.AI/SearchToolModels.cs(9,23): warning CS8618: 在退出构造函数时，不可为 null 的 属性 "Query" 必须包含非 null 值。请考虑添加 "required" 修饰符或将该 属性 声明为可为 null。 [/root/WorkSpace/CSharp/TelegramSearchBot/feature/project-restructure-implementation/TelegramSearchBot.AI/TelegramSearchBot.AI.csproj]
/root/WorkSpace/CSharp/TelegramSearchBot/feature/project-restructure-implementation/TelegramSearchBot.AI/SearchToolModels.cs(13,39): warning CS8618: 在退出构造函数时，不可为 null 的 属性 "Results" 必须包含非 null 值。请考虑添加 "required" 修饰符或将该 属性 声明为可为 null。 [/root/WorkSpace/CSharp/TelegramSearchBot/feature/project-restructure-implementation/TelegramSearchBot.AI/TelegramSearchBot.AI.csproj]
/root/WorkSpace/CSharp/TelegramSearchBot/feature/project-restructure-implementation/TelegramSearchBot.AI/SearchToolModels.cs(14,23): warning CS8618: 在退出构造函数时，不可为 null 的 属性 "Note" 必须包含非 null 值。请考虑添加 "required" 修饰符或将该 属性 声明为可为 null。 [/root/WorkSpace/CSharp/TelegramSearchBot/feature/project-restructure-implementation/TelegramSearchBot.AI/TelegramSearchBot.AI.csproj]
/root/WorkSpace/CSharp/TelegramSearchBot/feature/project-restructure-implementation/TelegramSearchBot.AI/Model/Tools/ThoughtData.cs(57,23): warning CS8618: 在退出构造函数时，不可为 null 的 属性 "Error" 必须包含非 null 值。请考虑添加 "required" 修饰符或将该 属性 声明为可为 null。 [/root/WorkSpace/CSharp/TelegramSearchBot/feature/project-restructure-implementation/TelegramSearchBot.AI/TelegramSearchBot.AI.csproj]
/root/WorkSpace/CSharp/TelegramSearchBot/feature/project-restructure-implementation/TelegramSearchBot.AI/Model/Tools/ThoughtData.cs(60,23): warning CS8618: 在退出构造函数时，不可为 null 的 属性 "Status" 必须包含非 null 值。请考虑添加 "required" 修饰符或将该 属性 声明为可为 null。 [/root/WorkSpace/CSharp/TelegramSearchBot/feature/project-restructure-implementation/TelegramSearchBot.AI/TelegramSearchBot.AI.csproj]
/root/WorkSpace/CSharp/TelegramSearchBot/feature/project-restructure-implementation/TelegramSearchBot.AI/SearchNextPageController.cs(66,56): warning CS8602: 解引用可能出现空引用。 [/root/WorkSpace/CSharp/TelegramSearchBot/feature/project-restructure-implementation/TelegramSearchBot.AI/TelegramSearchBot.AI.csproj]
/root/WorkSpace/CSharp/TelegramSearchBot/feature/project-restructure-implementation/TelegramSearchBot.AI/SearchNextPageController.cs(73,85): warning CS8604: “Task<SearchOption> CallbackDataService.ParseCallbackDataAsync(string callbackData)”中的形参“callbackData”可能传入 null 引用实参。 [/root/WorkSpace/CSharp/TelegramSearchBot/feature/project-restructure-implementation/TelegramSearchBot.AI/TelegramSearchBot.AI.csproj]
/root/WorkSpace/CSharp/TelegramSearchBot/feature/project-restructure-implementation/TelegramSearchBot.AI/SearchNextPageController.cs(75,43): warning CS8602: 解引用可能出现空引用。 [/root/WorkSpace/CSharp/TelegramSearchBot/feature/project-restructure-implementation/TelegramSearchBot.AI/TelegramSearchBot.AI.csproj]
/root/WorkSpace/CSharp/TelegramSearchBot/feature/project-restructure-implementation/TelegramSearchBot.AI/Model/Tools/ThoughtData.cs(48,29): warning CS8618: 在退出构造函数时，不可为 null 的 属性 "Branches" 必须包含非 null 值。请考虑添加 "required" 修饰符或将该 属性 声明为可为 null。 [/root/WorkSpace/CSharp/TelegramSearchBot/feature/project-restructure-implementation/TelegramSearchBot.AI/TelegramSearchBot.AI.csproj]
/root/WorkSpace/CSharp/TelegramSearchBot/feature/project-restructure-implementation/TelegramSearchBot.AI/Model/Tools/ThoughtData.cs(9,23): warning CS8618: 在退出构造函数时，不可为 null 的 属性 "Thought" 必须包含非 null 值。请考虑添加 "required" 修饰符或将该 属性 声明为可为 null。 [/root/WorkSpace/CSharp/TelegramSearchBot/feature/project-restructure-implementation/TelegramSearchBot.AI/TelegramSearchBot.AI.csproj]
/root/WorkSpace/CSharp/TelegramSearchBot/feature/project-restructure-implementation/TelegramSearchBot.AI/Model/Tools/ThoughtData.cs(27,23): warning CS8618: 在退出构造函数时，不可为 null 的 属性 "BranchId" 必须包含非 null 值。请考虑添加 "required" 修饰符或将该 属性 声明为可为 null。 [/root/WorkSpace/CSharp/TelegramSearchBot/feature/project-restructure-implementation/TelegramSearchBot.AI/TelegramSearchBot.AI.csproj]
/root/WorkSpace/CSharp/TelegramSearchBot/feature/project-restructure-implementation/TelegramSearchBot.AI/Model/Tools/ShortUrlMappingResult.cs(7,23): warning CS8618: 在退出构造函数时，不可为 null 的 属性 "OriginalUrl" 必须包含非 null 值。请考虑添加 "required" 修饰符或将该 属性 声明为可为 null。 [/root/WorkSpace/CSharp/TelegramSearchBot/feature/project-restructure-implementation/TelegramSearchBot.AI/TelegramSearchBot.AI.csproj]
/root/WorkSpace/CSharp/TelegramSearchBot/feature/project-restructure-implementation/TelegramSearchBot.AI/Model/Tools/ShortUrlMappingResult.cs(8,23): warning CS8618: 在退出构造函数时，不可为 null 的 属性 "ExpandedUrl" 必须包含非 null 值。请考虑添加 "required" 修饰符或将该 属性 声明为可为 null。 [/root/WorkSpace/CSharp/TelegramSearchBot/feature/project-restructure-implementation/TelegramSearchBot.AI/TelegramSearchBot.AI.csproj]
/root/WorkSpace/CSharp/TelegramSearchBot/feature/project-restructure-implementation/TelegramSearchBot.AI/Model/Tools/BraveSearchResult.cs(24,23): warning CS8618: 在退出构造函数时，不可为 null 的 属性 "Name" 必须包含非 null 值。请考虑添加 "required" 修饰符或将该 属性 声明为可为 null。 [/root/WorkSpace/CSharp/TelegramSearchBot/feature/project-restructure-implementation/TelegramSearchBot.AI/TelegramSearchBot.AI.csproj]
/root/WorkSpace/CSharp/TelegramSearchBot/feature/project-restructure-implementation/TelegramSearchBot.AI/Model/Tools/BraveSearchResult.cs(25,23): warning CS8618: 在退出构造函数时，不可为 null 的 属性 "Url" 必须包含非 null 值。请考虑添加 "required" 修饰符或将该 属性 声明为可为 null。 [/root/WorkSpace/CSharp/TelegramSearchBot/feature/project-restructure-implementation/TelegramSearchBot.AI/TelegramSearchBot.AI.csproj]
/root/WorkSpace/CSharp/TelegramSearchBot/feature/project-restructure-implementation/TelegramSearchBot.AI/Model/Tools/BraveSearchResult.cs(26,23): warning CS8618: 在退出构造函数时，不可为 null 的 属性 "LongName" 必须包含非 null 值。请考虑添加 "required" 修饰符或将该 属性 声明为可为 null。 [/root/WorkSpace/CSharp/TelegramSearchBot/feature/project-restructure-implementation/TelegramSearchBot.AI/TelegramSearchBot.AI.csproj]
/root/WorkSpace/CSharp/TelegramSearchBot/feature/project-restructure-implementation/TelegramSearchBot.AI/Model/Tools/BraveSearchResult.cs(27,23): warning CS8618: 在退出构造函数时，不可为 null 的 属性 "Img" 必须包含非 null 值。请考虑添加 "required" 修饰符或将该 属性 声明为可为 null。 [/root/WorkSpace/CSharp/TelegramSearchBot/feature/project-restructure-implementation/TelegramSearchBot.AI/TelegramSearchBot.AI.csproj]
/root/WorkSpace/CSharp/TelegramSearchBot/feature/project-restructure-implementation/TelegramSearchBot.AI/SearchNextPageController.cs(136,55): warning CS8604: “Task TelegramBotClientExtensions.DeleteMessage(ITelegramBotClient botClient, ChatId chatId, int messageId, CancellationToken cancellationToken = default(CancellationToken))”中的形参“chatId”可能传入 null 引用实参。 [/root/WorkSpace/CSharp/TelegramSearchBot/feature/project-restructure-implementation/TelegramSearchBot.AI/TelegramSearchBot.AI.csproj]
/root/WorkSpace/CSharp/TelegramSearchBot/feature/project-restructure-implementation/TelegramSearchBot.AI/ShortUrlToolService.cs(34,24): warning CS8603: 可能返回 null 引用。 [/root/WorkSpace/CSharp/TelegramSearchBot/feature/project-restructure-implementation/TelegramSearchBot.AI/TelegramSearchBot.AI.csproj]
/root/WorkSpace/CSharp/TelegramSearchBot/feature/project-restructure-implementation/TelegramSearchBot.AI/ShortUrlToolService.cs(43,24): warning CS8603: 可能返回 null 引用。 [/root/WorkSpace/CSharp/TelegramSearchBot/feature/project-restructure-implementation/TelegramSearchBot.AI/TelegramSearchBot.AI.csproj]
/root/WorkSpace/CSharp/TelegramSearchBot/feature/project-restructure-implementation/TelegramSearchBot.AI/Helper/WordCloudHelper.cs(15,39): warning CS8618: 在退出构造函数时，不可为 null 的 字段 "_segmenter" 必须包含非 null 值。请考虑添加 "required" 修饰符或将该 字段 声明为可为 null。 [/root/WorkSpace/CSharp/TelegramSearchBot/feature/project-restructure-implementation/TelegramSearchBot.AI/TelegramSearchBot.AI.csproj]
/root/WorkSpace/CSharp/TelegramSearchBot/feature/project-restructure-implementation/TelegramSearchBot.AI/AI/ASR/AutoASRService.cs(17,16): warning CS8618: 在退出构造函数时，不可为 null 的 属性 "WhisperManager" 必须包含非 null 值。请考虑添加 "required" 修饰符或将该 属性 声明为可为 null。 [/root/WorkSpace/CSharp/TelegramSearchBot/feature/project-restructure-implementation/TelegramSearchBot.AI/TelegramSearchBot.AI.csproj]
/root/WorkSpace/CSharp/TelegramSearchBot/feature/project-restructure-implementation/TelegramSearchBot.AI/Scheduler/WordCloudTask.cs(31,16): warning CS8618: 在退出构造函数时，不可为 null 的 字段 "_heartbeatCallback" 必须包含非 null 值。请考虑添加 "required" 修饰符或将该 字段 声明为可为 null。 [/root/WorkSpace/CSharp/TelegramSearchBot/feature/project-restructure-implementation/TelegramSearchBot.AI/TelegramSearchBot.AI.csproj]
/root/WorkSpace/CSharp/TelegramSearchBot/feature/project-restructure-implementation/TelegramSearchBot.AI/SearchController.cs(75,26): warning CS8602: 解引用可能出现空引用。 [/root/WorkSpace/CSharp/TelegramSearchBot/feature/project-restructure-implementation/TelegramSearchBot.AI/TelegramSearchBot.AI.csproj]
/root/WorkSpace/CSharp/TelegramSearchBot/feature/project-restructure-implementation/TelegramSearchBot.AI/Model/Tools/BraveSearchResult.cs(15,23): warning CS8618: 在退出构造函数时，不可为 null 的 属性 "Title" 必须包含非 null 值。请考虑添加 "required" 修饰符或将该 属性 声明为可为 null。 [/root/WorkSpace/CSharp/TelegramSearchBot/feature/project-restructure-implementation/TelegramSearchBot.AI/TelegramSearchBot.AI.csproj]
/root/WorkSpace/CSharp/TelegramSearchBot/feature/project-restructure-implementation/TelegramSearchBot.AI/Model/Tools/BraveSearchResult.cs(16,23): warning CS8618: 在退出构造函数时，不可为 null 的 属性 "Url" 必须包含非 null 值。请考虑添加 "required" 修饰符或将该 属性 声明为可为 null。 [/root/WorkSpace/CSharp/TelegramSearchBot/feature/project-restructure-implementation/TelegramSearchBot.AI/TelegramSearchBot.AI.csproj]
/root/WorkSpace/CSharp/TelegramSearchBot/feature/project-restructure-implementation/TelegramSearchBot.AI/Model/Tools/BraveSearchResult.cs(17,23): warning CS8618: 在退出构造函数时，不可为 null 的 属性 "Description" 必须包含非 null 值。请考虑添加 "required" 修饰符或将该 属性 声明为可为 null。 [/root/WorkSpace/CSharp/TelegramSearchBot/feature/project-restructure-implementation/TelegramSearchBot.AI/TelegramSearchBot.AI.csproj]
/root/WorkSpace/CSharp/TelegramSearchBot/feature/project-restructure-implementation/TelegramSearchBot.AI/Model/Tools/BraveSearchResult.cs(20,29): warning CS8618: 在退出构造函数时，不可为 null 的 属性 "Profile" 必须包含非 null 值。请考虑添加 "required" 修饰符或将该 属性 声明为可为 null。 [/root/WorkSpace/CSharp/TelegramSearchBot/feature/project-restructure-implementation/TelegramSearchBot.AI/TelegramSearchBot.AI.csproj]
/root/WorkSpace/CSharp/TelegramSearchBot/feature/project-restructure-implementation/TelegramSearchBot.AI/Model/Tools/BraveSearchResult.cs(10,23): warning CS8618: 在退出构造函数时，不可为 null 的 属性 "Type" 必须包含非 null 值。请考虑添加 "required" 修饰符或将该 属性 声明为可为 null。 [/root/WorkSpace/CSharp/TelegramSearchBot/feature/project-restructure-implementation/TelegramSearchBot.AI/TelegramSearchBot.AI.csproj]
/root/WorkSpace/CSharp/TelegramSearchBot/feature/project-restructure-implementation/TelegramSearchBot.AI/Model/Tools/BraveSearchResult.cs(11,38): warning CS8618: 在退出构造函数时，不可为 null 的 属性 "Results" 必须包含非 null 值。请考虑添加 "required" 修饰符或将该 属性 声明为可为 null。 [/root/WorkSpace/CSharp/TelegramSearchBot/feature/project-restructure-implementation/TelegramSearchBot.AI/TelegramSearchBot.AI.csproj]
/root/WorkSpace/CSharp/TelegramSearchBot/feature/project-restructure-implementation/TelegramSearchBot.AI/MemoryService.cs(19,23): warning CS8618: 在退出构造函数时，不可为 null 的 属性 "Name" 必须包含非 null 值。请考虑添加 "required" 修饰符或将该 属性 声明为可为 null。 [/root/WorkSpace/CSharp/TelegramSearchBot/feature/project-restructure-implementation/TelegramSearchBot.AI/TelegramSearchBot.AI.csproj]
/root/WorkSpace/CSharp/TelegramSearchBot/feature/project-restructure-implementation/TelegramSearchBot.AI/MemoryService.cs(20,23): warning CS8618: 在退出构造函数时，不可为 null 的 属性 "EntityType" 必须包含非 null 值。请考虑添加 "required" 修饰符或将该 属性 声明为可为 null。 [/root/WorkSpace/CSharp/TelegramSearchBot/feature/project-restructure-implementation/TelegramSearchBot.AI/TelegramSearchBot.AI.csproj]
/root/WorkSpace/CSharp/TelegramSearchBot/feature/project-restructure-implementation/TelegramSearchBot.AI/AI/LLM/GeminiService.cs(34,16): warning CS8618: 在退出构造函数时，不可为 null 的 属性 "BotName" 必须包含非 null 值。请考虑添加 "required" 修饰符或将该 属性 声明为可为 null。 [/root/WorkSpace/CSharp/TelegramSearchBot/feature/project-restructure-implementation/TelegramSearchBot.AI/TelegramSearchBot.AI.csproj]
/root/WorkSpace/CSharp/TelegramSearchBot/feature/project-restructure-implementation/TelegramSearchBot.AI/Helper/EditLLMConfRedisHelper.cs(26,20): warning CS8603: 可能返回 null 引用。 [/root/WorkSpace/CSharp/TelegramSearchBot/feature/project-restructure-implementation/TelegramSearchBot.AI/TelegramSearchBot.AI.csproj]
/root/WorkSpace/CSharp/TelegramSearchBot/feature/project-restructure-implementation/TelegramSearchBot.AI/Helper/EditLLMConfRedisHelper.cs(34,20): warning CS8603: 可能返回 null 引用。 [/root/WorkSpace/CSharp/TelegramSearchBot/feature/project-restructure-implementation/TelegramSearchBot.AI/TelegramSearchBot.AI.csproj]
/root/WorkSpace/CSharp/TelegramSearchBot/feature/project-restructure-implementation/TelegramSearchBot.AI/Model/Tools/BraveSearchResult.cs(5,23): warning CS8618: 在退出构造函数时，不可为 null 的 属性 "Type" 必须包含非 null 值。请考虑添加 "required" 修饰符或将该 属性 声明为可为 null。 [/root/WorkSpace/CSharp/TelegramSearchBot/feature/project-restructure-implementation/TelegramSearchBot.AI/TelegramSearchBot.AI.csproj]
/root/WorkSpace/CSharp/TelegramSearchBot/feature/project-restructure-implementation/TelegramSearchBot.AI/Model/Tools/BraveSearchResult.cs(6,32): warning CS8618: 在退出构造函数时，不可为 null 的 属性 "Web" 必须包含非 null 值。请考虑添加 "required" 修饰符或将该 属性 声明为可为 null。 [/root/WorkSpace/CSharp/TelegramSearchBot/feature/project-restructure-implementation/TelegramSearchBot.AI/TelegramSearchBot.AI.csproj]
/root/WorkSpace/CSharp/TelegramSearchBot/feature/project-restructure-implementation/TelegramSearchBot.AI/Model/TokenModel.cs(7,23): warning CS8618: 在退出构造函数时，不可为 null 的 属性 "Type" 必须包含非 null 值。请考虑添加 "required" 修饰符或将该 属性 声明为可为 null。 [/root/WorkSpace/CSharp/TelegramSearchBot/feature/project-restructure-implementation/TelegramSearchBot.AI/TelegramSearchBot.AI.csproj]
/root/WorkSpace/CSharp/TelegramSearchBot/feature/project-restructure-implementation/TelegramSearchBot.AI/Model/TokenModel.cs(8,23): warning CS8618: 在退出构造函数时，不可为 null 的 属性 "Token" 必须包含非 null 值。请考虑添加 "required" 修饰符或将该 属性 声明为可为 null。 [/root/WorkSpace/CSharp/TelegramSearchBot/feature/project-restructure-implementation/TelegramSearchBot.AI/TelegramSearchBot.AI.csproj]
/root/WorkSpace/CSharp/TelegramSearchBot/feature/project-restructure-implementation/TelegramSearchBot.AI/Model/SendModel.cs(9,27): warning CS8618: 在退出构造函数时，不可为 null 的 属性 "Action" 必须包含非 null 值。请考虑添加 "required" 修饰符或将该 属性 声明为可为 null。 [/root/WorkSpace/CSharp/TelegramSearchBot/feature/project-restructure-implementation/TelegramSearchBot.AI/TelegramSearchBot.AI.csproj]
/root/WorkSpace/CSharp/TelegramSearchBot/feature/project-restructure-implementation/TelegramSearchBot.AI/Model/Notifications/TextMessageReceivedNotification.cs(32,31): warning CS8601: 可能的 null 引用赋值。 [/root/WorkSpace/CSharp/TelegramSearchBot/feature/project-restructure-implementation/TelegramSearchBot.AI/TelegramSearchBot.AI.csproj]
/root/WorkSpace/CSharp/TelegramSearchBot/feature/project-restructure-implementation/TelegramSearchBot.AI/Model/Notifications/TextMessageReceivedNotification.cs(26,16): warning CS8618: 在退出构造函数时，不可为 null 的 属性 "OriginalMessage" 必须包含非 null 值。请考虑添加 "required" 修饰符或将该 属性 声明为可为 null。 [/root/WorkSpace/CSharp/TelegramSearchBot/feature/project-restructure-implementation/TelegramSearchBot.AI/TelegramSearchBot.AI.csproj]
/root/WorkSpace/CSharp/TelegramSearchBot/feature/project-restructure-implementation/TelegramSearchBot.AI/OllamaService.cs(411,37): warning CS8602: 解引用可能出现空引用。 [/root/WorkSpace/CSharp/TelegramSearchBot/feature/project-restructure-implementation/TelegramSearchBot.AI/TelegramSearchBot.AI.csproj]
/root/WorkSpace/CSharp/TelegramSearchBot/feature/project-restructure-implementation/TelegramSearchBot.AI/Helper/BiliHelper.cs(47,38): warning CS8603: 可能返回 null 引用。 [/root/WorkSpace/CSharp/TelegramSearchBot/feature/project-restructure-implementation/TelegramSearchBot.AI/TelegramSearchBot.AI.csproj]
/root/WorkSpace/CSharp/TelegramSearchBot/feature/project-restructure-implementation/TelegramSearchBot.AI/Helper/BiliHelper.cs(49,24): warning CS8600: 将 null 文本或可能的 null 值转换为不可为 null 类型。 [/root/WorkSpace/CSharp/TelegramSearchBot/feature/project-restructure-implementation/TelegramSearchBot.AI/TelegramSearchBot.AI.csproj]
/root/WorkSpace/CSharp/TelegramSearchBot/feature/project-restructure-implementation/TelegramSearchBot.AI/Helper/BiliHelper.cs(52,20): warning CS8603: 可能返回 null 引用。 [/root/WorkSpace/CSharp/TelegramSearchBot/feature/project-restructure-implementation/TelegramSearchBot.AI/TelegramSearchBot.AI.csproj]
/root/WorkSpace/CSharp/TelegramSearchBot/feature/project-restructure-implementation/TelegramSearchBot.AI/Helper/BiliHelper.cs(56,29): warning CS8601: 可能的 null 引用赋值。 [/root/WorkSpace/CSharp/TelegramSearchBot/feature/project-restructure-implementation/TelegramSearchBot.AI/TelegramSearchBot.AI.csproj]
/root/WorkSpace/CSharp/TelegramSearchBot/feature/project-restructure-implementation/TelegramSearchBot.AI/Helper/BiliHelper.cs(63,36): warning CS8601: 可能的 null 引用赋值。 [/root/WorkSpace/CSharp/TelegramSearchBot/feature/project-restructure-implementation/TelegramSearchBot.AI/TelegramSearchBot.AI.csproj]
/root/WorkSpace/CSharp/TelegramSearchBot/feature/project-restructure-implementation/TelegramSearchBot.AI/Helper/BiliHelper.cs(69,46): warning CS8620: 由于引用类型的可为 null 性差异，IEnumerable<string?> 类型的实参不能用于 void List<string>.AddRange(IEnumerable<string> collection) 中 IEnumerable<string> 类型的形参 collection。 [/root/WorkSpace/CSharp/TelegramSearchBot/feature/project-restructure-implementation/TelegramSearchBot.AI/TelegramSearchBot.AI.csproj]
/root/WorkSpace/CSharp/TelegramSearchBot/feature/project-restructure-implementation/TelegramSearchBot.AI/Helper/BiliHelper.cs(73,50): warning CS8620: 由于引用类型的可为 null 性差异，IEnumerable<string?> 类型的实参不能用于 void List<string>.AddRange(IEnumerable<string> collection) 中 IEnumerable<string> 类型的形参 collection。 [/root/WorkSpace/CSharp/TelegramSearchBot/feature/project-restructure-implementation/TelegramSearchBot.AI/TelegramSearchBot.AI.csproj]
/root/WorkSpace/CSharp/TelegramSearchBot/feature/project-restructure-implementation/TelegramSearchBot.AI/Model/ModelWithCapabilities.cs(66,20): warning CS8603: 可能返回 null 引用。 [/root/WorkSpace/CSharp/TelegramSearchBot/feature/project-restructure-implementation/TelegramSearchBot.AI/TelegramSearchBot.AI.csproj]
/root/WorkSpace/CSharp/TelegramSearchBot/feature/project-restructure-implementation/TelegramSearchBot.AI/Model/ModelWithCapabilities.cs(17,23): warning CS8618: 在退出构造函数时，不可为 null 的 属性 "ModelName" 必须包含非 null 值。请考虑添加 "required" 修饰符或将该 属性 声明为可为 null。 [/root/WorkSpace/CSharp/TelegramSearchBot/feature/project-restructure-implementation/TelegramSearchBot.AI/TelegramSearchBot.AI.csproj]
/root/WorkSpace/CSharp/TelegramSearchBot/feature/project-restructure-implementation/TelegramSearchBot.AI/Model/LLMConfState.cs(60,54): warning CS8602: 解引用可能出现空引用。 [/root/WorkSpace/CSharp/TelegramSearchBot/feature/project-restructure-implementation/TelegramSearchBot.AI/TelegramSearchBot.AI.csproj]
/root/WorkSpace/CSharp/TelegramSearchBot/feature/project-restructure-implementation/TelegramSearchBot.AI/Model/ImportModel.cs(8,41): warning CS8618: 在退出构造函数时，不可为 null 的 属性 "Messages" 必须包含非 null 值。请考虑添加 "required" 修饰符或将该 属性 声明为可为 null。 [/root/WorkSpace/CSharp/TelegramSearchBot/feature/project-restructure-implementation/TelegramSearchBot.AI/TelegramSearchBot.AI.csproj]
/root/WorkSpace/CSharp/TelegramSearchBot/feature/project-restructure-implementation/TelegramSearchBot.AI/AI/LLM/GeminiService.cs(78,32): warning CS8600: 将 null 文本或可能的 null 值转换为不可为 null 类型。 [/root/WorkSpace/CSharp/TelegramSearchBot/feature/project-restructure-implementation/TelegramSearchBot.AI/TelegramSearchBot.AI.csproj]
/root/WorkSpace/CSharp/TelegramSearchBot/feature/project-restructure-implementation/TelegramSearchBot.AI/Common/AppConfigurationService.cs(29,52): warning CS8603: 可能返回 null 引用。 [/root/WorkSpace/CSharp/TelegramSearchBot/feature/project-restructure-implementation/TelegramSearchBot.AI/TelegramSearchBot.AI.csproj]
/root/WorkSpace/CSharp/TelegramSearchBot/feature/project-restructure-implementation/TelegramSearchBot.AI/Common/AppConfigurationService.cs(35,16): warning CS8603: 可能返回 null 引用。 [/root/WorkSpace/CSharp/TelegramSearchBot/feature/project-restructure-implementation/TelegramSearchBot.AI/TelegramSearchBot.AI.csproj]
/root/WorkSpace/CSharp/TelegramSearchBot/feature/project-restructure-implementation/TelegramSearchBot.AI/AI/LLM/GeminiService.cs(136,24): warning CS8604: “IEnumerable<string> Enumerable.Select<Model, string>(IEnumerable<Model> source, Func<Model, string> selector)”中的形参“source”可能传入 null 引用实参。 [/root/WorkSpace/CSharp/TelegramSearchBot/feature/project-restructure-implementation/TelegramSearchBot.AI/TelegramSearchBot.AI.csproj]
/root/WorkSpace/CSharp/TelegramSearchBot/feature/project-restructure-implementation/TelegramSearchBot.AI/BotAPI/SendMessageService.cs(59,45): warning CS8600: 将 null 文本或可能的 null 值转换为不可为 null 类型。 [/root/WorkSpace/CSharp/TelegramSearchBot/feature/project-restructure-implementation/TelegramSearchBot.AI/TelegramSearchBot.AI.csproj]
/root/WorkSpace/CSharp/TelegramSearchBot/feature/project-restructure-implementation/TelegramSearchBot.AI/BotAPI/SendMessageService.cs(73,39): warning CS8600: 将 null 文本或可能的 null 值转换为不可为 null 类型。 [/root/WorkSpace/CSharp/TelegramSearchBot/feature/project-restructure-implementation/TelegramSearchBot.AI/TelegramSearchBot.AI.csproj]
/root/WorkSpace/CSharp/TelegramSearchBot/feature/project-restructure-implementation/TelegramSearchBot.AI/SequentialThinkingService.cs(85,42): warning CS8602: 解引用可能出现空引用。 [/root/WorkSpace/CSharp/TelegramSearchBot/feature/project-restructure-implementation/TelegramSearchBot.AI/TelegramSearchBot.AI.csproj]
/root/WorkSpace/CSharp/TelegramSearchBot/feature/project-restructure-implementation/TelegramSearchBot.AI/OllamaService.cs(477,46): warning CS8604: “Uri.Uri(string uriString)”中的形参“uriString”可能传入 null 引用实参。 [/root/WorkSpace/CSharp/TelegramSearchBot/feature/project-restructure-implementation/TelegramSearchBot.AI/TelegramSearchBot.AI.csproj]
/root/WorkSpace/CSharp/TelegramSearchBot/feature/project-restructure-implementation/TelegramSearchBot.AI/AI/LLM/GeminiService.cs(158,39): warning CS8602: 解引用可能出现空引用。 [/root/WorkSpace/CSharp/TelegramSearchBot/feature/project-restructure-implementation/TelegramSearchBot.AI/TelegramSearchBot.AI.csproj]
/root/WorkSpace/CSharp/TelegramSearchBot/feature/project-restructure-implementation/TelegramSearchBot.AI/SequentialThinkingService.cs(160,35): warning CS1998: 此异步方法缺少 "await" 运算符，将以同步方式运行。请考虑使用 "await" 运算符等待非阻止的 API 调用，或者使用 "await Task.Run(...)" 在后台线程上执行占用大量 CPU 的工作。 [/root/WorkSpace/CSharp/TelegramSearchBot/feature/project-restructure-implementation/TelegramSearchBot.AI/TelegramSearchBot.AI.csproj]
/root/WorkSpace/CSharp/TelegramSearchBot/feature/project-restructure-implementation/TelegramSearchBot.AI/SequentialThinkingService.cs(65,23): warning CS8618: 在退出构造函数时，不可为 null 的 属性 "Error" 必须包含非 null 值。请考虑添加 "required" 修饰符或将该 属性 声明为可为 null。 [/root/WorkSpace/CSharp/TelegramSearchBot/feature/project-restructure-implementation/TelegramSearchBot.AI/TelegramSearchBot.AI.csproj]
/root/WorkSpace/CSharp/TelegramSearchBot/feature/project-restructure-implementation/TelegramSearchBot.AI/SequentialThinkingService.cs(68,23): warning CS8618: 在退出构造函数时，不可为 null 的 属性 "Status" 必须包含非 null 值。请考虑添加 "required" 修饰符或将该 属性 声明为可为 null。 [/root/WorkSpace/CSharp/TelegramSearchBot/feature/project-restructure-implementation/TelegramSearchBot.AI/TelegramSearchBot.AI.csproj]
/root/WorkSpace/CSharp/TelegramSearchBot/feature/project-restructure-implementation/TelegramSearchBot.AI/SequentialThinkingService.cs(56,29): warning CS8618: 在退出构造函数时，不可为 null 的 属性 "Branches" 必须包含非 null 值。请考虑添加 "required" 修饰符或将该 属性 声明为可为 null。 [/root/WorkSpace/CSharp/TelegramSearchBot/feature/project-restructure-implementation/TelegramSearchBot.AI/TelegramSearchBot.AI.csproj]
/root/WorkSpace/CSharp/TelegramSearchBot/feature/project-restructure-implementation/TelegramSearchBot.AI/SequentialThinkingService.cs(17,23): warning CS8618: 在退出构造函数时，不可为 null 的 属性 "Thought" 必须包含非 null 值。请考虑添加 "required" 修饰符或将该 属性 声明为可为 null。 [/root/WorkSpace/CSharp/TelegramSearchBot/feature/project-restructure-implementation/TelegramSearchBot.AI/TelegramSearchBot.AI.csproj]
/root/WorkSpace/CSharp/TelegramSearchBot/feature/project-restructure-implementation/TelegramSearchBot.AI/SequentialThinkingService.cs(35,23): warning CS8618: 在退出构造函数时，不可为 null 的 属性 "BranchId" 必须包含非 null 值。请考虑添加 "required" 修饰符或将该 属性 声明为可为 null。 [/root/WorkSpace/CSharp/TelegramSearchBot/feature/project-restructure-implementation/TelegramSearchBot.AI/TelegramSearchBot.AI.csproj]
/root/WorkSpace/CSharp/TelegramSearchBot/feature/project-restructure-implementation/TelegramSearchBot.AI/MemoryService.cs(26,23): warning CS8618: 在退出构造函数时，不可为 null 的 属性 "From" 必须包含非 null 值。请考虑添加 "required" 修饰符或将该 属性 声明为可为 null。 [/root/WorkSpace/CSharp/TelegramSearchBot/feature/project-restructure-implementation/TelegramSearchBot.AI/TelegramSearchBot.AI.csproj]
/root/WorkSpace/CSharp/TelegramSearchBot/feature/project-restructure-implementation/TelegramSearchBot.AI/MemoryService.cs(27,23): warning CS8618: 在退出构造函数时，不可为 null 的 属性 "To" 必须包含非 null 值。请考虑添加 "required" 修饰符或将该 属性 声明为可为 null。 [/root/WorkSpace/CSharp/TelegramSearchBot/feature/project-restructure-implementation/TelegramSearchBot.AI/TelegramSearchBot.AI.csproj]
/root/WorkSpace/CSharp/TelegramSearchBot/feature/project-restructure-implementation/TelegramSearchBot.AI/MemoryService.cs(28,23): warning CS8618: 在退出构造函数时，不可为 null 的 属性 "RelationType" 必须包含非 null 值。请考虑添加 "required" 修饰符或将该 属性 声明为可为 null。 [/root/WorkSpace/CSharp/TelegramSearchBot/feature/project-restructure-implementation/TelegramSearchBot.AI/TelegramSearchBot.AI.csproj]
/root/WorkSpace/CSharp/TelegramSearchBot/feature/project-restructure-implementation/TelegramSearchBot.AI/RefreshService.cs(85,13): warning CS4014: 由于此调用不会等待，因此在此调用完成之前将会继续执行当前方法。请考虑将 "await" 运算符应用于调用结果。 [/root/WorkSpace/CSharp/TelegramSearchBot/feature/project-restructure-implementation/TelegramSearchBot.AI/TelegramSearchBot.AI.csproj]
/root/WorkSpace/CSharp/TelegramSearchBot/feature/project-restructure-implementation/TelegramSearchBot.AI/Storage/MessageExtensionService.cs(22,20): warning CS8603: 可能返回 null 引用。 [/root/WorkSpace/CSharp/TelegramSearchBot/feature/project-restructure-implementation/TelegramSearchBot.AI/TelegramSearchBot.AI.csproj]
/root/WorkSpace/CSharp/TelegramSearchBot/feature/project-restructure-implementation/TelegramSearchBot.AI/OllamaService.cs(559,94): warning CS1998: 此异步方法缺少 "await" 运算符，将以同步方式运行。请考虑使用 "await" 运算符等待非阻止的 API 调用，或者使用 "await Task.Run(...)" 在后台线程上执行占用大量 CPU 的工作。 [/root/WorkSpace/CSharp/TelegramSearchBot/feature/project-restructure-implementation/TelegramSearchBot.AI/TelegramSearchBot.AI.csproj]
/root/WorkSpace/CSharp/TelegramSearchBot/feature/project-restructure-implementation/TelegramSearchBot.AI/AI/LLM/ModelCapabilityService.cs(124,24): warning CS8603: 可能返回 null 引用。 [/root/WorkSpace/CSharp/TelegramSearchBot/feature/project-restructure-implementation/TelegramSearchBot.AI/TelegramSearchBot.AI.csproj]
/root/WorkSpace/CSharp/TelegramSearchBot/feature/project-restructure-implementation/TelegramSearchBot.AI/RefreshService.cs(92,61): warning CS0612: “ExportModel”已过时 [/root/WorkSpace/CSharp/TelegramSearchBot/feature/project-restructure-implementation/TelegramSearchBot.AI/TelegramSearchBot.AI.csproj]
/root/WorkSpace/CSharp/TelegramSearchBot/feature/project-restructure-implementation/TelegramSearchBot.AI/RefreshService.cs(93,60): warning CS8602: 解引用可能出现空引用。 [/root/WorkSpace/CSharp/TelegramSearchBot/feature/project-restructure-implementation/TelegramSearchBot.AI/TelegramSearchBot.AI.csproj]
/root/WorkSpace/CSharp/TelegramSearchBot/feature/project-restructure-implementation/TelegramSearchBot.AI/AI/LLM/GeminiService.cs(415,24): warning CS8604: “IEnumerable<float> Enumerable.Select<float, float>(IEnumerable<float> source, Func<float, float> selector)”中的形参“source”可能传入 null 引用实参。 [/root/WorkSpace/CSharp/TelegramSearchBot/feature/project-restructure-implementation/TelegramSearchBot.AI/TelegramSearchBot.AI.csproj]
/root/WorkSpace/CSharp/TelegramSearchBot/feature/project-restructure-implementation/TelegramSearchBot.AI/AI/LLM/GeminiService.cs(484,41): warning CS1998: 此异步方法缺少 "await" 运算符，将以同步方式运行。请考虑使用 "await" 运算符等待非阻止的 API 调用，或者使用 "await Task.Run(...)" 在后台线程上执行占用大量 CPU 的工作。 [/root/WorkSpace/CSharp/TelegramSearchBot/feature/project-restructure-implementation/TelegramSearchBot.AI/TelegramSearchBot.AI.csproj]
/root/WorkSpace/CSharp/TelegramSearchBot/feature/project-restructure-implementation/TelegramSearchBot.AI/ConversationProcessingTask.cs(27,16): warning CS8618: 在退出构造函数时，不可为 null 的 字段 "_heartbeatCallback" 必须包含非 null 值。请考虑添加 "required" 修饰符或将该 字段 声明为可为 null。 [/root/WorkSpace/CSharp/TelegramSearchBot/feature/project-restructure-implementation/TelegramSearchBot.AI/TelegramSearchBot.AI.csproj]
/root/WorkSpace/CSharp/TelegramSearchBot/feature/project-restructure-implementation/TelegramSearchBot.AI/AI/LLM/GeminiService.cs(508,94): warning CS1998: 此异步方法缺少 "await" 运算符，将以同步方式运行。请考虑使用 "await" 运算符等待非阻止的 API 调用，或者使用 "await Task.Run(...)" 在后台线程上执行占用大量 CPU 的工作。 [/root/WorkSpace/CSharp/TelegramSearchBot/feature/project-restructure-implementation/TelegramSearchBot.AI/TelegramSearchBot.AI.csproj]
/root/WorkSpace/CSharp/TelegramSearchBot/feature/project-restructure-implementation/TelegramSearchBot.AI/Helper/HttpClientHelper.cs(11,24): warning CS8603: 可能返回 null 引用。 [/root/WorkSpace/CSharp/TelegramSearchBot/feature/project-restructure-implementation/TelegramSearchBot.AI/TelegramSearchBot.AI.csproj]
/root/WorkSpace/CSharp/TelegramSearchBot/feature/project-restructure-implementation/TelegramSearchBot.AI/Helper/HttpClientHelper.cs(34,20): warning CS8603: 可能返回 null 引用。 [/root/WorkSpace/CSharp/TelegramSearchBot/feature/project-restructure-implementation/TelegramSearchBot.AI/TelegramSearchBot.AI.csproj]
/root/WorkSpace/CSharp/TelegramSearchBot/feature/project-restructure-implementation/TelegramSearchBot.AI/BotAPI/SendMessageService.cs(193,27): warning CS1998: 此异步方法缺少 "await" 运算符，将以同步方式运行。请考虑使用 "await" 运算符等待非阻止的 API 调用，或者使用 "await Task.Run(...)" 在后台线程上执行占用大量 CPU 的工作。 [/root/WorkSpace/CSharp/TelegramSearchBot/feature/project-restructure-implementation/TelegramSearchBot.AI/TelegramSearchBot.AI.csproj]
/root/WorkSpace/CSharp/TelegramSearchBot/feature/project-restructure-implementation/TelegramSearchBot.AI/Search/CallbackDataService.cs(21,23): warning CS8618: 在退出构造函数时，不可为 null 的 属性 "OriginalUuid" 必须包含非 null 值。请考虑添加 "required" 修饰符或将该 属性 声明为可为 null。 [/root/WorkSpace/CSharp/TelegramSearchBot/feature/project-restructure-implementation/TelegramSearchBot.AI/TelegramSearchBot.AI.csproj]
/root/WorkSpace/CSharp/TelegramSearchBot/feature/project-restructure-implementation/TelegramSearchBot.AI/Search/CallbackDataService.cs(42,44): warning CS8603: 可能返回 null 引用。 [/root/WorkSpace/CSharp/TelegramSearchBot/feature/project-restructure-implementation/TelegramSearchBot.AI/TelegramSearchBot.AI.csproj]
/root/WorkSpace/CSharp/TelegramSearchBot/feature/project-restructure-implementation/TelegramSearchBot.AI/Manage/AccountService.cs(42,28): warning CS8619: 类型“(bool, string, AccountBook?)”的值中引用类型的为 Null 性与目标类型“(bool success, string message, AccountBook accountBook)”不匹配。 [/root/WorkSpace/CSharp/TelegramSearchBot/feature/project-restructure-implementation/TelegramSearchBot.AI/TelegramSearchBot.AI.csproj]
/root/WorkSpace/CSharp/TelegramSearchBot/feature/project-restructure-implementation/TelegramSearchBot.AI/Manage/AccountService.cs(63,24): warning CS8619: 类型“(bool, string, AccountBook?)”的值中引用类型的为 Null 性与目标类型“(bool success, string message, AccountBook accountBook)”不匹配。 [/root/WorkSpace/CSharp/TelegramSearchBot/feature/project-restructure-implementation/TelegramSearchBot.AI/TelegramSearchBot.AI.csproj]
/root/WorkSpace/CSharp/TelegramSearchBot/feature/project-restructure-implementation/TelegramSearchBot.AI/Search/SearchOptionStorageService.cs(112,24): warning CS8603: 可能返回 null 引用。 [/root/WorkSpace/CSharp/TelegramSearchBot/feature/project-restructure-implementation/TelegramSearchBot.AI/TelegramSearchBot.AI.csproj]
/root/WorkSpace/CSharp/TelegramSearchBot/feature/project-restructure-implementation/TelegramSearchBot.AI/Search/SearchOptionStorageService.cs(117,13): warning CS8602: 解引用可能出现空引用。 [/root/WorkSpace/CSharp/TelegramSearchBot/feature/project-restructure-implementation/TelegramSearchBot.AI/TelegramSearchBot.AI.csproj]
/root/WorkSpace/CSharp/TelegramSearchBot/feature/project-restructure-implementation/TelegramSearchBot.AI/Search/SearchOptionStorageService.cs(119,20): warning CS8603: 可能返回 null 引用。 [/root/WorkSpace/CSharp/TelegramSearchBot/feature/project-restructure-implementation/TelegramSearchBot.AI/TelegramSearchBot.AI.csproj]
/root/WorkSpace/CSharp/TelegramSearchBot/feature/project-restructure-implementation/TelegramSearchBot.AI/Search/SearchOptionStorageService.cs(136,13): warning CS8602: 解引用可能出现空引用。 [/root/WorkSpace/CSharp/TelegramSearchBot/feature/project-restructure-implementation/TelegramSearchBot.AI/TelegramSearchBot.AI.csproj]
/root/WorkSpace/CSharp/TelegramSearchBot/feature/project-restructure-implementation/TelegramSearchBot.AI/Manage/CheckBanGroupService.cs(52,13): warning CS8602: 解引用可能出现空引用。 [/root/WorkSpace/CSharp/TelegramSearchBot/feature/project-restructure-implementation/TelegramSearchBot.AI/TelegramSearchBot.AI.csproj]
/root/WorkSpace/CSharp/TelegramSearchBot/feature/project-restructure-implementation/TelegramSearchBot.AI/AI/LLM/OpenAIService.cs(72,30): warning CS8604: “bool OpenAIService.IsOpenRouter(string gateway)”中的形参“gateway”可能传入 null 引用实参。 [/root/WorkSpace/CSharp/TelegramSearchBot/feature/project-restructure-implementation/TelegramSearchBot.AI/TelegramSearchBot.AI.csproj]
/root/WorkSpace/CSharp/TelegramSearchBot/feature/project-restructure-implementation/TelegramSearchBot.AI/AI/LLM/OpenAIService.cs(89,47): warning CS8604: “ApiKeyCredential.ApiKeyCredential(string key)”中的形参“key”可能传入 null 引用实参。 [/root/WorkSpace/CSharp/TelegramSearchBot/feature/project-restructure-implementation/TelegramSearchBot.AI/TelegramSearchBot.AI.csproj]
/root/WorkSpace/CSharp/TelegramSearchBot/feature/project-restructure-implementation/TelegramSearchBot.AI/Manage/AccountService.cs(125,24): warning CS8603: 可能返回 null 引用。 [/root/WorkSpace/CSharp/TelegramSearchBot/feature/project-restructure-implementation/TelegramSearchBot.AI/TelegramSearchBot.AI.csproj]
/root/WorkSpace/CSharp/TelegramSearchBot/feature/project-restructure-implementation/TelegramSearchBot.AI/Manage/AccountService.cs(127,20): warning CS8603: 可能返回 null 引用。 [/root/WorkSpace/CSharp/TelegramSearchBot/feature/project-restructure-implementation/TelegramSearchBot.AI/TelegramSearchBot.AI.csproj]
/root/WorkSpace/CSharp/TelegramSearchBot/feature/project-restructure-implementation/TelegramSearchBot.AI/SearchToolService.cs(125,38): warning CS8601: 可能的 null 引用赋值。 [/root/WorkSpace/CSharp/TelegramSearchBot/feature/project-restructure-implementation/TelegramSearchBot.AI/TelegramSearchBot.AI.csproj]
/root/WorkSpace/CSharp/TelegramSearchBot/feature/project-restructure-implementation/TelegramSearchBot.AI/SearchToolService.cs(132,166): warning CS8601: 可能的 null 引用赋值。 [/root/WorkSpace/CSharp/TelegramSearchBot/feature/project-restructure-implementation/TelegramSearchBot.AI/TelegramSearchBot.AI.csproj]
/root/WorkSpace/CSharp/TelegramSearchBot/feature/project-restructure-implementation/TelegramSearchBot.AI/Search/CallbackDataService.cs(66,13): warning CS8602: 解引用可能出现空引用。 [/root/WorkSpace/CSharp/TelegramSearchBot/feature/project-restructure-implementation/TelegramSearchBot.AI/TelegramSearchBot.AI.csproj]
/root/WorkSpace/CSharp/TelegramSearchBot/feature/project-restructure-implementation/TelegramSearchBot.AI/Search/CallbackDataService.cs(69,34): warning CS8625: 无法将 null 字面量转换为非 null 的引用类型。 [/root/WorkSpace/CSharp/TelegramSearchBot/feature/project-restructure-implementation/TelegramSearchBot.AI/TelegramSearchBot.AI.csproj]
/root/WorkSpace/CSharp/TelegramSearchBot/feature/project-restructure-implementation/TelegramSearchBot.AI/Helper/BiliHelper.cs(89,23): warning CS8600: 将 null 文本或可能的 null 值转换为不可为 null 类型。 [/root/WorkSpace/CSharp/TelegramSearchBot/feature/project-restructure-implementation/TelegramSearchBot.AI/TelegramSearchBot.AI.csproj]
/root/WorkSpace/CSharp/TelegramSearchBot/feature/project-restructure-implementation/TelegramSearchBot.AI/Helper/BiliHelper.cs(92,32): warning CS8602: 解引用可能出现空引用。 [/root/WorkSpace/CSharp/TelegramSearchBot/feature/project-restructure-implementation/TelegramSearchBot.AI/TelegramSearchBot.AI.csproj]
/root/WorkSpace/CSharp/TelegramSearchBot/feature/project-restructure-implementation/TelegramSearchBot.AI/Helper/BiliHelper.cs(92,32): warning CS8600: 将 null 文本或可能的 null 值转换为不可为 null 类型。 [/root/WorkSpace/CSharp/TelegramSearchBot/feature/project-restructure-implementation/TelegramSearchBot.AI/TelegramSearchBot.AI.csproj]
/root/WorkSpace/CSharp/TelegramSearchBot/feature/project-restructure-implementation/TelegramSearchBot.AI/Helper/BiliHelper.cs(98,52): warning CS8620: 由于引用类型的可为 null 性差异，IEnumerable<string?> 类型的实参不能用于 void List<string>.AddRange(IEnumerable<string> collection) 中 IEnumerable<string> 类型的形参 collection。 [/root/WorkSpace/CSharp/TelegramSearchBot/feature/project-restructure-implementation/TelegramSearchBot.AI/TelegramSearchBot.AI.csproj]
/root/WorkSpace/CSharp/TelegramSearchBot/feature/project-restructure-implementation/TelegramSearchBot.AI/Helper/BiliHelper.cs(108,29): warning CS8601: 可能的 null 引用赋值。 [/root/WorkSpace/CSharp/TelegramSearchBot/feature/project-restructure-implementation/TelegramSearchBot.AI/TelegramSearchBot.AI.csproj]
/root/WorkSpace/CSharp/TelegramSearchBot/feature/project-restructure-implementation/TelegramSearchBot.AI/Helper/BiliHelper.cs(110,32): warning CS8601: 可能的 null 引用赋值。 [/root/WorkSpace/CSharp/TelegramSearchBot/feature/project-restructure-implementation/TelegramSearchBot.AI/TelegramSearchBot.AI.csproj]
/root/WorkSpace/CSharp/TelegramSearchBot/feature/project-restructure-implementation/TelegramSearchBot.AI/Helper/BiliHelper.cs(111,27): warning CS8601: 可能的 null 引用赋值。 [/root/WorkSpace/CSharp/TelegramSearchBot/feature/project-restructure-implementation/TelegramSearchBot.AI/TelegramSearchBot.AI.csproj]
/root/WorkSpace/CSharp/TelegramSearchBot/feature/project-restructure-implementation/TelegramSearchBot.AI/Helper/BiliHelper.cs(112,28): warning CS8601: 可能的 null 引用赋值。 [/root/WorkSpace/CSharp/TelegramSearchBot/feature/project-restructure-implementation/TelegramSearchBot.AI/TelegramSearchBot.AI.csproj]
/root/WorkSpace/CSharp/TelegramSearchBot/feature/project-restructure-implementation/TelegramSearchBot.AI/Helper/BiliHelper.cs(113,35): warning CS8601: 可能的 null 引用赋值。 [/root/WorkSpace/CSharp/TelegramSearchBot/feature/project-restructure-implementation/TelegramSearchBot.AI/TelegramSearchBot.AI.csproj]
/root/WorkSpace/CSharp/TelegramSearchBot/feature/project-restructure-implementation/TelegramSearchBot.AI/Helper/BiliHelper.cs(118,76): warning CS8604: “BiliOpusInfo BiliHelper.ParseOpusItem(JsonNode itemNode, string originalUrl, ILogger logger = null)”中的形参“originalUrl”可能传入 null 引用实参。 [/root/WorkSpace/CSharp/TelegramSearchBot/feature/project-restructure-implementation/TelegramSearchBot.AI/TelegramSearchBot.AI.csproj]
/root/WorkSpace/CSharp/TelegramSearchBot/feature/project-restructure-implementation/TelegramSearchBot.AI/Storage/MessageService.cs(80,32): warning CS8601: 可能的 null 引用赋值。 [/root/WorkSpace/CSharp/TelegramSearchBot/feature/project-restructure-implementation/TelegramSearchBot.AI/TelegramSearchBot.AI.csproj]
/root/WorkSpace/CSharp/TelegramSearchBot/feature/project-restructure-implementation/TelegramSearchBot.AI/Storage/MessageService.cs(82,32): warning CS8601: 可能的 null 引用赋值。 [/root/WorkSpace/CSharp/TelegramSearchBot/feature/project-restructure-implementation/TelegramSearchBot.AI/TelegramSearchBot.AI.csproj]
/root/WorkSpace/CSharp/TelegramSearchBot/feature/project-restructure-implementation/TelegramSearchBot.AI/Storage/MessageService.cs(95,29): warning CS8601: 可能的 null 引用赋值。 [/root/WorkSpace/CSharp/TelegramSearchBot/feature/project-restructure-implementation/TelegramSearchBot.AI/TelegramSearchBot.AI.csproj]
/root/WorkSpace/CSharp/TelegramSearchBot/feature/project-restructure-implementation/TelegramSearchBot.AI/Storage/MessageService.cs(96,28): warning CS8601: 可能的 null 引用赋值。 [/root/WorkSpace/CSharp/TelegramSearchBot/feature/project-restructure-implementation/TelegramSearchBot.AI/TelegramSearchBot.AI.csproj]
/root/WorkSpace/CSharp/TelegramSearchBot/feature/project-restructure-implementation/TelegramSearchBot.AI/AI/LLM/ModelCapabilityService.cs(266,20): warning CS8603: 可能返回 null 引用。 [/root/WorkSpace/CSharp/TelegramSearchBot/feature/project-restructure-implementation/TelegramSearchBot.AI/TelegramSearchBot.AI.csproj]
/root/WorkSpace/CSharp/TelegramSearchBot/feature/project-restructure-implementation/TelegramSearchBot.AI/Manage/EditLLMConfHelper.cs(191,33): warning CS8602: 解引用可能出现空引用。 [/root/WorkSpace/CSharp/TelegramSearchBot/feature/project-restructure-implementation/TelegramSearchBot.AI/TelegramSearchBot.AI.csproj]
/root/WorkSpace/CSharp/TelegramSearchBot/feature/project-restructure-implementation/TelegramSearchBot.AI/MemoryService.cs(244,72): warning CS8602: 解引用可能出现空引用。 [/root/WorkSpace/CSharp/TelegramSearchBot/feature/project-restructure-implementation/TelegramSearchBot.AI/TelegramSearchBot.AI.csproj]
/root/WorkSpace/CSharp/TelegramSearchBot/feature/project-restructure-implementation/TelegramSearchBot.AI/MemoryService.cs(247,73): warning CS8602: 解引用可能出现空引用。 [/root/WorkSpace/CSharp/TelegramSearchBot/feature/project-restructure-implementation/TelegramSearchBot.AI/TelegramSearchBot.AI.csproj]
/root/WorkSpace/CSharp/TelegramSearchBot/feature/project-restructure-implementation/TelegramSearchBot.AI/MemoryService.cs(250,73): warning CS8602: 解引用可能出现空引用。 [/root/WorkSpace/CSharp/TelegramSearchBot/feature/project-restructure-implementation/TelegramSearchBot.AI/TelegramSearchBot.AI.csproj]
/root/WorkSpace/CSharp/TelegramSearchBot/feature/project-restructure-implementation/TelegramSearchBot.AI/MemoryService.cs(253,65): warning CS8602: 解引用可能出现空引用。 [/root/WorkSpace/CSharp/TelegramSearchBot/feature/project-restructure-implementation/TelegramSearchBot.AI/TelegramSearchBot.AI.csproj]
/root/WorkSpace/CSharp/TelegramSearchBot/feature/project-restructure-implementation/TelegramSearchBot.AI/MemoryService.cs(257,69): warning CS8602: 解引用可能出现空引用。 [/root/WorkSpace/CSharp/TelegramSearchBot/feature/project-restructure-implementation/TelegramSearchBot.AI/TelegramSearchBot.AI.csproj]
/root/WorkSpace/CSharp/TelegramSearchBot/feature/project-restructure-implementation/TelegramSearchBot.AI/MemoryService.cs(261,66): warning CS8602: 解引用可能出现空引用。 [/root/WorkSpace/CSharp/TelegramSearchBot/feature/project-restructure-implementation/TelegramSearchBot.AI/TelegramSearchBot.AI.csproj]
/root/WorkSpace/CSharp/TelegramSearchBot/feature/project-restructure-implementation/TelegramSearchBot.AI/MemoryService.cs(274,67): warning CS8602: 解引用可能出现空引用。 [/root/WorkSpace/CSharp/TelegramSearchBot/feature/project-restructure-implementation/TelegramSearchBot.AI/TelegramSearchBot.AI.csproj]
/root/WorkSpace/CSharp/TelegramSearchBot/feature/project-restructure-implementation/TelegramSearchBot.AI/AI/LLM/ModelCapabilityService.cs(289,20): warning CS8603: 可能返回 null 引用。 [/root/WorkSpace/CSharp/TelegramSearchBot/feature/project-restructure-implementation/TelegramSearchBot.AI/TelegramSearchBot.AI.csproj]
/root/WorkSpace/CSharp/TelegramSearchBot/feature/project-restructure-implementation/TelegramSearchBot.AI/Manage/AccountService.cs(138,28): warning CS8619: 类型“(bool, string, AccountRecord?)”的值中引用类型的为 Null 性与目标类型“(bool success, string message, AccountRecord record)”不匹配。 [/root/WorkSpace/CSharp/TelegramSearchBot/feature/project-restructure-implementation/TelegramSearchBot.AI/TelegramSearchBot.AI.csproj]
/root/WorkSpace/CSharp/TelegramSearchBot/feature/project-restructure-implementation/TelegramSearchBot.AI/Manage/AccountService.cs(169,24): warning CS8619: 类型“(bool, string, AccountRecord?)”的值中引用类型的为 Null 性与目标类型“(bool success, string message, AccountRecord record)”不匹配。 [/root/WorkSpace/CSharp/TelegramSearchBot/feature/project-restructure-implementation/TelegramSearchBot.AI/TelegramSearchBot.AI.csproj]
/root/WorkSpace/CSharp/TelegramSearchBot/feature/project-restructure-implementation/TelegramSearchBot.AI/McpToolHelper.cs(102,52): warning CS8620: 由于引用类型的可为 null 性差异，(MethodInfo method, Type? DeclaringType) 类型的实参不能用于 bool ConcurrentDictionary<string, (MethodInfo Method, Type OwningType)>.TryAdd(string key, (MethodInfo Method, Type OwningType) value) 中 (MethodInfo Method, Type OwningType) 类型的形参 value。 [/root/WorkSpace/CSharp/TelegramSearchBot/feature/project-restructure-implementation/TelegramSearchBot.AI/TelegramSearchBot.AI.csproj]
/root/WorkSpace/CSharp/TelegramSearchBot/feature/project-restructure-implementation/TelegramSearchBot.AI/McpToolHelper.cs(108,122): warning CS8602: 解引用可能出现空引用。 [/root/WorkSpace/CSharp/TelegramSearchBot/feature/project-restructure-implementation/TelegramSearchBot.AI/TelegramSearchBot.AI.csproj]
/root/WorkSpace/CSharp/TelegramSearchBot/feature/project-restructure-implementation/TelegramSearchBot.AI/McpToolHelper.cs(117,106): warning CS8602: 解引用可能出现空引用。 [/root/WorkSpace/CSharp/TelegramSearchBot/feature/project-restructure-implementation/TelegramSearchBot.AI/TelegramSearchBot.AI.csproj]
/root/WorkSpace/CSharp/TelegramSearchBot/feature/project-restructure-implementation/TelegramSearchBot.AI/McpToolHelper.cs(125,52): warning CS8620: 由于引用类型的可为 null 性差异，(MethodInfo method, Type? DeclaringType) 类型的实参不能用于 bool ConcurrentDictionary<string, (MethodInfo Method, Type OwningType)>.TryAdd(string key, (MethodInfo Method, Type OwningType) value) 中 (MethodInfo Method, Type OwningType) 类型的形参 value。 [/root/WorkSpace/CSharp/TelegramSearchBot/feature/project-restructure-implementation/TelegramSearchBot.AI/TelegramSearchBot.AI.csproj]
/root/WorkSpace/CSharp/TelegramSearchBot/feature/project-restructure-implementation/TelegramSearchBot.AI/McpToolHelper.cs(128,114): warning CS8602: 解引用可能出现空引用。 [/root/WorkSpace/CSharp/TelegramSearchBot/feature/project-restructure-implementation/TelegramSearchBot.AI/TelegramSearchBot.AI.csproj]
/root/WorkSpace/CSharp/TelegramSearchBot/feature/project-restructure-implementation/TelegramSearchBot.AI/MemoryService.cs(859,23): warning CS8618: 在退出构造函数时，不可为 null 的 属性 "EntityName" 必须包含非 null 值。请考虑添加 "required" 修饰符或将该 属性 声明为可为 null。 [/root/WorkSpace/CSharp/TelegramSearchBot/feature/project-restructure-implementation/TelegramSearchBot.AI/TelegramSearchBot.AI.csproj]
/root/WorkSpace/CSharp/TelegramSearchBot/feature/project-restructure-implementation/TelegramSearchBot.AI/MemoryService.cs(877,23): warning CS8618: 在退出构造函数时，不可为 null 的 属性 "Query" 必须包含非 null 值。请考虑添加 "required" 修饰符或将该 属性 声明为可为 null。 [/root/WorkSpace/CSharp/TelegramSearchBot/feature/project-restructure-implementation/TelegramSearchBot.AI/TelegramSearchBot.AI.csproj]
/root/WorkSpace/CSharp/TelegramSearchBot/feature/project-restructure-implementation/TelegramSearchBot.AI/MemoryService.cs(865,23): warning CS8618: 在退出构造函数时，不可为 null 的 属性 "EntityName" 必须包含非 null 值。请考虑添加 "required" 修饰符或将该 属性 声明为可为 null。 [/root/WorkSpace/CSharp/TelegramSearchBot/feature/project-restructure-implementation/TelegramSearchBot.AI/TelegramSearchBot.AI.csproj]
/root/WorkSpace/CSharp/TelegramSearchBot/feature/project-restructure-implementation/TelegramSearchBot.AI/MemoryService.cs(871,23): warning CS8618: 在退出构造函数时，不可为 null 的 属性 "EntityName" 必须包含非 null 值。请考虑添加 "required" 修饰符或将该 属性 声明为可为 null。 [/root/WorkSpace/CSharp/TelegramSearchBot/feature/project-restructure-implementation/TelegramSearchBot.AI/TelegramSearchBot.AI.csproj]
/root/WorkSpace/CSharp/TelegramSearchBot/feature/project-restructure-implementation/TelegramSearchBot.AI/Manage/CheckBanGroupService.cs(61,13): warning CS8602: 解引用可能出现空引用。 [/root/WorkSpace/CSharp/TelegramSearchBot/feature/project-restructure-implementation/TelegramSearchBot.AI/TelegramSearchBot.AI.csproj]
/root/WorkSpace/CSharp/TelegramSearchBot/feature/project-restructure-implementation/TelegramSearchBot.AI/Helper/MessageFormatHelper.cs(40,74): warning CS8625: 无法将 null 字面量转换为非 null 的引用类型。 [/root/WorkSpace/CSharp/TelegramSearchBot/feature/project-restructure-implementation/TelegramSearchBot.AI/TelegramSearchBot.AI.csproj]
/root/WorkSpace/CSharp/TelegramSearchBot/feature/project-restructure-implementation/TelegramSearchBot.AI/Helper/MessageFormatHelper.cs(76,76): warning CS8625: 无法将 null 字面量转换为非 null 的引用类型。 [/root/WorkSpace/CSharp/TelegramSearchBot/feature/project-restructure-implementation/TelegramSearchBot.AI/TelegramSearchBot.AI.csproj]
/root/WorkSpace/CSharp/TelegramSearchBot/feature/project-restructure-implementation/TelegramSearchBot.AI/Helper/MessageFormatHelper.cs(76,126): warning CS8625: 无法将 null 字面量转换为非 null 的引用类型。 [/root/WorkSpace/CSharp/TelegramSearchBot/feature/project-restructure-implementation/TelegramSearchBot.AI/TelegramSearchBot.AI.csproj]
/root/WorkSpace/CSharp/TelegramSearchBot/feature/project-restructure-implementation/TelegramSearchBot.AI/AI/LLM/OpenAIService.cs(128,46): warning CS8600: 将 null 文本或可能的 null 值转换为不可为 null 类型。 [/root/WorkSpace/CSharp/TelegramSearchBot/feature/project-restructure-implementation/TelegramSearchBot.AI/TelegramSearchBot.AI.csproj]
/root/WorkSpace/CSharp/TelegramSearchBot/feature/project-restructure-implementation/TelegramSearchBot.AI/MemoryService.cs(366,54): warning CS8604: “List<string> KnowledgeGraphManager.ParseObservations(string observations)”中的形参“observations”可能传入 null 引用实参。 [/root/WorkSpace/CSharp/TelegramSearchBot/feature/project-restructure-implementation/TelegramSearchBot.AI/TelegramSearchBot.AI.csproj]
/root/WorkSpace/CSharp/TelegramSearchBot/feature/project-restructure-implementation/TelegramSearchBot.AI/MemoryService.cs(402,24): warning CS8603: 可能返回 null 引用。 [/root/WorkSpace/CSharp/TelegramSearchBot/feature/project-restructure-implementation/TelegramSearchBot.AI/TelegramSearchBot.AI.csproj]
/root/WorkSpace/CSharp/TelegramSearchBot/feature/project-restructure-implementation/TelegramSearchBot.AI/BraveSearchService.cs(123,36): warning CS8603: 可能返回 null 引用。 [/root/WorkSpace/CSharp/TelegramSearchBot/feature/project-restructure-implementation/TelegramSearchBot.AI/TelegramSearchBot.AI.csproj]
/root/WorkSpace/CSharp/TelegramSearchBot/feature/project-restructure-implementation/TelegramSearchBot.AI/BraveSearchService.cs(163,20): warning CS8603: 可能返回 null 引用。 [/root/WorkSpace/CSharp/TelegramSearchBot/feature/project-restructure-implementation/TelegramSearchBot.AI/TelegramSearchBot.AI.csproj]
/root/WorkSpace/CSharp/TelegramSearchBot/feature/project-restructure-implementation/TelegramSearchBot.AI/AI/LLM/OpenAIService.cs(162,30): warning CS8604: “bool OpenAIService.IsOpenRouter(string gateway)”中的形参“gateway”可能传入 null 引用实参。 [/root/WorkSpace/CSharp/TelegramSearchBot/feature/project-restructure-implementation/TelegramSearchBot.AI/TelegramSearchBot.AI.csproj]
/root/WorkSpace/CSharp/TelegramSearchBot/feature/project-restructure-implementation/TelegramSearchBot.AI/AI/LLM/OpenAIService.cs(195,51): warning CS8604: “ApiKeyCredential.ApiKeyCredential(string key)”中的形参“key”可能传入 null 引用实参。 [/root/WorkSpace/CSharp/TelegramSearchBot/feature/project-restructure-implementation/TelegramSearchBot.AI/TelegramSearchBot.AI.csproj]
/root/WorkSpace/CSharp/TelegramSearchBot/feature/project-restructure-implementation/TelegramSearchBot.AI/McpToolHelper.cs(293,25): warning CS8602: 解引用可能出现空引用。 [/root/WorkSpace/CSharp/TelegramSearchBot/feature/project-restructure-implementation/TelegramSearchBot.AI/TelegramSearchBot.AI.csproj]
/root/WorkSpace/CSharp/TelegramSearchBot/feature/project-restructure-implementation/TelegramSearchBot.AI/McpToolHelper.cs(340,46): warning CS8600: 将 null 文本或可能的 null 值转换为不可为 null 类型。 [/root/WorkSpace/CSharp/TelegramSearchBot/feature/project-restructure-implementation/TelegramSearchBot.AI/TelegramSearchBot.AI.csproj]
/root/WorkSpace/CSharp/TelegramSearchBot/feature/project-restructure-implementation/TelegramSearchBot.AI/McpToolHelper.cs(343,57): warning CS8604: “(string toolName, Dictionary<string, string> arguments) McpToolHelper.ParseToolElement(XElement element)”中的形参“element”可能传入 null 引用实参。 [/root/WorkSpace/CSharp/TelegramSearchBot/feature/project-restructure-implementation/TelegramSearchBot.AI/TelegramSearchBot.AI.csproj]
/root/WorkSpace/CSharp/TelegramSearchBot/feature/project-restructure-implementation/TelegramSearchBot.AI/Manage/AccountService.cs(199,32): warning CS8714: 类型“string?”不能用作泛型类型或方法“Enumerable.ToDictionary<TSource, TKey, TElement>(IEnumerable<TSource>, Func<TSource, TKey>, Func<TSource, TElement>)”中的类型参数“TKey”。类型参数“string?”的为 Null 性与 "notnull" 约束不匹配。 [/root/WorkSpace/CSharp/TelegramSearchBot/feature/project-restructure-implementation/TelegramSearchBot.AI/TelegramSearchBot.AI.csproj]
/root/WorkSpace/CSharp/TelegramSearchBot/feature/project-restructure-implementation/TelegramSearchBot.AI/Manage/AccountService.cs(202,31): warning CS8621: “lambda 表达式”的返回类型中引用类型的为 Null 性与目标委托“Func<IGrouping<string?, AccountRecord>, string?>”不匹配(可能是由于为 Null 性特性)。 [/root/WorkSpace/CSharp/TelegramSearchBot/feature/project-restructure-implementation/TelegramSearchBot.AI/TelegramSearchBot.AI.csproj]
/root/WorkSpace/CSharp/TelegramSearchBot/feature/project-restructure-implementation/TelegramSearchBot.AI/Manage/AccountService.cs(204,31): warning CS8714: 类型“string?”不能用作泛型类型或方法“Enumerable.ToDictionary<TSource, TKey, TElement>(IEnumerable<TSource>, Func<TSource, TKey>, Func<TSource, TElement>)”中的类型参数“TKey”。类型参数“string?”的为 Null 性与 "notnull" 约束不匹配。 [/root/WorkSpace/CSharp/TelegramSearchBot/feature/project-restructure-implementation/TelegramSearchBot.AI/TelegramSearchBot.AI.csproj]
/root/WorkSpace/CSharp/TelegramSearchBot/feature/project-restructure-implementation/TelegramSearchBot.AI/Manage/AccountService.cs(207,31): warning CS8621: “lambda 表达式”的返回类型中引用类型的为 Null 性与目标委托“Func<IGrouping<string?, AccountRecord>, string?>”不匹配(可能是由于为 Null 性特性)。 [/root/WorkSpace/CSharp/TelegramSearchBot/feature/project-restructure-implementation/TelegramSearchBot.AI/TelegramSearchBot.AI.csproj]
/root/WorkSpace/CSharp/TelegramSearchBot/feature/project-restructure-implementation/TelegramSearchBot.AI/Scheduler/SchedulerService.cs(156,66): warning CS8629: 可为 null 的值类型可为 null。 [/root/WorkSpace/CSharp/TelegramSearchBot/feature/project-restructure-implementation/TelegramSearchBot.AI/TelegramSearchBot.AI.csproj]
/root/WorkSpace/CSharp/TelegramSearchBot/feature/project-restructure-implementation/TelegramSearchBot.AI/McpToolHelper.cs(376,31): warning CS8600: 将 null 文本或可能的 null 值转换为不可为 null 类型。 [/root/WorkSpace/CSharp/TelegramSearchBot/feature/project-restructure-implementation/TelegramSearchBot.AI/TelegramSearchBot.AI.csproj]
/root/WorkSpace/CSharp/TelegramSearchBot/feature/project-restructure-implementation/TelegramSearchBot.AI/McpToolHelper.cs(382,28): warning CS8600: 将 null 文本或可能的 null 值转换为不可为 null 类型。 [/root/WorkSpace/CSharp/TelegramSearchBot/feature/project-restructure-implementation/TelegramSearchBot.AI/TelegramSearchBot.AI.csproj]
/root/WorkSpace/CSharp/TelegramSearchBot/feature/project-restructure-implementation/TelegramSearchBot.AI/McpToolHelper.cs(386,28): warning CS8619: 类型“(string?, Dictionary<string, string>?)”的值中引用类型的为 Null 性与目标类型“(string toolName, Dictionary<string, string> arguments)”不匹配。 [/root/WorkSpace/CSharp/TelegramSearchBot/feature/project-restructure-implementation/TelegramSearchBot.AI/TelegramSearchBot.AI.csproj]
/root/WorkSpace/CSharp/TelegramSearchBot/feature/project-restructure-implementation/TelegramSearchBot.AI/McpToolHelper.cs(392,28): warning CS8600: 将 null 文本或可能的 null 值转换为不可为 null 类型。 [/root/WorkSpace/CSharp/TelegramSearchBot/feature/project-restructure-implementation/TelegramSearchBot.AI/TelegramSearchBot.AI.csproj]
/root/WorkSpace/CSharp/TelegramSearchBot/feature/project-restructure-implementation/TelegramSearchBot.AI/McpToolHelper.cs(399,24): warning CS8619: 类型“(string?, Dictionary<string, string>?)”的值中引用类型的为 Null 性与目标类型“(string toolName, Dictionary<string, string> arguments)”不匹配。 [/root/WorkSpace/CSharp/TelegramSearchBot/feature/project-restructure-implementation/TelegramSearchBot.AI/TelegramSearchBot.AI.csproj]
/root/WorkSpace/CSharp/TelegramSearchBot/feature/project-restructure-implementation/TelegramSearchBot.AI/McpToolHelper.cs(545,44): warning CS8604: “bool Dictionary<string, string>.ContainsKey(string key)”中的形参“key”可能传入 null 引用实参。 [/root/WorkSpace/CSharp/TelegramSearchBot/feature/project-restructure-implementation/TelegramSearchBot.AI/TelegramSearchBot.AI.csproj]
/root/WorkSpace/CSharp/TelegramSearchBot/feature/project-restructure-implementation/TelegramSearchBot.AI/Manage/AccountService.cs(230,28): warning CS8603: 可能返回 null 引用。 [/root/WorkSpace/CSharp/TelegramSearchBot/feature/project-restructure-implementation/TelegramSearchBot.AI/TelegramSearchBot.AI.csproj]
/root/WorkSpace/CSharp/TelegramSearchBot/feature/project-restructure-implementation/TelegramSearchBot.AI/Manage/AccountService.cs(270,24): warning CS8603: 可能返回 null 引用。 [/root/WorkSpace/CSharp/TelegramSearchBot/feature/project-restructure-implementation/TelegramSearchBot.AI/TelegramSearchBot.AI.csproj]
/root/WorkSpace/CSharp/TelegramSearchBot/feature/project-restructure-implementation/TelegramSearchBot.AI/Manage/ChatImportService.cs(47,46): warning CS8602: 解引用可能出现空引用。 [/root/WorkSpace/CSharp/TelegramSearchBot/feature/project-restructure-implementation/TelegramSearchBot.AI/TelegramSearchBot.AI.csproj]
/root/WorkSpace/CSharp/TelegramSearchBot/feature/project-restructure-implementation/TelegramSearchBot.AI/Manage/ChatImportService.cs(80,60): warning CS8604: “string Path.Combine(string path1, string path2)”中的形参“path1”可能传入 null 引用实参。 [/root/WorkSpace/CSharp/TelegramSearchBot/feature/project-restructure-implementation/TelegramSearchBot.AI/TelegramSearchBot.AI.csproj]
/root/WorkSpace/CSharp/TelegramSearchBot/feature/project-restructure-implementation/TelegramSearchBot.AI/Manage/ChatImportService.cs(94,63): warning CS8604: “string Path.Combine(string path1, string path2)”中的形参“path1”可能传入 null 引用实参。 [/root/WorkSpace/CSharp/TelegramSearchBot/feature/project-restructure-implementation/TelegramSearchBot.AI/TelegramSearchBot.AI.csproj]
/root/WorkSpace/CSharp/TelegramSearchBot/feature/project-restructure-implementation/TelegramSearchBot.AI/Scheduler/SchedulerService.cs(253,38): warning CS8625: 无法将 null 字面量转换为非 null 的引用类型。 [/root/WorkSpace/CSharp/TelegramSearchBot/feature/project-restructure-implementation/TelegramSearchBot.AI/TelegramSearchBot.AI.csproj]
/root/WorkSpace/CSharp/TelegramSearchBot/feature/project-restructure-implementation/TelegramSearchBot.AI/Scheduler/SchedulerService.cs(254,39): warning CS8625: 无法将 null 字面量转换为非 null 的引用类型。 [/root/WorkSpace/CSharp/TelegramSearchBot/feature/project-restructure-implementation/TelegramSearchBot.AI/TelegramSearchBot.AI.csproj]
/root/WorkSpace/CSharp/TelegramSearchBot/feature/project-restructure-implementation/TelegramSearchBot.AI/Manage/AccountService.cs(345,28): warning CS8619: 类型“(bool, decimal, string?, string?)”的值中引用类型的为 Null 性与目标类型“(bool success, decimal amount, string tag, string description)”不匹配。 [/root/WorkSpace/CSharp/TelegramSearchBot/feature/project-restructure-implementation/TelegramSearchBot.AI/TelegramSearchBot.AI.csproj]
/root/WorkSpace/CSharp/TelegramSearchBot/feature/project-restructure-implementation/TelegramSearchBot.AI/Manage/AccountService.cs(350,28): warning CS8619: 类型“(bool, decimal, string?, string?)”的值中引用类型的为 Null 性与目标类型“(bool success, decimal amount, string tag, string description)”不匹配。 [/root/WorkSpace/CSharp/TelegramSearchBot/feature/project-restructure-implementation/TelegramSearchBot.AI/TelegramSearchBot.AI.csproj]
/root/WorkSpace/CSharp/TelegramSearchBot/feature/project-restructure-implementation/TelegramSearchBot.AI/Manage/AccountService.cs(356,24): warning CS8619: 类型“(bool, decimal amount, string tag, string? description)”的值中引用类型的为 Null 性与目标类型“(bool success, decimal amount, string tag, string description)”不匹配。 [/root/WorkSpace/CSharp/TelegramSearchBot/feature/project-restructure-implementation/TelegramSearchBot.AI/TelegramSearchBot.AI.csproj]
/root/WorkSpace/CSharp/TelegramSearchBot/feature/project-restructure-implementation/TelegramSearchBot.AI/Manage/AccountService.cs(361,24): warning CS8619: 类型“(bool, decimal, string?, string?)”的值中引用类型的为 Null 性与目标类型“(bool success, decimal amount, string tag, string description)”不匹配。 [/root/WorkSpace/CSharp/TelegramSearchBot/feature/project-restructure-implementation/TelegramSearchBot.AI/TelegramSearchBot.AI.csproj]
/root/WorkSpace/CSharp/TelegramSearchBot/feature/project-restructure-implementation/TelegramSearchBot.AI/McpToolHelper.cs(585,49): warning CS8604: “bool Dictionary<string, string>.TryGetValue(string key, out string value)”中的形参“key”可能传入 null 引用实参。 [/root/WorkSpace/CSharp/TelegramSearchBot/feature/project-restructure-implementation/TelegramSearchBot.AI/TelegramSearchBot.AI.csproj]
/root/WorkSpace/CSharp/TelegramSearchBot/feature/project-restructure-implementation/TelegramSearchBot.AI/McpToolHelper.cs(591,40): warning CS8601: 可能的 null 引用赋值。 [/root/WorkSpace/CSharp/TelegramSearchBot/feature/project-restructure-implementation/TelegramSearchBot.AI/TelegramSearchBot.AI.csproj]
/root/WorkSpace/CSharp/TelegramSearchBot/feature/project-restructure-implementation/TelegramSearchBot.AI/McpToolHelper.cs(604,44): warning CS8625: 无法将 null 字面量转换为非 null 的引用类型。 [/root/WorkSpace/CSharp/TelegramSearchBot/feature/project-restructure-implementation/TelegramSearchBot.AI/TelegramSearchBot.AI.csproj]
/root/WorkSpace/CSharp/TelegramSearchBot/feature/project-restructure-implementation/TelegramSearchBot.AI/McpToolHelper.cs(608,31): warning CS8600: 将 null 文本或可能的 null 值转换为不可为 null 类型。 [/root/WorkSpace/CSharp/TelegramSearchBot/feature/project-restructure-implementation/TelegramSearchBot.AI/TelegramSearchBot.AI.csproj]
/root/WorkSpace/CSharp/TelegramSearchBot/feature/project-restructure-implementation/TelegramSearchBot.AI/McpToolHelper.cs(613,32): warning CS8600: 将 null 文本或可能的 null 值转换为不可为 null 类型。 [/root/WorkSpace/CSharp/TelegramSearchBot/feature/project-restructure-implementation/TelegramSearchBot.AI/TelegramSearchBot.AI.csproj]
/root/WorkSpace/CSharp/TelegramSearchBot/feature/project-restructure-implementation/TelegramSearchBot.AI/McpToolHelper.cs(617,40): warning CS8600: 将 null 文本或可能的 null 值转换为不可为 null 类型。 [/root/WorkSpace/CSharp/TelegramSearchBot/feature/project-restructure-implementation/TelegramSearchBot.AI/TelegramSearchBot.AI.csproj]
/root/WorkSpace/CSharp/TelegramSearchBot/feature/project-restructure-implementation/TelegramSearchBot.AI/McpToolHelper.cs(622,33): warning CS8600: 将 null 文本或可能的 null 值转换为不可为 null 类型。 [/root/WorkSpace/CSharp/TelegramSearchBot/feature/project-restructure-implementation/TelegramSearchBot.AI/TelegramSearchBot.AI.csproj]
/root/WorkSpace/CSharp/TelegramSearchBot/feature/project-restructure-implementation/TelegramSearchBot.AI/McpToolHelper.cs(638,24): warning CS8603: 可能返回 null 引用。 [/root/WorkSpace/CSharp/TelegramSearchBot/feature/project-restructure-implementation/TelegramSearchBot.AI/TelegramSearchBot.AI.csproj]
/root/WorkSpace/CSharp/TelegramSearchBot/feature/project-restructure-implementation/TelegramSearchBot.AI/McpToolHelper.cs(640,20): warning CS8603: 可能返回 null 引用。 [/root/WorkSpace/CSharp/TelegramSearchBot/feature/project-restructure-implementation/TelegramSearchBot.AI/TelegramSearchBot.AI.csproj]
/root/WorkSpace/CSharp/TelegramSearchBot/feature/project-restructure-implementation/TelegramSearchBot.AI/AI/LLM/OpenAIService.cs(386,34): warning CS8600: 将 null 文本或可能的 null 值转换为不可为 null 类型。 [/root/WorkSpace/CSharp/TelegramSearchBot/feature/project-restructure-implementation/TelegramSearchBot.AI/TelegramSearchBot.AI.csproj]
/root/WorkSpace/CSharp/TelegramSearchBot/feature/project-restructure-implementation/TelegramSearchBot.AI/AI/LLM/OpenAIService.cs(389,28): warning CS8603: 可能返回 null 引用。 [/root/WorkSpace/CSharp/TelegramSearchBot/feature/project-restructure-implementation/TelegramSearchBot.AI/TelegramSearchBot.AI.csproj]
/root/WorkSpace/CSharp/TelegramSearchBot/feature/project-restructure-implementation/TelegramSearchBot.AI/AI/LLM/OpenAIService.cs(554,24): warning CS8603: 可能返回 null 引用。 [/root/WorkSpace/CSharp/TelegramSearchBot/feature/project-restructure-implementation/TelegramSearchBot.AI/TelegramSearchBot.AI.csproj]
/root/WorkSpace/CSharp/TelegramSearchBot/feature/project-restructure-implementation/TelegramSearchBot.AI/MemoryService.cs(622,66): warning CS8604: “List<string> KnowledgeGraphManager.ParseObservations(string observations)”中的形参“observations”可能传入 null 引用实参。 [/root/WorkSpace/CSharp/TelegramSearchBot/feature/project-restructure-implementation/TelegramSearchBot.AI/TelegramSearchBot.AI.csproj]
/root/WorkSpace/CSharp/TelegramSearchBot/feature/project-restructure-implementation/TelegramSearchBot.AI/BotAPI/SendMessageService.Streaming.cs(126,45): warning CS8600: 将 null 文本或可能的 null 值转换为不可为 null 类型。 [/root/WorkSpace/CSharp/TelegramSearchBot/feature/project-restructure-implementation/TelegramSearchBot.AI/TelegramSearchBot.AI.csproj]
/root/WorkSpace/CSharp/TelegramSearchBot/feature/project-restructure-implementation/TelegramSearchBot.AI/BotAPI/SendMessageService.Streaming.cs(127,45): warning CS8600: 将 null 文本或可能的 null 值转换为不可为 null 类型。 [/root/WorkSpace/CSharp/TelegramSearchBot/feature/project-restructure-implementation/TelegramSearchBot.AI/TelegramSearchBot.AI.csproj]
/root/WorkSpace/CSharp/TelegramSearchBot/feature/project-restructure-implementation/TelegramSearchBot.AI/McpToolHelper.cs(658,67): warning CS8603: 可能返回 null 引用。 [/root/WorkSpace/CSharp/TelegramSearchBot/feature/project-restructure-implementation/TelegramSearchBot.AI/TelegramSearchBot.AI.csproj]
/root/WorkSpace/CSharp/TelegramSearchBot/feature/project-restructure-implementation/TelegramSearchBot.AI/McpToolHelper.cs(659,62): warning CS8604: “object McpToolHelper.ConvertArgumentValue(string stringValue, Type targetType, string paramNameForError)”中的形参“targetType”可能传入 null 引用实参。 [/root/WorkSpace/CSharp/TelegramSearchBot/feature/project-restructure-implementation/TelegramSearchBot.AI/TelegramSearchBot.AI.csproj]
/root/WorkSpace/CSharp/TelegramSearchBot/feature/project-restructure-implementation/TelegramSearchBot.AI/McpToolHelper.cs(667,32): warning CS8603: 可能返回 null 引用。 [/root/WorkSpace/CSharp/TelegramSearchBot/feature/project-restructure-implementation/TelegramSearchBot.AI/TelegramSearchBot.AI.csproj]
/root/WorkSpace/CSharp/TelegramSearchBot/feature/project-restructure-implementation/TelegramSearchBot.AI/MemoryService.cs(678,54): warning CS8604: “bool List<string>.Contains(string item)”中的形参“item”可能传入 null 引用实参。 [/root/WorkSpace/CSharp/TelegramSearchBot/feature/project-restructure-implementation/TelegramSearchBot.AI/TelegramSearchBot.AI.csproj]
/root/WorkSpace/CSharp/TelegramSearchBot/feature/project-restructure-implementation/TelegramSearchBot.AI/MemoryService.cs(678,92): warning CS8604: “bool List<string>.Contains(string item)”中的形参“item”可能传入 null 引用实参。 [/root/WorkSpace/CSharp/TelegramSearchBot/feature/project-restructure-implementation/TelegramSearchBot.AI/TelegramSearchBot.AI.csproj]
/root/WorkSpace/CSharp/TelegramSearchBot/feature/project-restructure-implementation/TelegramSearchBot.AI/McpToolHelper.cs(746,28): warning CS8603: 可能返回 null 引用。 [/root/WorkSpace/CSharp/TelegramSearchBot/feature/project-restructure-implementation/TelegramSearchBot.AI/TelegramSearchBot.AI.csproj]
/root/WorkSpace/CSharp/TelegramSearchBot/feature/project-restructure-implementation/TelegramSearchBot.AI/McpToolHelper.cs(26,41): warning CS8618: 在退出构造函数时，不可为 null 的 字段 "_sServiceProvider" 必须包含非 null 值。请考虑添加 "required" 修饰符或将该 字段 声明为可为 null。 [/root/WorkSpace/CSharp/TelegramSearchBot/feature/project-restructure-implementation/TelegramSearchBot.AI/TelegramSearchBot.AI.csproj]
/root/WorkSpace/CSharp/TelegramSearchBot/feature/project-restructure-implementation/TelegramSearchBot.AI/McpToolHelper.cs(27,32): warning CS8618: 在退出构造函数时，不可为 null 的 字段 "_sLogger" 必须包含非 null 值。请考虑添加 "required" 修饰符或将该 字段 声明为可为 null。 [/root/WorkSpace/CSharp/TelegramSearchBot/feature/project-restructure-implementation/TelegramSearchBot.AI/TelegramSearchBot.AI.csproj]
/root/WorkSpace/CSharp/TelegramSearchBot/feature/project-restructure-implementation/TelegramSearchBot.AI/McpToolHelper.cs(28,31): warning CS8618: 在退出构造函数时，不可为 null 的 字段 "_sCachedToolsXml" 必须包含非 null 值。请考虑添加 "required" 修饰符或将该 字段 声明为可为 null。 [/root/WorkSpace/CSharp/TelegramSearchBot/feature/project-restructure-implementation/TelegramSearchBot.AI/TelegramSearchBot.AI.csproj]
/root/WorkSpace/CSharp/TelegramSearchBot/feature/project-restructure-implementation/TelegramSearchBot.AI/AI/LLM/GeneralLLMService.cs(218,20): warning CS8603: 可能返回 null 引用。 [/root/WorkSpace/CSharp/TelegramSearchBot/feature/project-restructure-implementation/TelegramSearchBot.AI/TelegramSearchBot.AI.csproj]
/root/WorkSpace/CSharp/TelegramSearchBot/feature/project-restructure-implementation/TelegramSearchBot.AI/MemoryService.cs(720,70): warning CS8604: “List<string> KnowledgeGraphManager.ParseObservations(string observations)”中的形参“observations”可能传入 null 引用实参。 [/root/WorkSpace/CSharp/TelegramSearchBot/feature/project-restructure-implementation/TelegramSearchBot.AI/TelegramSearchBot.AI.csproj]
/root/WorkSpace/CSharp/TelegramSearchBot/feature/project-restructure-implementation/TelegramSearchBot.AI/SearchToolService.cs(157,27): warning CS8600: 将 null 文本或可能的 null 值转换为不可为 null 类型。 [/root/WorkSpace/CSharp/TelegramSearchBot/feature/project-restructure-implementation/TelegramSearchBot.AI/TelegramSearchBot.AI.csproj]
/root/WorkSpace/CSharp/TelegramSearchBot/feature/project-restructure-implementation/TelegramSearchBot.AI/SearchToolService.cs(318,28): warning CS8601: 可能的 null 引用赋值。 [/root/WorkSpace/CSharp/TelegramSearchBot/feature/project-restructure-implementation/TelegramSearchBot.AI/TelegramSearchBot.AI.csproj]
/root/WorkSpace/CSharp/TelegramSearchBot/feature/project-restructure-implementation/TelegramSearchBot.AI/BotAPI/SendMessageService.Streaming.cs(240,80): warning CS8600: 将 null 文本或可能的 null 值转换为不可为 null 类型。 [/root/WorkSpace/CSharp/TelegramSearchBot/feature/project-restructure-implementation/TelegramSearchBot.AI/TelegramSearchBot.AI.csproj]
/root/WorkSpace/CSharp/TelegramSearchBot/feature/project-restructure-implementation/TelegramSearchBot.AI/BotAPI/SendMessageService.Streaming.cs(341,28): warning CS8600: 将 null 文本或可能的 null 值转换为不可为 null 类型。 [/root/WorkSpace/CSharp/TelegramSearchBot/feature/project-restructure-implementation/TelegramSearchBot.AI/TelegramSearchBot.AI.csproj]
/root/WorkSpace/CSharp/TelegramSearchBot/feature/project-restructure-implementation/TelegramSearchBot.AI/AI/LLM/OpenAIService.cs(605,43): warning CS8600: 将 null 文本或可能的 null 值转换为不可为 null 类型。 [/root/WorkSpace/CSharp/TelegramSearchBot/feature/project-restructure-implementation/TelegramSearchBot.AI/TelegramSearchBot.AI.csproj]
/root/WorkSpace/CSharp/TelegramSearchBot/feature/project-restructure-implementation/TelegramSearchBot.AI/AI/LLM/OpenAIService.cs(957,20): warning CS8603: 可能返回 null 引用。 [/root/WorkSpace/CSharp/TelegramSearchBot/feature/project-restructure-implementation/TelegramSearchBot.AI/TelegramSearchBot.AI.csproj]
/root/WorkSpace/CSharp/TelegramSearchBot/feature/project-restructure-implementation/TelegramSearchBot.AI/AI/LLM/OpenAIService.cs(1049,41): warning CS1998: 此异步方法缺少 "await" 运算符，将以同步方式运行。请考虑使用 "await" 运算符等待非阻止的 API 调用，或者使用 "await Task.Run(...)" 在后台线程上执行占用大量 CPU 的工作。 [/root/WorkSpace/CSharp/TelegramSearchBot/feature/project-restructure-implementation/TelegramSearchBot.AI/TelegramSearchBot.AI.csproj]
/root/WorkSpace/CSharp/TelegramSearchBot/feature/project-restructure-implementation/TelegramSearchBot.AI/AI/LLM/OpenAIService.cs(1074,94): warning CS1998: 此异步方法缺少 "await" 运算符，将以同步方式运行。请考虑使用 "await" 运算符等待非阻止的 API 调用，或者使用 "await Task.Run(...)" 在后台线程上执行占用大量 CPU 的工作。 [/root/WorkSpace/CSharp/TelegramSearchBot/feature/project-restructure-implementation/TelegramSearchBot.AI/TelegramSearchBot.AI.csproj]
/root/WorkSpace/CSharp/TelegramSearchBot/feature/project-restructure-implementation/TelegramSearchBot.AI/AI/LLM/OpenAIService.cs(42,30): warning CS8618: 在退出构造函数时，不可为 null 的 字段 "_botName" 必须包含非 null 值。请考虑添加 "required" 修饰符或将该 字段 声明为可为 null。 [/root/WorkSpace/CSharp/TelegramSearchBot/feature/project-restructure-implementation/TelegramSearchBot.AI/TelegramSearchBot.AI.csproj]
/root/WorkSpace/CSharp/TelegramSearchBot/feature/project-restructure-implementation/TelegramSearchBot.AI/Scheduler/WordCloudTask.cs(145,37): warning CA1416: 可在所有平台上访问此调用站点。"Image.FromStream(Stream)" 仅在 'windows' 上受支持。 (https://learn.microsoft.com/dotnet/fundamentals/code-analysis/quality-rules/ca1416) [/root/WorkSpace/CSharp/TelegramSearchBot/feature/project-restructure-implementation/TelegramSearchBot.AI/TelegramSearchBot.AI.csproj]
/root/WorkSpace/CSharp/TelegramSearchBot/feature/project-restructure-implementation/TelegramSearchBot.AI/Helper/WordCloudHelper.cs(152,13): warning CA1416: 可在所有平台上访问此调用站点。"Image.Save(Stream, ImageFormat)" 仅在 'windows' 上受支持。 (https://learn.microsoft.com/dotnet/fundamentals/code-analysis/quality-rules/ca1416) [/root/WorkSpace/CSharp/TelegramSearchBot/feature/project-restructure-implementation/TelegramSearchBot.AI/TelegramSearchBot.AI.csproj]
/root/WorkSpace/CSharp/TelegramSearchBot/feature/project-restructure-implementation/TelegramSearchBot.AI/Helper/WordCloudHelper.cs(152,28): warning CA1416: 可在所有平台上访问此调用站点。"ImageFormat.Png" 仅在 'windows' 上受支持。 (https://learn.microsoft.com/dotnet/fundamentals/code-analysis/quality-rules/ca1416) [/root/WorkSpace/CSharp/TelegramSearchBot/feature/project-restructure-implementation/TelegramSearchBot.AI/TelegramSearchBot.AI.csproj]
  TelegramSearchBot.AI -> /root/WorkSpace/CSharp/TelegramSearchBot/feature/project-restructure-implementation/TelegramSearchBot.AI/bin/Release/net9.0/TelegramSearchBot.AI.dll
/root/WorkSpace/CSharp/TelegramSearchBot/feature/project-restructure-implementation/TelegramSearchBot.Media/Bilibili/BiliApiService.cs(145,110): warning CS8625: 无法将 null 字面量转换为非 null 的引用类型。 [/root/WorkSpace/CSharp/TelegramSearchBot/feature/project-restructure-implementation/TelegramSearchBot.Media/TelegramSearchBot.Media.csproj]
/root/WorkSpace/CSharp/TelegramSearchBot/feature/project-restructure-implementation/TelegramSearchBot.Media/Bilibili/BiliOpusProcessingService.cs(157,23): warning CS8618: 在退出构造函数时，不可为 null 的 属性 "MainCaption" 必须包含非 null 值。请考虑添加 "required" 修饰符或将该 属性 声明为可为 null。 [/root/WorkSpace/CSharp/TelegramSearchBot/feature/project-restructure-implementation/TelegramSearchBot.Media/TelegramSearchBot.Media.csproj]
/root/WorkSpace/CSharp/TelegramSearchBot/feature/project-restructure-implementation/TelegramSearchBot.Media/Bilibili/BiliOpusProcessingService.cs(158,39): warning CS8618: 在退出构造函数时，不可为 null 的 属性 "MediaGroup" 必须包含非 null 值。请考虑添加 "required" 修饰符或将该 属性 声明为可为 null。 [/root/WorkSpace/CSharp/TelegramSearchBot/feature/project-restructure-implementation/TelegramSearchBot.Media/TelegramSearchBot.Media.csproj]
/root/WorkSpace/CSharp/TelegramSearchBot/feature/project-restructure-implementation/TelegramSearchBot.Media/Bilibili/BiliOpusProcessingService.cs(159,29): warning CS8618: 在退出构造函数时，不可为 null 的 属性 "CurrentBatchImageUrls" 必须包含非 null 值。请考虑添加 "required" 修饰符或将该 属性 声明为可为 null。 [/root/WorkSpace/CSharp/TelegramSearchBot/feature/project-restructure-implementation/TelegramSearchBot.Media/TelegramSearchBot.Media.csproj]
/root/WorkSpace/CSharp/TelegramSearchBot/feature/project-restructure-implementation/TelegramSearchBot.Media/Bilibili/BiliOpusProcessingService.cs(160,35): warning CS8618: 在退出构造函数时，不可为 null 的 属性 "CurrentBatchMemoryStreams" 必须包含非 null 值。请考虑添加 "required" 修饰符或将该 属性 声明为可为 null。 [/root/WorkSpace/CSharp/TelegramSearchBot/feature/project-restructure-implementation/TelegramSearchBot.Media/TelegramSearchBot.Media.csproj]
/root/WorkSpace/CSharp/TelegramSearchBot/feature/project-restructure-implementation/TelegramSearchBot.Media/Bilibili/BiliOpusProcessingService.cs(163,23): warning CS8618: 在退出构造函数时，不可为 null 的 属性 "ErrorMessage" 必须包含非 null 值。请考虑添加 "required" 修饰符或将该 属性 声明为可为 null。 [/root/WorkSpace/CSharp/TelegramSearchBot/feature/project-restructure-implementation/TelegramSearchBot.Media/TelegramSearchBot.Media.csproj]
/root/WorkSpace/CSharp/TelegramSearchBot/feature/project-restructure-implementation/TelegramSearchBot.Media/Bilibili/TelegramFileCacheService.cs(26,57): warning CS8603: 可能返回 null 引用。 [/root/WorkSpace/CSharp/TelegramSearchBot/feature/project-restructure-implementation/TelegramSearchBot.Media/TelegramSearchBot.Media.csproj]
/root/WorkSpace/CSharp/TelegramSearchBot/feature/project-restructure-implementation/TelegramSearchBot.Media/Bilibili/TelegramFileCacheService.cs(40,28): warning CS8603: 可能返回 null 引用。 [/root/WorkSpace/CSharp/TelegramSearchBot/feature/project-restructure-implementation/TelegramSearchBot.Media/TelegramSearchBot.Media.csproj]
/root/WorkSpace/CSharp/TelegramSearchBot/feature/project-restructure-implementation/TelegramSearchBot.Media/Bilibili/TelegramFileCacheService.cs(46,20): warning CS8603: 可能返回 null 引用。 [/root/WorkSpace/CSharp/TelegramSearchBot/feature/project-restructure-implementation/TelegramSearchBot.Media/TelegramSearchBot.Media.csproj]
/root/WorkSpace/CSharp/TelegramSearchBot/feature/project-restructure-implementation/TelegramSearchBot.Media/Bilibili/TelegramFileCacheService.cs(51,20): warning CS8603: 可能返回 null 引用。 [/root/WorkSpace/CSharp/TelegramSearchBot/feature/project-restructure-implementation/TelegramSearchBot.Media/TelegramSearchBot.Media.csproj]
/root/WorkSpace/CSharp/TelegramSearchBot/feature/project-restructure-implementation/TelegramSearchBot.Media/Bilibili/DownloadService.cs(44,20): warning CS8603: 可能返回 null 引用。 [/root/WorkSpace/CSharp/TelegramSearchBot/feature/project-restructure-implementation/TelegramSearchBot.Media/TelegramSearchBot.Media.csproj]
/root/WorkSpace/CSharp/TelegramSearchBot/feature/project-restructure-implementation/TelegramSearchBot.Media/Bilibili/DownloadService.cs(58,67): warning CS8600: 将 null 文本或可能的 null 值转换为不可为 null 类型。 [/root/WorkSpace/CSharp/TelegramSearchBot/feature/project-restructure-implementation/TelegramSearchBot.Media/TelegramSearchBot.Media.csproj]
/root/WorkSpace/CSharp/TelegramSearchBot/feature/project-restructure-implementation/TelegramSearchBot.Media/Bilibili/DownloadService.cs(89,20): warning CS8603: 可能返回 null 引用。 [/root/WorkSpace/CSharp/TelegramSearchBot/feature/project-restructure-implementation/TelegramSearchBot.Media/TelegramSearchBot.Media.csproj]
/root/WorkSpace/CSharp/TelegramSearchBot/feature/project-restructure-implementation/TelegramSearchBot.Media/Bilibili/DownloadService.cs(98,20): warning CS8603: 可能返回 null 引用。 [/root/WorkSpace/CSharp/TelegramSearchBot/feature/project-restructure-implementation/TelegramSearchBot.Media/TelegramSearchBot.Media.csproj]
/root/WorkSpace/CSharp/TelegramSearchBot/feature/project-restructure-implementation/TelegramSearchBot.Media/Bilibili/DownloadService.cs(104,32): warning CS8600: 将 null 文本或可能的 null 值转换为不可为 null 类型。 [/root/WorkSpace/CSharp/TelegramSearchBot/feature/project-restructure-implementation/TelegramSearchBot.Media/TelegramSearchBot.Media.csproj]
/root/WorkSpace/CSharp/TelegramSearchBot/feature/project-restructure-implementation/TelegramSearchBot.Media/Bilibili/DownloadService.cs(105,32): warning CS8600: 将 null 文本或可能的 null 值转换为不可为 null 类型。 [/root/WorkSpace/CSharp/TelegramSearchBot/feature/project-restructure-implementation/TelegramSearchBot.Media/TelegramSearchBot.Media.csproj]
/root/WorkSpace/CSharp/TelegramSearchBot/feature/project-restructure-implementation/TelegramSearchBot.Media/Bilibili/DownloadService.cs(146,20): warning CS8603: 可能返回 null 引用。 [/root/WorkSpace/CSharp/TelegramSearchBot/feature/project-restructure-implementation/TelegramSearchBot.Media/TelegramSearchBot.Media.csproj]
/root/WorkSpace/CSharp/TelegramSearchBot/feature/project-restructure-implementation/TelegramSearchBot.Media/Bilibili/BiliOpusProcessingService.cs(74,43): warning CS8600: 将 null 文本或可能的 null 值转换为不可为 null 类型。 [/root/WorkSpace/CSharp/TelegramSearchBot/feature/project-restructure-implementation/TelegramSearchBot.Media/TelegramSearchBot.Media.csproj]
/root/WorkSpace/CSharp/TelegramSearchBot/feature/project-restructure-implementation/TelegramSearchBot.Media/Bilibili/BiliOpusProcessingService.cs(105,46): warning CS8600: 将 null 文本或可能的 null 值转换为不可为 null 类型。 [/root/WorkSpace/CSharp/TelegramSearchBot/feature/project-restructure-implementation/TelegramSearchBot.Media/TelegramSearchBot.Media.csproj]
/root/WorkSpace/CSharp/TelegramSearchBot/feature/project-restructure-implementation/TelegramSearchBot.Media/Bilibili/BiliVideoProcessingService.cs(70,46): warning CS8600: 将 null 文本或可能的 null 值转换为不可为 null 类型。 [/root/WorkSpace/CSharp/TelegramSearchBot/feature/project-restructure-implementation/TelegramSearchBot.Media/TelegramSearchBot.Media.csproj]
/root/WorkSpace/CSharp/TelegramSearchBot/feature/project-restructure-implementation/TelegramSearchBot.Media/Bilibili/BiliVideoProcessingService.cs(71,36): warning CS8600: 将 null 文本或可能的 null 值转换为不可为 null 类型。 [/root/WorkSpace/CSharp/TelegramSearchBot/feature/project-restructure-implementation/TelegramSearchBot.Media/TelegramSearchBot.Media.csproj]
/root/WorkSpace/CSharp/TelegramSearchBot/feature/project-restructure-implementation/TelegramSearchBot.Media/Bilibili/BiliVideoProcessingService.cs(107,29): warning CS8602: 解引用可能出现空引用。 [/root/WorkSpace/CSharp/TelegramSearchBot/feature/project-restructure-implementation/TelegramSearchBot.Media/TelegramSearchBot.Media.csproj]
/root/WorkSpace/CSharp/TelegramSearchBot/feature/project-restructure-implementation/TelegramSearchBot.Media/Bilibili/BiliVideoProcessingService.cs(112,29): warning CS8604: “Task<string> IDownloadService.DownloadFileAsync(string url, string referer, string suggestedFileName)”中的形参“url”可能传入 null 引用实参。 [/root/WorkSpace/CSharp/TelegramSearchBot/feature/project-restructure-implementation/TelegramSearchBot.Media/TelegramSearchBot.Media.csproj]
/root/WorkSpace/CSharp/TelegramSearchBot/feature/project-restructure-implementation/TelegramSearchBot.Media/Bilibili/BiliVideoProcessingService.cs(149,46): warning CS8601: 可能的 null 引用赋值。 [/root/WorkSpace/CSharp/TelegramSearchBot/feature/project-restructure-implementation/TelegramSearchBot.Media/TelegramSearchBot.Media.csproj]
/root/WorkSpace/CSharp/TelegramSearchBot/feature/project-restructure-implementation/TelegramSearchBot.Media/Bilibili/BiliApiService.cs(47,110): warning CS8603: 可能返回 null 引用。 [/root/WorkSpace/CSharp/TelegramSearchBot/feature/project-restructure-implementation/TelegramSearchBot.Media/TelegramSearchBot.Media.csproj]
/root/WorkSpace/CSharp/TelegramSearchBot/feature/project-restructure-implementation/TelegramSearchBot.Media/Bilibili/BiliApiService.cs(49,22): warning CS8600: 将 null 文本或可能的 null 值转换为不可为 null 类型。 [/root/WorkSpace/CSharp/TelegramSearchBot/feature/project-restructure-implementation/TelegramSearchBot.Media/TelegramSearchBot.Media.csproj]
/root/WorkSpace/CSharp/TelegramSearchBot/feature/project-restructure-implementation/TelegramSearchBot.Media/Bilibili/BiliApiService.cs(49,35): warning CS8600: 将 null 文本或可能的 null 值转换为不可为 null 类型。 [/root/WorkSpace/CSharp/TelegramSearchBot/feature/project-restructure-implementation/TelegramSearchBot.Media/TelegramSearchBot.Media.csproj]
/root/WorkSpace/CSharp/TelegramSearchBot/feature/project-restructure-implementation/TelegramSearchBot.Media/Bilibili/BiliApiService.cs(49,48): warning CS8600: 将 null 文本或可能的 null 值转换为不可为 null 类型。 [/root/WorkSpace/CSharp/TelegramSearchBot/feature/project-restructure-implementation/TelegramSearchBot.Media/TelegramSearchBot.Media.csproj]
/root/WorkSpace/CSharp/TelegramSearchBot/feature/project-restructure-implementation/TelegramSearchBot.Media/Bilibili/BiliApiService.cs(49,61): warning CS8600: 将 null 文本或可能的 null 值转换为不可为 null 类型。 [/root/WorkSpace/CSharp/TelegramSearchBot/feature/project-restructure-implementation/TelegramSearchBot.Media/TelegramSearchBot.Media.csproj]
/root/WorkSpace/CSharp/TelegramSearchBot/feature/project-restructure-implementation/TelegramSearchBot.Media/Bilibili/BiliApiService.cs(57,28): warning CS8603: 可能返回 null 引用。 [/root/WorkSpace/CSharp/TelegramSearchBot/feature/project-restructure-implementation/TelegramSearchBot.Media/TelegramSearchBot.Media.csproj]
/root/WorkSpace/CSharp/TelegramSearchBot/feature/project-restructure-implementation/TelegramSearchBot.Media/Bilibili/BiliApiService.cs(64,143): warning CS8603: 可能返回 null 引用。 [/root/WorkSpace/CSharp/TelegramSearchBot/feature/project-restructure-implementation/TelegramSearchBot.Media/TelegramSearchBot.Media.csproj]
/root/WorkSpace/CSharp/TelegramSearchBot/feature/project-restructure-implementation/TelegramSearchBot.Media/Bilibili/BiliApiService.cs(80,50): warning CS8600: 将 null 文本或可能的 null 值转换为不可为 null 类型。 [/root/WorkSpace/CSharp/TelegramSearchBot/feature/project-restructure-implementation/TelegramSearchBot.Media/TelegramSearchBot.Media.csproj]
/root/WorkSpace/CSharp/TelegramSearchBot/feature/project-restructure-implementation/TelegramSearchBot.Media/Bilibili/BiliApiService.cs(81,43): warning CS8600: 将 null 文本或可能的 null 值转换为不可为 null 类型。 [/root/WorkSpace/CSharp/TelegramSearchBot/feature/project-restructure-implementation/TelegramSearchBot.Media/TelegramSearchBot.Media.csproj]
/root/WorkSpace/CSharp/TelegramSearchBot/feature/project-restructure-implementation/TelegramSearchBot.Media/Bilibili/BiliApiService.cs(92,183): warning CS8603: 可能返回 null 引用。 [/root/WorkSpace/CSharp/TelegramSearchBot/feature/project-restructure-implementation/TelegramSearchBot.Media/TelegramSearchBot.Media.csproj]
/root/WorkSpace/CSharp/TelegramSearchBot/feature/project-restructure-implementation/TelegramSearchBot.Media/Bilibili/BiliApiService.cs(97,203): warning CS8603: 可能返回 null 引用。 [/root/WorkSpace/CSharp/TelegramSearchBot/feature/project-restructure-implementation/TelegramSearchBot.Media/TelegramSearchBot.Media.csproj]
/root/WorkSpace/CSharp/TelegramSearchBot/feature/project-restructure-implementation/TelegramSearchBot.Media/Bilibili/BiliApiService.cs(100,29): warning CS8602: 解引用可能出现空引用。 [/root/WorkSpace/CSharp/TelegramSearchBot/feature/project-restructure-implementation/TelegramSearchBot.Media/TelegramSearchBot.Media.csproj]
/root/WorkSpace/CSharp/TelegramSearchBot/feature/project-restructure-implementation/TelegramSearchBot.Media/Bilibili/BiliApiService.cs(101,109): warning CS8601: 可能的 null 引用赋值。 [/root/WorkSpace/CSharp/TelegramSearchBot/feature/project-restructure-implementation/TelegramSearchBot.Media/TelegramSearchBot.Media.csproj]
/root/WorkSpace/CSharp/TelegramSearchBot/feature/project-restructure-implementation/TelegramSearchBot.Media/Bilibili/BiliApiService.cs(102,35): warning CS8601: 可能的 null 引用赋值。 [/root/WorkSpace/CSharp/TelegramSearchBot/feature/project-restructure-implementation/TelegramSearchBot.Media/TelegramSearchBot.Media.csproj]
/root/WorkSpace/CSharp/TelegramSearchBot/feature/project-restructure-implementation/TelegramSearchBot.Media/Bilibili/BiliApiService.cs(105,31): warning CS8601: 可能的 null 引用赋值。 [/root/WorkSpace/CSharp/TelegramSearchBot/feature/project-restructure-implementation/TelegramSearchBot.Media/TelegramSearchBot.Media.csproj]
/root/WorkSpace/CSharp/TelegramSearchBot/feature/project-restructure-implementation/TelegramSearchBot.Media/Bilibili/BiliApiService.cs(126,123): warning CS8603: 可能返回 null 引用。 [/root/WorkSpace/CSharp/TelegramSearchBot/feature/project-restructure-implementation/TelegramSearchBot.Media/TelegramSearchBot.Media.csproj]
/root/WorkSpace/CSharp/TelegramSearchBot/feature/project-restructure-implementation/TelegramSearchBot.Media/Bilibili/BiliApiService.cs(132,56): warning CS8603: 可能返回 null 引用。 [/root/WorkSpace/CSharp/TelegramSearchBot/feature/project-restructure-implementation/TelegramSearchBot.Media/TelegramSearchBot.Media.csproj]
/root/WorkSpace/CSharp/TelegramSearchBot/feature/project-restructure-implementation/TelegramSearchBot.Media/Bilibili/BiliApiService.cs(134,121): warning CS8603: 可能返回 null 引用。 [/root/WorkSpace/CSharp/TelegramSearchBot/feature/project-restructure-implementation/TelegramSearchBot.Media/TelegramSearchBot.Media.csproj]
/root/WorkSpace/CSharp/TelegramSearchBot/feature/project-restructure-implementation/TelegramSearchBot.Media/Bilibili/BiliApiService.cs(135,100): warning CS8603: 可能返回 null 引用。 [/root/WorkSpace/CSharp/TelegramSearchBot/feature/project-restructure-implementation/TelegramSearchBot.Media/TelegramSearchBot.Media.csproj]
/root/WorkSpace/CSharp/TelegramSearchBot/feature/project-restructure-implementation/TelegramSearchBot.Media/Bilibili/BiliApiService.cs(138,220): warning CS8603: 可能返回 null 引用。 [/root/WorkSpace/CSharp/TelegramSearchBot/feature/project-restructure-implementation/TelegramSearchBot.Media/TelegramSearchBot.Media.csproj]
/root/WorkSpace/CSharp/TelegramSearchBot/feature/project-restructure-implementation/TelegramSearchBot.Media/Bilibili/BiliApiService.cs(139,53): warning CS8602: 解引用可能出现空引用。 [/root/WorkSpace/CSharp/TelegramSearchBot/feature/project-restructure-implementation/TelegramSearchBot.Media/TelegramSearchBot.Media.csproj]
/root/WorkSpace/CSharp/TelegramSearchBot/feature/project-restructure-implementation/TelegramSearchBot.Media/Bilibili/BiliApiService.cs(139,53): warning CS8604: “BiliOpusInfo BiliHelper.ParseOpusItem(JsonNode itemNode, string originalUrl, ILogger logger = null)”中的形参“itemNode”可能传入 null 引用实参。 [/root/WorkSpace/CSharp/TelegramSearchBot/feature/project-restructure-implementation/TelegramSearchBot.Media/TelegramSearchBot.Media.csproj]
/root/WorkSpace/CSharp/TelegramSearchBot/feature/project-restructure-implementation/TelegramSearchBot.Media/Bilibili/BiliApiService.cs(141,120): warning CS8603: 可能返回 null 引用。 [/root/WorkSpace/CSharp/TelegramSearchBot/feature/project-restructure-implementation/TelegramSearchBot.Media/TelegramSearchBot.Media.csproj]
/root/WorkSpace/CSharp/TelegramSearchBot/feature/project-restructure-implementation/TelegramSearchBot.Media/Bilibili/BiliApiService.cs(157,20): warning CS8603: 可能返回 null 引用。 [/root/WorkSpace/CSharp/TelegramSearchBot/feature/project-restructure-implementation/TelegramSearchBot.Media/TelegramSearchBot.Media.csproj]
/root/WorkSpace/CSharp/TelegramSearchBot/feature/project-restructure-implementation/TelegramSearchBot.Media/Bilibili/BiliApiService.cs(158,130): warning CS8603: 可能返回 null 引用。 [/root/WorkSpace/CSharp/TelegramSearchBot/feature/project-restructure-implementation/TelegramSearchBot.Media/TelegramSearchBot.Media.csproj]
/root/WorkSpace/CSharp/TelegramSearchBot/feature/project-restructure-implementation/TelegramSearchBot.Media/Bilibili/BiliApiService.cs(173,33): warning CS8625: 无法将 null 字面量转换为非 null 的引用类型。 [/root/WorkSpace/CSharp/TelegramSearchBot/feature/project-restructure-implementation/TelegramSearchBot.Media/TelegramSearchBot.Media.csproj]
/root/WorkSpace/CSharp/TelegramSearchBot/feature/project-restructure-implementation/TelegramSearchBot.Media/Bilibili/BiliApiService.cs(176,28): warning CS8602: 解引用可能出现空引用。 [/root/WorkSpace/CSharp/TelegramSearchBot/feature/project-restructure-implementation/TelegramSearchBot.Media/TelegramSearchBot.Media.csproj]
/root/WorkSpace/CSharp/TelegramSearchBot/feature/project-restructure-implementation/TelegramSearchBot.Media/Bilibili/BiliApiService.cs(176,77): warning CS8602: 解引用可能出现空引用。 [/root/WorkSpace/CSharp/TelegramSearchBot/feature/project-restructure-implementation/TelegramSearchBot.Media/TelegramSearchBot.Media.csproj]
/root/WorkSpace/CSharp/TelegramSearchBot/feature/project-restructure-implementation/TelegramSearchBot.Media/Bilibili/BiliApiService.cs(181,43): warning CS8600: 将 null 文本或可能的 null 值转换为不可为 null 类型。 [/root/WorkSpace/CSharp/TelegramSearchBot/feature/project-restructure-implementation/TelegramSearchBot.Media/TelegramSearchBot.Media.csproj]
/root/WorkSpace/CSharp/TelegramSearchBot/feature/project-restructure-implementation/TelegramSearchBot.Media/Bilibili/BiliApiService.cs(182,43): warning CS8600: 将 null 文本或可能的 null 值转换为不可为 null 类型。 [/root/WorkSpace/CSharp/TelegramSearchBot/feature/project-restructure-implementation/TelegramSearchBot.Media/TelegramSearchBot.Media.csproj]
/root/WorkSpace/CSharp/TelegramSearchBot/feature/project-restructure-implementation/TelegramSearchBot.Media/Bilibili/BiliApiService.cs(192,87): warning CS8601: 可能的 null 引用赋值。 [/root/WorkSpace/CSharp/TelegramSearchBot/feature/project-restructure-implementation/TelegramSearchBot.Media/TelegramSearchBot.Media.csproj]
/root/WorkSpace/CSharp/TelegramSearchBot/feature/project-restructure-implementation/TelegramSearchBot.Media/Bilibili/BiliApiService.cs(192,200): warning CS8601: 可能的 null 引用赋值。 [/root/WorkSpace/CSharp/TelegramSearchBot/feature/project-restructure-implementation/TelegramSearchBot.Media/TelegramSearchBot.Media.csproj]
/root/WorkSpace/CSharp/TelegramSearchBot/feature/project-restructure-implementation/TelegramSearchBot.Media/Bilibili/BiliApiService.cs(193,87): warning CS8601: 可能的 null 引用赋值。 [/root/WorkSpace/CSharp/TelegramSearchBot/feature/project-restructure-implementation/TelegramSearchBot.Media/TelegramSearchBot.Media.csproj]
/root/WorkSpace/CSharp/TelegramSearchBot/feature/project-restructure-implementation/TelegramSearchBot.Media/Bilibili/BiliApiService.cs(193,200): warning CS8601: 可能的 null 引用赋值。 [/root/WorkSpace/CSharp/TelegramSearchBot/feature/project-restructure-implementation/TelegramSearchBot.Media/TelegramSearchBot.Media.csproj]
/root/WorkSpace/CSharp/TelegramSearchBot/feature/project-restructure-implementation/TelegramSearchBot.Media/Bilibili/BiliApiService.cs(228,31): warning CS8601: 可能的 null 引用赋值。 [/root/WorkSpace/CSharp/TelegramSearchBot/feature/project-restructure-implementation/TelegramSearchBot.Media/TelegramSearchBot.Media.csproj]
/root/WorkSpace/CSharp/TelegramSearchBot/feature/project-restructure-implementation/TelegramSearchBot.Media/Bilibili/BiliApiService.cs(229,141): warning CS8619: 类型“List<string>”的值中引用类型的为 Null 性与目标类型“List<string?>”不匹配。 [/root/WorkSpace/CSharp/TelegramSearchBot/feature/project-restructure-implementation/TelegramSearchBot.Media/TelegramSearchBot.Media.csproj]
/root/WorkSpace/CSharp/TelegramSearchBot/feature/project-restructure-implementation/TelegramSearchBot.Media/Bilibili/BiliApiService.cs(229,38): warning CS8619: 类型“List<string?>”的值中引用类型的为 Null 性与目标类型“List<string>”不匹配。 [/root/WorkSpace/CSharp/TelegramSearchBot/feature/project-restructure-implementation/TelegramSearchBot.Media/TelegramSearchBot.Media.csproj]
  TelegramSearchBot.Media -> /root/WorkSpace/CSharp/TelegramSearchBot/feature/project-restructure-implementation/TelegramSearchBot.Media/bin/Release/net9.0/TelegramSearchBot.Media.dll
/root/WorkSpace/CSharp/TelegramSearchBot/feature/project-restructure-implementation/TelegramSearchBot/Controller/AI/LLM/GeneralLLMController.cs(17,7): warning CS0105: “TelegramSearchBot.Interface.AI.LLM”的 using 指令以前在此命名空间中出现过 [/root/WorkSpace/CSharp/TelegramSearchBot/feature/project-restructure-implementation/TelegramSearchBot/TelegramSearchBot.csproj]
/root/WorkSpace/CSharp/TelegramSearchBot/feature/project-restructure-implementation/TelegramSearchBot/Controller/AI/QR/AutoQRController.cs(19,7): warning CS0105: “TelegramSearchBot.Controller.Download”的 using 指令以前在此命名空间中出现过 [/root/WorkSpace/CSharp/TelegramSearchBot/feature/project-restructure-implementation/TelegramSearchBot/TelegramSearchBot.csproj]
/root/WorkSpace/CSharp/TelegramSearchBot/feature/project-restructure-implementation/TelegramSearchBot/Controller/AI/QR/AutoQRController.cs(20,7): warning CS0105: “TelegramSearchBot.Exceptions”的 using 指令以前在此命名空间中出现过 [/root/WorkSpace/CSharp/TelegramSearchBot/feature/project-restructure-implementation/TelegramSearchBot/TelegramSearchBot.csproj]
/root/WorkSpace/CSharp/TelegramSearchBot/feature/project-restructure-implementation/TelegramSearchBot/Model/ChatExport/ChatExport.cs(12,21): warning CS0436: “/root/WorkSpace/CSharp/TelegramSearchBot/feature/project-restructure-implementation/TelegramSearchBot/Model/ChatExport/ChatExport.cs”中的类型“Message”与“TelegramSearchBot.Common, Version=1.0.0.0, Culture=neutral, PublicKeyToken=null”中的导入类型“Message”冲突。请使用“/root/WorkSpace/CSharp/TelegramSearchBot/feature/project-restructure-implementation/TelegramSearchBot/Model/ChatExport/ChatExport.cs”中定义的类型。 [/root/WorkSpace/CSharp/TelegramSearchBot/feature/project-restructure-implementation/TelegramSearchBot/TelegramSearchBot.csproj]
/root/WorkSpace/CSharp/TelegramSearchBot/feature/project-restructure-implementation/TelegramSearchBot/AppBootstrap/AppBootstrap.cs(20,34): warning CS8632: 只能在 "#nullable" 注释上下文内的代码中使用可为 null 的引用类型的注释。 [/root/WorkSpace/CSharp/TelegramSearchBot/feature/project-restructure-implementation/TelegramSearchBot/TelegramSearchBot.csproj]
/root/WorkSpace/CSharp/TelegramSearchBot/feature/project-restructure-implementation/TelegramSearchBot/AppBootstrap/AppBootstrap.cs(86,74): warning CS8632: 只能在 "#nullable" 注释上下文内的代码中使用可为 null 的引用类型的注释。 [/root/WorkSpace/CSharp/TelegramSearchBot/feature/project-restructure-implementation/TelegramSearchBot/TelegramSearchBot.csproj]
/root/WorkSpace/CSharp/TelegramSearchBot/feature/project-restructure-implementation/TelegramSearchBot/Model/ChatExport/ChatExport.cs(23,21): warning CS0436: “/root/WorkSpace/CSharp/TelegramSearchBot/feature/project-restructure-implementation/TelegramSearchBot/Model/ChatExport/ChatExport.cs”中的类型“TextItem”与“TelegramSearchBot.Common, Version=1.0.0.0, Culture=neutral, PublicKeyToken=null”中的导入类型“TextItem”冲突。请使用“/root/WorkSpace/CSharp/TelegramSearchBot/feature/project-restructure-implementation/TelegramSearchBot/Model/ChatExport/ChatExport.cs”中定义的类型。 [/root/WorkSpace/CSharp/TelegramSearchBot/feature/project-restructure-implementation/TelegramSearchBot/TelegramSearchBot.csproj]
/root/WorkSpace/CSharp/TelegramSearchBot/feature/project-restructure-implementation/TelegramSearchBot/Model/ChatExport/ChatExport.cs(24,21): warning CS0436: “/root/WorkSpace/CSharp/TelegramSearchBot/feature/project-restructure-implementation/TelegramSearchBot/Model/ChatExport/ChatExport.cs”中的类型“TextEntity”与“TelegramSearchBot.Common, Version=1.0.0.0, Culture=neutral, PublicKeyToken=null”中的导入类型“TextEntity”冲突。请使用“/root/WorkSpace/CSharp/TelegramSearchBot/feature/project-restructure-implementation/TelegramSearchBot/Model/ChatExport/ChatExport.cs”中定义的类型。 [/root/WorkSpace/CSharp/TelegramSearchBot/feature/project-restructure-implementation/TelegramSearchBot/TelegramSearchBot.csproj]
/root/WorkSpace/CSharp/TelegramSearchBot/feature/project-restructure-implementation/TelegramSearchBot/Manager/PaddleOCR.cs(38,21): warning CS0612: “Result”已过时 [/root/WorkSpace/CSharp/TelegramSearchBot/feature/project-restructure-implementation/TelegramSearchBot/TelegramSearchBot.csproj]
/root/WorkSpace/CSharp/TelegramSearchBot/feature/project-restructure-implementation/TelegramSearchBot/Controller/Common/CommandUrlProcessingController.cs(99,104): warning CS8632: 只能在 "#nullable" 注释上下文内的代码中使用可为 null 的引用类型的注释。 [/root/WorkSpace/CSharp/TelegramSearchBot/feature/project-restructure-implementation/TelegramSearchBot/TelegramSearchBot.csproj]
/root/WorkSpace/CSharp/TelegramSearchBot/feature/project-restructure-implementation/TelegramSearchBot/Manager/SendMessage.cs(60,47): warning CS8632: 只能在 "#nullable" 注释上下文内的代码中使用可为 null 的引用类型的注释。 [/root/WorkSpace/CSharp/TelegramSearchBot/feature/project-restructure-implementation/TelegramSearchBot/TelegramSearchBot.csproj]
/root/WorkSpace/CSharp/TelegramSearchBot/feature/project-restructure-implementation/TelegramSearchBot/View/VideoView.cs(52,26): warning CS8632: 只能在 "#nullable" 注释上下文内的代码中使用可为 null 的引用类型的注释。 [/root/WorkSpace/CSharp/TelegramSearchBot/feature/project-restructure-implementation/TelegramSearchBot/TelegramSearchBot.csproj]
/root/WorkSpace/CSharp/TelegramSearchBot/feature/project-restructure-implementation/TelegramSearchBot/Controller/Storage/MessageController.cs(34,17): warning CS8602: 解引用可能出现空引用。 [/root/WorkSpace/CSharp/TelegramSearchBot/feature/project-restructure-implementation/TelegramSearchBot/TelegramSearchBot.csproj]
/root/WorkSpace/CSharp/TelegramSearchBot/feature/project-restructure-implementation/TelegramSearchBot/Controller/Storage/MessageController.cs(46,26): warning CS8602: 解引用可能出现空引用。 [/root/WorkSpace/CSharp/TelegramSearchBot/feature/project-restructure-implementation/TelegramSearchBot/TelegramSearchBot.csproj]
/root/WorkSpace/CSharp/TelegramSearchBot/feature/project-restructure-implementation/TelegramSearchBot/Controller/AI/ASR/AutoASRController.cs(50,95): warning CS8604: “bool IProcessAudio.IsAudio(string Name)”中的形参“Name”可能传入 null 引用实参。 [/root/WorkSpace/CSharp/TelegramSearchBot/feature/project-restructure-implementation/TelegramSearchBot/TelegramSearchBot.csproj]
/root/WorkSpace/CSharp/TelegramSearchBot/feature/project-restructure-implementation/TelegramSearchBot/Controller/AI/ASR/AutoASRController.cs(55,95): warning CS8604: “bool IProcessVideo.IsVideo(string Name)”中的形参“Name”可能传入 null 引用实参。 [/root/WorkSpace/CSharp/TelegramSearchBot/feature/project-restructure-implementation/TelegramSearchBot/TelegramSearchBot.csproj]
/root/WorkSpace/CSharp/TelegramSearchBot/feature/project-restructure-implementation/TelegramSearchBot/Controller/AI/QR/AutoQRController.cs(67,31): warning CS0436: “/root/WorkSpace/CSharp/TelegramSearchBot/feature/project-restructure-implementation/TelegramSearchBot/Exceptions/CannotGetPhotoException.cs”中的类型“CannotGetPhotoException”与“TelegramSearchBot.Common, Version=1.0.0.0, Culture=neutral, PublicKeyToken=null”中的导入类型“CannotGetPhotoException”冲突。请使用“/root/WorkSpace/CSharp/TelegramSearchBot/feature/project-restructure-implementation/TelegramSearchBot/Exceptions/CannotGetPhotoException.cs”中定义的类型。 [/root/WorkSpace/CSharp/TelegramSearchBot/feature/project-restructure-implementation/TelegramSearchBot/TelegramSearchBot.csproj]
/root/WorkSpace/CSharp/TelegramSearchBot/feature/project-restructure-implementation/TelegramSearchBot/Controller/AI/QR/AutoQRController.cs(91,25): warning CS0436: “/root/WorkSpace/CSharp/TelegramSearchBot/feature/project-restructure-implementation/TelegramSearchBot/Exceptions/CannotGetPhotoException.cs”中的类型“CannotGetPhotoException”与“TelegramSearchBot.Common, Version=1.0.0.0, Culture=neutral, PublicKeyToken=null”中的导入类型“CannotGetPhotoException”冲突。请使用“/root/WorkSpace/CSharp/TelegramSearchBot/feature/project-restructure-implementation/TelegramSearchBot/Exceptions/CannotGetPhotoException.cs”中定义的类型。 [/root/WorkSpace/CSharp/TelegramSearchBot/feature/project-restructure-implementation/TelegramSearchBot/TelegramSearchBot.csproj]
/root/WorkSpace/CSharp/TelegramSearchBot/feature/project-restructure-implementation/TelegramSearchBot/Controller/AI/QR/AutoQRController.cs(69,80): warning CS8602: 解引用可能出现空引用。 [/root/WorkSpace/CSharp/TelegramSearchBot/feature/project-restructure-implementation/TelegramSearchBot/TelegramSearchBot.csproj]
/root/WorkSpace/CSharp/TelegramSearchBot/feature/project-restructure-implementation/TelegramSearchBot/Controller/AI/ASR/AutoASRController.cs(71,95): warning CS8604: “bool IProcessAudio.IsAudio(string Name)”中的形参“Name”可能传入 null 引用实参。 [/root/WorkSpace/CSharp/TelegramSearchBot/feature/project-restructure-implementation/TelegramSearchBot/TelegramSearchBot.csproj]
/root/WorkSpace/CSharp/TelegramSearchBot/feature/project-restructure-implementation/TelegramSearchBot/Controller/AI/ASR/AutoASRController.cs(76,95): warning CS8604: “bool IProcessVideo.IsVideo(string Name)”中的形参“Name”可能传入 null 引用实参。 [/root/WorkSpace/CSharp/TelegramSearchBot/feature/project-restructure-implementation/TelegramSearchBot/TelegramSearchBot.csproj]
/root/WorkSpace/CSharp/TelegramSearchBot/feature/project-restructure-implementation/TelegramSearchBot/Controller/Storage/LuceneIndexController.cs(59,26): warning CS8602: 解引用可能出现空引用。 [/root/WorkSpace/CSharp/TelegramSearchBot/feature/project-restructure-implementation/TelegramSearchBot/TelegramSearchBot.csproj]
/root/WorkSpace/CSharp/TelegramSearchBot/feature/project-restructure-implementation/TelegramSearchBot/Controller/AI/ASR/AutoASRController.cs(119,25): warning CS0436: “/root/WorkSpace/CSharp/TelegramSearchBot/feature/project-restructure-implementation/TelegramSearchBot/Exceptions/CannotGetAudioException.cs”中的类型“CannotGetAudioException”与“TelegramSearchBot.Common, Version=1.0.0.0, Culture=neutral, PublicKeyToken=null”中的导入类型“CannotGetAudioException”冲突。请使用“/root/WorkSpace/CSharp/TelegramSearchBot/feature/project-restructure-implementation/TelegramSearchBot/Exceptions/CannotGetAudioException.cs”中定义的类型。 [/root/WorkSpace/CSharp/TelegramSearchBot/feature/project-restructure-implementation/TelegramSearchBot/TelegramSearchBot.csproj]
/root/WorkSpace/CSharp/TelegramSearchBot/feature/project-restructure-implementation/TelegramSearchBot/Controller/AI/ASR/AutoASRController.cs(120,25): warning CS0436: “/root/WorkSpace/CSharp/TelegramSearchBot/feature/project-restructure-implementation/TelegramSearchBot/Exceptions/CannotGetVideoException.cs”中的类型“CannotGetVideoException”与“TelegramSearchBot.Common, Version=1.0.0.0, Culture=neutral, PublicKeyToken=null”中的导入类型“CannotGetVideoException”冲突。请使用“/root/WorkSpace/CSharp/TelegramSearchBot/feature/project-restructure-implementation/TelegramSearchBot/Exceptions/CannotGetVideoException.cs”中定义的类型。 [/root/WorkSpace/CSharp/TelegramSearchBot/feature/project-restructure-implementation/TelegramSearchBot/TelegramSearchBot.csproj]
/root/WorkSpace/CSharp/TelegramSearchBot/feature/project-restructure-implementation/TelegramSearchBot/Controller/AI/ASR/AutoASRController.cs(110,118): warning CS8602: 解引用可能出现空引用。 [/root/WorkSpace/CSharp/TelegramSearchBot/feature/project-restructure-implementation/TelegramSearchBot/TelegramSearchBot.csproj]
/root/WorkSpace/CSharp/TelegramSearchBot/feature/project-restructure-implementation/TelegramSearchBot/Controller/AI/ASR/AutoASRController.cs(114,75): warning CS8602: 解引用可能出现空引用。 [/root/WorkSpace/CSharp/TelegramSearchBot/feature/project-restructure-implementation/TelegramSearchBot/TelegramSearchBot.csproj]
/root/WorkSpace/CSharp/TelegramSearchBot/feature/project-restructure-implementation/TelegramSearchBot/AppBootstrap/QRBootstrap.cs(31,36): warning CS0168: 声明了变量“ex”，但从未使用过 [/root/WorkSpace/CSharp/TelegramSearchBot/feature/project-restructure-implementation/TelegramSearchBot/TelegramSearchBot.csproj]
/root/WorkSpace/CSharp/TelegramSearchBot/feature/project-restructure-implementation/TelegramSearchBot/Handler/ResolveShortUrlHandler.cs(24,22): warning CS8602: 解引用可能出现空引用。 [/root/WorkSpace/CSharp/TelegramSearchBot/feature/project-restructure-implementation/TelegramSearchBot/TelegramSearchBot.csproj]
/root/WorkSpace/CSharp/TelegramSearchBot/feature/project-restructure-implementation/TelegramSearchBot/Controller/Common/UrlProcessingController.cs(61,35): warning CS8601: 可能的 null 引用赋值。 [/root/WorkSpace/CSharp/TelegramSearchBot/feature/project-restructure-implementation/TelegramSearchBot/TelegramSearchBot.csproj]
/root/WorkSpace/CSharp/TelegramSearchBot/feature/project-restructure-implementation/TelegramSearchBot/Controller/Download/DownloadVideoController.cs(66,25): warning CS0436: “/root/WorkSpace/CSharp/TelegramSearchBot/feature/project-restructure-implementation/TelegramSearchBot/Exceptions/CannotGetVideoException.cs”中的类型“CannotGetVideoException”与“TelegramSearchBot.Common, Version=1.0.0.0, Culture=neutral, PublicKeyToken=null”中的导入类型“CannotGetVideoException”冲突。请使用“/root/WorkSpace/CSharp/TelegramSearchBot/feature/project-restructure-implementation/TelegramSearchBot/Exceptions/CannotGetVideoException.cs”中定义的类型。 [/root/WorkSpace/CSharp/TelegramSearchBot/feature/project-restructure-implementation/TelegramSearchBot/TelegramSearchBot.csproj]
/root/WorkSpace/CSharp/TelegramSearchBot/feature/project-restructure-implementation/TelegramSearchBot/Controller/Download/DownloadVideoController.cs(56,30): warning CS8602: 解引用可能出现空引用。 [/root/WorkSpace/CSharp/TelegramSearchBot/feature/project-restructure-implementation/TelegramSearchBot/TelegramSearchBot.csproj]
/root/WorkSpace/CSharp/TelegramSearchBot/feature/project-restructure-implementation/TelegramSearchBot/Controller/AI/LLM/AltPhotoController.cs(71,27): warning CS0436: “/root/WorkSpace/CSharp/TelegramSearchBot/feature/project-restructure-implementation/TelegramSearchBot/Exceptions/CannotGetPhotoException.cs”中的类型“CannotGetPhotoException”与“TelegramSearchBot.Common, Version=1.0.0.0, Culture=neutral, PublicKeyToken=null”中的导入类型“CannotGetPhotoException”冲突。请使用“/root/WorkSpace/CSharp/TelegramSearchBot/feature/project-restructure-implementation/TelegramSearchBot/Exceptions/CannotGetPhotoException.cs”中定义的类型。 [/root/WorkSpace/CSharp/TelegramSearchBot/feature/project-restructure-implementation/TelegramSearchBot/TelegramSearchBot.csproj]
/root/WorkSpace/CSharp/TelegramSearchBot/feature/project-restructure-implementation/TelegramSearchBot/Controller/AI/LLM/AltPhotoController.cs(64,58): warning CS8602: 解引用可能出现空引用。 [/root/WorkSpace/CSharp/TelegramSearchBot/feature/project-restructure-implementation/TelegramSearchBot/TelegramSearchBot.csproj]
/root/WorkSpace/CSharp/TelegramSearchBot/feature/project-restructure-implementation/TelegramSearchBot/Controller/AI/LLM/AltPhotoController.cs(74,60): warning CS8602: 解引用可能出现空引用。 [/root/WorkSpace/CSharp/TelegramSearchBot/feature/project-restructure-implementation/TelegramSearchBot/TelegramSearchBot.csproj]
/root/WorkSpace/CSharp/TelegramSearchBot/feature/project-restructure-implementation/TelegramSearchBot/Controller/Common/CommandUrlProcessingController.cs(83,23): warning CS8632: 只能在 "#nullable" 注释上下文内的代码中使用可为 null 的引用类型的注释。 [/root/WorkSpace/CSharp/TelegramSearchBot/feature/project-restructure-implementation/TelegramSearchBot/TelegramSearchBot.csproj]
/root/WorkSpace/CSharp/TelegramSearchBot/feature/project-restructure-implementation/TelegramSearchBot/Controller/AI/OCR/AutoOCRController.cs(81,25): warning CS0436: “/root/WorkSpace/CSharp/TelegramSearchBot/feature/project-restructure-implementation/TelegramSearchBot/Exceptions/CannotGetPhotoException.cs”中的类型“CannotGetPhotoException”与“TelegramSearchBot.Common, Version=1.0.0.0, Culture=neutral, PublicKeyToken=null”中的导入类型“CannotGetPhotoException”冲突。请使用“/root/WorkSpace/CSharp/TelegramSearchBot/feature/project-restructure-implementation/TelegramSearchBot/Exceptions/CannotGetPhotoException.cs”中定义的类型。 [/root/WorkSpace/CSharp/TelegramSearchBot/feature/project-restructure-implementation/TelegramSearchBot/TelegramSearchBot.csproj]
/root/WorkSpace/CSharp/TelegramSearchBot/feature/project-restructure-implementation/TelegramSearchBot/Controller/AI/OCR/AutoOCRController.cs(72,58): warning CS8602: 解引用可能出现空引用。 [/root/WorkSpace/CSharp/TelegramSearchBot/feature/project-restructure-implementation/TelegramSearchBot/TelegramSearchBot.csproj]
/root/WorkSpace/CSharp/TelegramSearchBot/feature/project-restructure-implementation/TelegramSearchBot/Controller/AI/OCR/AutoOCRController.cs(85,60): warning CS8602: 解引用可能出现空引用。 [/root/WorkSpace/CSharp/TelegramSearchBot/feature/project-restructure-implementation/TelegramSearchBot/TelegramSearchBot.csproj]
/root/WorkSpace/CSharp/TelegramSearchBot/feature/project-restructure-implementation/TelegramSearchBot/Controller/Download/DownloadPhotoController.cs(67,25): warning CS0436: “/root/WorkSpace/CSharp/TelegramSearchBot/feature/project-restructure-implementation/TelegramSearchBot/Exceptions/CannotGetPhotoException.cs”中的类型“CannotGetPhotoException”与“TelegramSearchBot.Common, Version=1.0.0.0, Culture=neutral, PublicKeyToken=null”中的导入类型“CannotGetPhotoException”冲突。请使用“/root/WorkSpace/CSharp/TelegramSearchBot/feature/project-restructure-implementation/TelegramSearchBot/Exceptions/CannotGetPhotoException.cs”中定义的类型。 [/root/WorkSpace/CSharp/TelegramSearchBot/feature/project-restructure-implementation/TelegramSearchBot/TelegramSearchBot.csproj]
/root/WorkSpace/CSharp/TelegramSearchBot/feature/project-restructure-implementation/TelegramSearchBot/Controller/Download/DownloadPhotoController.cs(57,30): warning CS8602: 解引用可能出现空引用。 [/root/WorkSpace/CSharp/TelegramSearchBot/feature/project-restructure-implementation/TelegramSearchBot/TelegramSearchBot.csproj]
/root/WorkSpace/CSharp/TelegramSearchBot/feature/project-restructure-implementation/TelegramSearchBot/Controller/Manage/AccountController.cs(57,26): warning CS8602: 解引用可能出现空引用。 [/root/WorkSpace/CSharp/TelegramSearchBot/feature/project-restructure-implementation/TelegramSearchBot/TelegramSearchBot.csproj]
/root/WorkSpace/CSharp/TelegramSearchBot/feature/project-restructure-implementation/TelegramSearchBot/Controller/Download/DownloadAudioController.cs(67,25): warning CS0436: “/root/WorkSpace/CSharp/TelegramSearchBot/feature/project-restructure-implementation/TelegramSearchBot/Exceptions/CannotGetAudioException.cs”中的类型“CannotGetAudioException”与“TelegramSearchBot.Common, Version=1.0.0.0, Culture=neutral, PublicKeyToken=null”中的导入类型“CannotGetAudioException”冲突。请使用“/root/WorkSpace/CSharp/TelegramSearchBot/feature/project-restructure-implementation/TelegramSearchBot/Exceptions/CannotGetAudioException.cs”中定义的类型。 [/root/WorkSpace/CSharp/TelegramSearchBot/feature/project-restructure-implementation/TelegramSearchBot/TelegramSearchBot.csproj]
/root/WorkSpace/CSharp/TelegramSearchBot/feature/project-restructure-implementation/TelegramSearchBot/Controller/Download/DownloadAudioController.cs(57,30): warning CS8602: 解引用可能出现空引用。 [/root/WorkSpace/CSharp/TelegramSearchBot/feature/project-restructure-implementation/TelegramSearchBot/TelegramSearchBot.csproj]
/root/WorkSpace/CSharp/TelegramSearchBot/feature/project-restructure-implementation/TelegramSearchBot/Controller/Manage/CheckBanGroupController.cs(64,37): warning CS8604: “Task<Message> TelegramBotClientExtensions.SendMessage(ITelegramBotClient botClient, ChatId chatId, string text, ParseMode parseMode = ParseMode.None, ReplyParameters? replyParameters = null, ReplyMarkup? replyMarkup = null, LinkPreviewOptions? linkPreviewOptions = null, int? messageThreadId = null, IEnumerable<MessageEntity>? entities = null, bool disableNotification = false, bool protectContent = false, string? messageEffectId = null, string? businessConnectionId = null, bool allowPaidBroadcast = false, CancellationToken cancellationToken = default(CancellationToken))”中的形参“chatId”可能传入 null 引用实参。 [/root/WorkSpace/CSharp/TelegramSearchBot/feature/project-restructure-implementation/TelegramSearchBot/TelegramSearchBot.csproj]
/root/WorkSpace/CSharp/TelegramSearchBot/feature/project-restructure-implementation/TelegramSearchBot/Controller/AI/LLM/GeneralLLMController.cs(68,41): warning CS8601: 可能的 null 引用赋值。 [/root/WorkSpace/CSharp/TelegramSearchBot/feature/project-restructure-implementation/TelegramSearchBot/TelegramSearchBot.csproj]
/root/WorkSpace/CSharp/TelegramSearchBot/feature/project-restructure-implementation/TelegramSearchBot/Controller/AI/LLM/GeneralLLMController.cs(79,17): warning CS8602: 解引用可能出现空引用。 [/root/WorkSpace/CSharp/TelegramSearchBot/feature/project-restructure-implementation/TelegramSearchBot/TelegramSearchBot.csproj]
/root/WorkSpace/CSharp/TelegramSearchBot/feature/project-restructure-implementation/TelegramSearchBot/Controller/AI/LLM/GeneralLLMController.cs(79,17): warning CS8602: 解引用可能出现空引用。 [/root/WorkSpace/CSharp/TelegramSearchBot/feature/project-restructure-implementation/TelegramSearchBot/TelegramSearchBot.csproj]
/root/WorkSpace/CSharp/TelegramSearchBot/feature/project-restructure-implementation/TelegramSearchBot/Controller/AI/LLM/GeneralLLMController.cs(96,81): warning CS8602: 解引用可能出现空引用。 [/root/WorkSpace/CSharp/TelegramSearchBot/feature/project-restructure-implementation/TelegramSearchBot/TelegramSearchBot.csproj]
/root/WorkSpace/CSharp/TelegramSearchBot/feature/project-restructure-implementation/TelegramSearchBot/Controller/AI/LLM/GeneralLLMController.cs(123,34): warning CS8602: 解引用可能出现空引用。 [/root/WorkSpace/CSharp/TelegramSearchBot/feature/project-restructure-implementation/TelegramSearchBot/TelegramSearchBot.csproj]
/root/WorkSpace/CSharp/TelegramSearchBot/feature/project-restructure-implementation/TelegramSearchBot/Manager/QRManager.cs(31,26): warning SYSLIB0014: “WebClient.WebClient()”已过时:“WebRequest, HttpWebRequest, ServicePoint, and WebClient are obsolete. Use HttpClient instead.” (https://aka.ms/dotnet-warnings/SYSLIB0014) [/root/WorkSpace/CSharp/TelegramSearchBot/feature/project-restructure-implementation/TelegramSearchBot/TelegramSearchBot.csproj]
/root/WorkSpace/CSharp/TelegramSearchBot/feature/project-restructure-implementation/TelegramSearchBot/Controller/Manage/AccountController.cs(156,26): warning CS8602: 解引用可能出现空引用。 [/root/WorkSpace/CSharp/TelegramSearchBot/feature/project-restructure-implementation/TelegramSearchBot/TelegramSearchBot.csproj]
/root/WorkSpace/CSharp/TelegramSearchBot/feature/project-restructure-implementation/TelegramSearchBot/Controller/Manage/AccountController.cs(164,21): warning CS8602: 解引用可能出现空引用。 [/root/WorkSpace/CSharp/TelegramSearchBot/feature/project-restructure-implementation/TelegramSearchBot/TelegramSearchBot.csproj]
/root/WorkSpace/CSharp/TelegramSearchBot/feature/project-restructure-implementation/TelegramSearchBot/Controller/Bilibili/BiliMessageController.cs(220,17): warning CS4014: 由于此调用不会等待，因此在此调用完成之前将会继续执行当前方法。请考虑将 "await" 运算符应用于调用结果。 [/root/WorkSpace/CSharp/TelegramSearchBot/feature/project-restructure-implementation/TelegramSearchBot/TelegramSearchBot.csproj]
/root/WorkSpace/CSharp/TelegramSearchBot/feature/project-restructure-implementation/TelegramSearchBot/Manager/PaddleOCR.cs(39,36): warning CS0612: “Result”已过时 [/root/WorkSpace/CSharp/TelegramSearchBot/feature/project-restructure-implementation/TelegramSearchBot/TelegramSearchBot.csproj]
/root/WorkSpace/CSharp/TelegramSearchBot/feature/project-restructure-implementation/TelegramSearchBot/Manager/PaddleOCR.cs(41,33): warning CS0612: “Result”已过时 [/root/WorkSpace/CSharp/TelegramSearchBot/feature/project-restructure-implementation/TelegramSearchBot/TelegramSearchBot.csproj]
/root/WorkSpace/CSharp/TelegramSearchBot/feature/project-restructure-implementation/TelegramSearchBot/Controller/Manage/AccountController.cs(198,93): warning CS8604: “Task<(bool success, string message, AccountBook accountBook)> IAccountService.CreateAccountBookAsync(long groupId, long userId, string name, string description = null)”中的形参“description”可能传入 null 引用实参。 [/root/WorkSpace/CSharp/TelegramSearchBot/feature/project-restructure-implementation/TelegramSearchBot/TelegramSearchBot.csproj]
/root/WorkSpace/CSharp/TelegramSearchBot/feature/project-restructure-implementation/TelegramSearchBot/AppBootstrap/GeneralBootstrap.cs(79,39): warning CS8602: 解引用可能出现空引用。 [/root/WorkSpace/CSharp/TelegramSearchBot/feature/project-restructure-implementation/TelegramSearchBot/TelegramSearchBot.csproj]
/root/WorkSpace/CSharp/TelegramSearchBot/feature/project-restructure-implementation/TelegramSearchBot/Handler/UrlProcessingNotificationHandler.cs(111,23): warning CS8632: 只能在 "#nullable" 注释上下文内的代码中使用可为 null 的引用类型的注释。 [/root/WorkSpace/CSharp/TelegramSearchBot/feature/project-restructure-implementation/TelegramSearchBot/TelegramSearchBot.csproj]
/root/WorkSpace/CSharp/TelegramSearchBot/feature/project-restructure-implementation/TelegramSearchBot/Controller/Bilibili/BiliMessageController.cs(279,33): warning CS8604: “PhotoSize Enumerable.Last<PhotoSize>(IEnumerable<PhotoSize> source)”中的形参“source”可能传入 null 引用实参。 [/root/WorkSpace/CSharp/TelegramSearchBot/feature/project-restructure-implementation/TelegramSearchBot/TelegramSearchBot.csproj]
/root/WorkSpace/CSharp/TelegramSearchBot/feature/project-restructure-implementation/TelegramSearchBot/View/AccountView.cs(343,30): warning CS0168: 声明了变量“ex”，但从未使用过 [/root/WorkSpace/CSharp/TelegramSearchBot/feature/project-restructure-implementation/TelegramSearchBot/TelegramSearchBot.csproj]
  TelegramSearchBot -> /root/WorkSpace/CSharp/TelegramSearchBot/feature/project-restructure-implementation/TelegramSearchBot/bin/Release/net9.0/TelegramSearchBot.dll
/root/WorkSpace/CSharp/TelegramSearchBot/feature/project-restructure-implementation/TelegramSearchBot.Application/Exceptions/ApplicationException.cs(11,72): warning CS8625: 无法将 null 字面量转换为非 null 的引用类型。 [/root/WorkSpace/CSharp/TelegramSearchBot/feature/project-restructure-implementation/TelegramSearchBot.Application/TelegramSearchBot.Application.csproj]
/root/WorkSpace/CSharp/TelegramSearchBot/feature/project-restructure-implementation/TelegramSearchBot.Application/Exceptions/ApplicationException.cs(11,95): warning CS8625: 无法将 null 字面量转换为非 null 的引用类型。 [/root/WorkSpace/CSharp/TelegramSearchBot/feature/project-restructure-implementation/TelegramSearchBot.Application/TelegramSearchBot.Application.csproj]
/root/WorkSpace/CSharp/TelegramSearchBot/feature/project-restructure-implementation/TelegramSearchBot.Application/Exceptions/ApplicationException.cs(18,105): warning CS8625: 无法将 null 字面量转换为非 null 的引用类型。 [/root/WorkSpace/CSharp/TelegramSearchBot/feature/project-restructure-implementation/TelegramSearchBot.Application/TelegramSearchBot.Application.csproj]
/root/WorkSpace/CSharp/TelegramSearchBot/feature/project-restructure-implementation/TelegramSearchBot.Application/Exceptions/ApplicationException.cs(18,128): warning CS8625: 无法将 null 字面量转换为非 null 的引用类型。 [/root/WorkSpace/CSharp/TelegramSearchBot/feature/project-restructure-implementation/TelegramSearchBot.Application/TelegramSearchBot.Application.csproj]
/root/WorkSpace/CSharp/TelegramSearchBot/feature/project-restructure-implementation/TelegramSearchBot.Application/Exceptions/ApplicationException.cs(42,80): warning CS8625: 无法将 null 字面量转换为非 null 的引用类型。 [/root/WorkSpace/CSharp/TelegramSearchBot/feature/project-restructure-implementation/TelegramSearchBot.Application/TelegramSearchBot.Application.csproj]
/root/WorkSpace/CSharp/TelegramSearchBot/feature/project-restructure-implementation/TelegramSearchBot.Application/Common/Interfaces/IApplicationServices.cs(154,23): warning CS8618: 在退出构造函数时，不可为 null 的 属性 "Content" 必须包含非 null 值。请考虑添加 "required" 修饰符或将该 属性 声明为可为 null。 [/root/WorkSpace/CSharp/TelegramSearchBot/feature/project-restructure-implementation/TelegramSearchBot.Application/TelegramSearchBot.Application.csproj]
/root/WorkSpace/CSharp/TelegramSearchBot/feature/project-restructure-implementation/TelegramSearchBot.Application/Common/Interfaces/IApplicationServices.cs(156,23): warning CS8618: 在退出构造函数时，不可为 null 的 属性 "FromUserName" 必须包含非 null 值。请考虑添加 "required" 修饰符或将该 属性 声明为可为 null。 [/root/WorkSpace/CSharp/TelegramSearchBot/feature/project-restructure-implementation/TelegramSearchBot.Application/TelegramSearchBot.Application.csproj]
/root/WorkSpace/CSharp/TelegramSearchBot/feature/project-restructure-implementation/TelegramSearchBot.Application/Common/Interfaces/IApplicationServices.cs(138,23): warning CS8618: 在退出构造函数时，不可为 null 的 属性 "Keyword" 必须包含非 null 值。请考虑添加 "required" 修饰符或将该 属性 声明为可为 null。 [/root/WorkSpace/CSharp/TelegramSearchBot/feature/project-restructure-implementation/TelegramSearchBot.Application/TelegramSearchBot.Application.csproj]
/root/WorkSpace/CSharp/TelegramSearchBot/feature/project-restructure-implementation/TelegramSearchBot.Application/Common/Interfaces/IApplicationServices.cs(126,23): warning CS8618: 在退出构造函数时，不可为 null 的 属性 "Query" 必须包含非 null 值。请考虑添加 "required" 修饰符或将该 属性 声明为可为 null。 [/root/WorkSpace/CSharp/TelegramSearchBot/feature/project-restructure-implementation/TelegramSearchBot.Application/TelegramSearchBot.Application.csproj]
/root/WorkSpace/CSharp/TelegramSearchBot/feature/project-restructure-implementation/TelegramSearchBot.Application/DTOs/Responses/MessageResponseDto.cs(31,23): warning CS8618: 在退出构造函数时，不可为 null 的 属性 "Query" 必须包含非 null 值。请考虑添加 "required" 修饰符或将该 属性 声明为可为 null。 [/root/WorkSpace/CSharp/TelegramSearchBot/feature/project-restructure-implementation/TelegramSearchBot.Application/TelegramSearchBot.Application.csproj]
/root/WorkSpace/CSharp/TelegramSearchBot/feature/project-restructure-implementation/TelegramSearchBot.Application/Common/Interfaces/IApplicationServices.cs(114,23): warning CS8618: 在退出构造函数时，不可为 null 的 属性 "Id" 必须包含非 null 值。请考虑添加 "required" 修饰符或将该 属性 声明为可为 null。 [/root/WorkSpace/CSharp/TelegramSearchBot/feature/project-restructure-implementation/TelegramSearchBot.Application/TelegramSearchBot.Application.csproj]
/root/WorkSpace/CSharp/TelegramSearchBot/feature/project-restructure-implementation/TelegramSearchBot.Application/Common/Interfaces/IApplicationServices.cs(115,23): warning CS8618: 在退出构造函数时，不可为 null 的 属性 "Title" 必须包含非 null 值。请考虑添加 "required" 修饰符或将该 属性 声明为可为 null。 [/root/WorkSpace/CSharp/TelegramSearchBot/feature/project-restructure-implementation/TelegramSearchBot.Application/TelegramSearchBot.Application.csproj]
/root/WorkSpace/CSharp/TelegramSearchBot/feature/project-restructure-implementation/TelegramSearchBot.Application/Common/Interfaces/IApplicationServices.cs(116,23): warning CS8618: 在退出构造函数时，不可为 null 的 属性 "Content" 必须包含非 null 值。请考虑添加 "required" 修饰符或将该 属性 声明为可为 null。 [/root/WorkSpace/CSharp/TelegramSearchBot/feature/project-restructure-implementation/TelegramSearchBot.Application/TelegramSearchBot.Application.csproj]
/root/WorkSpace/CSharp/TelegramSearchBot/feature/project-restructure-implementation/TelegramSearchBot.Application/Common/Interfaces/IApplicationServices.cs(105,23): warning CS8618: 在退出构造函数时，不可为 null 的 属性 "Query" 必须包含非 null 值。请考虑添加 "required" 修饰符或将该 属性 声明为可为 null。 [/root/WorkSpace/CSharp/TelegramSearchBot/feature/project-restructure-implementation/TelegramSearchBot.Application/TelegramSearchBot.Application.csproj]
/root/WorkSpace/CSharp/TelegramSearchBot/feature/project-restructure-implementation/TelegramSearchBot.Application/DTOs/Responses/MessageResponseDto.cs(15,23): warning CS8618: 在退出构造函数时，不可为 null 的 属性 "Content" 必须包含非 null 值。请考虑添加 "required" 修饰符或将该 属性 声明为可为 null。 [/root/WorkSpace/CSharp/TelegramSearchBot/feature/project-restructure-implementation/TelegramSearchBot.Application/TelegramSearchBot.Application.csproj]
/root/WorkSpace/CSharp/TelegramSearchBot/feature/project-restructure-implementation/TelegramSearchBot.Application/DTOs/Responses/MessageResponseDto.cs(17,28): warning CS8618: 在退出构造函数时，不可为 null 的 属性 "FromUser" 必须包含非 null 值。请考虑添加 "required" 修饰符或将该 属性 声明为可为 null。 [/root/WorkSpace/CSharp/TelegramSearchBot/feature/project-restructure-implementation/TelegramSearchBot.Application/TelegramSearchBot.Application.csproj]
/root/WorkSpace/CSharp/TelegramSearchBot/feature/project-restructure-implementation/TelegramSearchBot.Application/Common/Interfaces/IApplicationServices.cs(94,23): warning CS8618: 在退出构造函数时，不可为 null 的 属性 "Query" 必须包含非 null 值。请考虑添加 "required" 修饰符或将该 属性 声明为可为 null。 [/root/WorkSpace/CSharp/TelegramSearchBot/feature/project-restructure-implementation/TelegramSearchBot.Application/TelegramSearchBot.Application.csproj]
/root/WorkSpace/CSharp/TelegramSearchBot/feature/project-restructure-implementation/TelegramSearchBot.Application/DTOs/Requests/MessageDto.cs(48,23): warning CS8618: 在退出构造函数时，不可为 null 的 属性 "Query" 必须包含非 null 值。请考虑添加 "required" 修饰符或将该 属性 声明为可为 null。 [/root/WorkSpace/CSharp/TelegramSearchBot/feature/project-restructure-implementation/TelegramSearchBot.Application/TelegramSearchBot.Application.csproj]
/root/WorkSpace/CSharp/TelegramSearchBot/feature/project-restructure-implementation/TelegramSearchBot.Application/Common/Interfaces/IApplicationServices.cs(70,23): warning CS8618: 在退出构造函数时，不可为 null 的 属性 "Message" 必须包含非 null 值。请考虑添加 "required" 修饰符或将该 属性 声明为可为 null。 [/root/WorkSpace/CSharp/TelegramSearchBot/feature/project-restructure-implementation/TelegramSearchBot.Application/TelegramSearchBot.Application.csproj]
/root/WorkSpace/CSharp/TelegramSearchBot/feature/project-restructure-implementation/TelegramSearchBot.Application/DTOs/Requests/MessageDto.cs(38,23): warning CS8618: 在退出构造函数时，不可为 null 的 属性 "FirstName" 必须包含非 null 值。请考虑添加 "required" 修饰符或将该 属性 声明为可为 null。 [/root/WorkSpace/CSharp/TelegramSearchBot/feature/project-restructure-implementation/TelegramSearchBot.Application/TelegramSearchBot.Application.csproj]
/root/WorkSpace/CSharp/TelegramSearchBot/feature/project-restructure-implementation/TelegramSearchBot.Application/DTOs/Requests/MessageDto.cs(39,23): warning CS8618: 在退出构造函数时，不可为 null 的 属性 "LastName" 必须包含非 null 值。请考虑添加 "required" 修饰符或将该 属性 声明为可为 null。 [/root/WorkSpace/CSharp/TelegramSearchBot/feature/project-restructure-implementation/TelegramSearchBot.Application/TelegramSearchBot.Application.csproj]
/root/WorkSpace/CSharp/TelegramSearchBot/feature/project-restructure-implementation/TelegramSearchBot.Application/DTOs/Requests/MessageDto.cs(40,23): warning CS8618: 在退出构造函数时，不可为 null 的 属性 "Username" 必须包含非 null 值。请考虑添加 "required" 修饰符或将该 属性 声明为可为 null。 [/root/WorkSpace/CSharp/TelegramSearchBot/feature/project-restructure-implementation/TelegramSearchBot.Application/TelegramSearchBot.Application.csproj]
/root/WorkSpace/CSharp/TelegramSearchBot/feature/project-restructure-implementation/TelegramSearchBot.Application/DTOs/Requests/MessageDto.cs(28,23): warning CS8618: 在退出构造函数时，不可为 null 的 属性 "ExtensionType" 必须包含非 null 值。请考虑添加 "required" 修饰符或将该 属性 声明为可为 null。 [/root/WorkSpace/CSharp/TelegramSearchBot/feature/project-restructure-implementation/TelegramSearchBot.Application/TelegramSearchBot.Application.csproj]
/root/WorkSpace/CSharp/TelegramSearchBot/feature/project-restructure-implementation/TelegramSearchBot.Application/DTOs/Requests/MessageDto.cs(29,23): warning CS8618: 在退出构造函数时，不可为 null 的 属性 "ExtensionData" 必须包含非 null 值。请考虑添加 "required" 修饰符或将该 属性 声明为可为 null。 [/root/WorkSpace/CSharp/TelegramSearchBot/feature/project-restructure-implementation/TelegramSearchBot.Application/TelegramSearchBot.Application.csproj]
/root/WorkSpace/CSharp/TelegramSearchBot/feature/project-restructure-implementation/TelegramSearchBot.Application/DTOs/Requests/MessageDto.cs(15,23): warning CS8618: 在退出构造函数时，不可为 null 的 属性 "Content" 必须包含非 null 值。请考虑添加 "required" 修饰符或将该 属性 声明为可为 null。 [/root/WorkSpace/CSharp/TelegramSearchBot/feature/project-restructure-implementation/TelegramSearchBot.Application/TelegramSearchBot.Application.csproj]
  TelegramSearchBot.Application -> /root/WorkSpace/CSharp/TelegramSearchBot/feature/project-restructure-implementation/TelegramSearchBot.Application/bin/Debug/net9.0/TelegramSearchBot.Application.dll
/root/WorkSpace/CSharp/TelegramSearchBot/feature/project-restructure-implementation/TelegramSearchBot.Test/Domain/Message/MessageExtensionTests.cs(43,92): warning CS8625: 无法将 null 字面量转换为非 null 的引用类型。 [/root/WorkSpace/CSharp/TelegramSearchBot/feature/project-restructure-implementation/TelegramSearchBot.Test/TelegramSearchBot.Test.csproj]
/root/WorkSpace/CSharp/TelegramSearchBot/feature/project-restructure-implementation/TelegramSearchBot.Test/Domain/Message/MessageExtensionTests.cs(43,134): warning CS8625: 无法将 null 字面量转换为非 null 的引用类型。 [/root/WorkSpace/CSharp/TelegramSearchBot/feature/project-restructure-implementation/TelegramSearchBot.Test/TelegramSearchBot.Test.csproj]
/root/WorkSpace/CSharp/TelegramSearchBot/feature/project-restructure-implementation/TelegramSearchBot.Test/Controllers/ControllerTestBase.cs(67,73): warning CS8625: 无法将 null 字面量转换为非 null 的引用类型。 [/root/WorkSpace/CSharp/TelegramSearchBot/feature/project-restructure-implementation/TelegramSearchBot.Test/TelegramSearchBot.Test.csproj]
/root/WorkSpace/CSharp/TelegramSearchBot/feature/project-restructure-implementation/TelegramSearchBot.Test/Controllers/ControllerTestBase.cs(87,57): warning CS8625: 无法将 null 字面量转换为非 null 的引用类型。 [/root/WorkSpace/CSharp/TelegramSearchBot/feature/project-restructure-implementation/TelegramSearchBot.Test/TelegramSearchBot.Test.csproj]
/root/WorkSpace/CSharp/TelegramSearchBot/feature/project-restructure-implementation/TelegramSearchBot.Test/Controllers/ControllerTestBase.cs(206,53): warning CS8625: 无法将 null 字面量转换为非 null 的引用类型。 [/root/WorkSpace/CSharp/TelegramSearchBot/feature/project-restructure-implementation/TelegramSearchBot.Test/TelegramSearchBot.Test.csproj]
/root/WorkSpace/CSharp/TelegramSearchBot/feature/project-restructure-implementation/TelegramSearchBot.Test/Core/Controller/ControllerTestBase.cs(46,73): warning CS8625: 无法将 null 字面量转换为非 null 的引用类型。 [/root/WorkSpace/CSharp/TelegramSearchBot/feature/project-restructure-implementation/TelegramSearchBot.Test/TelegramSearchBot.Test.csproj]
/root/WorkSpace/CSharp/TelegramSearchBot/feature/project-restructure-implementation/TelegramSearchBot.Test/Core/Controller/ControllerTestBase.cs(66,57): warning CS8625: 无法将 null 字面量转换为非 null 的引用类型。 [/root/WorkSpace/CSharp/TelegramSearchBot/feature/project-restructure-implementation/TelegramSearchBot.Test/TelegramSearchBot.Test.csproj]
/root/WorkSpace/CSharp/TelegramSearchBot/feature/project-restructure-implementation/TelegramSearchBot.Test/Core/Controller/ControllerTestBase.cs(184,53): warning CS8625: 无法将 null 字面量转换为非 null 的引用类型。 [/root/WorkSpace/CSharp/TelegramSearchBot/feature/project-restructure-implementation/TelegramSearchBot.Test/TelegramSearchBot.Test.csproj]
/root/WorkSpace/CSharp/TelegramSearchBot/feature/project-restructure-implementation/TelegramSearchBot.Test/Service/BotAPI/SendServiceTests.cs(35,47): warning CS0114: “TestDataDbContext.SearchPageCaches”隐藏继承的成员“DataDbContext.SearchPageCaches”。若要使当前成员重写该实现，请添加关键字 override。否则，添加关键字 new。 [/root/WorkSpace/CSharp/TelegramSearchBot/feature/project-restructure-implementation/TelegramSearchBot.Test/TelegramSearchBot.Test.csproj]
/root/WorkSpace/CSharp/TelegramSearchBot/feature/project-restructure-implementation/TelegramSearchBot.Test/Benchmarks/Quick/QuickPerformanceBenchmarks.cs(232,34): warning CS8892: 方法“QuickBenchmarkProgram.Main(string[])”将不会用作入口点，因为找到了同步入口点“AutoGeneratedProgram.Main(string[])”。 [/root/WorkSpace/CSharp/TelegramSearchBot/feature/project-restructure-implementation/TelegramSearchBot.Test/TelegramSearchBot.Test.csproj]
/root/WorkSpace/CSharp/TelegramSearchBot/feature/project-restructure-implementation/TelegramSearchBot.Test/Benchmarks/BenchmarkProgram.cs(21,34): warning CS8892: 方法“BenchmarkProgram.Main(string[])”将不会用作入口点，因为找到了同步入口点“AutoGeneratedProgram.Main(string[])”。 [/root/WorkSpace/CSharp/TelegramSearchBot/feature/project-restructure-implementation/TelegramSearchBot.Test/TelegramSearchBot.Test.csproj]
/root/WorkSpace/CSharp/TelegramSearchBot/feature/project-restructure-implementation/TelegramSearchBot.Test/Benchmarks/Vector/VectorSearchBenchmarks.cs(678,23): warning CS8618: 在退出构造函数时，不可为 null 的 属性 "Content" 必须包含非 null 值。请考虑添加 "required" 修饰符或将该 属性 声明为可为 null。 [/root/WorkSpace/CSharp/TelegramSearchBot/feature/project-restructure-implementation/TelegramSearchBot.Test/TelegramSearchBot.Test.csproj]
/root/WorkSpace/CSharp/TelegramSearchBot/feature/project-restructure-implementation/TelegramSearchBot.Test/Benchmarks/Vector/VectorSearchBenchmarks.cs(667,24): warning CS8618: 在退出构造函数时，不可为 null 的 属性 "Vector" 必须包含非 null 值。请考虑添加 "required" 修饰符或将该 属性 声明为可为 null。 [/root/WorkSpace/CSharp/TelegramSearchBot/feature/project-restructure-implementation/TelegramSearchBot.Test/TelegramSearchBot.Test.csproj]
/root/WorkSpace/CSharp/TelegramSearchBot/feature/project-restructure-implementation/TelegramSearchBot.Test/Benchmarks/Vector/VectorSearchBenchmarks.cs(668,23): warning CS8618: 在退出构造函数时，不可为 null 的 属性 "Content" 必须包含非 null 值。请考虑添加 "required" 修饰符或将该 属性 声明为可为 null。 [/root/WorkSpace/CSharp/TelegramSearchBot/feature/project-restructure-implementation/TelegramSearchBot.Test/TelegramSearchBot.Test.csproj]
/root/WorkSpace/CSharp/TelegramSearchBot/feature/project-restructure-implementation/TelegramSearchBot.Test/Benchmarks/Domain/Message/MessageRepositoryBenchmarks.cs(55,44): error CS0104: “MessageRepository”是“TelegramSearchBot.Domain.Message.MessageRepository”和“TelegramSearchBot.Infrastructure.Persistence.Repositories.MessageRepository”之间的不明确的引用 [/root/WorkSpace/CSharp/TelegramSearchBot/feature/project-restructure-implementation/TelegramSearchBot.Test/TelegramSearchBot.Test.csproj]
/root/WorkSpace/CSharp/TelegramSearchBot/feature/project-restructure-implementation/TelegramSearchBot.Test/Benchmarks/Domain/Message/MessageRepositoryBenchmarks.cs(56,49): error CS0118: “Message”是 命名空间，但此处被当做 类型 来使用 [/root/WorkSpace/CSharp/TelegramSearchBot/feature/project-restructure-implementation/TelegramSearchBot.Test/TelegramSearchBot.Test.csproj]
/root/WorkSpace/CSharp/TelegramSearchBot/feature/project-restructure-implementation/TelegramSearchBot.Test/Benchmarks/Domain/Message/MessageRepositoryBenchmarks.cs(52,16): warning CS8618: 在退出构造函数时，不可为 null 的 字段 "_repository" 必须包含非 null 值。请考虑添加 "required" 修饰符或将该 字段 声明为可为 null。 [/root/WorkSpace/CSharp/TelegramSearchBot/feature/project-restructure-implementation/TelegramSearchBot.Test/TelegramSearchBot.Test.csproj]
/root/WorkSpace/CSharp/TelegramSearchBot/feature/project-restructure-implementation/TelegramSearchBot.Test/Benchmarks/Domain/Message/MessageRepositoryBenchmarks.cs(52,16): warning CS8618: 在退出构造函数时，不可为 null 的 字段 "_smallDataset" 必须包含非 null 值。请考虑添加 "required" 修饰符或将该 字段 声明为可为 null。 [/root/WorkSpace/CSharp/TelegramSearchBot/feature/project-restructure-implementation/TelegramSearchBot.Test/TelegramSearchBot.Test.csproj]
/root/WorkSpace/CSharp/TelegramSearchBot/feature/project-restructure-implementation/TelegramSearchBot.Test/Benchmarks/Domain/Message/MessageRepositoryBenchmarks.cs(52,16): warning CS8618: 在退出构造函数时，不可为 null 的 字段 "_mediumDataset" 必须包含非 null 值。请考虑添加 "required" 修饰符或将该 字段 声明为可为 null。 [/root/WorkSpace/CSharp/TelegramSearchBot/feature/project-restructure-implementation/TelegramSearchBot.Test/TelegramSearchBot.Test.csproj]
/root/WorkSpace/CSharp/TelegramSearchBot/feature/project-restructure-implementation/TelegramSearchBot.Test/Benchmarks/Domain/Message/MessageRepositoryBenchmarks.cs(52,16): warning CS8618: 在退出构造函数时，不可为 null 的 字段 "_largeDataset" 必须包含非 null 值。请考虑添加 "required" 修饰符或将该 字段 声明为可为 null。 [/root/WorkSpace/CSharp/TelegramSearchBot/feature/project-restructure-implementation/TelegramSearchBot.Test/TelegramSearchBot.Test.csproj]
/root/WorkSpace/CSharp/TelegramSearchBot/feature/project-restructure-implementation/TelegramSearchBot.Test/Benchmarks/Domain/Message/MessageRepositoryBenchmarks.cs(65,31): error CS0104: “MessageRepository”是“TelegramSearchBot.Domain.Message.MessageRepository”和“TelegramSearchBot.Infrastructure.Persistence.Repositories.MessageRepository”之间的不明确的引用 [/root/WorkSpace/CSharp/TelegramSearchBot/feature/project-restructure-implementation/TelegramSearchBot.Test/TelegramSearchBot.Test.csproj]
/root/WorkSpace/CSharp/TelegramSearchBot/feature/project-restructure-implementation/TelegramSearchBot.Test/Benchmarks/Domain/Message/MessageProcessingBenchmarks.cs(51,16): warning CS8618: 在退出构造函数时，不可为 null 的 字段 "_pipeline" 必须包含非 null 值。请考虑添加 "required" 修饰符或将该 字段 声明为可为 null。 [/root/WorkSpace/CSharp/TelegramSearchBot/feature/project-restructure-implementation/TelegramSearchBot.Test/TelegramSearchBot.Test.csproj]
/root/WorkSpace/CSharp/TelegramSearchBot/feature/project-restructure-implementation/TelegramSearchBot.Test/Benchmarks/Domain/Message/MessageProcessingBenchmarks.cs(51,16): warning CS8618: 在退出构造函数时，不可为 null 的 字段 "_smallBatch" 必须包含非 null 值。请考虑添加 "required" 修饰符或将该 字段 声明为可为 null。 [/root/WorkSpace/CSharp/TelegramSearchBot/feature/project-restructure-implementation/TelegramSearchBot.Test/TelegramSearchBot.Test.csproj]
/root/WorkSpace/CSharp/TelegramSearchBot/feature/project-restructure-implementation/TelegramSearchBot.Test/Benchmarks/Domain/Message/MessageProcessingBenchmarks.cs(51,16): warning CS8618: 在退出构造函数时，不可为 null 的 字段 "_mediumBatch" 必须包含非 null 值。请考虑添加 "required" 修饰符或将该 字段 声明为可为 null。 [/root/WorkSpace/CSharp/TelegramSearchBot/feature/project-restructure-implementation/TelegramSearchBot.Test/TelegramSearchBot.Test.csproj]
/root/WorkSpace/CSharp/TelegramSearchBot/feature/project-restructure-implementation/TelegramSearchBot.Test/Benchmarks/Domain/Message/MessageProcessingBenchmarks.cs(51,16): warning CS8618: 在退出构造函数时，不可为 null 的 字段 "_largeBatch" 必须包含非 null 值。请考虑添加 "required" 修饰符或将该 字段 声明为可为 null。 [/root/WorkSpace/CSharp/TelegramSearchBot/feature/project-restructure-implementation/TelegramSearchBot.Test/TelegramSearchBot.Test.csproj]
/root/WorkSpace/CSharp/TelegramSearchBot/feature/project-restructure-implementation/TelegramSearchBot.Test/Benchmarks/Domain/Message/MessageProcessingBenchmarks.cs(51,16): warning CS8618: 在退出构造函数时，不可为 null 的 字段 "_singleMessage" 必须包含非 null 值。请考虑添加 "required" 修饰符或将该 字段 声明为可为 null。 [/root/WorkSpace/CSharp/TelegramSearchBot/feature/project-restructure-implementation/TelegramSearchBot.Test/TelegramSearchBot.Test.csproj]
/root/WorkSpace/CSharp/TelegramSearchBot/feature/project-restructure-implementation/TelegramSearchBot.Test/Benchmarks/Domain/Message/MessageProcessingBenchmarks.cs(51,16): warning CS8618: 在退出构造函数时，不可为 null 的 字段 "_longMessage" 必须包含非 null 值。请考虑添加 "required" 修饰符或将该 字段 声明为可为 null。 [/root/WorkSpace/CSharp/TelegramSearchBot/feature/project-restructure-implementation/TelegramSearchBot.Test/TelegramSearchBot.Test.csproj]
/root/WorkSpace/CSharp/TelegramSearchBot/feature/project-restructure-implementation/TelegramSearchBot.Test/Benchmarks/Domain/Message/MessageProcessingBenchmarks.cs(51,16): warning CS8618: 在退出构造函数时，不可为 null 的 字段 "_messageWithExtensions" 必须包含非 null 值。请考虑添加 "required" 修饰符或将该 字段 声明为可为 null。 [/root/WorkSpace/CSharp/TelegramSearchBot/feature/project-restructure-implementation/TelegramSearchBot.Test/TelegramSearchBot.Test.csproj]
/root/WorkSpace/CSharp/TelegramSearchBot/feature/project-restructure-implementation/TelegramSearchBot.Test/Benchmarks/Vector/VectorSearchBenchmarks.cs(61,16): warning CS8618: 在退出构造函数时，不可为 null 的 字段 "_vectorService" 必须包含非 null 值。请考虑添加 "required" 修饰符或将该 字段 声明为可为 null。 [/root/WorkSpace/CSharp/TelegramSearchBot/feature/project-restructure-implementation/TelegramSearchBot.Test/TelegramSearchBot.Test.csproj]
/root/WorkSpace/CSharp/TelegramSearchBot/feature/project-restructure-implementation/TelegramSearchBot.Test/Benchmarks/Vector/VectorSearchBenchmarks.cs(61,16): warning CS8618: 在退出构造函数时，不可为 null 的 字段 "_smallVectorData" 必须包含非 null 值。请考虑添加 "required" 修饰符或将该 字段 声明为可为 null。 [/root/WorkSpace/CSharp/TelegramSearchBot/feature/project-restructure-implementation/TelegramSearchBot.Test/TelegramSearchBot.Test.csproj]
/root/WorkSpace/CSharp/TelegramSearchBot/feature/project-restructure-implementation/TelegramSearchBot.Test/Benchmarks/Vector/VectorSearchBenchmarks.cs(61,16): warning CS8618: 在退出构造函数时，不可为 null 的 字段 "_mediumVectorData" 必须包含非 null 值。请考虑添加 "required" 修饰符或将该 字段 声明为可为 null。 [/root/WorkSpace/CSharp/TelegramSearchBot/feature/project-restructure-implementation/TelegramSearchBot.Test/TelegramSearchBot.Test.csproj]
/root/WorkSpace/CSharp/TelegramSearchBot/feature/project-restructure-implementation/TelegramSearchBot.Test/Benchmarks/Vector/VectorSearchBenchmarks.cs(61,16): warning CS8618: 在退出构造函数时，不可为 null 的 字段 "_testQueries" 必须包含非 null 值。请考虑添加 "required" 修饰符或将该 字段 声明为可为 null。 [/root/WorkSpace/CSharp/TelegramSearchBot/feature/project-restructure-implementation/TelegramSearchBot.Test/TelegramSearchBot.Test.csproj]
/root/WorkSpace/CSharp/TelegramSearchBot/feature/project-restructure-implementation/TelegramSearchBot.Test/Benchmarks/Domain/Message/MessageRepositoryBenchmarks.cs(132,33): error CS0117: “MessageExtension”未包含“MessageId”的定义 [/root/WorkSpace/CSharp/TelegramSearchBot/feature/project-restructure-implementation/TelegramSearchBot.Test/TelegramSearchBot.Test.csproj]
/root/WorkSpace/CSharp/TelegramSearchBot/feature/project-restructure-implementation/TelegramSearchBot.Test/Benchmarks/Domain/Message/MessageRepositoryBenchmarks.cs(154,44): error CS1061: “IMessageRepository”未包含“GetMessagesByGroupIdAsync”的定义，并且找不到可接受第一个“IMessageRepository”类型参数的可访问扩展方法“GetMessagesByGroupIdAsync”(是否缺少 using 指令或程序集引用?) [/root/WorkSpace/CSharp/TelegramSearchBot/feature/project-restructure-implementation/TelegramSearchBot.Test/TelegramSearchBot.Test.csproj]
/root/WorkSpace/CSharp/TelegramSearchBot/feature/project-restructure-implementation/TelegramSearchBot.Test/Benchmarks/Domain/Message/MessageRepositoryBenchmarks.cs(166,44): error CS1061: “IMessageRepository”未包含“GetMessagesByGroupIdAsync”的定义，并且找不到可接受第一个“IMessageRepository”类型参数的可访问扩展方法“GetMessagesByGroupIdAsync”(是否缺少 using 指令或程序集引用?) [/root/WorkSpace/CSharp/TelegramSearchBot/feature/project-restructure-implementation/TelegramSearchBot.Test/TelegramSearchBot.Test.csproj]
/root/WorkSpace/CSharp/TelegramSearchBot/feature/project-restructure-implementation/TelegramSearchBot.Test/Benchmarks/Domain/Message/MessageRepositoryBenchmarks.cs(178,44): error CS1061: “IMessageRepository”未包含“GetMessagesByGroupIdAsync”的定义，并且找不到可接受第一个“IMessageRepository”类型参数的可访问扩展方法“GetMessagesByGroupIdAsync”(是否缺少 using 指令或程序集引用?) [/root/WorkSpace/CSharp/TelegramSearchBot/feature/project-restructure-implementation/TelegramSearchBot.Test/TelegramSearchBot.Test.csproj]
/root/WorkSpace/CSharp/TelegramSearchBot/feature/project-restructure-implementation/TelegramSearchBot.Test/Benchmarks/Domain/Message/MessageRepositoryBenchmarks.cs(190,44): error CS1061: “IMessageRepository”未包含“GetMessageByIdAsync”的定义，并且找不到可接受第一个“IMessageRepository”类型参数的可访问扩展方法“GetMessageByIdAsync”(是否缺少 using 指令或程序集引用?) [/root/WorkSpace/CSharp/TelegramSearchBot/feature/project-restructure-implementation/TelegramSearchBot.Test/TelegramSearchBot.Test.csproj]
/root/WorkSpace/CSharp/TelegramSearchBot/feature/project-restructure-implementation/TelegramSearchBot.Test/Benchmarks/Domain/Message/MessageProcessingBenchmarks.cs(77,46): error CS0117: “TestDataFactory”未包含“CreateValidMessageOption”的定义 [/root/WorkSpace/CSharp/TelegramSearchBot/feature/project-restructure-implementation/TelegramSearchBot.Test/TelegramSearchBot.Test.csproj]
/root/WorkSpace/CSharp/TelegramSearchBot/feature/project-restructure-implementation/TelegramSearchBot.Test/Benchmarks/Domain/Message/MessageProcessingBenchmarks.cs(85,44): error CS0117: “TestDataFactory”未包含“CreateLongMessage”的定义 [/root/WorkSpace/CSharp/TelegramSearchBot/feature/project-restructure-implementation/TelegramSearchBot.Test/TelegramSearchBot.Test.csproj]
/root/WorkSpace/CSharp/TelegramSearchBot/feature/project-restructure-implementation/TelegramSearchBot.Test/Benchmarks/Domain/Message/MessageProcessingBenchmarks.cs(92,54): error CS0117: “TestDataFactory”未包含“CreateValidMessageOption”的定义 [/root/WorkSpace/CSharp/TelegramSearchBot/feature/project-restructure-implementation/TelegramSearchBot.Test/TelegramSearchBot.Test.csproj]
/root/WorkSpace/CSharp/TelegramSearchBot/feature/project-restructure-implementation/TelegramSearchBot.Test/Benchmarks/Domain/Message/MessageProcessingBenchmarks.cs(101,46): error CS0117: “TestDataFactory”未包含“CreateValidMessageOption”的定义 [/root/WorkSpace/CSharp/TelegramSearchBot/feature/project-restructure-implementation/TelegramSearchBot.Test/TelegramSearchBot.Test.csproj]
/root/WorkSpace/CSharp/TelegramSearchBot/feature/project-restructure-implementation/TelegramSearchBot.Test/Benchmarks/Domain/Message/MessageProcessingBenchmarks.cs(111,46): error CS0117: “TestDataFactory”未包含“CreateValidMessageOption”的定义 [/root/WorkSpace/CSharp/TelegramSearchBot/feature/project-restructure-implementation/TelegramSearchBot.Test/TelegramSearchBot.Test.csproj]
/root/WorkSpace/CSharp/TelegramSearchBot/feature/project-restructure-implementation/TelegramSearchBot.Test/Benchmarks/Domain/Message/MessageProcessingBenchmarks.cs(121,46): error CS0117: “TestDataFactory”未包含“CreateValidMessageOption”的定义 [/root/WorkSpace/CSharp/TelegramSearchBot/feature/project-restructure-implementation/TelegramSearchBot.Test/TelegramSearchBot.Test.csproj]
/root/WorkSpace/CSharp/TelegramSearchBot/feature/project-restructure-implementation/TelegramSearchBot.Test/Benchmarks/Domain/Message/MessageRepositoryBenchmarks.cs(202,44): error CS1061: “IMessageRepository”未包含“GetMessagesByUserAsync”的定义，并且找不到可接受第一个“IMessageRepository”类型参数的可访问扩展方法“GetMessagesByUserAsync”(是否缺少 using 指令或程序集引用?) [/root/WorkSpace/CSharp/TelegramSearchBot/feature/project-restructure-implementation/TelegramSearchBot.Test/TelegramSearchBot.Test.csproj]
/root/WorkSpace/CSharp/TelegramSearchBot/feature/project-restructure-implementation/TelegramSearchBot.Test/Domain/MessageTestDataFactory.cs(32,53): error CS0234: 命名空间“TelegramSearchBot.Model.Data”中不存在类型或命名空间名“MessageOption”(是否缺少程序集引用?) [/root/WorkSpace/CSharp/TelegramSearchBot/feature/project-restructure-implementation/TelegramSearchBot.Test/TelegramSearchBot.Test.csproj]
/root/WorkSpace/CSharp/TelegramSearchBot/feature/project-restructure-implementation/TelegramSearchBot.Test/Benchmarks/Domain/Message/MessageRepositoryBenchmarks.cs(218,44): error CS1061: “IMessageRepository”未包含“SearchMessagesAsync”的定义，并且找不到可接受第一个“IMessageRepository”类型参数的可访问扩展方法“SearchMessagesAsync”(是否缺少 using 指令或程序集引用?) [/root/WorkSpace/CSharp/TelegramSearchBot/feature/project-restructure-implementation/TelegramSearchBot.Test/TelegramSearchBot.Test.csproj]
/root/WorkSpace/CSharp/TelegramSearchBot/feature/project-restructure-implementation/TelegramSearchBot.Test/Benchmarks/Domain/Message/MessageRepositoryBenchmarks.cs(230,44): error CS1061: “IMessageRepository”未包含“SearchMessagesAsync”的定义，并且找不到可接受第一个“IMessageRepository”类型参数的可访问扩展方法“SearchMessagesAsync”(是否缺少 using 指令或程序集引用?) [/root/WorkSpace/CSharp/TelegramSearchBot/feature/project-restructure-implementation/TelegramSearchBot.Test/TelegramSearchBot.Test.csproj]
/root/WorkSpace/CSharp/TelegramSearchBot/feature/project-restructure-implementation/TelegramSearchBot.Test/Benchmarks/Domain/Message/MessageRepositoryBenchmarks.cs(242,44): error CS1061: “IMessageRepository”未包含“SearchMessagesAsync”的定义，并且找不到可接受第一个“IMessageRepository”类型参数的可访问扩展方法“SearchMessagesAsync”(是否缺少 using 指令或程序集引用?) [/root/WorkSpace/CSharp/TelegramSearchBot/feature/project-restructure-implementation/TelegramSearchBot.Test/TelegramSearchBot.Test.csproj]
/root/WorkSpace/CSharp/TelegramSearchBot/feature/project-restructure-implementation/TelegramSearchBot.Test/Benchmarks/Domain/Message/MessageRepositoryBenchmarks.cs(254,44): error CS1061: “IMessageRepository”未包含“SearchMessagesAsync”的定义，并且找不到可接受第一个“IMessageRepository”类型参数的可访问扩展方法“SearchMessagesAsync”(是否缺少 using 指令或程序集引用?) [/root/WorkSpace/CSharp/TelegramSearchBot/feature/project-restructure-implementation/TelegramSearchBot.Test/TelegramSearchBot.Test.csproj]
/root/WorkSpace/CSharp/TelegramSearchBot/feature/project-restructure-implementation/TelegramSearchBot.Test/Benchmarks/Vector/VectorSearchBenchmarks.cs(156,28): error CS0029: 无法将类型“string[]”隐式转换为“System.Collections.Generic.List<string>” [/root/WorkSpace/CSharp/TelegramSearchBot/feature/project-restructure-implementation/TelegramSearchBot.Test/TelegramSearchBot.Test.csproj]
/root/WorkSpace/CSharp/TelegramSearchBot/feature/project-restructure-implementation/TelegramSearchBot.Test/Benchmarks/Vector/VectorSearchBenchmarks.cs(209,33): error CS0117: “MessageExtension”未包含“MessageId”的定义 [/root/WorkSpace/CSharp/TelegramSearchBot/feature/project-restructure-implementation/TelegramSearchBot.Test/TelegramSearchBot.Test.csproj]
/root/WorkSpace/CSharp/TelegramSearchBot/feature/project-restructure-implementation/TelegramSearchBot.Test/Benchmarks/Quick/QuickPerformanceBenchmarks.cs(232,34): warning CS1998: 此异步方法缺少 "await" 运算符，将以同步方式运行。请考虑使用 "await" 运算符等待非阻止的 API 调用，或者使用 "await Task.Run(...)" 在后台线程上执行占用大量 CPU 的工作。 [/root/WorkSpace/CSharp/TelegramSearchBot/feature/project-restructure-implementation/TelegramSearchBot.Test/TelegramSearchBot.Test.csproj]
/root/WorkSpace/CSharp/TelegramSearchBot/feature/project-restructure-implementation/TelegramSearchBot.Test/Benchmarks/Domain/Message/MessageRepositoryBenchmarks.cs(269,37): error CS0118: “Message”是 命名空间，但此处被当做 类型 来使用 [/root/WorkSpace/CSharp/TelegramSearchBot/feature/project-restructure-implementation/TelegramSearchBot.Test/TelegramSearchBot.Test.csproj]
/root/WorkSpace/CSharp/TelegramSearchBot/feature/project-restructure-implementation/TelegramSearchBot.Test/Benchmarks/Domain/Message/MessageRepositoryBenchmarks.cs(270,28): error CS1503: 参数 1: 无法从“System.Collections.Generic.List<TelegramSearchBot.Benchmarks.Domain.Message>”转换为“System.Collections.Generic.List<TelegramSearchBot.Model.Data.Message>” [/root/WorkSpace/CSharp/TelegramSearchBot/feature/project-restructure-implementation/TelegramSearchBot.Test/TelegramSearchBot.Test.csproj]
/root/WorkSpace/CSharp/TelegramSearchBot/feature/project-restructure-implementation/TelegramSearchBot.Test/Benchmarks/Domain/Message/MessageRepositoryBenchmarks.cs(275,30): error CS0103: 当前上下文中不存在名称“MessageTestDataFactory” [/root/WorkSpace/CSharp/TelegramSearchBot/feature/project-restructure-implementation/TelegramSearchBot.Test/TelegramSearchBot.Test.csproj]
/root/WorkSpace/CSharp/TelegramSearchBot/feature/project-restructure-implementation/TelegramSearchBot.Test/Benchmarks/Domain/Message/MessageRepositoryBenchmarks.cs(276,44): error CS1061: “IMessageRepository”未包含“AddMessageAsync”的定义，并且找不到可接受第一个“IMessageRepository”类型参数的可访问扩展方法“AddMessageAsync”(是否缺少 using 指令或程序集引用?) [/root/WorkSpace/CSharp/TelegramSearchBot/feature/project-restructure-implementation/TelegramSearchBot.Test/TelegramSearchBot.Test.csproj]
/root/WorkSpace/CSharp/TelegramSearchBot/feature/project-restructure-implementation/TelegramSearchBot.Test/Controllers/Storage/MessageControllerTests.cs(59,26): error CS0103: 当前上下文中不存在名称“BotMessageType” [/root/WorkSpace/CSharp/TelegramSearchBot/feature/project-restructure-implementation/TelegramSearchBot.Test/TelegramSearchBot.Test.csproj]
/root/WorkSpace/CSharp/TelegramSearchBot/feature/project-restructure-implementation/TelegramSearchBot.Test/Benchmarks/Domain/Message/MessageRepositoryBenchmarks.cs(287,37): error CS0118: “Message”是 命名空间，但此处被当做 类型 来使用 [/root/WorkSpace/CSharp/TelegramSearchBot/feature/project-restructure-implementation/TelegramSearchBot.Test/TelegramSearchBot.Test.csproj]
/root/WorkSpace/CSharp/TelegramSearchBot/feature/project-restructure-implementation/TelegramSearchBot.Test/Benchmarks/Domain/Message/MessageRepositoryBenchmarks.cs(288,28): error CS1503: 参数 1: 无法从“System.Collections.Generic.List<TelegramSearchBot.Benchmarks.Domain.Message>”转换为“System.Collections.Generic.List<TelegramSearchBot.Model.Data.Message>” [/root/WorkSpace/CSharp/TelegramSearchBot/feature/project-restructure-implementation/TelegramSearchBot.Test/TelegramSearchBot.Test.csproj]
/root/WorkSpace/CSharp/TelegramSearchBot/feature/project-restructure-implementation/TelegramSearchBot.Test/Benchmarks/Domain/Message/MessageRepositoryBenchmarks.cs(296,34): error CS0103: 当前上下文中不存在名称“MessageTestDataFactory” [/root/WorkSpace/CSharp/TelegramSearchBot/feature/project-restructure-implementation/TelegramSearchBot.Test/TelegramSearchBot.Test.csproj]
/root/WorkSpace/CSharp/TelegramSearchBot/feature/project-restructure-implementation/TelegramSearchBot.Test/Benchmarks/Domain/Message/MessageRepositoryBenchmarks.cs(297,48): error CS1061: “IMessageRepository”未包含“AddMessageAsync”的定义，并且找不到可接受第一个“IMessageRepository”类型参数的可访问扩展方法“AddMessageAsync”(是否缺少 using 指令或程序集引用?) [/root/WorkSpace/CSharp/TelegramSearchBot/feature/project-restructure-implementation/TelegramSearchBot.Test/TelegramSearchBot.Test.csproj]
/root/WorkSpace/CSharp/TelegramSearchBot/feature/project-restructure-implementation/TelegramSearchBot.Test/Domain/Message/Integration/MessageProcessingIntegrationTests.cs(38,58): error CS0104: “MessageService”是“TelegramSearchBot.Domain.Message.MessageService”和“TelegramSearchBot.Service.Storage.MessageService”之间的不明确的引用 [/root/WorkSpace/CSharp/TelegramSearchBot/feature/project-restructure-implementation/TelegramSearchBot.Test/TelegramSearchBot.Test.csproj]
/root/WorkSpace/CSharp/TelegramSearchBot/feature/project-restructure-implementation/TelegramSearchBot.Test/Domain/Message/Integration/MessageProcessingIntegrationTests.cs(43,30): error CS0103: 当前上下文中不存在名称“CreateMockDbContext” [/root/WorkSpace/CSharp/TelegramSearchBot/feature/project-restructure-implementation/TelegramSearchBot.Test/TelegramSearchBot.Test.csproj]
/root/WorkSpace/CSharp/TelegramSearchBot/feature/project-restructure-implementation/TelegramSearchBot.Test/Domain/Message/Integration/MessageProcessingIntegrationTests.cs(50,24): error CS1729: “MessageService”不包含采用 5 个参数的构造函数 [/root/WorkSpace/CSharp/TelegramSearchBot/feature/project-restructure-implementation/TelegramSearchBot.Test/TelegramSearchBot.Test.csproj]
/root/WorkSpace/CSharp/TelegramSearchBot/feature/project-restructure-implementation/TelegramSearchBot.Test/Base/IntegrationTestBase.cs(101,32): error CS0246: 未能找到类型或命名空间名“IMessageRepository”(是否缺少 using 指令或程序集引用?) [/root/WorkSpace/CSharp/TelegramSearchBot/feature/project-restructure-implementation/TelegramSearchBot.Test/TelegramSearchBot.Test.csproj]
/root/WorkSpace/CSharp/TelegramSearchBot/feature/project-restructure-implementation/TelegramSearchBot.Test/Base/IntegrationTestBase.cs(101,22): error CS0311: 类型“TelegramSearchBot.Domain.Message.MessageRepository”不能用作泛型类型或方法“ServiceCollectionServiceExtensions.AddScoped<TService, TImplementation>(IServiceCollection)”中的类型参数“TImplementation”。没有从“TelegramSearchBot.Domain.Message.MessageRepository”到“IMessageRepository”的隐式引用转换。 [/root/WorkSpace/CSharp/TelegramSearchBot/feature/project-restructure-implementation/TelegramSearchBot.Test/TelegramSearchBot.Test.csproj]
/root/WorkSpace/CSharp/TelegramSearchBot/feature/project-restructure-implementation/TelegramSearchBot.Test/Base/IntegrationTestBase.cs(102,32): error CS0104: “IMessageService”是“TelegramSearchBot.Interface.IMessageService”和“TelegramSearchBot.Domain.Message.IMessageService”之间的不明确的引用 [/root/WorkSpace/CSharp/TelegramSearchBot/feature/project-restructure-implementation/TelegramSearchBot.Test/TelegramSearchBot.Test.csproj]
/root/WorkSpace/CSharp/TelegramSearchBot/feature/project-restructure-implementation/TelegramSearchBot.Test/Base/IntegrationTestBase.cs(102,22): error CS0311: 类型“TelegramSearchBot.Domain.Message.MessageService”不能用作泛型类型或方法“ServiceCollectionServiceExtensions.AddScoped<TService, TImplementation>(IServiceCollection)”中的类型参数“TImplementation”。没有从“TelegramSearchBot.Domain.Message.MessageService”到“TelegramSearchBot.Interface.IMessageService”的隐式引用转换。 [/root/WorkSpace/CSharp/TelegramSearchBot/feature/project-restructure-implementation/TelegramSearchBot.Test/TelegramSearchBot.Test.csproj]
/root/WorkSpace/CSharp/TelegramSearchBot/feature/project-restructure-implementation/TelegramSearchBot.Test/Base/IntegrationTestBase.cs(108,32): error CS0246: 未能找到类型或命名空间名“SendMessage”(是否缺少 using 指令或程序集引用?) [/root/WorkSpace/CSharp/TelegramSearchBot/feature/project-restructure-implementation/TelegramSearchBot.Test/TelegramSearchBot.Test.csproj]
/root/WorkSpace/CSharp/TelegramSearchBot/feature/project-restructure-implementation/TelegramSearchBot.Test/Base/IntegrationTestBase.cs(111,32): error CS0246: 未能找到类型或命名空间名“PaddleOCR”(是否缺少 using 指令或程序集引用?) [/root/WorkSpace/CSharp/TelegramSearchBot/feature/project-restructure-implementation/TelegramSearchBot.Test/TelegramSearchBot.Test.csproj]
/root/WorkSpace/CSharp/TelegramSearchBot/feature/project-restructure-implementation/TelegramSearchBot.Test/Base/IntegrationTestBase.cs(112,32): error CS0246: 未能找到类型或命名空间名“WhisperManager”(是否缺少 using 指令或程序集引用?) [/root/WorkSpace/CSharp/TelegramSearchBot/feature/project-restructure-implementation/TelegramSearchBot.Test/TelegramSearchBot.Test.csproj]
/root/WorkSpace/CSharp/TelegramSearchBot/feature/project-restructure-implementation/TelegramSearchBot.Test/Base/IntegrationTestBase.cs(113,32): error CS0246: 未能找到类型或命名空间名“QRManager”(是否缺少 using 指令或程序集引用?) [/root/WorkSpace/CSharp/TelegramSearchBot/feature/project-restructure-implementation/TelegramSearchBot.Test/TelegramSearchBot.Test.csproj]
/root/WorkSpace/CSharp/TelegramSearchBot/feature/project-restructure-implementation/TelegramSearchBot.Test/Base/IntegrationTestBase.cs(116,32): error CS0246: 未能找到类型或命名空间名“AutoASRService”(是否缺少 using 指令或程序集引用?) [/root/WorkSpace/CSharp/TelegramSearchBot/feature/project-restructure-implementation/TelegramSearchBot.Test/TelegramSearchBot.Test.csproj]
/root/WorkSpace/CSharp/TelegramSearchBot/feature/project-restructure-implementation/TelegramSearchBot.Test/Base/IntegrationTestBase.cs(117,32): error CS0246: 未能找到类型或命名空间名“AutoOCRService”(是否缺少 using 指令或程序集引用?) [/root/WorkSpace/CSharp/TelegramSearchBot/feature/project-restructure-implementation/TelegramSearchBot.Test/TelegramSearchBot.Test.csproj]
/root/WorkSpace/CSharp/TelegramSearchBot/feature/project-restructure-implementation/TelegramSearchBot.Test/Base/IntegrationTestBase.cs(118,32): error CS0246: 未能找到类型或命名空间名“RefreshService”(是否缺少 using 指令或程序集引用?) [/root/WorkSpace/CSharp/TelegramSearchBot/feature/project-restructure-implementation/TelegramSearchBot.Test/TelegramSearchBot.Test.csproj]
/root/WorkSpace/CSharp/TelegramSearchBot/feature/project-restructure-implementation/TelegramSearchBot.Test/Base/IntegrationTestBase.cs(119,32): error CS0246: 未能找到类型或命名空间名“SearchToolService”(是否缺少 using 指令或程序集引用?) [/root/WorkSpace/CSharp/TelegramSearchBot/feature/project-restructure-implementation/TelegramSearchBot.Test/TelegramSearchBot.Test.csproj]
/root/WorkSpace/CSharp/TelegramSearchBot/feature/project-restructure-implementation/TelegramSearchBot.Test/Base/IntegrationTestBase.cs(122,32): error CS0246: 未能找到类型或命名空间名“AutoASRController”(是否缺少 using 指令或程序集引用?) [/root/WorkSpace/CSharp/TelegramSearchBot/feature/project-restructure-implementation/TelegramSearchBot.Test/TelegramSearchBot.Test.csproj]
/root/WorkSpace/CSharp/TelegramSearchBot/feature/project-restructure-implementation/TelegramSearchBot.Test/Base/IntegrationTestBase.cs(123,32): error CS0246: 未能找到类型或命名空间名“AutoOCRController”(是否缺少 using 指令或程序集引用?) [/root/WorkSpace/CSharp/TelegramSearchBot/feature/project-restructure-implementation/TelegramSearchBot.Test/TelegramSearchBot.Test.csproj]
/root/WorkSpace/CSharp/TelegramSearchBot/feature/project-restructure-implementation/TelegramSearchBot.Test/Base/IntegrationTestBase.cs(124,32): error CS0246: 未能找到类型或命名空间名“RefreshService”(是否缺少 using 指令或程序集引用?) [/root/WorkSpace/CSharp/TelegramSearchBot/feature/project-restructure-implementation/TelegramSearchBot.Test/TelegramSearchBot.Test.csproj]
/root/WorkSpace/CSharp/TelegramSearchBot/feature/project-restructure-implementation/TelegramSearchBot.Test/Base/IntegrationTestBase.cs(125,32): error CS0246: 未能找到类型或命名空间名“SearchToolService”(是否缺少 using 指令或程序集引用?) [/root/WorkSpace/CSharp/TelegramSearchBot/feature/project-restructure-implementation/TelegramSearchBot.Test/TelegramSearchBot.Test.csproj]
/root/WorkSpace/CSharp/TelegramSearchBot/feature/project-restructure-implementation/TelegramSearchBot.Test/Base/IntegrationTestBase.cs(86,40): warning CS8620: 由于引用类型的可为 null 性差异，Dictionary<string, string> 类型的实参不能用于 IConfigurationBuilder MemoryConfigurationBuilderExtensions.AddInMemoryCollection(IConfigurationBuilder configurationBuilder, IEnumerable<KeyValuePair<string, string?>>? initialData) 中 IEnumerable<KeyValuePair<string, string?>> 类型的形参 initialData。 [/root/WorkSpace/CSharp/TelegramSearchBot/feature/project-restructure-implementation/TelegramSearchBot.Test/TelegramSearchBot.Test.csproj]
/root/WorkSpace/CSharp/TelegramSearchBot/feature/project-restructure-implementation/TelegramSearchBot.Test/Base/IntegrationTestBase.cs(137,23): error CS1061: “TestDataSet”未包含“Initialize”的定义，并且找不到可接受第一个“TestDataSet”类型参数的可访问扩展方法“Initialize”(是否缺少 using 指令或程序集引用?) [/root/WorkSpace/CSharp/TelegramSearchBot/feature/project-restructure-implementation/TelegramSearchBot.Test/TelegramSearchBot.Test.csproj]
/root/WorkSpace/CSharp/TelegramSearchBot/feature/project-restructure-implementation/TelegramSearchBot.Test/Domain/Message/Integration/MessageProcessingIntegrationTests.cs(82,28): error CS0234: 命名空间“Telegram.Bot.Types”中不存在类型或命名空间名“ChatType”(是否缺少程序集引用?) [/root/WorkSpace/CSharp/TelegramSearchBot/feature/project-restructure-implementation/TelegramSearchBot.Test/TelegramSearchBot.Test.csproj]
/root/WorkSpace/CSharp/TelegramSearchBot/feature/project-restructure-implementation/TelegramSearchBot.Test/Controllers/Storage/MessageControllerTests.cs(94,26): error CS0103: 当前上下文中不存在名称“BotMessageType” [/root/WorkSpace/CSharp/TelegramSearchBot/feature/project-restructure-implementation/TelegramSearchBot.Test/TelegramSearchBot.Test.csproj]
/root/WorkSpace/CSharp/TelegramSearchBot/feature/project-restructure-implementation/TelegramSearchBot.Test/Domain/MessageTestDataFactory.cs(111,17): error CS0117: “UserData”未包含“Username”的定义 [/root/WorkSpace/CSharp/TelegramSearchBot/feature/project-restructure-implementation/TelegramSearchBot.Test/TelegramSearchBot.Test.csproj]
/root/WorkSpace/CSharp/TelegramSearchBot/feature/project-restructure-implementation/TelegramSearchBot.Test/Domain/MessageTestDataFactory.cs(113,17): error CS0117: “UserData”未包含“LanguageCode”的定义 [/root/WorkSpace/CSharp/TelegramSearchBot/feature/project-restructure-implementation/TelegramSearchBot.Test/TelegramSearchBot.Test.csproj]
/root/WorkSpace/CSharp/TelegramSearchBot/feature/project-restructure-implementation/TelegramSearchBot.Test/Domain/MessageTestDataFactory.cs(115,17): error CS0117: “UserData”未包含“AddedToAttachmentMenu”的定义 [/root/WorkSpace/CSharp/TelegramSearchBot/feature/project-restructure-implementation/TelegramSearchBot.Test/TelegramSearchBot.Test.csproj]
/root/WorkSpace/CSharp/TelegramSearchBot/feature/project-restructure-implementation/TelegramSearchBot.Test/Domain/MessageTestDataFactory.cs(116,17): error CS0117: “UserData”未包含“CanJoinGroups”的定义 [/root/WorkSpace/CSharp/TelegramSearchBot/feature/project-restructure-implementation/TelegramSearchBot.Test/TelegramSearchBot.Test.csproj]
/root/WorkSpace/CSharp/TelegramSearchBot/feature/project-restructure-implementation/TelegramSearchBot.Test/Domain/MessageTestDataFactory.cs(117,17): error CS0117: “UserData”未包含“CanReadAllGroupMessages”的定义 [/root/WorkSpace/CSharp/TelegramSearchBot/feature/project-restructure-implementation/TelegramSearchBot.Test/TelegramSearchBot.Test.csproj]
/root/WorkSpace/CSharp/TelegramSearchBot/feature/project-restructure-implementation/TelegramSearchBot.Test/Domain/MessageTestDataFactory.cs(118,17): error CS0117: “UserData”未包含“SupportsInlineQueries”的定义 [/root/WorkSpace/CSharp/TelegramSearchBot/feature/project-restructure-implementation/TelegramSearchBot.Test/TelegramSearchBot.Test.csproj]
/root/WorkSpace/CSharp/TelegramSearchBot/feature/project-restructure-implementation/TelegramSearchBot.Test/Benchmarks/Domain/Message/MessageRepositoryBenchmarks.cs(308,45): error CS0118: “Message”是 命名空间，但此处被当做 类型 来使用 [/root/WorkSpace/CSharp/TelegramSearchBot/feature/project-restructure-implementation/TelegramSearchBot.Test/TelegramSearchBot.Test.csproj]
/root/WorkSpace/CSharp/TelegramSearchBot/feature/project-restructure-implementation/TelegramSearchBot.Test/Benchmarks/Domain/Message/MessageRepositoryBenchmarks.cs(310,17): error CS0103: 当前上下文中不存在名称“MessageTestDataFactory” [/root/WorkSpace/CSharp/TelegramSearchBot/feature/project-restructure-implementation/TelegramSearchBot.Test/TelegramSearchBot.Test.csproj]
/root/WorkSpace/CSharp/TelegramSearchBot/feature/project-restructure-implementation/TelegramSearchBot.Test/Benchmarks/Domain/Message/MessageRepositoryBenchmarks.cs(312,28): error CS1503: 参数 1: 无法从“System.Collections.Generic.List<TelegramSearchBot.Benchmarks.Domain.Message>”转换为“System.Collections.Generic.List<TelegramSearchBot.Model.Data.Message>” [/root/WorkSpace/CSharp/TelegramSearchBot/feature/project-restructure-implementation/TelegramSearchBot.Test/TelegramSearchBot.Test.csproj]
/root/WorkSpace/CSharp/TelegramSearchBot/feature/project-restructure-implementation/TelegramSearchBot.Test/Benchmarks/Domain/Message/MessageRepositoryBenchmarks.cs(317,44): error CS1061: “IMessageRepository”未包含“UpdateMessageContentAsync”的定义，并且找不到可接受第一个“IMessageRepository”类型参数的可访问扩展方法“UpdateMessageContentAsync”(是否缺少 using 指令或程序集引用?) [/root/WorkSpace/CSharp/TelegramSearchBot/feature/project-restructure-implementation/TelegramSearchBot.Test/TelegramSearchBot.Test.csproj]
/root/WorkSpace/CSharp/TelegramSearchBot/feature/project-restructure-implementation/TelegramSearchBot.Test/Application/Features/Messages/MessageApplicationServiceTests.cs(55,26): error CS1503: 参数 1: 无法从“System.Threading.Tasks.Task”转换为“System.Threading.Tasks.Task<TelegramSearchBot.Domain.Message.MessageAggregate>” [/root/WorkSpace/CSharp/TelegramSearchBot/feature/project-restructure-implementation/TelegramSearchBot.Test/TelegramSearchBot.Test.csproj]
/root/WorkSpace/CSharp/TelegramSearchBot/feature/project-restructure-implementation/TelegramSearchBot.Test/Application/Features/Messages/MessageApplicationServiceTests.cs(54,47): error CS0854: 表达式树可能不包含使用可选参数的调用 [/root/WorkSpace/CSharp/TelegramSearchBot/feature/project-restructure-implementation/TelegramSearchBot.Test/TelegramSearchBot.Test.csproj]
/root/WorkSpace/CSharp/TelegramSearchBot/feature/project-restructure-implementation/TelegramSearchBot.Test/Application/Features/Messages/MessageApplicationServiceTests.cs(62,48): error CS0854: 表达式树可能不包含使用可选参数的调用 [/root/WorkSpace/CSharp/TelegramSearchBot/feature/project-restructure-implementation/TelegramSearchBot.Test/TelegramSearchBot.Test.csproj]
/root/WorkSpace/CSharp/TelegramSearchBot/feature/project-restructure-implementation/TelegramSearchBot.Test/Application/Features/Messages/MessageApplicationServiceTests.cs(66,54): error CS0854: 表达式树可能不包含使用可选参数的调用 [/root/WorkSpace/CSharp/TelegramSearchBot/feature/project-restructure-implementation/TelegramSearchBot.Test/TelegramSearchBot.Test.csproj]
/root/WorkSpace/CSharp/TelegramSearchBot/feature/project-restructure-implementation/TelegramSearchBot.Test/Domain/MessageTestDataFactory.cs(140,17): error CS0117: “GroupData”未包含“Username”的定义 [/root/WorkSpace/CSharp/TelegramSearchBot/feature/project-restructure-implementation/TelegramSearchBot.Test/TelegramSearchBot.Test.csproj]
/root/WorkSpace/CSharp/TelegramSearchBot/feature/project-restructure-implementation/TelegramSearchBot.Test/Domain/MessageTestDataFactory.cs(141,17): error CS0117: “GroupData”未包含“Photo”的定义 [/root/WorkSpace/CSharp/TelegramSearchBot/feature/project-restructure-implementation/TelegramSearchBot.Test/TelegramSearchBot.Test.csproj]
/root/WorkSpace/CSharp/TelegramSearchBot/feature/project-restructure-implementation/TelegramSearchBot.Test/Domain/MessageTestDataFactory.cs(142,17): error CS0117: “GroupData”未包含“Description”的定义 [/root/WorkSpace/CSharp/TelegramSearchBot/feature/project-restructure-implementation/TelegramSearchBot.Test/TelegramSearchBot.Test.csproj]
/root/WorkSpace/CSharp/TelegramSearchBot/feature/project-restructure-implementation/TelegramSearchBot.Test/Domain/MessageTestDataFactory.cs(143,17): error CS0117: “GroupData”未包含“InviteLink”的定义 [/root/WorkSpace/CSharp/TelegramSearchBot/feature/project-restructure-implementation/TelegramSearchBot.Test/TelegramSearchBot.Test.csproj]
/root/WorkSpace/CSharp/TelegramSearchBot/feature/project-restructure-implementation/TelegramSearchBot.Test/Domain/MessageTestDataFactory.cs(144,17): error CS0117: “GroupData”未包含“PinnedMessage”的定义 [/root/WorkSpace/CSharp/TelegramSearchBot/feature/project-restructure-implementation/TelegramSearchBot.Test/TelegramSearchBot.Test.csproj]
/root/WorkSpace/CSharp/TelegramSearchBot/feature/project-restructure-implementation/TelegramSearchBot.Test/Domain/MessageTestDataFactory.cs(145,17): error CS0117: “GroupData”未包含“Permissions”的定义 [/root/WorkSpace/CSharp/TelegramSearchBot/feature/project-restructure-implementation/TelegramSearchBot.Test/TelegramSearchBot.Test.csproj]
/root/WorkSpace/CSharp/TelegramSearchBot/feature/project-restructure-implementation/TelegramSearchBot.Test/Domain/MessageTestDataFactory.cs(146,17): error CS0117: “GroupData”未包含“SlowModeDelay”的定义 [/root/WorkSpace/CSharp/TelegramSearchBot/feature/project-restructure-implementation/TelegramSearchBot.Test/TelegramSearchBot.Test.csproj]
/root/WorkSpace/CSharp/TelegramSearchBot/feature/project-restructure-implementation/TelegramSearchBot.Test/Domain/MessageTestDataFactory.cs(147,17): error CS0117: “GroupData”未包含“MessageAutoDeleteTime”的定义 [/root/WorkSpace/CSharp/TelegramSearchBot/feature/project-restructure-implementation/TelegramSearchBot.Test/TelegramSearchBot.Test.csproj]
/root/WorkSpace/CSharp/TelegramSearchBot/feature/project-restructure-implementation/TelegramSearchBot.Test/Domain/MessageTestDataFactory.cs(148,17): error CS0117: “GroupData”未包含“HasProtectedContent”的定义 [/root/WorkSpace/CSharp/TelegramSearchBot/feature/project-restructure-implementation/TelegramSearchBot.Test/TelegramSearchBot.Test.csproj]
/root/WorkSpace/CSharp/TelegramSearchBot/feature/project-restructure-implementation/TelegramSearchBot.Test/Domain/MessageTestDataFactory.cs(149,17): error CS0117: “GroupData”未包含“HasVisibleHistory”的定义 [/root/WorkSpace/CSharp/TelegramSearchBot/feature/project-restructure-implementation/TelegramSearchBot.Test/TelegramSearchBot.Test.csproj]
/root/WorkSpace/CSharp/TelegramSearchBot/feature/project-restructure-implementation/TelegramSearchBot.Test/Domain/MessageTestDataFactory.cs(150,17): error CS0117: “GroupData”未包含“StickerSetName”的定义 [/root/WorkSpace/CSharp/TelegramSearchBot/feature/project-restructure-implementation/TelegramSearchBot.Test/TelegramSearchBot.Test.csproj]
/root/WorkSpace/CSharp/TelegramSearchBot/feature/project-restructure-implementation/TelegramSearchBot.Test/Domain/MessageTestDataFactory.cs(151,17): error CS0117: “GroupData”未包含“CanSetStickerSet”的定义 [/root/WorkSpace/CSharp/TelegramSearchBot/feature/project-restructure-implementation/TelegramSearchBot.Test/TelegramSearchBot.Test.csproj]
/root/WorkSpace/CSharp/TelegramSearchBot/feature/project-restructure-implementation/TelegramSearchBot.Test/Domain/MessageTestDataFactory.cs(152,17): error CS0117: “GroupData”未包含“LinkedChatId”的定义 [/root/WorkSpace/CSharp/TelegramSearchBot/feature/project-restructure-implementation/TelegramSearchBot.Test/TelegramSearchBot.Test.csproj]
/root/WorkSpace/CSharp/TelegramSearchBot/feature/project-restructure-implementation/TelegramSearchBot.Test/Core/Service/ServiceBasicTests.cs(51,24): warning CS0618: “ChatContextProvider”已过时:“ChatContextProvider is deprecated. Use ToolContext instead for passing ChatId to tools.” [/root/WorkSpace/CSharp/TelegramSearchBot/feature/project-restructure-implementation/TelegramSearchBot.Test/TelegramSearchBot.Test.csproj]
/root/WorkSpace/CSharp/TelegramSearchBot/feature/project-restructure-implementation/TelegramSearchBot.Test/Controllers/Storage/MessageControllerTests.cs(119,26): error CS0103: 当前上下文中不存在名称“BotMessageType” [/root/WorkSpace/CSharp/TelegramSearchBot/feature/project-restructure-implementation/TelegramSearchBot.Test/TelegramSearchBot.Test.csproj]
/root/WorkSpace/CSharp/TelegramSearchBot/feature/project-restructure-implementation/TelegramSearchBot.Test/Domain/Message/Events/MessageEventsTests.cs(35,35): warning CS8600: 将 null 文本或可能的 null 值转换为不可为 null 类型。 [/root/WorkSpace/CSharp/TelegramSearchBot/feature/project-restructure-implementation/TelegramSearchBot.Test/TelegramSearchBot.Test.csproj]
/root/WorkSpace/CSharp/TelegramSearchBot/feature/project-restructure-implementation/TelegramSearchBot.Test/Domain/Message/Events/MessageEventsTests.cs(40,56): warning CS8604: “MessageCreatedEvent.MessageCreatedEvent(MessageId messageId, MessageContent content, MessageMetadata metadata)”中的形参“messageId”可能传入 null 引用实参。 [/root/WorkSpace/CSharp/TelegramSearchBot/feature/project-restructure-implementation/TelegramSearchBot.Test/TelegramSearchBot.Test.csproj]
/root/WorkSpace/CSharp/TelegramSearchBot/feature/project-restructure-implementation/TelegramSearchBot.Test/Domain/Message/ValueObjects/MessageSearchQueriesTests.cs(34,28): warning CS8600: 将 null 文本或可能的 null 值转换为不可为 null 类型。 [/root/WorkSpace/CSharp/TelegramSearchBot/feature/project-restructure-implementation/TelegramSearchBot.Test/TelegramSearchBot.Test.csproj]
/root/WorkSpace/CSharp/TelegramSearchBot/feature/project-restructure-implementation/TelegramSearchBot.Test/Domain/Message/ValueObjects/MessageSearchQueriesTests.cs(38,64): warning CS8604: “MessageSearchQuery.MessageSearchQuery(long groupId, string query, int limit = 50)”中的形参“query”可能传入 null 引用实参。 [/root/WorkSpace/CSharp/TelegramSearchBot/feature/project-restructure-implementation/TelegramSearchBot.Test/TelegramSearchBot.Test.csproj]
/root/WorkSpace/CSharp/TelegramSearchBot/feature/project-restructure-implementation/TelegramSearchBot.Test/Benchmarks/Domain/Message/MessageRepositoryBenchmarks.cs(327,45): error CS0118: “Message”是 命名空间，但此处被当做 类型 来使用 [/root/WorkSpace/CSharp/TelegramSearchBot/feature/project-restructure-implementation/TelegramSearchBot.Test/TelegramSearchBot.Test.csproj]
/root/WorkSpace/CSharp/TelegramSearchBot/feature/project-restructure-implementation/TelegramSearchBot.Test/Benchmarks/Domain/Message/MessageRepositoryBenchmarks.cs(329,17): error CS0103: 当前上下文中不存在名称“MessageTestDataFactory” [/root/WorkSpace/CSharp/TelegramSearchBot/feature/project-restructure-implementation/TelegramSearchBot.Test/TelegramSearchBot.Test.csproj]
/root/WorkSpace/CSharp/TelegramSearchBot/feature/project-restructure-implementation/TelegramSearchBot.Test/Benchmarks/Domain/Message/MessageRepositoryBenchmarks.cs(331,28): error CS1503: 参数 1: 无法从“System.Collections.Generic.List<TelegramSearchBot.Benchmarks.Domain.Message>”转换为“System.Collections.Generic.List<TelegramSearchBot.Model.Data.Message>” [/root/WorkSpace/CSharp/TelegramSearchBot/feature/project-restructure-implementation/TelegramSearchBot.Test/TelegramSearchBot.Test.csproj]
/root/WorkSpace/CSharp/TelegramSearchBot/feature/project-restructure-implementation/TelegramSearchBot.Test/Benchmarks/Domain/Message/MessageRepositoryBenchmarks.cs(336,44): error CS1061: “IMessageRepository”未包含“DeleteMessageAsync”的定义，并且找不到可接受第一个“IMessageRepository”类型参数的可访问扩展方法“DeleteMessageAsync”(是否缺少 using 指令或程序集引用?) [/root/WorkSpace/CSharp/TelegramSearchBot/feature/project-restructure-implementation/TelegramSearchBot.Test/TelegramSearchBot.Test.csproj]
/root/WorkSpace/CSharp/TelegramSearchBot/feature/project-restructure-implementation/TelegramSearchBot.Test/Domain/MessageTestDataFactory.cs(172,17): error CS0117: “UserWithGroup”未包含“Status”的定义 [/root/WorkSpace/CSharp/TelegramSearchBot/feature/project-restructure-implementation/TelegramSearchBot.Test/TelegramSearchBot.Test.csproj]
/root/WorkSpace/CSharp/TelegramSearchBot/feature/project-restructure-implementation/TelegramSearchBot.Test/Domain/MessageTestDataFactory.cs(173,17): error CS0117: “UserWithGroup”未包含“UntilDate”的定义 [/root/WorkSpace/CSharp/TelegramSearchBot/feature/project-restructure-implementation/TelegramSearchBot.Test/TelegramSearchBot.Test.csproj]
/root/WorkSpace/CSharp/TelegramSearchBot/feature/project-restructure-implementation/TelegramSearchBot.Test/Domain/MessageTestDataFactory.cs(174,17): error CS0117: “UserWithGroup”未包含“CanBeEdited”的定义 [/root/WorkSpace/CSharp/TelegramSearchBot/feature/project-restructure-implementation/TelegramSearchBot.Test/TelegramSearchBot.Test.csproj]
/root/WorkSpace/CSharp/TelegramSearchBot/feature/project-restructure-implementation/TelegramSearchBot.Test/Domain/MessageTestDataFactory.cs(175,17): error CS0117: “UserWithGroup”未包含“CanChangeInfo”的定义 [/root/WorkSpace/CSharp/TelegramSearchBot/feature/project-restructure-implementation/TelegramSearchBot.Test/TelegramSearchBot.Test.csproj]
/root/WorkSpace/CSharp/TelegramSearchBot/feature/project-restructure-implementation/TelegramSearchBot.Test/Domain/MessageTestDataFactory.cs(176,17): error CS0117: “UserWithGroup”未包含“CanPostMessages”的定义 [/root/WorkSpace/CSharp/TelegramSearchBot/feature/project-restructure-implementation/TelegramSearchBot.Test/TelegramSearchBot.Test.csproj]
/root/WorkSpace/CSharp/TelegramSearchBot/feature/project-restructure-implementation/TelegramSearchBot.Test/Domain/MessageTestDataFactory.cs(177,17): error CS0117: “UserWithGroup”未包含“CanEditMessages”的定义 [/root/WorkSpace/CSharp/TelegramSearchBot/feature/project-restructure-implementation/TelegramSearchBot.Test/TelegramSearchBot.Test.csproj]
/root/WorkSpace/CSharp/TelegramSearchBot/feature/project-restructure-implementation/TelegramSearchBot.Test/Domain/MessageTestDataFactory.cs(178,17): error CS0117: “UserWithGroup”未包含“CanDeleteMessages”的定义 [/root/WorkSpace/CSharp/TelegramSearchBot/feature/project-restructure-implementation/TelegramSearchBot.Test/TelegramSearchBot.Test.csproj]
/root/WorkSpace/CSharp/TelegramSearchBot/feature/project-restructure-implementation/TelegramSearchBot.Test/Domain/MessageTestDataFactory.cs(179,17): error CS0117: “UserWithGroup”未包含“CanInviteUsers”的定义 [/root/WorkSpace/CSharp/TelegramSearchBot/feature/project-restructure-implementation/TelegramSearchBot.Test/TelegramSearchBot.Test.csproj]
/root/WorkSpace/CSharp/TelegramSearchBot/feature/project-restructure-implementation/TelegramSearchBot.Test/Domain/MessageTestDataFactory.cs(180,17): error CS0117: “UserWithGroup”未包含“CanRestrictMembers”的定义 [/root/WorkSpace/CSharp/TelegramSearchBot/feature/project-restructure-implementation/TelegramSearchBot.Test/TelegramSearchBot.Test.csproj]
/root/WorkSpace/CSharp/TelegramSearchBot/feature/project-restructure-implementation/TelegramSearchBot.Test/Domain/MessageTestDataFactory.cs(181,17): error CS0117: “UserWithGroup”未包含“CanPinMessages”的定义 [/root/WorkSpace/CSharp/TelegramSearchBot/feature/project-restructure-implementation/TelegramSearchBot.Test/TelegramSearchBot.Test.csproj]
/root/WorkSpace/CSharp/TelegramSearchBot/feature/project-restructure-implementation/TelegramSearchBot.Test/Domain/MessageTestDataFactory.cs(182,17): error CS0117: “UserWithGroup”未包含“CanManageTopics”的定义 [/root/WorkSpace/CSharp/TelegramSearchBot/feature/project-restructure-implementation/TelegramSearchBot.Test/TelegramSearchBot.Test.csproj]
/root/WorkSpace/CSharp/TelegramSearchBot/feature/project-restructure-implementation/TelegramSearchBot.Test/Domain/MessageTestDataFactory.cs(183,17): error CS0117: “UserWithGroup”未包含“CanPromoteMembers”的定义 [/root/WorkSpace/CSharp/TelegramSearchBot/feature/project-restructure-implementation/TelegramSearchBot.Test/TelegramSearchBot.Test.csproj]
/root/WorkSpace/CSharp/TelegramSearchBot/feature/project-restructure-implementation/TelegramSearchBot.Test/Domain/MessageTestDataFactory.cs(184,17): error CS0117: “UserWithGroup”未包含“IsAnonymous”的定义 [/root/WorkSpace/CSharp/TelegramSearchBot/feature/project-restructure-implementation/TelegramSearchBot.Test/TelegramSearchBot.Test.csproj]
/root/WorkSpace/CSharp/TelegramSearchBot/feature/project-restructure-implementation/TelegramSearchBot.Test/Domain/MessageTestDataFactory.cs(185,17): error CS0117: “UserWithGroup”未包含“CustomTitle”的定义 [/root/WorkSpace/CSharp/TelegramSearchBot/feature/project-restructure-implementation/TelegramSearchBot.Test/TelegramSearchBot.Test.csproj]
/root/WorkSpace/CSharp/TelegramSearchBot/feature/project-restructure-implementation/TelegramSearchBot.Test/Domain/MessageTestDataFactory.cs(209,17): error CS0117: “MessageExtension”未包含“CreatedAt”的定义 [/root/WorkSpace/CSharp/TelegramSearchBot/feature/project-restructure-implementation/TelegramSearchBot.Test/TelegramSearchBot.Test.csproj]
/root/WorkSpace/CSharp/TelegramSearchBot/feature/project-restructure-implementation/TelegramSearchBot.Test/Controllers/Storage/MessageControllerTests.cs(138,26): error CS0103: 当前上下文中不存在名称“BotMessageType” [/root/WorkSpace/CSharp/TelegramSearchBot/feature/project-restructure-implementation/TelegramSearchBot.Test/TelegramSearchBot.Test.csproj]
/root/WorkSpace/CSharp/TelegramSearchBot/feature/project-restructure-implementation/TelegramSearchBot.Test/Infrastructure/Search/Repositories/MessageSearchRepositoryTests.cs(35,42): error CS0246: 未能找到类型或命名空间名“SearchResult”(是否缺少 using 指令或程序集引用?) [/root/WorkSpace/CSharp/TelegramSearchBot/feature/project-restructure-implementation/TelegramSearchBot.Test/TelegramSearchBot.Test.csproj]
/root/WorkSpace/CSharp/TelegramSearchBot/feature/project-restructure-implementation/TelegramSearchBot.Test/Infrastructure/Search/Repositories/MessageSearchRepositoryTests.cs(37,21): error CS0246: 未能找到类型或命名空间名“SearchResult”(是否缺少 using 指令或程序集引用?) [/root/WorkSpace/CSharp/TelegramSearchBot/feature/project-restructure-implementation/TelegramSearchBot.Test/TelegramSearchBot.Test.csproj]
/root/WorkSpace/CSharp/TelegramSearchBot/feature/project-restructure-implementation/TelegramSearchBot.Test/Infrastructure/Search/Repositories/MessageSearchRepositoryTests.cs(38,21): error CS0246: 未能找到类型或命名空间名“SearchResult”(是否缺少 using 指令或程序集引用?) [/root/WorkSpace/CSharp/TelegramSearchBot/feature/project-restructure-implementation/TelegramSearchBot.Test/TelegramSearchBot.Test.csproj]
/root/WorkSpace/CSharp/TelegramSearchBot/feature/project-restructure-implementation/TelegramSearchBot.Test/Infrastructure/Search/Repositories/MessageSearchRepositoryTests.cs(41,52): error CS1503: 参数 1: 无法从“long”转换为“string” [/root/WorkSpace/CSharp/TelegramSearchBot/feature/project-restructure-implementation/TelegramSearchBot.Test/TelegramSearchBot.Test.csproj]
/root/WorkSpace/CSharp/TelegramSearchBot/feature/project-restructure-implementation/TelegramSearchBot.Test/Infrastructure/Search/Repositories/MessageSearchRepositoryTests.cs(41,67): error CS1503: 参数 2: 无法从“string”转换为“long” [/root/WorkSpace/CSharp/TelegramSearchBot/feature/project-restructure-implementation/TelegramSearchBot.Test/TelegramSearchBot.Test.csproj]
/root/WorkSpace/CSharp/TelegramSearchBot/feature/project-restructure-implementation/TelegramSearchBot.Test/Benchmarks/Domain/Message/MessageProcessingBenchmarks.cs(202,48): error CS0117: “TestDataFactory”未包含“CreateMessageWithReply”的定义 [/root/WorkSpace/CSharp/TelegramSearchBot/feature/project-restructure-implementation/TelegramSearchBot.Test/TelegramSearchBot.Test.csproj]
/root/WorkSpace/CSharp/TelegramSearchBot/feature/project-restructure-implementation/TelegramSearchBot.Test/Controllers/Storage/MessageControllerTests.cs(160,44): warning CS8600: 将 null 文本或可能的 null 值转换为不可为 null 类型。 [/root/WorkSpace/CSharp/TelegramSearchBot/feature/project-restructure-implementation/TelegramSearchBot.Test/TelegramSearchBot.Test.csproj]
/root/WorkSpace/CSharp/TelegramSearchBot/feature/project-restructure-implementation/TelegramSearchBot.Test/Infrastructure/Search/Repositories/MessageSearchRepositoryTests.cs(60,42): error CS0246: 未能找到类型或命名空间名“SearchResult”(是否缺少 using 指令或程序集引用?) [/root/WorkSpace/CSharp/TelegramSearchBot/feature/project-restructure-implementation/TelegramSearchBot.Test/TelegramSearchBot.Test.csproj]
/root/WorkSpace/CSharp/TelegramSearchBot/feature/project-restructure-implementation/TelegramSearchBot.Test/Infrastructure/Search/Repositories/MessageSearchRepositoryTests.cs(62,52): error CS1503: 参数 1: 无法从“long”转换为“string” [/root/WorkSpace/CSharp/TelegramSearchBot/feature/project-restructure-implementation/TelegramSearchBot.Test/TelegramSearchBot.Test.csproj]
/root/WorkSpace/CSharp/TelegramSearchBot/feature/project-restructure-implementation/TelegramSearchBot.Test/Infrastructure/Search/Repositories/MessageSearchRepositoryTests.cs(62,67): error CS1503: 参数 2: 无法从“string”转换为“long” [/root/WorkSpace/CSharp/TelegramSearchBot/feature/project-restructure-implementation/TelegramSearchBot.Test/TelegramSearchBot.Test.csproj]
/root/WorkSpace/CSharp/TelegramSearchBot/feature/project-restructure-implementation/TelegramSearchBot.Test/Benchmarks/Domain/Message/MessageProcessingBenchmarks.cs(259,50): error CS0117: “TestDataFactory”未包含“CreateValidMessageOption”的定义 [/root/WorkSpace/CSharp/TelegramSearchBot/feature/project-restructure-implementation/TelegramSearchBot.Test/TelegramSearchBot.Test.csproj]
/root/WorkSpace/CSharp/TelegramSearchBot/feature/project-restructure-implementation/TelegramSearchBot.Test/Benchmarks/Domain/Message/MessageProcessingBenchmarks.cs(275,50): error CS0117: “TestDataFactory”未包含“CreateMessageWithSpecialChars”的定义 [/root/WorkSpace/CSharp/TelegramSearchBot/feature/project-restructure-implementation/TelegramSearchBot.Test/TelegramSearchBot.Test.csproj]
/root/WorkSpace/CSharp/TelegramSearchBot/feature/project-restructure-implementation/TelegramSearchBot.Test/Application/Features/Messages/MessageApplicationServiceTests.cs(87,26): error CS1503: 参数 1: 无法从“System.Threading.Tasks.Task”转换为“System.Threading.Tasks.Task<TelegramSearchBot.Domain.Message.MessageAggregate>” [/root/WorkSpace/CSharp/TelegramSearchBot/feature/project-restructure-implementation/TelegramSearchBot.Test/TelegramSearchBot.Test.csproj]
/root/WorkSpace/CSharp/TelegramSearchBot/feature/project-restructure-implementation/TelegramSearchBot.Test/Application/Features/Messages/MessageApplicationServiceTests.cs(86,47): error CS0854: 表达式树可能不包含使用可选参数的调用 [/root/WorkSpace/CSharp/TelegramSearchBot/feature/project-restructure-implementation/TelegramSearchBot.Test/TelegramSearchBot.Test.csproj]
/root/WorkSpace/CSharp/TelegramSearchBot/feature/project-restructure-implementation/TelegramSearchBot.Test/Application/Features/Messages/MessageApplicationServiceTests.cs(94,48): error CS0854: 表达式树可能不包含使用可选参数的调用 [/root/WorkSpace/CSharp/TelegramSearchBot/feature/project-restructure-implementation/TelegramSearchBot.Test/TelegramSearchBot.Test.csproj]
/root/WorkSpace/CSharp/TelegramSearchBot/feature/project-restructure-implementation/TelegramSearchBot.Test/Infrastructure/Search/Repositories/MessageSearchRepositoryTests.cs(76,61): warning CS8625: 无法将 null 字面量转换为非 null 的引用类型。 [/root/WorkSpace/CSharp/TelegramSearchBot/feature/project-restructure-implementation/TelegramSearchBot.Test/TelegramSearchBot.Test.csproj]
/root/WorkSpace/CSharp/TelegramSearchBot/feature/project-restructure-implementation/TelegramSearchBot.Test/Application/Features/Messages/MessageApplicationServiceTests.cs(104,52): warning CS8625: 无法将 null 字面量转换为非 null 的引用类型。 [/root/WorkSpace/CSharp/TelegramSearchBot/feature/project-restructure-implementation/TelegramSearchBot.Test/TelegramSearchBot.Test.csproj]
/root/WorkSpace/CSharp/TelegramSearchBot/feature/project-restructure-implementation/TelegramSearchBot.Test/Benchmarks/Domain/Message/MessageProcessingBenchmarks.cs(289,48): error CS0117: “TestDataFactory”未包含“CreateValidMessageOption”的定义 [/root/WorkSpace/CSharp/TelegramSearchBot/feature/project-restructure-implementation/TelegramSearchBot.Test/TelegramSearchBot.Test.csproj]
/root/WorkSpace/CSharp/TelegramSearchBot/feature/project-restructure-implementation/TelegramSearchBot.Test/Benchmarks/Domain/Message/MessageProcessingBenchmarks.cs(305,47): error CS0117: “TestDataFactory”未包含“CreateValidMessageOption”的定义 [/root/WorkSpace/CSharp/TelegramSearchBot/feature/project-restructure-implementation/TelegramSearchBot.Test/TelegramSearchBot.Test.csproj]
/root/WorkSpace/CSharp/TelegramSearchBot/feature/project-restructure-implementation/TelegramSearchBot.Test/Benchmarks/Quick/QuickPerformanceBenchmarks.cs(89,32): error CS0246: 未能找到类型或命名空间名“User”(是否缺少 using 指令或程序集引用?) [/root/WorkSpace/CSharp/TelegramSearchBot/feature/project-restructure-implementation/TelegramSearchBot.Test/TelegramSearchBot.Test.csproj]
/root/WorkSpace/CSharp/TelegramSearchBot/feature/project-restructure-implementation/TelegramSearchBot.Test/Benchmarks/Quick/QuickPerformanceBenchmarks.cs(90,32): error CS0246: 未能找到类型或命名空间名“Chat”(是否缺少 using 指令或程序集引用?) [/root/WorkSpace/CSharp/TelegramSearchBot/feature/project-restructure-implementation/TelegramSearchBot.Test/TelegramSearchBot.Test.csproj]
/root/WorkSpace/CSharp/TelegramSearchBot/feature/project-restructure-implementation/TelegramSearchBot.Test/DomainEvents/DomainEventBasicTests.cs(22,33): error CS0246: 未能找到类型或命名空间名“MessageId”(是否缺少 using 指令或程序集引用?) [/root/WorkSpace/CSharp/TelegramSearchBot/feature/project-restructure-implementation/TelegramSearchBot.Test/TelegramSearchBot.Test.csproj]
/root/WorkSpace/CSharp/TelegramSearchBot/feature/project-restructure-implementation/TelegramSearchBot.Test/DomainEvents/DomainEventBasicTests.cs(23,31): error CS0246: 未能找到类型或命名空间名“MessageContent”(是否缺少 using 指令或程序集引用?) [/root/WorkSpace/CSharp/TelegramSearchBot/feature/project-restructure-implementation/TelegramSearchBot.Test/TelegramSearchBot.Test.csproj]
/root/WorkSpace/CSharp/TelegramSearchBot/feature/project-restructure-implementation/TelegramSearchBot.Test/DomainEvents/DomainEventBasicTests.cs(24,32): error CS0246: 未能找到类型或命名空间名“MessageMetadata”(是否缺少 using 指令或程序集引用?) [/root/WorkSpace/CSharp/TelegramSearchBot/feature/project-restructure-implementation/TelegramSearchBot.Test/TelegramSearchBot.Test.csproj]
/root/WorkSpace/CSharp/TelegramSearchBot/feature/project-restructure-implementation/TelegramSearchBot.Test/Benchmarks/Search/SearchPerformanceBenchmarks.cs(70,13): error CS0104: “Directory”是“Lucene.Net.Store.Directory”和“System.IO.Directory”之间的不明确的引用 [/root/WorkSpace/CSharp/TelegramSearchBot/feature/project-restructure-implementation/TelegramSearchBot.Test/TelegramSearchBot.Test.csproj]
/root/WorkSpace/CSharp/TelegramSearchBot/feature/project-restructure-implementation/TelegramSearchBot.Test/Benchmarks/Search/SearchPerformanceBenchmarks.cs(63,16): warning CS8618: 在退出构造函数时，不可为 null 的 字段 "_luceneManager" 必须包含非 null 值。请考虑添加 "required" 修饰符或将该 字段 声明为可为 null。 [/root/WorkSpace/CSharp/TelegramSearchBot/feature/project-restructure-implementation/TelegramSearchBot.Test/TelegramSearchBot.Test.csproj]
/root/WorkSpace/CSharp/TelegramSearchBot/feature/project-restructure-implementation/TelegramSearchBot.Test/Benchmarks/Search/SearchPerformanceBenchmarks.cs(63,16): warning CS8618: 在退出构造函数时，不可为 null 的 字段 "_smallIndexData" 必须包含非 null 值。请考虑添加 "required" 修饰符或将该 字段 声明为可为 null。 [/root/WorkSpace/CSharp/TelegramSearchBot/feature/project-restructure-implementation/TelegramSearchBot.Test/TelegramSearchBot.Test.csproj]
/root/WorkSpace/CSharp/TelegramSearchBot/feature/project-restructure-implementation/TelegramSearchBot.Test/Benchmarks/Search/SearchPerformanceBenchmarks.cs(63,16): warning CS8618: 在退出构造函数时，不可为 null 的 字段 "_mediumIndexData" 必须包含非 null 值。请考虑添加 "required" 修饰符或将该 字段 声明为可为 null。 [/root/WorkSpace/CSharp/TelegramSearchBot/feature/project-restructure-implementation/TelegramSearchBot.Test/TelegramSearchBot.Test.csproj]
/root/WorkSpace/CSharp/TelegramSearchBot/feature/project-restructure-implementation/TelegramSearchBot.Test/Benchmarks/Search/SearchPerformanceBenchmarks.cs(63,16): warning CS8618: 在退出构造函数时，不可为 null 的 字段 "_largeIndexData" 必须包含非 null 值。请考虑添加 "required" 修饰符或将该 字段 声明为可为 null。 [/root/WorkSpace/CSharp/TelegramSearchBot/feature/project-restructure-implementation/TelegramSearchBot.Test/TelegramSearchBot.Test.csproj]
/root/WorkSpace/CSharp/TelegramSearchBot/feature/project-restructure-implementation/TelegramSearchBot.Test/Benchmarks/Search/SearchPerformanceBenchmarks.cs(80,54): error CS1503: 参数 1: 无法从“TelegramSearchBot.Interface.ISendMessageService”转换为“string” [/root/WorkSpace/CSharp/TelegramSearchBot/feature/project-restructure-implementation/TelegramSearchBot.Test/TelegramSearchBot.Test.csproj]
/root/WorkSpace/CSharp/TelegramSearchBot/feature/project-restructure-implementation/TelegramSearchBot.Test/Application/Features/Messages/MessageApplicationServiceTests.cs(124,47): error CS0854: 表达式树可能不包含使用可选参数的调用 [/root/WorkSpace/CSharp/TelegramSearchBot/feature/project-restructure-implementation/TelegramSearchBot.Test/TelegramSearchBot.Test.csproj]
/root/WorkSpace/CSharp/TelegramSearchBot/feature/project-restructure-implementation/TelegramSearchBot.Test/Benchmarks/Search/SearchPerformanceBenchmarks.cs(92,21): error CS0104: “Directory”是“Lucene.Net.Store.Directory”和“System.IO.Directory”之间的不明确的引用 [/root/WorkSpace/CSharp/TelegramSearchBot/feature/project-restructure-implementation/TelegramSearchBot.Test/TelegramSearchBot.Test.csproj]
/root/WorkSpace/CSharp/TelegramSearchBot/feature/project-restructure-implementation/TelegramSearchBot.Test/Benchmarks/Search/SearchPerformanceBenchmarks.cs(94,21): error CS0104: “Directory”是“Lucene.Net.Store.Directory”和“System.IO.Directory”之间的不明确的引用 [/root/WorkSpace/CSharp/TelegramSearchBot/feature/project-restructure-implementation/TelegramSearchBot.Test/TelegramSearchBot.Test.csproj]
/root/WorkSpace/CSharp/TelegramSearchBot/feature/project-restructure-implementation/TelegramSearchBot.Test/Benchmarks/Domain/Message/MessageProcessingBenchmarks.cs(335,46): error CS0117: “TestDataFactory”未包含“CreateValidMessageOption”的定义 [/root/WorkSpace/CSharp/TelegramSearchBot/feature/project-restructure-implementation/TelegramSearchBot.Test/TelegramSearchBot.Test.csproj]
/root/WorkSpace/CSharp/TelegramSearchBot/feature/project-restructure-implementation/TelegramSearchBot.Test/DomainEvents/DomainEventBasicTests.cs(40,31): error CS0246: 未能找到类型或命名空间名“MessageContent”(是否缺少 using 指令或程序集引用?) [/root/WorkSpace/CSharp/TelegramSearchBot/feature/project-restructure-implementation/TelegramSearchBot.Test/TelegramSearchBot.Test.csproj]
/root/WorkSpace/CSharp/TelegramSearchBot/feature/project-restructure-implementation/TelegramSearchBot.Test/DomainEvents/DomainEventBasicTests.cs(41,32): error CS0246: 未能找到类型或命名空间名“MessageMetadata”(是否缺少 using 指令或程序集引用?) [/root/WorkSpace/CSharp/TelegramSearchBot/feature/project-restructure-implementation/TelegramSearchBot.Test/TelegramSearchBot.Test.csproj]
/root/WorkSpace/CSharp/TelegramSearchBot/feature/project-restructure-implementation/TelegramSearchBot.Test/DomainEvents/DomainEventBasicTests.cs(44,13): error CS0619: “Assert.Throws<T>(Func<Task>)”已过时:“You must call Assert.ThrowsAsync<T> (and await the result) when testing async code.” [/root/WorkSpace/CSharp/TelegramSearchBot/feature/project-restructure-implementation/TelegramSearchBot.Test/TelegramSearchBot.Test.csproj]
/root/WorkSpace/CSharp/TelegramSearchBot/feature/project-restructure-implementation/TelegramSearchBot.Test/DomainEvents/DomainEventBasicTests.cs(52,33): error CS0246: 未能找到类型或命名空间名“MessageId”(是否缺少 using 指令或程序集引用?) [/root/WorkSpace/CSharp/TelegramSearchBot/feature/project-restructure-implementation/TelegramSearchBot.Test/TelegramSearchBot.Test.csproj]
/root/WorkSpace/CSharp/TelegramSearchBot/feature/project-restructure-implementation/TelegramSearchBot.Test/DomainEvents/DomainEventBasicTests.cs(53,32): error CS0246: 未能找到类型或命名空间名“MessageMetadata”(是否缺少 using 指令或程序集引用?) [/root/WorkSpace/CSharp/TelegramSearchBot/feature/project-restructure-implementation/TelegramSearchBot.Test/TelegramSearchBot.Test.csproj]
/root/WorkSpace/CSharp/TelegramSearchBot/feature/project-restructure-implementation/TelegramSearchBot.Test/DomainEvents/DomainEventBasicTests.cs(56,13): error CS0619: “Assert.Throws<T>(Func<Task>)”已过时:“You must call Assert.ThrowsAsync<T> (and await the result) when testing async code.” [/root/WorkSpace/CSharp/TelegramSearchBot/feature/project-restructure-implementation/TelegramSearchBot.Test/TelegramSearchBot.Test.csproj]
/root/WorkSpace/CSharp/TelegramSearchBot/feature/project-restructure-implementation/TelegramSearchBot.Test/Benchmarks/Domain/Message/MessageProcessingBenchmarks.cs(360,47): error CS0117: “TestDataFactory”未包含“CreateMessageWithSpecialChars”的定义 [/root/WorkSpace/CSharp/TelegramSearchBot/feature/project-restructure-implementation/TelegramSearchBot.Test/TelegramSearchBot.Test.csproj]
/root/WorkSpace/CSharp/TelegramSearchBot/feature/project-restructure-implementation/TelegramSearchBot.Test/Benchmarks/Domain/Message/MessageProcessingBenchmarks.cs(361,47): error CS0117: “TestDataFactory”未包含“CreateValidMessageOption”的定义 [/root/WorkSpace/CSharp/TelegramSearchBot/feature/project-restructure-implementation/TelegramSearchBot.Test/TelegramSearchBot.Test.csproj]
/root/WorkSpace/CSharp/TelegramSearchBot/feature/project-restructure-implementation/TelegramSearchBot.Test/Domain/Message/Events/MessageEventHandlerTests.cs(149,51): warning CS8602: 解引用可能出现空引用。 [/root/WorkSpace/CSharp/TelegramSearchBot/feature/project-restructure-implementation/TelegramSearchBot.Test/TelegramSearchBot.Test.csproj]
/root/WorkSpace/CSharp/TelegramSearchBot/feature/project-restructure-implementation/TelegramSearchBot.Test/Domain/Message/Events/MessageEventHandlerTests.cs(151,21): warning CS8620: 由于引用类型的可为 null 性差异，Func<It.IsAnyType, Exception, string> 类型的实参不能用于 void ILogger.Log<IsAnyType>(LogLevel logLevel, EventId eventId, IsAnyType state, Exception? exception, Func<IsAnyType, Exception?, string> formatter) 中 Func<It.IsAnyType, Exception?, string> 类型的形参 formatter。 [/root/WorkSpace/CSharp/TelegramSearchBot/feature/project-restructure-implementation/TelegramSearchBot.Test/TelegramSearchBot.Test.csproj]
/root/WorkSpace/CSharp/TelegramSearchBot/feature/project-restructure-implementation/TelegramSearchBot.Test/Benchmarks/Domain/Message/MessageProcessingBenchmarks.cs(379,46): error CS0117: “TestDataFactory”未包含“CreateValidMessageOption”的定义 [/root/WorkSpace/CSharp/TelegramSearchBot/feature/project-restructure-implementation/TelegramSearchBot.Test/TelegramSearchBot.Test.csproj]
/root/WorkSpace/CSharp/TelegramSearchBot/feature/project-restructure-implementation/TelegramSearchBot.Test/Benchmarks/Domain/Message/MessageProcessingBenchmarks.cs(399,46): error CS0117: “TestDataFactory”未包含“CreateLongMessage”的定义 [/root/WorkSpace/CSharp/TelegramSearchBot/feature/project-restructure-implementation/TelegramSearchBot.Test/TelegramSearchBot.Test.csproj]
/root/WorkSpace/CSharp/TelegramSearchBot/feature/project-restructure-implementation/TelegramSearchBot.Test/Service/Vector/VectorSearchIntegrationTests.cs(71,39): error CS7036: 未提供与“FaissVectorService.FaissVectorService(ILogger<FaissVectorService>, IServiceProvider, IGeneralLLMService, IEnvService)”的所需参数“envService”对应的参数 [/root/WorkSpace/CSharp/TelegramSearchBot/feature/project-restructure-implementation/TelegramSearchBot.Test/TelegramSearchBot.Test.csproj]
/root/WorkSpace/CSharp/TelegramSearchBot/feature/project-restructure-implementation/TelegramSearchBot.Test/Service/Vector/VectorSearchIntegrationTests.cs(79,30): warning CS8625: 无法将 null 字面量转换为非 null 的引用类型。 [/root/WorkSpace/CSharp/TelegramSearchBot/feature/project-restructure-implementation/TelegramSearchBot.Test/TelegramSearchBot.Test.csproj]
/root/WorkSpace/CSharp/TelegramSearchBot/feature/project-restructure-implementation/TelegramSearchBot.Test/Service/Vector/VectorSearchIntegrationTests.cs(39,16): warning CS8618: 在退出构造函数时，不可为 null 的 字段 "_searchService" 必须包含非 null 值。请考虑添加 "required" 修饰符或将该 字段 声明为可为 null。 [/root/WorkSpace/CSharp/TelegramSearchBot/feature/project-restructure-implementation/TelegramSearchBot.Test/TelegramSearchBot.Test.csproj]
/root/WorkSpace/CSharp/TelegramSearchBot/feature/project-restructure-implementation/TelegramSearchBot.Test/DomainEvents/DomainEventBasicTests.cs(64,33): error CS0246: 未能找到类型或命名空间名“MessageId”(是否缺少 using 指令或程序集引用?) [/root/WorkSpace/CSharp/TelegramSearchBot/feature/project-restructure-implementation/TelegramSearchBot.Test/TelegramSearchBot.Test.csproj]
/root/WorkSpace/CSharp/TelegramSearchBot/feature/project-restructure-implementation/TelegramSearchBot.Test/DomainEvents/DomainEventBasicTests.cs(65,34): error CS0246: 未能找到类型或命名空间名“MessageContent”(是否缺少 using 指令或程序集引用?) [/root/WorkSpace/CSharp/TelegramSearchBot/feature/project-restructure-implementation/TelegramSearchBot.Test/TelegramSearchBot.Test.csproj]
/root/WorkSpace/CSharp/TelegramSearchBot/feature/project-restructure-implementation/TelegramSearchBot.Test/DomainEvents/DomainEventBasicTests.cs(66,34): error CS0246: 未能找到类型或命名空间名“MessageContent”(是否缺少 using 指令或程序集引用?) [/root/WorkSpace/CSharp/TelegramSearchBot/feature/project-restructure-implementation/TelegramSearchBot.Test/TelegramSearchBot.Test.csproj]
/root/WorkSpace/CSharp/TelegramSearchBot/feature/project-restructure-implementation/TelegramSearchBot.Test/Domain/Message/MessageAggregateTests.cs(38,35): warning CS8600: 将 null 文本或可能的 null 值转换为不可为 null 类型。 [/root/WorkSpace/CSharp/TelegramSearchBot/feature/project-restructure-implementation/TelegramSearchBot.Test/TelegramSearchBot.Test.csproj]
/root/WorkSpace/CSharp/TelegramSearchBot/feature/project-restructure-implementation/TelegramSearchBot.Test/Domain/Message/MessageAggregateTests.cs(43,53): warning CS8604: “MessageAggregate.MessageAggregate(MessageId id, MessageContent content, MessageMetadata metadata)”中的形参“id”可能传入 null 引用实参。 [/root/WorkSpace/CSharp/TelegramSearchBot/feature/project-restructure-implementation/TelegramSearchBot.Test/TelegramSearchBot.Test.csproj]
/root/WorkSpace/CSharp/TelegramSearchBot/feature/project-restructure-implementation/TelegramSearchBot.Test/Domain/Message/Events/MessageEventsTests.cs(52,38): warning CS8600: 将 null 文本或可能的 null 值转换为不可为 null 类型。 [/root/WorkSpace/CSharp/TelegramSearchBot/feature/project-restructure-implementation/TelegramSearchBot.Test/TelegramSearchBot.Test.csproj]
/root/WorkSpace/CSharp/TelegramSearchBot/feature/project-restructure-implementation/TelegramSearchBot.Test/Domain/Message/Events/MessageEventsTests.cs(56,67): warning CS8604: “MessageCreatedEvent.MessageCreatedEvent(MessageId messageId, MessageContent content, MessageMetadata metadata)”中的形参“content”可能传入 null 引用实参。 [/root/WorkSpace/CSharp/TelegramSearchBot/feature/project-restructure-implementation/TelegramSearchBot.Test/TelegramSearchBot.Test.csproj]
/root/WorkSpace/CSharp/TelegramSearchBot/feature/project-restructure-implementation/TelegramSearchBot.Test/Domain/TestBase.cs(76,28): warning CS8603: 可能返回 null 引用。 [/root/WorkSpace/CSharp/TelegramSearchBot/feature/project-restructure-implementation/TelegramSearchBot.Test/TelegramSearchBot.Test.csproj]
/root/WorkSpace/CSharp/TelegramSearchBot/feature/project-restructure-implementation/TelegramSearchBot.Test/Domain/TestBase.cs(92,58): warning CS8605: 取消装箱可能为 null 的值。 [/root/WorkSpace/CSharp/TelegramSearchBot/feature/project-restructure-implementation/TelegramSearchBot.Test/TelegramSearchBot.Test.csproj]
/root/WorkSpace/CSharp/TelegramSearchBot/feature/project-restructure-implementation/TelegramSearchBot.Test/Domain/TestBase.cs(59,29): error CS0854: 表达式树可能不包含使用可选参数的调用 [/root/WorkSpace/CSharp/TelegramSearchBot/feature/project-restructure-implementation/TelegramSearchBot.Test/TelegramSearchBot.Test.csproj]
/root/WorkSpace/CSharp/TelegramSearchBot/feature/project-restructure-implementation/TelegramSearchBot.Test/Domain/Message/ValueObjects/MessageSearchQueriesTests.cs(102,77): error CS1503: 参数 3: 无法从“int”转换为“string” [/root/WorkSpace/CSharp/TelegramSearchBot/feature/project-restructure-implementation/TelegramSearchBot.Test/TelegramSearchBot.Test.csproj]
/root/WorkSpace/CSharp/TelegramSearchBot/feature/project-restructure-implementation/TelegramSearchBot.Test/DomainEvents/DomainEventBasicTests.cs(82,33): error CS0246: 未能找到类型或命名空间名“MessageId”(是否缺少 using 指令或程序集引用?) [/root/WorkSpace/CSharp/TelegramSearchBot/feature/project-restructure-implementation/TelegramSearchBot.Test/TelegramSearchBot.Test.csproj]
/root/WorkSpace/CSharp/TelegramSearchBot/feature/project-restructure-implementation/TelegramSearchBot.Test/Domain/Message/ValueObjects/MessageSearchQueriesTests.cs(119,77): error CS1503: 参数 3: 无法从“int”转换为“string” [/root/WorkSpace/CSharp/TelegramSearchBot/feature/project-restructure-implementation/TelegramSearchBot.Test/TelegramSearchBot.Test.csproj]
/root/WorkSpace/CSharp/TelegramSearchBot/feature/project-restructure-implementation/TelegramSearchBot.Test/Benchmarks/Search/SearchPerformanceBenchmarks.cs(181,33): error CS0117: “MessageExtension”未包含“MessageId”的定义 [/root/WorkSpace/CSharp/TelegramSearchBot/feature/project-restructure-implementation/TelegramSearchBot.Test/TelegramSearchBot.Test.csproj]
/root/WorkSpace/CSharp/TelegramSearchBot/feature/project-restructure-implementation/TelegramSearchBot.Test/Application/Features/Messages/MessageApplicationServiceTests.cs(150,47): error CS0854: 表达式树可能不包含使用可选参数的调用 [/root/WorkSpace/CSharp/TelegramSearchBot/feature/project-restructure-implementation/TelegramSearchBot.Test/TelegramSearchBot.Test.csproj]
/root/WorkSpace/CSharp/TelegramSearchBot/feature/project-restructure-implementation/TelegramSearchBot.Test/Application/Features/Messages/MessageApplicationServiceTests.cs(152,47): error CS0854: 表达式树可能不包含使用可选参数的调用 [/root/WorkSpace/CSharp/TelegramSearchBot/feature/project-restructure-implementation/TelegramSearchBot.Test/TelegramSearchBot.Test.csproj]
/root/WorkSpace/CSharp/TelegramSearchBot/feature/project-restructure-implementation/TelegramSearchBot.Test/Application/Features/Messages/MessageApplicationServiceTests.cs(160,48): error CS0854: 表达式树可能不包含使用可选参数的调用 [/root/WorkSpace/CSharp/TelegramSearchBot/feature/project-restructure-implementation/TelegramSearchBot.Test/TelegramSearchBot.Test.csproj]
/root/WorkSpace/CSharp/TelegramSearchBot/feature/project-restructure-implementation/TelegramSearchBot.Test/Application/Features/Messages/MessageApplicationServiceTests.cs(161,54): error CS0854: 表达式树可能不包含使用可选参数的调用 [/root/WorkSpace/CSharp/TelegramSearchBot/feature/project-restructure-implementation/TelegramSearchBot.Test/TelegramSearchBot.Test.csproj]
/root/WorkSpace/CSharp/TelegramSearchBot/feature/project-restructure-implementation/TelegramSearchBot.Test/Domain/Message/Events/MessageEventsTests.cs(69,40): warning CS8600: 将 null 文本或可能的 null 值转换为不可为 null 类型。 [/root/WorkSpace/CSharp/TelegramSearchBot/feature/project-restructure-implementation/TelegramSearchBot.Test/TelegramSearchBot.Test.csproj]
/root/WorkSpace/CSharp/TelegramSearchBot/feature/project-restructure-implementation/TelegramSearchBot.Test/Domain/Message/Events/MessageEventsTests.cs(72,76): warning CS8604: “MessageCreatedEvent.MessageCreatedEvent(MessageId messageId, MessageContent content, MessageMetadata metadata)”中的形参“metadata”可能传入 null 引用实参。 [/root/WorkSpace/CSharp/TelegramSearchBot/feature/project-restructure-implementation/TelegramSearchBot.Test/TelegramSearchBot.Test.csproj]
/root/WorkSpace/CSharp/TelegramSearchBot/feature/project-restructure-implementation/TelegramSearchBot.Test/DomainEvents/DomainEventBasicTests.cs(105,33): error CS0246: 未能找到类型或命名空间名“MessageId”(是否缺少 using 指令或程序集引用?) [/root/WorkSpace/CSharp/TelegramSearchBot/feature/project-restructure-implementation/TelegramSearchBot.Test/TelegramSearchBot.Test.csproj]
/root/WorkSpace/CSharp/TelegramSearchBot/feature/project-restructure-implementation/TelegramSearchBot.Test/DomainEvents/DomainEventBasicTests.cs(106,31): error CS0246: 未能找到类型或命名空间名“MessageContent”(是否缺少 using 指令或程序集引用?) [/root/WorkSpace/CSharp/TelegramSearchBot/feature/project-restructure-implementation/TelegramSearchBot.Test/TelegramSearchBot.Test.csproj]
/root/WorkSpace/CSharp/TelegramSearchBot/feature/project-restructure-implementation/TelegramSearchBot.Test/DomainEvents/DomainEventBasicTests.cs(107,32): error CS0246: 未能找到类型或命名空间名“MessageMetadata”(是否缺少 using 指令或程序集引用?) [/root/WorkSpace/CSharp/TelegramSearchBot/feature/project-restructure-implementation/TelegramSearchBot.Test/TelegramSearchBot.Test.csproj]
/root/WorkSpace/CSharp/TelegramSearchBot/feature/project-restructure-implementation/TelegramSearchBot.Test/DomainEvents/DomainEventBasicTests.cs(102,27): warning CS1998: 此异步方法缺少 "await" 运算符，将以同步方式运行。请考虑使用 "await" 运算符等待非阻止的 API 调用，或者使用 "await Task.Run(...)" 在后台线程上执行占用大量 CPU 的工作。 [/root/WorkSpace/CSharp/TelegramSearchBot/feature/project-restructure-implementation/TelegramSearchBot.Test/TelegramSearchBot.Test.csproj]
/root/WorkSpace/CSharp/TelegramSearchBot/feature/project-restructure-implementation/TelegramSearchBot.Test/Controller/AI/LLM/AltPhotoControllerTests.cs(49,24): error CS7036: 未提供与“AltPhotoController.AltPhotoController(ITelegramBotClient, IGeneralLLMService, SendMessage, MessageService, ILogger<AltPhotoController>, ISendMessageService, MessageExtensionService)”的所需参数“messageExtensionService”对应的参数 [/root/WorkSpace/CSharp/TelegramSearchBot/feature/project-restructure-implementation/TelegramSearchBot.Test/TelegramSearchBot.Test.csproj]
/root/WorkSpace/CSharp/TelegramSearchBot/feature/project-restructure-implementation/TelegramSearchBot.Test/Domain/Message/Events/MessageEventHandlerTests.cs(178,51): warning CS8602: 解引用可能出现空引用。 [/root/WorkSpace/CSharp/TelegramSearchBot/feature/project-restructure-implementation/TelegramSearchBot.Test/TelegramSearchBot.Test.csproj]
/root/WorkSpace/CSharp/TelegramSearchBot/feature/project-restructure-implementation/TelegramSearchBot.Test/Domain/Message/Events/MessageEventHandlerTests.cs(180,21): warning CS8620: 由于引用类型的可为 null 性差异，Func<It.IsAnyType, Exception, string> 类型的实参不能用于 void ILogger.Log<IsAnyType>(LogLevel logLevel, EventId eventId, IsAnyType state, Exception? exception, Func<IsAnyType, Exception?, string> formatter) 中 Func<It.IsAnyType, Exception?, string> 类型的形参 formatter。 [/root/WorkSpace/CSharp/TelegramSearchBot/feature/project-restructure-implementation/TelegramSearchBot.Test/TelegramSearchBot.Test.csproj]
/root/WorkSpace/CSharp/TelegramSearchBot/feature/project-restructure-implementation/TelegramSearchBot.Test/Benchmarks/Quick/QuickPerformanceBenchmarks.cs(178,13): error CS1929: “bool”不包含“Consume”的定义，并且最佳扩展方法重载“ConsumerExtensions.Consume(IEnumerable, Consumer)”需要类型为“System.Collections.IEnumerable”的接收器 [/root/WorkSpace/CSharp/TelegramSearchBot/feature/project-restructure-implementation/TelegramSearchBot.Test/TelegramSearchBot.Test.csproj]
/root/WorkSpace/CSharp/TelegramSearchBot/feature/project-restructure-implementation/TelegramSearchBot.Test/Domain/TestBase.cs(147,24): warning CS8600: 将 null 文本或可能的 null 值转换为不可为 null 类型。 [/root/WorkSpace/CSharp/TelegramSearchBot/feature/project-restructure-implementation/TelegramSearchBot.Test/TelegramSearchBot.Test.csproj]
/root/WorkSpace/CSharp/TelegramSearchBot/feature/project-restructure-implementation/TelegramSearchBot.Test/Domain/TestBase.cs(147,24): warning CS8603: 可能返回 null 引用。 [/root/WorkSpace/CSharp/TelegramSearchBot/feature/project-restructure-implementation/TelegramSearchBot.Test/TelegramSearchBot.Test.csproj]
/root/WorkSpace/CSharp/TelegramSearchBot/feature/project-restructure-implementation/TelegramSearchBot.Test/Application/Features/Messages/MessageApplicationServiceTests.cs(175,31): warning CS8600: 将 null 文本或可能的 null 值转换为不可为 null 类型。 [/root/WorkSpace/CSharp/TelegramSearchBot/feature/project-restructure-implementation/TelegramSearchBot.Test/TelegramSearchBot.Test.csproj]
/root/WorkSpace/CSharp/TelegramSearchBot/feature/project-restructure-implementation/TelegramSearchBot.Test/Application/Features/Messages/MessageApplicationServiceTests.cs(174,13): warning CS8620: 由于引用类型的可为 null 性差异，ISetup<IMessageRepository, Task<MessageAggregate>> 类型的实参不能用于 IReturnsResult<IMessageRepository> ReturnsExtensions.ReturnsAsync<IMessageRepository, MessageAggregate?>(IReturns<IMessageRepository, Task<MessageAggregate?>> mock, MessageAggregate? value) 中 IReturns<IMessageRepository, Task<MessageAggregate?>> 类型的形参 mock。 [/root/WorkSpace/CSharp/TelegramSearchBot/feature/project-restructure-implementation/TelegramSearchBot.Test/TelegramSearchBot.Test.csproj]
/root/WorkSpace/CSharp/TelegramSearchBot/feature/project-restructure-implementation/TelegramSearchBot.Test/Application/Features/Messages/MessageApplicationServiceTests.cs(174,47): error CS0854: 表达式树可能不包含使用可选参数的调用 [/root/WorkSpace/CSharp/TelegramSearchBot/feature/project-restructure-implementation/TelegramSearchBot.Test/TelegramSearchBot.Test.csproj]
/root/WorkSpace/CSharp/TelegramSearchBot/feature/project-restructure-implementation/TelegramSearchBot.Test/Domain/Message/MessageAggregateTests.cs(55,38): warning CS8600: 将 null 文本或可能的 null 值转换为不可为 null 类型。 [/root/WorkSpace/CSharp/TelegramSearchBot/feature/project-restructure-implementation/TelegramSearchBot.Test/TelegramSearchBot.Test.csproj]
/root/WorkSpace/CSharp/TelegramSearchBot/feature/project-restructure-implementation/TelegramSearchBot.Test/Domain/Message/MessageAggregateTests.cs(59,64): warning CS8604: “MessageAggregate.MessageAggregate(MessageId id, MessageContent content, MessageMetadata metadata)”中的形参“content”可能传入 null 引用实参。 [/root/WorkSpace/CSharp/TelegramSearchBot/feature/project-restructure-implementation/TelegramSearchBot.Test/TelegramSearchBot.Test.csproj]
/root/WorkSpace/CSharp/TelegramSearchBot/feature/project-restructure-implementation/TelegramSearchBot.Test/Domain/Message/Integration/MessageProcessingIntegrationTests.cs(101,69): error CS0103: 当前上下文中不存在名称“CreateMockDbSet” [/root/WorkSpace/CSharp/TelegramSearchBot/feature/project-restructure-implementation/TelegramSearchBot.Test/TelegramSearchBot.Test.csproj]
/root/WorkSpace/CSharp/TelegramSearchBot/feature/project-restructure-implementation/TelegramSearchBot.Test/Domain/Message/Integration/MessageProcessingIntegrationTests.cs(102,63): error CS0103: 当前上下文中不存在名称“CreateMockDbSet” [/root/WorkSpace/CSharp/TelegramSearchBot/feature/project-restructure-implementation/TelegramSearchBot.Test/TelegramSearchBot.Test.csproj]
/root/WorkSpace/CSharp/TelegramSearchBot/feature/project-restructure-implementation/TelegramSearchBot.Test/Domain/Message/Integration/MessageProcessingIntegrationTests.cs(103,64): error CS0103: 当前上下文中不存在名称“CreateMockDbSet” [/root/WorkSpace/CSharp/TelegramSearchBot/feature/project-restructure-implementation/TelegramSearchBot.Test/TelegramSearchBot.Test.csproj]
/root/WorkSpace/CSharp/TelegramSearchBot/feature/project-restructure-implementation/TelegramSearchBot.Test/Domain/Message/Integration/MessageProcessingIntegrationTests.cs(104,63): error CS0103: 当前上下文中不存在名称“CreateMockDbSet” [/root/WorkSpace/CSharp/TelegramSearchBot/feature/project-restructure-implementation/TelegramSearchBot.Test/TelegramSearchBot.Test.csproj]
/root/WorkSpace/CSharp/TelegramSearchBot/feature/project-restructure-implementation/TelegramSearchBot.Test/Domain/Message/MessageAggregateTests.cs(72,40): warning CS8600: 将 null 文本或可能的 null 值转换为不可为 null 类型。 [/root/WorkSpace/CSharp/TelegramSearchBot/feature/project-restructure-implementation/TelegramSearchBot.Test/TelegramSearchBot.Test.csproj]
/root/WorkSpace/CSharp/TelegramSearchBot/feature/project-restructure-implementation/TelegramSearchBot.Test/Domain/Message/MessageAggregateTests.cs(75,73): warning CS8604: “MessageAggregate.MessageAggregate(MessageId id, MessageContent content, MessageMetadata metadata)”中的形参“metadata”可能传入 null 引用实参。 [/root/WorkSpace/CSharp/TelegramSearchBot/feature/project-restructure-implementation/TelegramSearchBot.Test/TelegramSearchBot.Test.csproj]
/root/WorkSpace/CSharp/TelegramSearchBot/feature/project-restructure-implementation/TelegramSearchBot.Test/Infrastructure/Search/Repositories/MessageSearchRepositoryTests.cs(99,66): error CS0246: 未能找到类型或命名空间名“SearchDocument”(是否缺少 using 指令或程序集引用?) [/root/WorkSpace/CSharp/TelegramSearchBot/feature/project-restructure-implementation/TelegramSearchBot.Test/TelegramSearchBot.Test.csproj]
/root/WorkSpace/CSharp/TelegramSearchBot/feature/project-restructure-implementation/TelegramSearchBot.Test/Infrastructure/Search/Repositories/MessageSearchRepositoryTests.cs(99,46): error CS1061: “ILuceneManager”未包含“IndexDocument”的定义，并且找不到可接受第一个“ILuceneManager”类型参数的可访问扩展方法“IndexDocument”(是否缺少 using 指令或程序集引用?) [/root/WorkSpace/CSharp/TelegramSearchBot/feature/project-restructure-implementation/TelegramSearchBot.Test/TelegramSearchBot.Test.csproj]
/root/WorkSpace/CSharp/TelegramSearchBot/feature/project-restructure-implementation/TelegramSearchBot.Test/Infrastructure/Search/Repositories/MessageSearchRepositoryTests.cs(110,42): warning CS8600: 将 null 文本或可能的 null 值转换为不可为 null 类型。 [/root/WorkSpace/CSharp/TelegramSearchBot/feature/project-restructure-implementation/TelegramSearchBot.Test/TelegramSearchBot.Test.csproj]
/root/WorkSpace/CSharp/TelegramSearchBot/feature/project-restructure-implementation/TelegramSearchBot.Test/Infrastructure/Search/Repositories/MessageSearchRepositoryTests.cs(113,90): warning CS8604: “Task MessageSearchRepository.IndexAsync(MessageAggregate aggregate, CancellationToken cancellationToken = default(CancellationToken))”中的形参“aggregate”可能传入 null 引用实参。 [/root/WorkSpace/CSharp/TelegramSearchBot/feature/project-restructure-implementation/TelegramSearchBot.Test/TelegramSearchBot.Test.csproj]
/root/WorkSpace/CSharp/TelegramSearchBot/feature/project-restructure-implementation/TelegramSearchBot.Test/Controllers/AI/AutoOCRControllerTests.cs(48,17): error CS1503: 参数 2: 无法从“TelegramSearchBot.Interface.AI.LLM.IGeneralLLMService”转换为“TelegramSearchBot.Interface.AI.OCR.IPaddleOCRService” [/root/WorkSpace/CSharp/TelegramSearchBot/feature/project-restructure-implementation/TelegramSearchBot.Test/TelegramSearchBot.Test.csproj]
/root/WorkSpace/CSharp/TelegramSearchBot/feature/project-restructure-implementation/TelegramSearchBot.Test/Controllers/AI/AutoOCRControllerTests.cs(49,17): error CS1503: 参数 3: 无法从“TelegramSearchBot.Interface.ISendMessageService”转换为“TelegramSearchBot.Manager.SendMessage” [/root/WorkSpace/CSharp/TelegramSearchBot/feature/project-restructure-implementation/TelegramSearchBot.Test/TelegramSearchBot.Test.csproj]
/root/WorkSpace/CSharp/TelegramSearchBot/feature/project-restructure-implementation/TelegramSearchBot.Test/Benchmarks/Search/SearchPerformanceBenchmarks.cs(211,28): warning CS1998: 此异步方法缺少 "await" 运算符，将以同步方式运行。请考虑使用 "await" 运算符等待非阻止的 API 调用，或者使用 "await Task.Run(...)" 在后台线程上执行占用大量 CPU 的工作。 [/root/WorkSpace/CSharp/TelegramSearchBot/feature/project-restructure-implementation/TelegramSearchBot.Test/TelegramSearchBot.Test.csproj]
/root/WorkSpace/CSharp/TelegramSearchBot/feature/project-restructure-implementation/TelegramSearchBot.Test/Controllers/Storage/MessageControllerSimpleTests.cs(45,31): error CS0246: 未能找到类型或命名空间名“PipelineContext”(是否缺少 using 指令或程序集引用?) [/root/WorkSpace/CSharp/TelegramSearchBot/feature/project-restructure-implementation/TelegramSearchBot.Test/TelegramSearchBot.Test.csproj]
/root/WorkSpace/CSharp/TelegramSearchBot/feature/project-restructure-implementation/TelegramSearchBot.Test/Controllers/Storage/MessageControllerSimpleTests.cs(50,34): error CS0103: 当前上下文中不存在名称“BotMessageType” [/root/WorkSpace/CSharp/TelegramSearchBot/feature/project-restructure-implementation/TelegramSearchBot.Test/TelegramSearchBot.Test.csproj]
/root/WorkSpace/CSharp/TelegramSearchBot/feature/project-restructure-implementation/TelegramSearchBot.Test/Controllers/Storage/MessageControllerSimpleTests.cs(62,26): error CS0103: 当前上下文中不存在名称“BotMessageType” [/root/WorkSpace/CSharp/TelegramSearchBot/feature/project-restructure-implementation/TelegramSearchBot.Test/TelegramSearchBot.Test.csproj]
/root/WorkSpace/CSharp/TelegramSearchBot/feature/project-restructure-implementation/TelegramSearchBot.Test/Application/Features/Messages/MessageApplicationServiceTests.cs(197,47): error CS0854: 表达式树可能不包含使用可选参数的调用 [/root/WorkSpace/CSharp/TelegramSearchBot/feature/project-restructure-implementation/TelegramSearchBot.Test/TelegramSearchBot.Test.csproj]
/root/WorkSpace/CSharp/TelegramSearchBot/feature/project-restructure-implementation/TelegramSearchBot.Test/Application/Features/Messages/MessageApplicationServiceTests.cs(204,48): error CS0854: 表达式树可能不包含使用可选参数的调用 [/root/WorkSpace/CSharp/TelegramSearchBot/feature/project-restructure-implementation/TelegramSearchBot.Test/TelegramSearchBot.Test.csproj]
/root/WorkSpace/CSharp/TelegramSearchBot/feature/project-restructure-implementation/TelegramSearchBot.Test/Application/Features/Messages/MessageApplicationServiceTests.cs(205,54): error CS0854: 表达式树可能不包含使用可选参数的调用 [/root/WorkSpace/CSharp/TelegramSearchBot/feature/project-restructure-implementation/TelegramSearchBot.Test/TelegramSearchBot.Test.csproj]
/root/WorkSpace/CSharp/TelegramSearchBot/feature/project-restructure-implementation/TelegramSearchBot.Test/Domain/Message/Events/MessageEventHandlerTests.cs(209,21): warning CS8620: 由于引用类型的可为 null 性差异，Func<It.IsAnyType, Exception, string> 类型的实参不能用于 void ILogger.Log<IsAnyType>(LogLevel logLevel, EventId eventId, IsAnyType state, Exception? exception, Func<IsAnyType, Exception?, string> formatter) 中 Func<It.IsAnyType, Exception?, string> 类型的形参 formatter。 [/root/WorkSpace/CSharp/TelegramSearchBot/feature/project-restructure-implementation/TelegramSearchBot.Test/TelegramSearchBot.Test.csproj]
/root/WorkSpace/CSharp/TelegramSearchBot/feature/project-restructure-implementation/TelegramSearchBot.Test/Domain/Message/ValueObjects/MessageSearchQueriesTests.cs(153,94): error CS1503: 参数 4: 无法从“int”转换为“string” [/root/WorkSpace/CSharp/TelegramSearchBot/feature/project-restructure-implementation/TelegramSearchBot.Test/TelegramSearchBot.Test.csproj]
/root/WorkSpace/CSharp/TelegramSearchBot/feature/project-restructure-implementation/TelegramSearchBot.Test/Domain/Message/ValueObjects/MessageSearchQueriesTests.cs(172,94): error CS1503: 参数 4: 无法从“int”转换为“string” [/root/WorkSpace/CSharp/TelegramSearchBot/feature/project-restructure-implementation/TelegramSearchBot.Test/TelegramSearchBot.Test.csproj]
/root/WorkSpace/CSharp/TelegramSearchBot/feature/project-restructure-implementation/TelegramSearchBot.Test/Infrastructure/Search/Repositories/MessageSearchRepositoryTests.cs(130,46): error CS1061: “ILuceneManager”未包含“DeleteDocument”的定义，并且找不到可接受第一个“ILuceneManager”类型参数的可访问扩展方法“DeleteDocument”(是否缺少 using 指令或程序集引用?) [/root/WorkSpace/CSharp/TelegramSearchBot/feature/project-restructure-implementation/TelegramSearchBot.Test/TelegramSearchBot.Test.csproj]
/root/WorkSpace/CSharp/TelegramSearchBot/feature/project-restructure-implementation/TelegramSearchBot.Test/Infrastructure/Search/Repositories/MessageSearchRepositoryTests.cs(137,35): warning CS8600: 将 null 文本或可能的 null 值转换为不可为 null 类型。 [/root/WorkSpace/CSharp/TelegramSearchBot/feature/project-restructure-implementation/TelegramSearchBot.Test/TelegramSearchBot.Test.csproj]
/root/WorkSpace/CSharp/TelegramSearchBot/feature/project-restructure-implementation/TelegramSearchBot.Test/Infrastructure/Search/Repositories/MessageSearchRepositoryTests.cs(140,100): warning CS8604: “Task MessageSearchRepository.RemoveFromIndexAsync(MessageId id, CancellationToken cancellationToken = default(CancellationToken))”中的形参“id”可能传入 null 引用实参。 [/root/WorkSpace/CSharp/TelegramSearchBot/feature/project-restructure-implementation/TelegramSearchBot.Test/TelegramSearchBot.Test.csproj]
/root/WorkSpace/CSharp/TelegramSearchBot/feature/project-restructure-implementation/TelegramSearchBot.Test/Core/Service/ServiceBasicTests.cs(192,75): warning CS8602: 解引用可能出现空引用。 [/root/WorkSpace/CSharp/TelegramSearchBot/feature/project-restructure-implementation/TelegramSearchBot.Test/TelegramSearchBot.Test.csproj]
/root/WorkSpace/CSharp/TelegramSearchBot/feature/project-restructure-implementation/TelegramSearchBot.Test/Domain/Message/MessageAggregateTests.cs(137,54): warning CS8625: 无法将 null 字面量转换为非 null 的引用类型。 [/root/WorkSpace/CSharp/TelegramSearchBot/feature/project-restructure-implementation/TelegramSearchBot.Test/TelegramSearchBot.Test.csproj]
/root/WorkSpace/CSharp/TelegramSearchBot/feature/project-restructure-implementation/TelegramSearchBot.Test/Domain/TestBase.cs(196,24): warning CS8600: 将 null 文本或可能的 null 值转换为不可为 null 类型。 [/root/WorkSpace/CSharp/TelegramSearchBot/feature/project-restructure-implementation/TelegramSearchBot.Test/TelegramSearchBot.Test.csproj]
/root/WorkSpace/CSharp/TelegramSearchBot/feature/project-restructure-implementation/TelegramSearchBot.Test/Domain/TestBase.cs(196,24): warning CS8603: 可能返回 null 引用。 [/root/WorkSpace/CSharp/TelegramSearchBot/feature/project-restructure-implementation/TelegramSearchBot.Test/TelegramSearchBot.Test.csproj]
/root/WorkSpace/CSharp/TelegramSearchBot/feature/project-restructure-implementation/TelegramSearchBot.Test/Benchmarks/Vector/VectorSearchBenchmarks.cs(526,27): warning CS8604: “IEnumerable<VectorSearchResult> Enumerable.Select<VectorData, VectorSearchResult>(IEnumerable<VectorData> source, Func<VectorData, VectorSearchResult> selector)”中的形参“source”可能传入 null 引用实参。 [/root/WorkSpace/CSharp/TelegramSearchBot/feature/project-restructure-implementation/TelegramSearchBot.Test/TelegramSearchBot.Test.csproj]
/root/WorkSpace/CSharp/TelegramSearchBot/feature/project-restructure-implementation/TelegramSearchBot.Test/Domain/TestBase.cs(217,24): warning CS8603: 可能返回 null 引用。 [/root/WorkSpace/CSharp/TelegramSearchBot/feature/project-restructure-implementation/TelegramSearchBot.Test/TelegramSearchBot.Test.csproj]
/root/WorkSpace/CSharp/TelegramSearchBot/feature/project-restructure-implementation/TelegramSearchBot.Test/Controllers/Storage/MessageControllerSimpleTests.cs(96,31): error CS0246: 未能找到类型或命名空间名“PipelineContext”(是否缺少 using 指令或程序集引用?) [/root/WorkSpace/CSharp/TelegramSearchBot/feature/project-restructure-implementation/TelegramSearchBot.Test/TelegramSearchBot.Test.csproj]
/root/WorkSpace/CSharp/TelegramSearchBot/feature/project-restructure-implementation/TelegramSearchBot.Test/Controllers/Storage/MessageControllerSimpleTests.cs(101,34): error CS0103: 当前上下文中不存在名称“BotMessageType” [/root/WorkSpace/CSharp/TelegramSearchBot/feature/project-restructure-implementation/TelegramSearchBot.Test/TelegramSearchBot.Test.csproj]
/root/WorkSpace/CSharp/TelegramSearchBot/feature/project-restructure-implementation/TelegramSearchBot.Test/Controllers/Storage/MessageControllerSimpleTests.cs(109,26): error CS0103: 当前上下文中不存在名称“BotMessageType” [/root/WorkSpace/CSharp/TelegramSearchBot/feature/project-restructure-implementation/TelegramSearchBot.Test/TelegramSearchBot.Test.csproj]
/root/WorkSpace/CSharp/TelegramSearchBot/feature/project-restructure-implementation/TelegramSearchBot.Test/Data/QueryServicesTests.cs(317,27): warning CS1998: 此异步方法缺少 "await" 运算符，将以同步方式运行。请考虑使用 "await" 运算符等待非阻止的 API 调用，或者使用 "await Task.Run(...)" 在后台线程上执行占用大量 CPU 的工作。 [/root/WorkSpace/CSharp/TelegramSearchBot/feature/project-restructure-implementation/TelegramSearchBot.Test/TelegramSearchBot.Test.csproj]
/root/WorkSpace/CSharp/TelegramSearchBot/feature/project-restructure-implementation/TelegramSearchBot.Test/Application/Features/Messages/MessageApplicationServiceTests.cs(224,47): error CS0854: 表达式树可能不包含使用可选参数的调用 [/root/WorkSpace/CSharp/TelegramSearchBot/feature/project-restructure-implementation/TelegramSearchBot.Test/TelegramSearchBot.Test.csproj]
/root/WorkSpace/CSharp/TelegramSearchBot/feature/project-restructure-implementation/TelegramSearchBot.Test/Application/Features/Messages/MessageApplicationServiceTests.cs(226,47): error CS0854: 表达式树可能不包含使用可选参数的调用 [/root/WorkSpace/CSharp/TelegramSearchBot/feature/project-restructure-implementation/TelegramSearchBot.Test/TelegramSearchBot.Test.csproj]
/root/WorkSpace/CSharp/TelegramSearchBot/feature/project-restructure-implementation/TelegramSearchBot.Test/Application/Features/Messages/MessageApplicationServiceTests.cs(233,48): error CS0854: 表达式树可能不包含使用可选参数的调用 [/root/WorkSpace/CSharp/TelegramSearchBot/feature/project-restructure-implementation/TelegramSearchBot.Test/TelegramSearchBot.Test.csproj]
/root/WorkSpace/CSharp/TelegramSearchBot/feature/project-restructure-implementation/TelegramSearchBot.Test/Application/Features/Messages/MessageApplicationServiceTests.cs(234,54): error CS0854: 表达式树可能不包含使用可选参数的调用 [/root/WorkSpace/CSharp/TelegramSearchBot/feature/project-restructure-implementation/TelegramSearchBot.Test/TelegramSearchBot.Test.csproj]
/root/WorkSpace/CSharp/TelegramSearchBot/feature/project-restructure-implementation/TelegramSearchBot.Test/Core/Manager/ManagerSimpleTests.cs(57,24): error CS0246: 未能找到类型或命名空间名“LuceneManager”(是否缺少 using 指令或程序集引用?) [/root/WorkSpace/CSharp/TelegramSearchBot/feature/project-restructure-implementation/TelegramSearchBot.Test/TelegramSearchBot.Test.csproj]
/root/WorkSpace/CSharp/TelegramSearchBot/feature/project-restructure-implementation/TelegramSearchBot.Test/Application/Features/Messages/MessageApplicationServiceTests.cs(245,31): warning CS8600: 将 null 文本或可能的 null 值转换为不可为 null 类型。 [/root/WorkSpace/CSharp/TelegramSearchBot/feature/project-restructure-implementation/TelegramSearchBot.Test/TelegramSearchBot.Test.csproj]
/root/WorkSpace/CSharp/TelegramSearchBot/feature/project-restructure-implementation/TelegramSearchBot.Test/Application/Features/Messages/MessageApplicationServiceTests.cs(244,13): warning CS8620: 由于引用类型的可为 null 性差异，ISetup<IMessageRepository, Task<MessageAggregate>> 类型的实参不能用于 IReturnsResult<IMessageRepository> ReturnsExtensions.ReturnsAsync<IMessageRepository, MessageAggregate?>(IReturns<IMessageRepository, Task<MessageAggregate?>> mock, MessageAggregate? value) 中 IReturns<IMessageRepository, Task<MessageAggregate?>> 类型的形参 mock。 [/root/WorkSpace/CSharp/TelegramSearchBot/feature/project-restructure-implementation/TelegramSearchBot.Test/TelegramSearchBot.Test.csproj]
/root/WorkSpace/CSharp/TelegramSearchBot/feature/project-restructure-implementation/TelegramSearchBot.Test/Application/Features/Messages/MessageApplicationServiceTests.cs(244,47): error CS0854: 表达式树可能不包含使用可选参数的调用 [/root/WorkSpace/CSharp/TelegramSearchBot/feature/project-restructure-implementation/TelegramSearchBot.Test/TelegramSearchBot.Test.csproj]
/root/WorkSpace/CSharp/TelegramSearchBot/feature/project-restructure-implementation/TelegramSearchBot.Test/Domain/Message/ValueObjects/MessageSearchQueriesTests.cs(220,35): warning CS8600: 将 null 文本或可能的 null 值转换为不可为 null 类型。 [/root/WorkSpace/CSharp/TelegramSearchBot/feature/project-restructure-implementation/TelegramSearchBot.Test/TelegramSearchBot.Test.csproj]
/root/WorkSpace/CSharp/TelegramSearchBot/feature/project-restructure-implementation/TelegramSearchBot.Test/Domain/Message/ValueObjects/MessageSearchQueriesTests.cs(226,56): warning CS8604: “MessageSearchResult.MessageSearchResult(MessageId messageId, string content, DateTime timestamp, float score)”中的形参“messageId”可能传入 null 引用实参。 [/root/WorkSpace/CSharp/TelegramSearchBot/feature/project-restructure-implementation/TelegramSearchBot.Test/TelegramSearchBot.Test.csproj]
/root/WorkSpace/CSharp/TelegramSearchBot/feature/project-restructure-implementation/TelegramSearchBot.Test/Data/DataDbContextTests.cs(23,27): warning CS1998: 此异步方法缺少 "await" 运算符，将以同步方式运行。请考虑使用 "await" 运算符等待非阻止的 API 调用，或者使用 "await Task.Run(...)" 在后台线程上执行占用大量 CPU 的工作。 [/root/WorkSpace/CSharp/TelegramSearchBot/feature/project-restructure-implementation/TelegramSearchBot.Test/TelegramSearchBot.Test.csproj]
/root/WorkSpace/CSharp/TelegramSearchBot/feature/project-restructure-implementation/TelegramSearchBot.Test/Domain/Message/Events/MessageEventHandlerTests.cs(275,51): warning CS8602: 解引用可能出现空引用。 [/root/WorkSpace/CSharp/TelegramSearchBot/feature/project-restructure-implementation/TelegramSearchBot.Test/TelegramSearchBot.Test.csproj]
/root/WorkSpace/CSharp/TelegramSearchBot/feature/project-restructure-implementation/TelegramSearchBot.Test/Domain/Message/Events/MessageEventHandlerTests.cs(277,21): warning CS8620: 由于引用类型的可为 null 性差异，Func<It.IsAnyType, Exception, string> 类型的实参不能用于 void ILogger.Log<IsAnyType>(LogLevel logLevel, EventId eventId, IsAnyType state, Exception? exception, Func<IsAnyType, Exception?, string> formatter) 中 Func<It.IsAnyType, Exception?, string> 类型的形参 formatter。 [/root/WorkSpace/CSharp/TelegramSearchBot/feature/project-restructure-implementation/TelegramSearchBot.Test/TelegramSearchBot.Test.csproj]
/root/WorkSpace/CSharp/TelegramSearchBot/feature/project-restructure-implementation/TelegramSearchBot.Test/Benchmarks/Search/SearchPerformanceBenchmarks.cs(440,18): error CS0104: “Directory”是“Lucene.Net.Store.Directory”和“System.IO.Directory”之间的不明确的引用 [/root/WorkSpace/CSharp/TelegramSearchBot/feature/project-restructure-implementation/TelegramSearchBot.Test/TelegramSearchBot.Test.csproj]
/root/WorkSpace/CSharp/TelegramSearchBot/feature/project-restructure-implementation/TelegramSearchBot.Test/Domain/Message/ValueObjects/MessageSearchQueriesTests.cs(238,30): warning CS8600: 将 null 文本或可能的 null 值转换为不可为 null 类型。 [/root/WorkSpace/CSharp/TelegramSearchBot/feature/project-restructure-implementation/TelegramSearchBot.Test/TelegramSearchBot.Test.csproj]
/root/WorkSpace/CSharp/TelegramSearchBot/feature/project-restructure-implementation/TelegramSearchBot.Test/Domain/Message/ValueObjects/MessageSearchQueriesTests.cs(243,67): warning CS8604: “MessageSearchResult.MessageSearchResult(MessageId messageId, string content, DateTime timestamp, float score)”中的形参“content”可能传入 null 引用实参。 [/root/WorkSpace/CSharp/TelegramSearchBot/feature/project-restructure-implementation/TelegramSearchBot.Test/TelegramSearchBot.Test.csproj]
/root/WorkSpace/CSharp/TelegramSearchBot/feature/project-restructure-implementation/TelegramSearchBot.Test/Data/DataDbContextTests.cs(32,27): warning CS1998: 此异步方法缺少 "await" 运算符，将以同步方式运行。请考虑使用 "await" 运算符等待非阻止的 API 调用，或者使用 "await Task.Run(...)" 在后台线程上执行占用大量 CPU 的工作。 [/root/WorkSpace/CSharp/TelegramSearchBot/feature/project-restructure-implementation/TelegramSearchBot.Test/TelegramSearchBot.Test.csproj]
/root/WorkSpace/CSharp/TelegramSearchBot/feature/project-restructure-implementation/TelegramSearchBot.Test/Application/Features/Messages/MessageApplicationServiceTests.cs(267,47): error CS0854: 表达式树可能不包含使用可选参数的调用 [/root/WorkSpace/CSharp/TelegramSearchBot/feature/project-restructure-implementation/TelegramSearchBot.Test/TelegramSearchBot.Test.csproj]
/root/WorkSpace/CSharp/TelegramSearchBot/feature/project-restructure-implementation/TelegramSearchBot.Test/Domain/Message/MessageEntitySimpleTests.cs(47,17): error CS0200: 无法为属性或索引器“Message.MessageId”赋值 - 它是只读的 [/root/WorkSpace/CSharp/TelegramSearchBot/feature/project-restructure-implementation/TelegramSearchBot.Test/TelegramSearchBot.Test.csproj]
/root/WorkSpace/CSharp/TelegramSearchBot/feature/project-restructure-implementation/TelegramSearchBot.Test/Domain/Message/MessageEntitySimpleTests.cs(55,26): error CS0234: 命名空间“TelegramSearchBot.Domain.Tests.Message”中不存在类型或命名空间名“FromTelegramMessage”(是否缺少程序集引用?) [/root/WorkSpace/CSharp/TelegramSearchBot/feature/project-restructure-implementation/TelegramSearchBot.Test/TelegramSearchBot.Test.csproj]
/root/WorkSpace/CSharp/TelegramSearchBot/feature/project-restructure-implementation/TelegramSearchBot.Test/Application/Features/Messages/MessageApplicationServiceTests.cs(288,31): warning CS8600: 将 null 文本或可能的 null 值转换为不可为 null 类型。 [/root/WorkSpace/CSharp/TelegramSearchBot/feature/project-restructure-implementation/TelegramSearchBot.Test/TelegramSearchBot.Test.csproj]
/root/WorkSpace/CSharp/TelegramSearchBot/feature/project-restructure-implementation/TelegramSearchBot.Test/Application/Features/Messages/MessageApplicationServiceTests.cs(287,13): warning CS8620: 由于引用类型的可为 null 性差异，ISetup<IMessageRepository, Task<MessageAggregate>> 类型的实参不能用于 IReturnsResult<IMessageRepository> ReturnsExtensions.ReturnsAsync<IMessageRepository, MessageAggregate?>(IReturns<IMessageRepository, Task<MessageAggregate?>> mock, MessageAggregate? value) 中 IReturns<IMessageRepository, Task<MessageAggregate?>> 类型的形参 mock。 [/root/WorkSpace/CSharp/TelegramSearchBot/feature/project-restructure-implementation/TelegramSearchBot.Test/TelegramSearchBot.Test.csproj]
/root/WorkSpace/CSharp/TelegramSearchBot/feature/project-restructure-implementation/TelegramSearchBot.Test/Application/Features/Messages/MessageApplicationServiceTests.cs(287,47): error CS0854: 表达式树可能不包含使用可选参数的调用 [/root/WorkSpace/CSharp/TelegramSearchBot/feature/project-restructure-implementation/TelegramSearchBot.Test/TelegramSearchBot.Test.csproj]
/root/WorkSpace/CSharp/TelegramSearchBot/feature/project-restructure-implementation/TelegramSearchBot.Test/Core/Manager/ManagerSimpleTests.cs(79,44): error CS0246: 未能找到类型或命名空间名“LuceneManager”(是否缺少 using 指令或程序集引用?) [/root/WorkSpace/CSharp/TelegramSearchBot/feature/project-restructure-implementation/TelegramSearchBot.Test/TelegramSearchBot.Test.csproj]
/root/WorkSpace/CSharp/TelegramSearchBot/feature/project-restructure-implementation/TelegramSearchBot.Test/Infrastructure/Search/Repositories/MessageSearchRepositoryTests.cs(167,77): error CS0246: 未能找到类型或命名空间名“SearchDocument”(是否缺少 using 指令或程序集引用?) [/root/WorkSpace/CSharp/TelegramSearchBot/feature/project-restructure-implementation/TelegramSearchBot.Test/TelegramSearchBot.Test.csproj]
/root/WorkSpace/CSharp/TelegramSearchBot/feature/project-restructure-implementation/TelegramSearchBot.Test/Infrastructure/Search/Repositories/MessageSearchRepositoryTests.cs(167,46): error CS1061: “ILuceneManager”未包含“RebuildIndex”的定义，并且找不到可接受第一个“ILuceneManager”类型参数的可访问扩展方法“RebuildIndex”(是否缺少 using 指令或程序集引用?) [/root/WorkSpace/CSharp/TelegramSearchBot/feature/project-restructure-implementation/TelegramSearchBot.Test/TelegramSearchBot.Test.csproj]
/root/WorkSpace/CSharp/TelegramSearchBot/feature/project-restructure-implementation/TelegramSearchBot.Test/Domain/Message/Events/MessageEventsTests.cs(123,35): warning CS8600: 将 null 文本或可能的 null 值转换为不可为 null 类型。 [/root/WorkSpace/CSharp/TelegramSearchBot/feature/project-restructure-implementation/TelegramSearchBot.Test/TelegramSearchBot.Test.csproj]
/root/WorkSpace/CSharp/TelegramSearchBot/feature/project-restructure-implementation/TelegramSearchBot.Test/Domain/Message/Events/MessageEventsTests.cs(128,63): warning CS8604: “MessageContentUpdatedEvent.MessageContentUpdatedEvent(MessageId messageId, MessageContent oldContent, MessageContent newContent)”中的形参“messageId”可能传入 null 引用实参。 [/root/WorkSpace/CSharp/TelegramSearchBot/feature/project-restructure-implementation/TelegramSearchBot.Test/TelegramSearchBot.Test.csproj]
/root/WorkSpace/CSharp/TelegramSearchBot/feature/project-restructure-implementation/TelegramSearchBot.Test/Domain/Message/Events/MessageEventHandlerTests.cs(304,51): warning CS8602: 解引用可能出现空引用。 [/root/WorkSpace/CSharp/TelegramSearchBot/feature/project-restructure-implementation/TelegramSearchBot.Test/TelegramSearchBot.Test.csproj]
/root/WorkSpace/CSharp/TelegramSearchBot/feature/project-restructure-implementation/TelegramSearchBot.Test/Domain/Message/Events/MessageEventHandlerTests.cs(306,21): warning CS8620: 由于引用类型的可为 null 性差异，Func<It.IsAnyType, Exception, string> 类型的实参不能用于 void ILogger.Log<IsAnyType>(LogLevel logLevel, EventId eventId, IsAnyType state, Exception? exception, Func<IsAnyType, Exception?, string> formatter) 中 Func<It.IsAnyType, Exception?, string> 类型的形参 formatter。 [/root/WorkSpace/CSharp/TelegramSearchBot/feature/project-restructure-implementation/TelegramSearchBot.Test/TelegramSearchBot.Test.csproj]
/root/WorkSpace/CSharp/TelegramSearchBot/feature/project-restructure-implementation/TelegramSearchBot.Test/Controller/AI/OCR/AutoOCRControllerTests.cs(231,63): error CS0433: 类型“CannotGetPhotoException”同时存在于“TelegramSearchBot.Common, Version=1.0.0.0, Culture=neutral, PublicKeyToken=null”和“TelegramSearchBot, Version=1.0.0.0, Culture=neutral, PublicKeyToken=null”中 [/root/WorkSpace/CSharp/TelegramSearchBot/feature/project-restructure-implementation/TelegramSearchBot.Test/TelegramSearchBot.Test.csproj]
/root/WorkSpace/CSharp/TelegramSearchBot/feature/project-restructure-implementation/TelegramSearchBot.Test/Controllers/Bilibili/BiliMessageControllerTests.cs(25,31): error CS7036: 未提供与“BiliMessageController.BiliMessageController(ITelegramBotClient, IBiliApiService, BiliVideoProcessingService, BiliOpusProcessingService, VideoView, GenericView, ILogger<BiliMessageController>, ILogger<VideoView>)”的所需参数“genericView”对应的参数 [/root/WorkSpace/CSharp/TelegramSearchBot/feature/project-restructure-implementation/TelegramSearchBot.Test/TelegramSearchBot.Test.csproj]
/root/WorkSpace/CSharp/TelegramSearchBot/feature/project-restructure-implementation/TelegramSearchBot.Test/Domain/Message/Events/MessageEventHandlerTests.cs(332,51): warning CS8602: 解引用可能出现空引用。 [/root/WorkSpace/CSharp/TelegramSearchBot/feature/project-restructure-implementation/TelegramSearchBot.Test/TelegramSearchBot.Test.csproj]
/root/WorkSpace/CSharp/TelegramSearchBot/feature/project-restructure-implementation/TelegramSearchBot.Test/Domain/Message/Events/MessageEventHandlerTests.cs(334,21): warning CS8620: 由于引用类型的可为 null 性差异，Func<It.IsAnyType, Exception, string> 类型的实参不能用于 void ILogger.Log<IsAnyType>(LogLevel logLevel, EventId eventId, IsAnyType state, Exception? exception, Func<IsAnyType, Exception?, string> formatter) 中 Func<It.IsAnyType, Exception?, string> 类型的形参 formatter。 [/root/WorkSpace/CSharp/TelegramSearchBot/feature/project-restructure-implementation/TelegramSearchBot.Test/TelegramSearchBot.Test.csproj]
/root/WorkSpace/CSharp/TelegramSearchBot/feature/project-restructure-implementation/TelegramSearchBot.Test/Domain/Message/MessageEntitySimpleTests.cs(73,17): error CS0200: 无法为属性或索引器“Message.MessageId”赋值 - 它是只读的 [/root/WorkSpace/CSharp/TelegramSearchBot/feature/project-restructure-implementation/TelegramSearchBot.Test/TelegramSearchBot.Test.csproj]
/root/WorkSpace/CSharp/TelegramSearchBot/feature/project-restructure-implementation/TelegramSearchBot.Test/Domain/Message/MessageEntitySimpleTests.cs(79,21): error CS0200: 无法为属性或索引器“Message.MessageId”赋值 - 它是只读的 [/root/WorkSpace/CSharp/TelegramSearchBot/feature/project-restructure-implementation/TelegramSearchBot.Test/TelegramSearchBot.Test.csproj]
/root/WorkSpace/CSharp/TelegramSearchBot/feature/project-restructure-implementation/TelegramSearchBot.Test/Domain/Message/MessageEntitySimpleTests.cs(86,26): error CS0234: 命名空间“TelegramSearchBot.Domain.Tests.Message”中不存在类型或命名空间名“FromTelegramMessage”(是否缺少程序集引用?) [/root/WorkSpace/CSharp/TelegramSearchBot/feature/project-restructure-implementation/TelegramSearchBot.Test/TelegramSearchBot.Test.csproj]
/root/WorkSpace/CSharp/TelegramSearchBot/feature/project-restructure-implementation/TelegramSearchBot.Test/Application/Features/Messages/MessageApplicationServiceTests.cs(317,47): error CS0854: 表达式树可能不包含使用可选参数的调用 [/root/WorkSpace/CSharp/TelegramSearchBot/feature/project-restructure-implementation/TelegramSearchBot.Test/TelegramSearchBot.Test.csproj]
/root/WorkSpace/CSharp/TelegramSearchBot/feature/project-restructure-implementation/TelegramSearchBot.Test/Domain/Message/MessageEntitySimpleTests.cs(103,17): error CS0200: 无法为属性或索引器“Message.MessageId”赋值 - 它是只读的 [/root/WorkSpace/CSharp/TelegramSearchBot/feature/project-restructure-implementation/TelegramSearchBot.Test/TelegramSearchBot.Test.csproj]
/root/WorkSpace/CSharp/TelegramSearchBot/feature/project-restructure-implementation/TelegramSearchBot.Test/Domain/Message/MessageEntitySimpleTests.cs(111,26): error CS0234: 命名空间“TelegramSearchBot.Domain.Tests.Message”中不存在类型或命名空间名“FromTelegramMessage”(是否缺少程序集引用?) [/root/WorkSpace/CSharp/TelegramSearchBot/feature/project-restructure-implementation/TelegramSearchBot.Test/TelegramSearchBot.Test.csproj]
/root/WorkSpace/CSharp/TelegramSearchBot/feature/project-restructure-implementation/TelegramSearchBot.Test/Domain/Message/MessageEntitySimpleTests.cs(123,17): error CS0200: 无法为属性或索引器“Message.MessageId”赋值 - 它是只读的 [/root/WorkSpace/CSharp/TelegramSearchBot/feature/project-restructure-implementation/TelegramSearchBot.Test/TelegramSearchBot.Test.csproj]
/root/WorkSpace/CSharp/TelegramSearchBot/feature/project-restructure-implementation/TelegramSearchBot.Test/Domain/Message/MessageEntitySimpleTests.cs(132,26): error CS0234: 命名空间“TelegramSearchBot.Domain.Tests.Message”中不存在类型或命名空间名“FromTelegramMessage”(是否缺少程序集引用?) [/root/WorkSpace/CSharp/TelegramSearchBot/feature/project-restructure-implementation/TelegramSearchBot.Test/TelegramSearchBot.Test.csproj]
/root/WorkSpace/CSharp/TelegramSearchBot/feature/project-restructure-implementation/TelegramSearchBot.Test/Examples/TestToolsExample.cs(158,34): error CS0103: 当前上下文中不存在名称“CreateMessageService” [/root/WorkSpace/CSharp/TelegramSearchBot/feature/project-restructure-implementation/TelegramSearchBot.Test/TelegramSearchBot.Test.csproj]
/root/WorkSpace/CSharp/TelegramSearchBot/feature/project-restructure-implementation/TelegramSearchBot.Test/Examples/TestToolsExample.cs(162,33): error CS0103: 当前上下文中不存在名称“CreateSearchService” [/root/WorkSpace/CSharp/TelegramSearchBot/feature/project-restructure-implementation/TelegramSearchBot.Test/TelegramSearchBot.Test.csproj]
/root/WorkSpace/CSharp/TelegramSearchBot/feature/project-restructure-implementation/TelegramSearchBot.Test/Examples/TestToolsExample.cs(167,19): error CS0103: 当前上下文中不存在名称“SimulateBotMessageReceivedAsync” [/root/WorkSpace/CSharp/TelegramSearchBot/feature/project-restructure-implementation/TelegramSearchBot.Test/TelegramSearchBot.Test.csproj]
/root/WorkSpace/CSharp/TelegramSearchBot/feature/project-restructure-implementation/TelegramSearchBot.Test/Examples/TestToolsExample.cs(170,39): error CS0103: 当前上下文中不存在名称“SimulateSearchRequestAsync” [/root/WorkSpace/CSharp/TelegramSearchBot/feature/project-restructure-implementation/TelegramSearchBot.Test/TelegramSearchBot.Test.csproj]
/root/WorkSpace/CSharp/TelegramSearchBot/feature/project-restructure-implementation/TelegramSearchBot.Test/Examples/TestToolsExample.cs(174,19): error CS0103: 当前上下文中不存在名称“ValidateDatabaseStateAsync” [/root/WorkSpace/CSharp/TelegramSearchBot/feature/project-restructure-implementation/TelegramSearchBot.Test/TelegramSearchBot.Test.csproj]
/root/WorkSpace/CSharp/TelegramSearchBot/feature/project-restructure-implementation/TelegramSearchBot.Test/Infrastructure/Search/Repositories/MessageSearchRepositoryTests.cs(183,77): error CS0246: 未能找到类型或命名空间名“SearchDocument”(是否缺少 using 指令或程序集引用?) [/root/WorkSpace/CSharp/TelegramSearchBot/feature/project-restructure-implementation/TelegramSearchBot.Test/TelegramSearchBot.Test.csproj]
/root/WorkSpace/CSharp/TelegramSearchBot/feature/project-restructure-implementation/TelegramSearchBot.Test/Infrastructure/Search/Repositories/MessageSearchRepositoryTests.cs(183,46): error CS1061: “ILuceneManager”未包含“RebuildIndex”的定义，并且找不到可接受第一个“ILuceneManager”类型参数的可访问扩展方法“RebuildIndex”(是否缺少 using 指令或程序集引用?) [/root/WorkSpace/CSharp/TelegramSearchBot/feature/project-restructure-implementation/TelegramSearchBot.Test/TelegramSearchBot.Test.csproj]
/root/WorkSpace/CSharp/TelegramSearchBot/feature/project-restructure-implementation/TelegramSearchBot.Test/Examples/TestToolsExample.cs(188,34): error CS0103: 当前上下文中不存在名称“CreateDatabaseSnapshotAsync” [/root/WorkSpace/CSharp/TelegramSearchBot/feature/project-restructure-implementation/TelegramSearchBot.Test/TelegramSearchBot.Test.csproj]
/root/WorkSpace/CSharp/TelegramSearchBot/feature/project-restructure-implementation/TelegramSearchBot.Test/Examples/TestToolsExample.cs(193,42): error CS0246: 未能找到类型或命名空间名“MessageOptionBuilder”(是否缺少 using 指令或程序集引用?) [/root/WorkSpace/CSharp/TelegramSearchBot/feature/project-restructure-implementation/TelegramSearchBot.Test/TelegramSearchBot.Test.csproj]
/root/WorkSpace/CSharp/TelegramSearchBot/feature/project-restructure-implementation/TelegramSearchBot.Test/Examples/TestToolsExample.cs(202,23): error CS0103: 当前上下文中不存在名称“SimulateBotMessageReceivedAsync” [/root/WorkSpace/CSharp/TelegramSearchBot/feature/project-restructure-implementation/TelegramSearchBot.Test/TelegramSearchBot.Test.csproj]
/root/WorkSpace/CSharp/TelegramSearchBot/feature/project-restructure-implementation/TelegramSearchBot.Test/Examples/TestToolsExample.cs(220,23): error CS0103: 当前上下文中不存在名称“RestoreDatabaseFromSnapshotAsync” [/root/WorkSpace/CSharp/TelegramSearchBot/feature/project-restructure-implementation/TelegramSearchBot.Test/TelegramSearchBot.Test.csproj]
/root/WorkSpace/CSharp/TelegramSearchBot/feature/project-restructure-implementation/TelegramSearchBot.Test/Domain/Message/ValueObjects/MessageSearchQueriesTests.cs(313,72): error CS1503: 参数 3: 无法从“int”转换为“string” [/root/WorkSpace/CSharp/TelegramSearchBot/feature/project-restructure-implementation/TelegramSearchBot.Test/TelegramSearchBot.Test.csproj]
/root/WorkSpace/CSharp/TelegramSearchBot/feature/project-restructure-implementation/TelegramSearchBot.Test/Domain/Message/ValueObjects/MessageSearchQueriesTests.cs(314,72): error CS1503: 参数 3: 无法从“int”转换为“string” [/root/WorkSpace/CSharp/TelegramSearchBot/feature/project-restructure-implementation/TelegramSearchBot.Test/TelegramSearchBot.Test.csproj]
/root/WorkSpace/CSharp/TelegramSearchBot/feature/project-restructure-implementation/TelegramSearchBot.Test/Infrastructure/Search/Repositories/MessageSearchRepositoryTests.cs(191,54): warning CS8600: 将 null 文本或可能的 null 值转换为不可为 null 类型。 [/root/WorkSpace/CSharp/TelegramSearchBot/feature/project-restructure-implementation/TelegramSearchBot.Test/TelegramSearchBot.Test.csproj]
/root/WorkSpace/CSharp/TelegramSearchBot/feature/project-restructure-implementation/TelegramSearchBot.Test/Infrastructure/Search/Repositories/MessageSearchRepositoryTests.cs(194,97): warning CS8604: “Task MessageSearchRepository.RebuildIndexAsync(IEnumerable<MessageAggregate> messages, CancellationToken cancellationToken = default(CancellationToken))”中的形参“messages”可能传入 null 引用实参。 [/root/WorkSpace/CSharp/TelegramSearchBot/feature/project-restructure-implementation/TelegramSearchBot.Test/TelegramSearchBot.Test.csproj]
/root/WorkSpace/CSharp/TelegramSearchBot/feature/project-restructure-implementation/TelegramSearchBot.Test/Application/Features/Messages/MessageApplicationServiceTests.cs(345,47): error CS0854: 表达式树可能不包含使用可选参数的调用 [/root/WorkSpace/CSharp/TelegramSearchBot/feature/project-restructure-implementation/TelegramSearchBot.Test/TelegramSearchBot.Test.csproj]
/root/WorkSpace/CSharp/TelegramSearchBot/feature/project-restructure-implementation/TelegramSearchBot.Test/Controller/AI/OCR/AutoOCRControllerTests.cs(265,31): warning CS8602: 解引用可能出现空引用。 [/root/WorkSpace/CSharp/TelegramSearchBot/feature/project-restructure-implementation/TelegramSearchBot.Test/TelegramSearchBot.Test.csproj]
/root/WorkSpace/CSharp/TelegramSearchBot/feature/project-restructure-implementation/TelegramSearchBot.Test/Core/Manager/ManagerSimpleTests.cs(111,44): error CS0246: 未能找到类型或命名空间名“LuceneManager”(是否缺少 using 指令或程序集引用?) [/root/WorkSpace/CSharp/TelegramSearchBot/feature/project-restructure-implementation/TelegramSearchBot.Test/TelegramSearchBot.Test.csproj]
/root/WorkSpace/CSharp/TelegramSearchBot/feature/project-restructure-implementation/TelegramSearchBot.Test/Core/Manager/ManagerSimpleTests.cs(137,24): error CS0246: 未能找到类型或命名空间名“LuceneManager”(是否缺少 using 指令或程序集引用?) [/root/WorkSpace/CSharp/TelegramSearchBot/feature/project-restructure-implementation/TelegramSearchBot.Test/TelegramSearchBot.Test.csproj]
/root/WorkSpace/CSharp/TelegramSearchBot/feature/project-restructure-implementation/TelegramSearchBot.Test/Domain/Message/Events/MessageEventsTests.cs(140,41): warning CS8600: 将 null 文本或可能的 null 值转换为不可为 null 类型。 [/root/WorkSpace/CSharp/TelegramSearchBot/feature/project-restructure-implementation/TelegramSearchBot.Test/TelegramSearchBot.Test.csproj]
/root/WorkSpace/CSharp/TelegramSearchBot/feature/project-restructure-implementation/TelegramSearchBot.Test/Domain/Message/Events/MessageEventsTests.cs(144,74): warning CS8604: “MessageContentUpdatedEvent.MessageContentUpdatedEvent(MessageId messageId, MessageContent oldContent, MessageContent newContent)”中的形参“oldContent”可能传入 null 引用实参。 [/root/WorkSpace/CSharp/TelegramSearchBot/feature/project-restructure-implementation/TelegramSearchBot.Test/TelegramSearchBot.Test.csproj]
/root/WorkSpace/CSharp/TelegramSearchBot/feature/project-restructure-implementation/TelegramSearchBot.Test/Domain/Message/ValueObjects/MessageSearchQueriesTests.cs(330,89): error CS1503: 参数 4: 无法从“int”转换为“string” [/root/WorkSpace/CSharp/TelegramSearchBot/feature/project-restructure-implementation/TelegramSearchBot.Test/TelegramSearchBot.Test.csproj]
/root/WorkSpace/CSharp/TelegramSearchBot/feature/project-restructure-implementation/TelegramSearchBot.Test/Domain/Message/ValueObjects/MessageSearchQueriesTests.cs(331,89): error CS1503: 参数 4: 无法从“int”转换为“string” [/root/WorkSpace/CSharp/TelegramSearchBot/feature/project-restructure-implementation/TelegramSearchBot.Test/TelegramSearchBot.Test.csproj]
/root/WorkSpace/CSharp/TelegramSearchBot/feature/project-restructure-implementation/TelegramSearchBot.Test/Core/Manager/ManagerSimpleTests.cs(156,24): error CS0246: 未能找到类型或命名空间名“LuceneManager”(是否缺少 using 指令或程序集引用?) [/root/WorkSpace/CSharp/TelegramSearchBot/feature/project-restructure-implementation/TelegramSearchBot.Test/TelegramSearchBot.Test.csproj]
/root/WorkSpace/CSharp/TelegramSearchBot/feature/project-restructure-implementation/TelegramSearchBot.Test/Core/Manager/ManagerSimpleTests.cs(175,24): error CS0246: 未能找到类型或命名空间名“LuceneManager”(是否缺少 using 指令或程序集引用?) [/root/WorkSpace/CSharp/TelegramSearchBot/feature/project-restructure-implementation/TelegramSearchBot.Test/TelegramSearchBot.Test.csproj]
/root/WorkSpace/CSharp/TelegramSearchBot/feature/project-restructure-implementation/TelegramSearchBot.Test/Domain/Message/Events/MessageEventsTests.cs(157,41): warning CS8600: 将 null 文本或可能的 null 值转换为不可为 null 类型。 [/root/WorkSpace/CSharp/TelegramSearchBot/feature/project-restructure-implementation/TelegramSearchBot.Test/TelegramSearchBot.Test.csproj]
/root/WorkSpace/CSharp/TelegramSearchBot/feature/project-restructure-implementation/TelegramSearchBot.Test/Domain/Message/Events/MessageEventsTests.cs(160,86): warning CS8604: “MessageContentUpdatedEvent.MessageContentUpdatedEvent(MessageId messageId, MessageContent oldContent, MessageContent newContent)”中的形参“newContent”可能传入 null 引用实参。 [/root/WorkSpace/CSharp/TelegramSearchBot/feature/project-restructure-implementation/TelegramSearchBot.Test/TelegramSearchBot.Test.csproj]
/root/WorkSpace/CSharp/TelegramSearchBot/feature/project-restructure-implementation/TelegramSearchBot.Test/Application/Features/Messages/MessageApplicationServiceTests.cs(364,47): error CS0854: 表达式树可能不包含使用可选参数的调用 [/root/WorkSpace/CSharp/TelegramSearchBot/feature/project-restructure-implementation/TelegramSearchBot.Test/TelegramSearchBot.Test.csproj]
/root/WorkSpace/CSharp/TelegramSearchBot/feature/project-restructure-implementation/TelegramSearchBot.Test/Examples/TestToolsExample.cs(229,19): error CS0103: 当前上下文中不存在名称“SimulateLLMRequestAsync” [/root/WorkSpace/CSharp/TelegramSearchBot/feature/project-restructure-implementation/TelegramSearchBot.Test/TelegramSearchBot.Test.csproj]
/root/WorkSpace/CSharp/TelegramSearchBot/feature/project-restructure-implementation/TelegramSearchBot.Test/Examples/TestToolsExample.cs(234,13): error CS0103: 当前上下文中不存在名称“VerifyMockCall” [/root/WorkSpace/CSharp/TelegramSearchBot/feature/project-restructure-implementation/TelegramSearchBot.Test/TelegramSearchBot.Test.csproj]
/root/WorkSpace/CSharp/TelegramSearchBot/feature/project-restructure-implementation/TelegramSearchBot.Test/Domain/Message/MessageEntityRedGreenRefactorTests.cs(74,17): error CS0200: 无法为属性或索引器“Message.MessageId”赋值 - 它是只读的 [/root/WorkSpace/CSharp/TelegramSearchBot/feature/project-restructure-implementation/TelegramSearchBot.Test/TelegramSearchBot.Test.csproj]
/root/WorkSpace/CSharp/TelegramSearchBot/feature/project-restructure-implementation/TelegramSearchBot.Test/Examples/TestToolsExample.cs(259,39): error CS0103: 当前上下文中不存在名称“SimulateSearchRequestAsync” [/root/WorkSpace/CSharp/TelegramSearchBot/feature/project-restructure-implementation/TelegramSearchBot.Test/TelegramSearchBot.Test.csproj]
/root/WorkSpace/CSharp/TelegramSearchBot/feature/project-restructure-implementation/TelegramSearchBot.Test/Domain/Message/MessageProcessingPipelineTests.cs(73,62): warning CS8625: 无法将 null 字面量转换为非 null 的引用类型。 [/root/WorkSpace/CSharp/TelegramSearchBot/feature/project-restructure-implementation/TelegramSearchBot.Test/TelegramSearchBot.Test.csproj]
/root/WorkSpace/CSharp/TelegramSearchBot/feature/project-restructure-implementation/TelegramSearchBot.Test/Controllers/AI/AutoOCRControllerTests.cs(70,24): error CS0144: 无法创建抽象类型或接口“FileBase”的实例 [/root/WorkSpace/CSharp/TelegramSearchBot/feature/project-restructure-implementation/TelegramSearchBot.Test/TelegramSearchBot.Test.csproj]
/root/WorkSpace/CSharp/TelegramSearchBot/feature/project-restructure-implementation/TelegramSearchBot.Test/Controllers/AI/AutoOCRControllerTests.cs(73,17): error CS0117: “FileBase”未包含“FilePath”的定义 [/root/WorkSpace/CSharp/TelegramSearchBot/feature/project-restructure-implementation/TelegramSearchBot.Test/TelegramSearchBot.Test.csproj]
/root/WorkSpace/CSharp/TelegramSearchBot/feature/project-restructure-implementation/TelegramSearchBot.Test/Controllers/AI/AutoOCRControllerTests.cs(78,31): error CS1061: “ITelegramBotClient”未包含“GetFileAsync”的定义，并且找不到可接受第一个“ITelegramBotClient”类型参数的可访问扩展方法“GetFileAsync”(是否缺少 using 指令或程序集引用?) [/root/WorkSpace/CSharp/TelegramSearchBot/feature/project-restructure-implementation/TelegramSearchBot.Test/TelegramSearchBot.Test.csproj]
/root/WorkSpace/CSharp/TelegramSearchBot/feature/project-restructure-implementation/TelegramSearchBot.Test/Controllers/AI/AutoOCRControllerTests.cs(83,31): error CS1061: “IGeneralLLMService”未包含“GetOCRAsync”的定义，并且找不到可接受第一个“IGeneralLLMService”类型参数的可访问扩展方法“GetOCRAsync”(是否缺少 using 指令或程序集引用?) [/root/WorkSpace/CSharp/TelegramSearchBot/feature/project-restructure-implementation/TelegramSearchBot.Test/TelegramSearchBot.Test.csproj]
/root/WorkSpace/CSharp/TelegramSearchBot/feature/project-restructure-implementation/TelegramSearchBot.Test/Controllers/AI/AutoOCRControllerTests.cs(96,24): error CS1061: “ITelegramBotClient”未包含“GetFileAsync”的定义，并且找不到可接受第一个“ITelegramBotClient”类型参数的可访问扩展方法“GetFileAsync”(是否缺少 using 指令或程序集引用?) [/root/WorkSpace/CSharp/TelegramSearchBot/feature/project-restructure-implementation/TelegramSearchBot.Test/TelegramSearchBot.Test.csproj]
/root/WorkSpace/CSharp/TelegramSearchBot/feature/project-restructure-implementation/TelegramSearchBot.Test/Controllers/AI/AutoOCRControllerTests.cs(100,24): error CS1061: “IGeneralLLMService”未包含“GetOCRAsync”的定义，并且找不到可接受第一个“IGeneralLLMService”类型参数的可访问扩展方法“GetOCRAsync”(是否缺少 using 指令或程序集引用?) [/root/WorkSpace/CSharp/TelegramSearchBot/feature/project-restructure-implementation/TelegramSearchBot.Test/TelegramSearchBot.Test.csproj]
/root/WorkSpace/CSharp/TelegramSearchBot/feature/project-restructure-implementation/TelegramSearchBot.Test/Core/Service/ServiceBasicTests.cs(359,24): warning CS0618: “ChatContextProvider”已过时:“ChatContextProvider is deprecated. Use ToolContext instead for passing ChatId to tools.” [/root/WorkSpace/CSharp/TelegramSearchBot/feature/project-restructure-implementation/TelegramSearchBot.Test/TelegramSearchBot.Test.csproj]
/root/WorkSpace/CSharp/TelegramSearchBot/feature/project-restructure-implementation/TelegramSearchBot.Test/Controllers/ControllerTestBase.cs(186,25): error CS0200: 无法为属性或索引器“Message.MessageId”赋值 - 它是只读的 [/root/WorkSpace/CSharp/TelegramSearchBot/feature/project-restructure-implementation/TelegramSearchBot.Test/TelegramSearchBot.Test.csproj]
/root/WorkSpace/CSharp/TelegramSearchBot/feature/project-restructure-implementation/TelegramSearchBot.Test/Examples/TestToolsExample.cs(280,17): error CS0103: 当前上下文中不存在名称“SimulateLLMRequestAsync” [/root/WorkSpace/CSharp/TelegramSearchBot/feature/project-restructure-implementation/TelegramSearchBot.Test/TelegramSearchBot.Test.csproj]
/root/WorkSpace/CSharp/TelegramSearchBot/feature/project-restructure-implementation/TelegramSearchBot.Test/Domain/Message/MessageProcessingPipelineTests.cs(82,90): warning CS8625: 无法将 null 字面量转换为非 null 的引用类型。 [/root/WorkSpace/CSharp/TelegramSearchBot/feature/project-restructure-implementation/TelegramSearchBot.Test/TelegramSearchBot.Test.csproj]
/root/WorkSpace/CSharp/TelegramSearchBot/feature/project-restructure-implementation/TelegramSearchBot.Test/Core/Architecture/CoreArchitectureTests.cs(142,27): warning CS1998: 此异步方法缺少 "await" 运算符，将以同步方式运行。请考虑使用 "await" 运算符等待非阻止的 API 调用，或者使用 "await Task.Run(...)" 在后台线程上执行占用大量 CPU 的工作。 [/root/WorkSpace/CSharp/TelegramSearchBot/feature/project-restructure-implementation/TelegramSearchBot.Test/TelegramSearchBot.Test.csproj]
/root/WorkSpace/CSharp/TelegramSearchBot/feature/project-restructure-implementation/TelegramSearchBot.Test/Domain/Message/Events/MessageEventHandlerTests.cs(364,51): warning CS8602: 解引用可能出现空引用。 [/root/WorkSpace/CSharp/TelegramSearchBot/feature/project-restructure-implementation/TelegramSearchBot.Test/TelegramSearchBot.Test.csproj]
/root/WorkSpace/CSharp/TelegramSearchBot/feature/project-restructure-implementation/TelegramSearchBot.Test/Domain/Message/Events/MessageEventHandlerTests.cs(366,21): warning CS8620: 由于引用类型的可为 null 性差异，Func<It.IsAnyType, Exception, string> 类型的实参不能用于 void ILogger.Log<IsAnyType>(LogLevel logLevel, EventId eventId, IsAnyType state, Exception? exception, Func<IsAnyType, Exception?, string> formatter) 中 Func<It.IsAnyType, Exception?, string> 类型的形参 formatter。 [/root/WorkSpace/CSharp/TelegramSearchBot/feature/project-restructure-implementation/TelegramSearchBot.Test/TelegramSearchBot.Test.csproj]
/root/WorkSpace/CSharp/TelegramSearchBot/feature/project-restructure-implementation/TelegramSearchBot.Test/Core/Architecture/CoreArchitectureTests.cs(160,27): warning CS1998: 此异步方法缺少 "await" 运算符，将以同步方式运行。请考虑使用 "await" 运算符等待非阻止的 API 调用，或者使用 "await Task.Run(...)" 在后台线程上执行占用大量 CPU 的工作。 [/root/WorkSpace/CSharp/TelegramSearchBot/feature/project-restructure-implementation/TelegramSearchBot.Test/TelegramSearchBot.Test.csproj]
/root/WorkSpace/CSharp/TelegramSearchBot/feature/project-restructure-implementation/TelegramSearchBot.Test/Controller/AI/LLM/AltPhotoControllerTests.cs(206,63): error CS0433: 类型“CannotGetPhotoException”同时存在于“TelegramSearchBot.Common, Version=1.0.0.0, Culture=neutral, PublicKeyToken=null”和“TelegramSearchBot, Version=1.0.0.0, Culture=neutral, PublicKeyToken=null”中 [/root/WorkSpace/CSharp/TelegramSearchBot/feature/project-restructure-implementation/TelegramSearchBot.Test/TelegramSearchBot.Test.csproj]
/root/WorkSpace/CSharp/TelegramSearchBot/feature/project-restructure-implementation/TelegramSearchBot.Test/Helpers/TestDataFactory.cs(275,17): error CS0200: 无法为属性或索引器“Message.MessageId”赋值 - 它是只读的 [/root/WorkSpace/CSharp/TelegramSearchBot/feature/project-restructure-implementation/TelegramSearchBot.Test/TelegramSearchBot.Test.csproj]
/root/WorkSpace/CSharp/TelegramSearchBot/feature/project-restructure-implementation/TelegramSearchBot.Test/Helpers/TestDataFactory.cs(291,17): error CS0200: 无法为属性或索引器“Message.MessageId”赋值 - 它是只读的 [/root/WorkSpace/CSharp/TelegramSearchBot/feature/project-restructure-implementation/TelegramSearchBot.Test/TelegramSearchBot.Test.csproj]
/root/WorkSpace/CSharp/TelegramSearchBot/feature/project-restructure-implementation/TelegramSearchBot.Test/Application/Features/Messages/MessageApplicationServiceTests.cs(397,53): error CS0854: 表达式树可能不包含使用可选参数的调用 [/root/WorkSpace/CSharp/TelegramSearchBot/feature/project-restructure-implementation/TelegramSearchBot.Test/TelegramSearchBot.Test.csproj]
/root/WorkSpace/CSharp/TelegramSearchBot/feature/project-restructure-implementation/TelegramSearchBot.Test/Infrastructure/Search/Repositories/MessageSearchRepositoryTests.cs(205,66): error CS1503: 参数 3: 无法从“int”转换为“string” [/root/WorkSpace/CSharp/TelegramSearchBot/feature/project-restructure-implementation/TelegramSearchBot.Test/TelegramSearchBot.Test.csproj]
/root/WorkSpace/CSharp/TelegramSearchBot/feature/project-restructure-implementation/TelegramSearchBot.Test/Infrastructure/Search/Repositories/MessageSearchRepositoryTests.cs(206,42): error CS0246: 未能找到类型或命名空间名“SearchResult”(是否缺少 using 指令或程序集引用?) [/root/WorkSpace/CSharp/TelegramSearchBot/feature/project-restructure-implementation/TelegramSearchBot.Test/TelegramSearchBot.Test.csproj]
/root/WorkSpace/CSharp/TelegramSearchBot/feature/project-restructure-implementation/TelegramSearchBot.Test/Infrastructure/Search/Repositories/MessageSearchRepositoryTests.cs(208,21): error CS0246: 未能找到类型或命名空间名“SearchResult”(是否缺少 using 指令或程序集引用?) [/root/WorkSpace/CSharp/TelegramSearchBot/feature/project-restructure-implementation/TelegramSearchBot.Test/TelegramSearchBot.Test.csproj]
/root/WorkSpace/CSharp/TelegramSearchBot/feature/project-restructure-implementation/TelegramSearchBot.Test/Infrastructure/Search/Repositories/MessageSearchRepositoryTests.cs(209,21): error CS0246: 未能找到类型或命名空间名“SearchResult”(是否缺少 using 指令或程序集引用?) [/root/WorkSpace/CSharp/TelegramSearchBot/feature/project-restructure-implementation/TelegramSearchBot.Test/TelegramSearchBot.Test.csproj]
/root/WorkSpace/CSharp/TelegramSearchBot/feature/project-restructure-implementation/TelegramSearchBot.Test/Infrastructure/Search/Repositories/MessageSearchRepositoryTests.cs(212,52): error CS1503: 参数 1: 无法从“long”转换为“string” [/root/WorkSpace/CSharp/TelegramSearchBot/feature/project-restructure-implementation/TelegramSearchBot.Test/TelegramSearchBot.Test.csproj]
/root/WorkSpace/CSharp/TelegramSearchBot/feature/project-restructure-implementation/TelegramSearchBot.Test/Infrastructure/Search/Repositories/MessageSearchRepositoryTests.cs(212,67): error CS1503: 参数 2: 无法从“string”转换为“long” [/root/WorkSpace/CSharp/TelegramSearchBot/feature/project-restructure-implementation/TelegramSearchBot.Test/TelegramSearchBot.Test.csproj]
/root/WorkSpace/CSharp/TelegramSearchBot/feature/project-restructure-implementation/TelegramSearchBot.Test/Controllers/AI/AutoOCRControllerTests.cs(121,24): error CS1061: “ITelegramBotClient”未包含“GetFileAsync”的定义，并且找不到可接受第一个“ITelegramBotClient”类型参数的可访问扩展方法“GetFileAsync”(是否缺少 using 指令或程序集引用?) [/root/WorkSpace/CSharp/TelegramSearchBot/feature/project-restructure-implementation/TelegramSearchBot.Test/TelegramSearchBot.Test.csproj]
/root/WorkSpace/CSharp/TelegramSearchBot/feature/project-restructure-implementation/TelegramSearchBot.Test/Controllers/AI/AutoOCRControllerTests.cs(125,24): error CS1061: “IGeneralLLMService”未包含“GetOCRAsync”的定义，并且找不到可接受第一个“IGeneralLLMService”类型参数的可访问扩展方法“GetOCRAsync”(是否缺少 using 指令或程序集引用?) [/root/WorkSpace/CSharp/TelegramSearchBot/feature/project-restructure-implementation/TelegramSearchBot.Test/TelegramSearchBot.Test.csproj]
/root/WorkSpace/CSharp/TelegramSearchBot/feature/project-restructure-implementation/TelegramSearchBot.Test/Controllers/AI/AutoOCRControllerTests.cs(136,24): error CS0144: 无法创建抽象类型或接口“FileBase”的实例 [/root/WorkSpace/CSharp/TelegramSearchBot/feature/project-restructure-implementation/TelegramSearchBot.Test/TelegramSearchBot.Test.csproj]
/root/WorkSpace/CSharp/TelegramSearchBot/feature/project-restructure-implementation/TelegramSearchBot.Test/Controllers/AI/AutoOCRControllerTests.cs(138,31): error CS1061: “ITelegramBotClient”未包含“GetFileAsync”的定义，并且找不到可接受第一个“ITelegramBotClient”类型参数的可访问扩展方法“GetFileAsync”(是否缺少 using 指令或程序集引用?) [/root/WorkSpace/CSharp/TelegramSearchBot/feature/project-restructure-implementation/TelegramSearchBot.Test/TelegramSearchBot.Test.csproj]
/root/WorkSpace/CSharp/TelegramSearchBot/feature/project-restructure-implementation/TelegramSearchBot.Test/Controllers/AI/AutoOCRControllerTests.cs(142,31): error CS1061: “IGeneralLLMService”未包含“GetOCRAsync”的定义，并且找不到可接受第一个“IGeneralLLMService”类型参数的可访问扩展方法“GetOCRAsync”(是否缺少 using 指令或程序集引用?) [/root/WorkSpace/CSharp/TelegramSearchBot/feature/project-restructure-implementation/TelegramSearchBot.Test/TelegramSearchBot.Test.csproj]
/root/WorkSpace/CSharp/TelegramSearchBot/feature/project-restructure-implementation/TelegramSearchBot.Test/Controllers/AI/AutoOCRControllerTests.cs(156,21): warning CS8620: 由于引用类型的可为 null 性差异，Func<It.IsAnyType, Exception, string> 类型的实参不能用于 void ILogger.Log<IsAnyType>(LogLevel logLevel, EventId eventId, IsAnyType state, Exception? exception, Func<IsAnyType, Exception?, string> formatter) 中 Func<It.IsAnyType, Exception?, string> 类型的形参 formatter。 [/root/WorkSpace/CSharp/TelegramSearchBot/feature/project-restructure-implementation/TelegramSearchBot.Test/TelegramSearchBot.Test.csproj]
/root/WorkSpace/CSharp/TelegramSearchBot/feature/project-restructure-implementation/TelegramSearchBot.Test/Controller/AI/LLM/AltPhotoControllerTests.cs(240,30): warning CS8602: 解引用可能出现空引用。 [/root/WorkSpace/CSharp/TelegramSearchBot/feature/project-restructure-implementation/TelegramSearchBot.Test/TelegramSearchBot.Test.csproj]
/root/WorkSpace/CSharp/TelegramSearchBot/feature/project-restructure-implementation/TelegramSearchBot.Test/Infrastructure/Search/Repositories/MessageSearchRepositoryTests.cs(227,66): error CS1503: 参数 3: 无法从“int”转换为“string” [/root/WorkSpace/CSharp/TelegramSearchBot/feature/project-restructure-implementation/TelegramSearchBot.Test/TelegramSearchBot.Test.csproj]
/root/WorkSpace/CSharp/TelegramSearchBot/feature/project-restructure-implementation/TelegramSearchBot.Test/Infrastructure/Search/Repositories/MessageSearchRepositoryTests.cs(228,42): error CS0246: 未能找到类型或命名空间名“SearchResult”(是否缺少 using 指令或程序集引用?) [/root/WorkSpace/CSharp/TelegramSearchBot/feature/project-restructure-implementation/TelegramSearchBot.Test/TelegramSearchBot.Test.csproj]
/root/WorkSpace/CSharp/TelegramSearchBot/feature/project-restructure-implementation/TelegramSearchBot.Test/Infrastructure/Search/Repositories/MessageSearchRepositoryTests.cs(230,52): error CS1503: 参数 1: 无法从“long”转换为“string” [/root/WorkSpace/CSharp/TelegramSearchBot/feature/project-restructure-implementation/TelegramSearchBot.Test/TelegramSearchBot.Test.csproj]
/root/WorkSpace/CSharp/TelegramSearchBot/feature/project-restructure-implementation/TelegramSearchBot.Test/Infrastructure/Search/Repositories/MessageSearchRepositoryTests.cs(230,67): error CS1503: 参数 2: 无法从“string”转换为“long” [/root/WorkSpace/CSharp/TelegramSearchBot/feature/project-restructure-implementation/TelegramSearchBot.Test/TelegramSearchBot.Test.csproj]
/root/WorkSpace/CSharp/TelegramSearchBot/feature/project-restructure-implementation/TelegramSearchBot.Test/Domain/Message/Events/MessageEventHandlerTests.cs(391,51): warning CS8602: 解引用可能出现空引用。 [/root/WorkSpace/CSharp/TelegramSearchBot/feature/project-restructure-implementation/TelegramSearchBot.Test/TelegramSearchBot.Test.csproj]
/root/WorkSpace/CSharp/TelegramSearchBot/feature/project-restructure-implementation/TelegramSearchBot.Test/Domain/Message/Events/MessageEventHandlerTests.cs(393,21): warning CS8620: 由于引用类型的可为 null 性差异，Func<It.IsAnyType, Exception, string> 类型的实参不能用于 void ILogger.Log<IsAnyType>(LogLevel logLevel, EventId eventId, IsAnyType state, Exception? exception, Func<IsAnyType, Exception?, string> formatter) 中 Func<It.IsAnyType, Exception?, string> 类型的形参 formatter。 [/root/WorkSpace/CSharp/TelegramSearchBot/feature/project-restructure-implementation/TelegramSearchBot.Test/TelegramSearchBot.Test.csproj]
/root/WorkSpace/CSharp/TelegramSearchBot/feature/project-restructure-implementation/TelegramSearchBot.Test/Domain/Message/MessageRepositoryTests.cs(29,31): error CS1729: “MessageRepository”不包含采用 2 个参数的构造函数 [/root/WorkSpace/CSharp/TelegramSearchBot/feature/project-restructure-implementation/TelegramSearchBot.Test/TelegramSearchBot.Test.csproj]
/root/WorkSpace/CSharp/TelegramSearchBot/feature/project-restructure-implementation/TelegramSearchBot.Test/Integration/SimpleCoreIntegrationTests.cs(50,32): error CS0246: 未能找到类型或命名空间名“IMessageRepository”(是否缺少 using 指令或程序集引用?) [/root/WorkSpace/CSharp/TelegramSearchBot/feature/project-restructure-implementation/TelegramSearchBot.Test/TelegramSearchBot.Test.csproj]
/root/WorkSpace/CSharp/TelegramSearchBot/feature/project-restructure-implementation/TelegramSearchBot.Test/Integration/SimpleCoreIntegrationTests.cs(50,22): error CS0311: 类型“TelegramSearchBot.Domain.Message.MessageRepository”不能用作泛型类型或方法“ServiceCollectionServiceExtensions.AddScoped<TService, TImplementation>(IServiceCollection)”中的类型参数“TImplementation”。没有从“TelegramSearchBot.Domain.Message.MessageRepository”到“IMessageRepository”的隐式引用转换。 [/root/WorkSpace/CSharp/TelegramSearchBot/feature/project-restructure-implementation/TelegramSearchBot.Test/TelegramSearchBot.Test.csproj]
/root/WorkSpace/CSharp/TelegramSearchBot/feature/project-restructure-implementation/TelegramSearchBot.Test/Integration/SimpleCoreIntegrationTests.cs(69,66): error CS0246: 未能找到类型或命名空间名“IMessageRepository”(是否缺少 using 指令或程序集引用?) [/root/WorkSpace/CSharp/TelegramSearchBot/feature/project-restructure-implementation/TelegramSearchBot.Test/TelegramSearchBot.Test.csproj]
/root/WorkSpace/CSharp/TelegramSearchBot/feature/project-restructure-implementation/TelegramSearchBot.Test/Domain/Message/Events/MessageEventHandlerTests.cs(418,51): warning CS8602: 解引用可能出现空引用。 [/root/WorkSpace/CSharp/TelegramSearchBot/feature/project-restructure-implementation/TelegramSearchBot.Test/TelegramSearchBot.Test.csproj]
/root/WorkSpace/CSharp/TelegramSearchBot/feature/project-restructure-implementation/TelegramSearchBot.Test/Domain/Message/Events/MessageEventHandlerTests.cs(420,21): warning CS8620: 由于引用类型的可为 null 性差异，Func<It.IsAnyType, Exception, string> 类型的实参不能用于 void ILogger.Log<IsAnyType>(LogLevel logLevel, EventId eventId, IsAnyType state, Exception? exception, Func<IsAnyType, Exception?, string> formatter) 中 Func<It.IsAnyType, Exception?, string> 类型的形参 formatter。 [/root/WorkSpace/CSharp/TelegramSearchBot/feature/project-restructure-implementation/TelegramSearchBot.Test/TelegramSearchBot.Test.csproj]
/root/WorkSpace/CSharp/TelegramSearchBot/feature/project-restructure-implementation/TelegramSearchBot.Test/Domain/Message/MessageRepositoryTests.cs(50,43): error CS1061: “IMessageRepository”未包含“GetMessagesByGroupIdAsync”的定义，并且找不到可接受第一个“IMessageRepository”类型参数的可访问扩展方法“GetMessagesByGroupIdAsync”(是否缺少 using 指令或程序集引用?) [/root/WorkSpace/CSharp/TelegramSearchBot/feature/project-restructure-implementation/TelegramSearchBot.Test/TelegramSearchBot.Test.csproj]
/root/WorkSpace/CSharp/TelegramSearchBot/feature/project-restructure-implementation/TelegramSearchBot.Test/Domain/Message/MessageProcessingPipelineTests.cs(120,51): warning CS8602: 解引用可能出现空引用。 [/root/WorkSpace/CSharp/TelegramSearchBot/feature/project-restructure-implementation/TelegramSearchBot.Test/TelegramSearchBot.Test.csproj]
/root/WorkSpace/CSharp/TelegramSearchBot/feature/project-restructure-implementation/TelegramSearchBot.Test/Domain/Message/MessageProcessingPipelineTests.cs(122,21): warning CS8620: 由于引用类型的可为 null 性差异，Func<It.IsAnyType, Exception, string> 类型的实参不能用于 void ILogger.Log<IsAnyType>(LogLevel logLevel, EventId eventId, IsAnyType state, Exception? exception, Func<IsAnyType, Exception?, string> formatter) 中 Func<It.IsAnyType, Exception?, string> 类型的形参 formatter。 [/root/WorkSpace/CSharp/TelegramSearchBot/feature/project-restructure-implementation/TelegramSearchBot.Test/TelegramSearchBot.Test.csproj]
/root/WorkSpace/CSharp/TelegramSearchBot/feature/project-restructure-implementation/TelegramSearchBot.Test/Domain/Message/MessageProcessingPipelineTests.cs(129,51): warning CS8602: 解引用可能出现空引用。 [/root/WorkSpace/CSharp/TelegramSearchBot/feature/project-restructure-implementation/TelegramSearchBot.Test/TelegramSearchBot.Test.csproj]
/root/WorkSpace/CSharp/TelegramSearchBot/feature/project-restructure-implementation/TelegramSearchBot.Test/Domain/Message/MessageProcessingPipelineTests.cs(131,21): warning CS8620: 由于引用类型的可为 null 性差异，Func<It.IsAnyType, Exception, string> 类型的实参不能用于 void ILogger.Log<IsAnyType>(LogLevel logLevel, EventId eventId, IsAnyType state, Exception? exception, Func<IsAnyType, Exception?, string> formatter) 中 Func<It.IsAnyType, Exception?, string> 类型的形参 formatter。 [/root/WorkSpace/CSharp/TelegramSearchBot/feature/project-restructure-implementation/TelegramSearchBot.Test/TelegramSearchBot.Test.csproj]
/root/WorkSpace/CSharp/TelegramSearchBot/feature/project-restructure-implementation/TelegramSearchBot.Test/Domain/Message/MessageRepositoryTests.cs(73,43): error CS1061: “IMessageRepository”未包含“GetMessagesByGroupIdAsync”的定义，并且找不到可接受第一个“IMessageRepository”类型参数的可访问扩展方法“GetMessagesByGroupIdAsync”(是否缺少 using 指令或程序集引用?) [/root/WorkSpace/CSharp/TelegramSearchBot/feature/project-restructure-implementation/TelegramSearchBot.Test/TelegramSearchBot.Test.csproj]
/root/WorkSpace/CSharp/TelegramSearchBot/feature/project-restructure-implementation/TelegramSearchBot.Test/Infrastructure/Search/Repositories/MessageSearchRepositoryTests.cs(250,85): error CS1503: 参数 4: 无法从“int”转换为“string” [/root/WorkSpace/CSharp/TelegramSearchBot/feature/project-restructure-implementation/TelegramSearchBot.Test/TelegramSearchBot.Test.csproj]
/root/WorkSpace/CSharp/TelegramSearchBot/feature/project-restructure-implementation/TelegramSearchBot.Test/Infrastructure/Search/Repositories/MessageSearchRepositoryTests.cs(253,42): error CS0246: 未能找到类型或命名空间名“SearchResult”(是否缺少 using 指令或程序集引用?) [/root/WorkSpace/CSharp/TelegramSearchBot/feature/project-restructure-implementation/TelegramSearchBot.Test/TelegramSearchBot.Test.csproj]
/root/WorkSpace/CSharp/TelegramSearchBot/feature/project-restructure-implementation/TelegramSearchBot.Test/Infrastructure/Search/Repositories/MessageSearchRepositoryTests.cs(255,21): error CS0246: 未能找到类型或命名空间名“SearchResult”(是否缺少 using 指令或程序集引用?) [/root/WorkSpace/CSharp/TelegramSearchBot/feature/project-restructure-implementation/TelegramSearchBot.Test/TelegramSearchBot.Test.csproj]
/root/WorkSpace/CSharp/TelegramSearchBot/feature/project-restructure-implementation/TelegramSearchBot.Test/Infrastructure/Search/Repositories/MessageSearchRepositoryTests.cs(258,52): error CS1503: 参数 1: 无法从“long”转换为“string” [/root/WorkSpace/CSharp/TelegramSearchBot/feature/project-restructure-implementation/TelegramSearchBot.Test/TelegramSearchBot.Test.csproj]
/root/WorkSpace/CSharp/TelegramSearchBot/feature/project-restructure-implementation/TelegramSearchBot.Test/Infrastructure/Search/Repositories/MessageSearchRepositoryTests.cs(258,67): error CS1503: 参数 2: 无法从“string”转换为“long” [/root/WorkSpace/CSharp/TelegramSearchBot/feature/project-restructure-implementation/TelegramSearchBot.Test/TelegramSearchBot.Test.csproj]
/root/WorkSpace/CSharp/TelegramSearchBot/feature/project-restructure-implementation/TelegramSearchBot.Test/Core/Controller/ControllerTestBase.cs(216,51): warning CS8602: 解引用可能出现空引用。 [/root/WorkSpace/CSharp/TelegramSearchBot/feature/project-restructure-implementation/TelegramSearchBot.Test/TelegramSearchBot.Test.csproj]
/root/WorkSpace/CSharp/TelegramSearchBot/feature/project-restructure-implementation/TelegramSearchBot.Test/Core/Controller/ControllerTestBase.cs(218,21): warning CS8620: 由于引用类型的可为 null 性差异，Func<It.IsAnyType, Exception, string> 类型的实参不能用于 void ILogger.Log<IsAnyType>(LogLevel logLevel, EventId eventId, IsAnyType state, Exception? exception, Func<IsAnyType, Exception?, string> formatter) 中 Func<It.IsAnyType, Exception?, string> 类型的形参 formatter。 [/root/WorkSpace/CSharp/TelegramSearchBot/feature/project-restructure-implementation/TelegramSearchBot.Test/TelegramSearchBot.Test.csproj]
/root/WorkSpace/CSharp/TelegramSearchBot/feature/project-restructure-implementation/TelegramSearchBot.Test/Domain/Message/MessageRepositoryTests.cs(88,28): error CS1061: “IMessageRepository”未包含“GetMessagesByGroupIdAsync”的定义，并且找不到可接受第一个“IMessageRepository”类型参数的可访问扩展方法“GetMessagesByGroupIdAsync”(是否缺少 using 指令或程序集引用?) [/root/WorkSpace/CSharp/TelegramSearchBot/feature/project-restructure-implementation/TelegramSearchBot.Test/TelegramSearchBot.Test.csproj]
/root/WorkSpace/CSharp/TelegramSearchBot/feature/project-restructure-implementation/TelegramSearchBot.Test/Examples/TestToolsExample.cs(308,23): error CS0103: 当前上下文中不存在名称“SimulateBotMessageReceivedAsync” [/root/WorkSpace/CSharp/TelegramSearchBot/feature/project-restructure-implementation/TelegramSearchBot.Test/TelegramSearchBot.Test.csproj]
/root/WorkSpace/CSharp/TelegramSearchBot/feature/project-restructure-implementation/TelegramSearchBot.Test/Domain/Message/MessageServiceTests.cs(46,24): error CS1729: “MessageService”不包含采用 5 个参数的构造函数 [/root/WorkSpace/CSharp/TelegramSearchBot/feature/project-restructure-implementation/TelegramSearchBot.Test/TelegramSearchBot.Test.csproj]
/root/WorkSpace/CSharp/TelegramSearchBot/feature/project-restructure-implementation/TelegramSearchBot.Test/Domain/Message/ValueObjects/MessageMetadataTests.cs(259,29): warning CS8625: 无法将 null 字面量转换为非 null 的引用类型。 [/root/WorkSpace/CSharp/TelegramSearchBot/feature/project-restructure-implementation/TelegramSearchBot.Test/TelegramSearchBot.Test.csproj]
/root/WorkSpace/CSharp/TelegramSearchBot/feature/project-restructure-implementation/TelegramSearchBot.Test/Domain/Message/Integration/MessageProcessingIntegrationTests.cs(180,69): error CS0103: 当前上下文中不存在名称“CreateMockDbSet” [/root/WorkSpace/CSharp/TelegramSearchBot/feature/project-restructure-implementation/TelegramSearchBot.Test/TelegramSearchBot.Test.csproj]
/root/WorkSpace/CSharp/TelegramSearchBot/feature/project-restructure-implementation/TelegramSearchBot.Test/Domain/Message/Integration/MessageProcessingIntegrationTests.cs(181,63): error CS0103: 当前上下文中不存在名称“CreateMockDbSet” [/root/WorkSpace/CSharp/TelegramSearchBot/feature/project-restructure-implementation/TelegramSearchBot.Test/TelegramSearchBot.Test.csproj]
/root/WorkSpace/CSharp/TelegramSearchBot/feature/project-restructure-implementation/TelegramSearchBot.Test/Domain/Message/Integration/MessageProcessingIntegrationTests.cs(182,64): error CS0103: 当前上下文中不存在名称“CreateMockDbSet” [/root/WorkSpace/CSharp/TelegramSearchBot/feature/project-restructure-implementation/TelegramSearchBot.Test/TelegramSearchBot.Test.csproj]
/root/WorkSpace/CSharp/TelegramSearchBot/feature/project-restructure-implementation/TelegramSearchBot.Test/Domain/Message/Integration/MessageProcessingIntegrationTests.cs(183,63): error CS0103: 当前上下文中不存在名称“CreateMockDbSet” [/root/WorkSpace/CSharp/TelegramSearchBot/feature/project-restructure-implementation/TelegramSearchBot.Test/TelegramSearchBot.Test.csproj]
/root/WorkSpace/CSharp/TelegramSearchBot/feature/project-restructure-implementation/TelegramSearchBot.Test/Domain/Message/Events/MessageEventsTests.cs(220,35): warning CS8600: 将 null 文本或可能的 null 值转换为不可为 null 类型。 [/root/WorkSpace/CSharp/TelegramSearchBot/feature/project-restructure-implementation/TelegramSearchBot.Test/TelegramSearchBot.Test.csproj]
/root/WorkSpace/CSharp/TelegramSearchBot/feature/project-restructure-implementation/TelegramSearchBot.Test/Domain/Message/Events/MessageEventsTests.cs(228,17): warning CS8604: “MessageReplyUpdatedEvent.MessageReplyUpdatedEvent(MessageId messageId, long oldReplyToUserId, long oldReplyToMessageId, long newReplyToUserId, long newReplyToMessageId)”中的形参“messageId”可能传入 null 引用实参。 [/root/WorkSpace/CSharp/TelegramSearchBot/feature/project-restructure-implementation/TelegramSearchBot.Test/TelegramSearchBot.Test.csproj]
/root/WorkSpace/CSharp/TelegramSearchBot/feature/project-restructure-implementation/TelegramSearchBot.Test/Controllers/AI/AutoOCRControllerTests.cs(167,29): error CS0144: 无法创建抽象类型或接口“FileBase”的实例 [/root/WorkSpace/CSharp/TelegramSearchBot/feature/project-restructure-implementation/TelegramSearchBot.Test/TelegramSearchBot.Test.csproj]
/root/WorkSpace/CSharp/TelegramSearchBot/feature/project-restructure-implementation/TelegramSearchBot.Test/Controllers/AI/AutoOCRControllerTests.cs(174,31): error CS1061: “ITelegramBotClient”未包含“GetFileAsync”的定义，并且找不到可接受第一个“ITelegramBotClient”类型参数的可访问扩展方法“GetFileAsync”(是否缺少 using 指令或程序集引用?) [/root/WorkSpace/CSharp/TelegramSearchBot/feature/project-restructure-implementation/TelegramSearchBot.Test/TelegramSearchBot.Test.csproj]
/root/WorkSpace/CSharp/TelegramSearchBot/feature/project-restructure-implementation/TelegramSearchBot.Test/Controllers/AI/AutoOCRControllerTests.cs(178,31): error CS1061: “IGeneralLLMService”未包含“GetOCRAsync”的定义，并且找不到可接受第一个“IGeneralLLMService”类型参数的可访问扩展方法“GetOCRAsync”(是否缺少 using 指令或程序集引用?) [/root/WorkSpace/CSharp/TelegramSearchBot/feature/project-restructure-implementation/TelegramSearchBot.Test/TelegramSearchBot.Test.csproj]
/root/WorkSpace/CSharp/TelegramSearchBot/feature/project-restructure-implementation/TelegramSearchBot.Test/Controllers/AI/AutoOCRControllerTests.cs(190,24): error CS1061: “IGeneralLLMService”未包含“GetOCRAsync”的定义，并且找不到可接受第一个“IGeneralLLMService”类型参数的可访问扩展方法“GetOCRAsync”(是否缺少 using 指令或程序集引用?) [/root/WorkSpace/CSharp/TelegramSearchBot/feature/project-restructure-implementation/TelegramSearchBot.Test/TelegramSearchBot.Test.csproj]
/root/WorkSpace/CSharp/TelegramSearchBot/feature/project-restructure-implementation/TelegramSearchBot.Test/Controllers/Bilibili/BiliMessageControllerTests.cs(158,21): error CS7036: 未提供与“BiliMessageController.BiliMessageController(ITelegramBotClient, IBiliApiService, BiliVideoProcessingService, BiliOpusProcessingService, VideoView, GenericView, ILogger<BiliMessageController>, ILogger<VideoView>)”的所需参数“genericView”对应的参数 [/root/WorkSpace/CSharp/TelegramSearchBot/feature/project-restructure-implementation/TelegramSearchBot.Test/TelegramSearchBot.Test.csproj]
/root/WorkSpace/CSharp/TelegramSearchBot/feature/project-restructure-implementation/TelegramSearchBot.Test/Controllers/Bilibili/BiliMessageControllerTests.cs(162,21): error CS7036: 未提供与“BiliMessageController.BiliMessageController(ITelegramBotClient, IBiliApiService, BiliVideoProcessingService, BiliOpusProcessingService, VideoView, GenericView, ILogger<BiliMessageController>, ILogger<VideoView>)”的所需参数“genericView”对应的参数 [/root/WorkSpace/CSharp/TelegramSearchBot/feature/project-restructure-implementation/TelegramSearchBot.Test/TelegramSearchBot.Test.csproj]
/root/WorkSpace/CSharp/TelegramSearchBot/feature/project-restructure-implementation/TelegramSearchBot.Test/Domain/Message/MessageEntityTests.cs(87,26): warning CS8602: 解引用可能出现空引用。 [/root/WorkSpace/CSharp/TelegramSearchBot/feature/project-restructure-implementation/TelegramSearchBot.Test/TelegramSearchBot.Test.csproj]
/root/WorkSpace/CSharp/TelegramSearchBot/feature/project-restructure-implementation/TelegramSearchBot.Test/Controller/AI/OCR/AutoOCRControllerTests.cs(338,31): warning CS8602: 解引用可能出现空引用。 [/root/WorkSpace/CSharp/TelegramSearchBot/feature/project-restructure-implementation/TelegramSearchBot.Test/TelegramSearchBot.Test.csproj]
/root/WorkSpace/CSharp/TelegramSearchBot/feature/project-restructure-implementation/TelegramSearchBot.Test/Infrastructure/Search/Repositories/MessageSearchRepositoryTests.cs(275,85): error CS1503: 参数 4: 无法从“int”转换为“string” [/root/WorkSpace/CSharp/TelegramSearchBot/feature/project-restructure-implementation/TelegramSearchBot.Test/TelegramSearchBot.Test.csproj]
/root/WorkSpace/CSharp/TelegramSearchBot/feature/project-restructure-implementation/TelegramSearchBot.Test/Infrastructure/Search/Repositories/MessageSearchRepositoryTests.cs(278,42): error CS0246: 未能找到类型或命名空间名“SearchResult”(是否缺少 using 指令或程序集引用?) [/root/WorkSpace/CSharp/TelegramSearchBot/feature/project-restructure-implementation/TelegramSearchBot.Test/TelegramSearchBot.Test.csproj]
/root/WorkSpace/CSharp/TelegramSearchBot/feature/project-restructure-implementation/TelegramSearchBot.Test/Infrastructure/Search/Repositories/MessageSearchRepositoryTests.cs(280,52): error CS1503: 参数 1: 无法从“long”转换为“string” [/root/WorkSpace/CSharp/TelegramSearchBot/feature/project-restructure-implementation/TelegramSearchBot.Test/TelegramSearchBot.Test.csproj]
/root/WorkSpace/CSharp/TelegramSearchBot/feature/project-restructure-implementation/TelegramSearchBot.Test/Infrastructure/Search/Repositories/MessageSearchRepositoryTests.cs(280,67): error CS1503: 参数 2: 无法从“string”转换为“long” [/root/WorkSpace/CSharp/TelegramSearchBot/feature/project-restructure-implementation/TelegramSearchBot.Test/TelegramSearchBot.Test.csproj]
/root/WorkSpace/CSharp/TelegramSearchBot/feature/project-restructure-implementation/TelegramSearchBot.Test/Application/Features/Messages/MessageApplicationServiceTests.cs(418,53): error CS0854: 表达式树可能不包含使用可选参数的调用 [/root/WorkSpace/CSharp/TelegramSearchBot/feature/project-restructure-implementation/TelegramSearchBot.Test/TelegramSearchBot.Test.csproj]
/root/WorkSpace/CSharp/TelegramSearchBot/feature/project-restructure-implementation/TelegramSearchBot.Test/Application/Features/Messages/MessageApplicationServiceTests.cs(426,54): error CS0854: 表达式树可能不包含使用可选参数的调用 [/root/WorkSpace/CSharp/TelegramSearchBot/feature/project-restructure-implementation/TelegramSearchBot.Test/TelegramSearchBot.Test.csproj]
/root/WorkSpace/CSharp/TelegramSearchBot/feature/project-restructure-implementation/TelegramSearchBot.Test/Infrastructure/Search/Repositories/MessageSearchRepositoryTests.cs(296,85): error CS1503: 参数 4: 无法从“int”转换为“string” [/root/WorkSpace/CSharp/TelegramSearchBot/feature/project-restructure-implementation/TelegramSearchBot.Test/TelegramSearchBot.Test.csproj]
/root/WorkSpace/CSharp/TelegramSearchBot/feature/project-restructure-implementation/TelegramSearchBot.Test/Infrastructure/Search/Repositories/MessageSearchRepositoryTests.cs(299,42): error CS0246: 未能找到类型或命名空间名“SearchResult”(是否缺少 using 指令或程序集引用?) [/root/WorkSpace/CSharp/TelegramSearchBot/feature/project-restructure-implementation/TelegramSearchBot.Test/TelegramSearchBot.Test.csproj]
/root/WorkSpace/CSharp/TelegramSearchBot/feature/project-restructure-implementation/TelegramSearchBot.Test/Infrastructure/Search/Repositories/MessageSearchRepositoryTests.cs(301,52): error CS1503: 参数 1: 无法从“long”转换为“string” [/root/WorkSpace/CSharp/TelegramSearchBot/feature/project-restructure-implementation/TelegramSearchBot.Test/TelegramSearchBot.Test.csproj]
/root/WorkSpace/CSharp/TelegramSearchBot/feature/project-restructure-implementation/TelegramSearchBot.Test/Infrastructure/Search/Repositories/MessageSearchRepositoryTests.cs(301,67): error CS1503: 参数 2: 无法从“string”转换为“long” [/root/WorkSpace/CSharp/TelegramSearchBot/feature/project-restructure-implementation/TelegramSearchBot.Test/TelegramSearchBot.Test.csproj]
/root/WorkSpace/CSharp/TelegramSearchBot/feature/project-restructure-implementation/TelegramSearchBot.Test/Domain/Message/Events/MessageEventHandlerTests.cs(445,51): warning CS8602: 解引用可能出现空引用。 [/root/WorkSpace/CSharp/TelegramSearchBot/feature/project-restructure-implementation/TelegramSearchBot.Test/TelegramSearchBot.Test.csproj]
/root/WorkSpace/CSharp/TelegramSearchBot/feature/project-restructure-implementation/TelegramSearchBot.Test/Domain/Message/Events/MessageEventHandlerTests.cs(447,21): warning CS8620: 由于引用类型的可为 null 性差异，Func<It.IsAnyType, Exception, string> 类型的实参不能用于 void ILogger.Log<IsAnyType>(LogLevel logLevel, EventId eventId, IsAnyType state, Exception? exception, Func<IsAnyType, Exception?, string> formatter) 中 Func<It.IsAnyType, Exception?, string> 类型的形参 formatter。 [/root/WorkSpace/CSharp/TelegramSearchBot/feature/project-restructure-implementation/TelegramSearchBot.Test/TelegramSearchBot.Test.csproj]
/root/WorkSpace/CSharp/TelegramSearchBot/feature/project-restructure-implementation/TelegramSearchBot.Test/Domain/Message/MessageEntityTests.cs(113,26): warning CS8602: 解引用可能出现空引用。 [/root/WorkSpace/CSharp/TelegramSearchBot/feature/project-restructure-implementation/TelegramSearchBot.Test/TelegramSearchBot.Test.csproj]
/root/WorkSpace/CSharp/TelegramSearchBot/feature/project-restructure-implementation/TelegramSearchBot.Test/Core/Service/ServiceBasicTests.cs(469,38): warning CS8602: 解引用可能出现空引用。 [/root/WorkSpace/CSharp/TelegramSearchBot/feature/project-restructure-implementation/TelegramSearchBot.Test/TelegramSearchBot.Test.csproj]
/root/WorkSpace/CSharp/TelegramSearchBot/feature/project-restructure-implementation/TelegramSearchBot.Test/Core/Controller/ControllerTestBase.cs(231,51): warning CS8602: 解引用可能出现空引用。 [/root/WorkSpace/CSharp/TelegramSearchBot/feature/project-restructure-implementation/TelegramSearchBot.Test/TelegramSearchBot.Test.csproj]
/root/WorkSpace/CSharp/TelegramSearchBot/feature/project-restructure-implementation/TelegramSearchBot.Test/Core/Controller/ControllerTestBase.cs(233,21): warning CS8620: 由于引用类型的可为 null 性差异，Func<It.IsAnyType, Exception, string> 类型的实参不能用于 void ILogger.Log<IsAnyType>(LogLevel logLevel, EventId eventId, IsAnyType state, Exception? exception, Func<IsAnyType, Exception?, string> formatter) 中 Func<It.IsAnyType, Exception?, string> 类型的形参 formatter。 [/root/WorkSpace/CSharp/TelegramSearchBot/feature/project-restructure-implementation/TelegramSearchBot.Test/TelegramSearchBot.Test.csproj]
/root/WorkSpace/CSharp/TelegramSearchBot/feature/project-restructure-implementation/TelegramSearchBot.Test/Domain/Message/MessageRepositoryTests.cs(109,43): error CS1061: “IMessageRepository”未包含“GetMessageByIdAsync”的定义，并且找不到可接受第一个“IMessageRepository”类型参数的可访问扩展方法“GetMessageByIdAsync”(是否缺少 using 指令或程序集引用?) [/root/WorkSpace/CSharp/TelegramSearchBot/feature/project-restructure-implementation/TelegramSearchBot.Test/TelegramSearchBot.Test.csproj]
/root/WorkSpace/CSharp/TelegramSearchBot/feature/project-restructure-implementation/TelegramSearchBot.Test/Domain/Message/MessageRepositoryTests.cs(133,43): error CS1061: “IMessageRepository”未包含“GetMessageByIdAsync”的定义，并且找不到可接受第一个“IMessageRepository”类型参数的可访问扩展方法“GetMessageByIdAsync”(是否缺少 using 指令或程序集引用?) [/root/WorkSpace/CSharp/TelegramSearchBot/feature/project-restructure-implementation/TelegramSearchBot.Test/TelegramSearchBot.Test.csproj]
/root/WorkSpace/CSharp/TelegramSearchBot/feature/project-restructure-implementation/TelegramSearchBot.Test/Domain/Message/MessageEntityTests.cs(130,26): warning CS8602: 解引用可能出现空引用。 [/root/WorkSpace/CSharp/TelegramSearchBot/feature/project-restructure-implementation/TelegramSearchBot.Test/TelegramSearchBot.Test.csproj]
/root/WorkSpace/CSharp/TelegramSearchBot/feature/project-restructure-implementation/TelegramSearchBot.Test/Domain/Message/MessageEntityTests.cs(131,26): warning CS8602: 解引用可能出现空引用。 [/root/WorkSpace/CSharp/TelegramSearchBot/feature/project-restructure-implementation/TelegramSearchBot.Test/TelegramSearchBot.Test.csproj]
/root/WorkSpace/CSharp/TelegramSearchBot/feature/project-restructure-implementation/TelegramSearchBot.Test/Domain/Message/MessageEntityTests.cs(131,26): warning CS8602: 解引用可能出现空引用。 [/root/WorkSpace/CSharp/TelegramSearchBot/feature/project-restructure-implementation/TelegramSearchBot.Test/TelegramSearchBot.Test.csproj]
/root/WorkSpace/CSharp/TelegramSearchBot/feature/project-restructure-implementation/TelegramSearchBot.Test/Domain/Message/MessageRepositoryTests.cs(149,28): error CS1061: “IMessageRepository”未包含“GetMessageByIdAsync”的定义，并且找不到可接受第一个“IMessageRepository”类型参数的可访问扩展方法“GetMessageByIdAsync”(是否缺少 using 指令或程序集引用?) [/root/WorkSpace/CSharp/TelegramSearchBot/feature/project-restructure-implementation/TelegramSearchBot.Test/TelegramSearchBot.Test.csproj]
/root/WorkSpace/CSharp/TelegramSearchBot/feature/project-restructure-implementation/TelegramSearchBot.Test/Controllers/ControllerTestBase.cs(262,51): warning CS8602: 解引用可能出现空引用。 [/root/WorkSpace/CSharp/TelegramSearchBot/feature/project-restructure-implementation/TelegramSearchBot.Test/TelegramSearchBot.Test.csproj]
/root/WorkSpace/CSharp/TelegramSearchBot/feature/project-restructure-implementation/TelegramSearchBot.Test/Controllers/ControllerTestBase.cs(264,21): warning CS8620: 由于引用类型的可为 null 性差异，Func<It.IsAnyType, Exception, string> 类型的实参不能用于 void ILogger.Log<IsAnyType>(LogLevel logLevel, EventId eventId, IsAnyType state, Exception? exception, Func<IsAnyType, Exception?, string> formatter) 中 Func<It.IsAnyType, Exception?, string> 类型的形参 formatter。 [/root/WorkSpace/CSharp/TelegramSearchBot/feature/project-restructure-implementation/TelegramSearchBot.Test/TelegramSearchBot.Test.csproj]
/root/WorkSpace/CSharp/TelegramSearchBot/feature/project-restructure-implementation/TelegramSearchBot.Test/Domain/Message/MessageRepositoryTests.cs(162,28): error CS1061: “IMessageRepository”未包含“GetMessageByIdAsync”的定义，并且找不到可接受第一个“IMessageRepository”类型参数的可访问扩展方法“GetMessageByIdAsync”(是否缺少 using 指令或程序集引用?) [/root/WorkSpace/CSharp/TelegramSearchBot/feature/project-restructure-implementation/TelegramSearchBot.Test/TelegramSearchBot.Test.csproj]
/root/WorkSpace/CSharp/TelegramSearchBot/feature/project-restructure-implementation/TelegramSearchBot.Test/Controller/AI/OCR/AutoOCRControllerTests.cs(350,42): warning CS8625: 无法将 null 字面量转换为非 null 的引用类型。 [/root/WorkSpace/CSharp/TelegramSearchBot/feature/project-restructure-implementation/TelegramSearchBot.Test/TelegramSearchBot.Test.csproj]
/root/WorkSpace/CSharp/TelegramSearchBot/feature/project-restructure-implementation/TelegramSearchBot.Test/Controller/AI/OCR/AutoOCRControllerTests.cs(361,30): warning CS8602: 解引用可能出现空引用。 [/root/WorkSpace/CSharp/TelegramSearchBot/feature/project-restructure-implementation/TelegramSearchBot.Test/TelegramSearchBot.Test.csproj]
/root/WorkSpace/CSharp/TelegramSearchBot/feature/project-restructure-implementation/TelegramSearchBot.Test/Domain/Message/MessageEntityTests.cs(143,55): warning CS8600: 将 null 文本或可能的 null 值转换为不可为 null 类型。 [/root/WorkSpace/CSharp/TelegramSearchBot/feature/project-restructure-implementation/TelegramSearchBot.Test/TelegramSearchBot.Test.csproj]
/root/WorkSpace/CSharp/TelegramSearchBot/feature/project-restructure-implementation/TelegramSearchBot.Test/Domain/Message/MessageProcessingPipelineTests.cs(174,61): warning CS8625: 无法将 null 字面量转换为非 null 的引用类型。 [/root/WorkSpace/CSharp/TelegramSearchBot/feature/project-restructure-implementation/TelegramSearchBot.Test/TelegramSearchBot.Test.csproj]
/root/WorkSpace/CSharp/TelegramSearchBot/feature/project-restructure-implementation/TelegramSearchBot.Test/Domain/Message/MessageProcessingPipelineTests.cs(189,51): warning CS8602: 解引用可能出现空引用。 [/root/WorkSpace/CSharp/TelegramSearchBot/feature/project-restructure-implementation/TelegramSearchBot.Test/TelegramSearchBot.Test.csproj]
/root/WorkSpace/CSharp/TelegramSearchBot/feature/project-restructure-implementation/TelegramSearchBot.Test/Domain/Message/MessageProcessingPipelineTests.cs(191,21): warning CS8620: 由于引用类型的可为 null 性差异，Func<It.IsAnyType, Exception, string> 类型的实参不能用于 void ILogger.Log<IsAnyType>(LogLevel logLevel, EventId eventId, IsAnyType state, Exception? exception, Func<IsAnyType, Exception?, string> formatter) 中 Func<It.IsAnyType, Exception?, string> 类型的形参 formatter。 [/root/WorkSpace/CSharp/TelegramSearchBot/feature/project-restructure-implementation/TelegramSearchBot.Test/TelegramSearchBot.Test.csproj]
/root/WorkSpace/CSharp/TelegramSearchBot/feature/project-restructure-implementation/TelegramSearchBot.Test/Domain/Message/MessageAggregateTests.cs(449,30): warning CS8600: 将 null 文本或可能的 null 值转换为不可为 null 类型。 [/root/WorkSpace/CSharp/TelegramSearchBot/feature/project-restructure-implementation/TelegramSearchBot.Test/TelegramSearchBot.Test.csproj]
/root/WorkSpace/CSharp/TelegramSearchBot/feature/project-restructure-implementation/TelegramSearchBot.Test/Domain/Message/MessageAggregateTests.cs(454,75): warning CS8604: “MessageAggregate MessageAggregate.Create(long chatId, long messageId, string content, long fromUserId, DateTime timestamp)”中的形参“content”可能传入 null 引用实参。 [/root/WorkSpace/CSharp/TelegramSearchBot/feature/project-restructure-implementation/TelegramSearchBot.Test/TelegramSearchBot.Test.csproj]
/root/WorkSpace/CSharp/TelegramSearchBot/feature/project-restructure-implementation/TelegramSearchBot.Test/Infrastructure/Search/Repositories/MessageSearchRepositoryTests.cs(323,52): error CS1503: 参数 1: 无法从“long”转换为“string” [/root/WorkSpace/CSharp/TelegramSearchBot/feature/project-restructure-implementation/TelegramSearchBot.Test/TelegramSearchBot.Test.csproj]
/root/WorkSpace/CSharp/TelegramSearchBot/feature/project-restructure-implementation/TelegramSearchBot.Test/Infrastructure/Search/Repositories/MessageSearchRepositoryTests.cs(323,70): error CS1503: 参数 2: 无法从“string”转换为“long” [/root/WorkSpace/CSharp/TelegramSearchBot/feature/project-restructure-implementation/TelegramSearchBot.Test/TelegramSearchBot.Test.csproj]
/root/WorkSpace/CSharp/TelegramSearchBot/feature/project-restructure-implementation/TelegramSearchBot.Test/Infrastructure/Search/Repositories/MessageSearchRepositoryTests.cs(325,35): error CS0246: 未能找到类型或命名空间名“SearchResult”(是否缺少 using 指令或程序集引用?) [/root/WorkSpace/CSharp/TelegramSearchBot/feature/project-restructure-implementation/TelegramSearchBot.Test/TelegramSearchBot.Test.csproj]
/root/WorkSpace/CSharp/TelegramSearchBot/feature/project-restructure-implementation/TelegramSearchBot.Test/Domain/Message/MessageEntityTests.cs(165,65): warning CS8600: 将 null 文本或可能的 null 值转换为不可为 null 类型。 [/root/WorkSpace/CSharp/TelegramSearchBot/feature/project-restructure-implementation/TelegramSearchBot.Test/TelegramSearchBot.Test.csproj]
/root/WorkSpace/CSharp/TelegramSearchBot/feature/project-restructure-implementation/TelegramSearchBot.Test/Helpers/TestConfigurationHelper.cs(34,44): warning CS8620: 由于引用类型的可为 null 性差异，Dictionary<string, string> 类型的实参不能用于 IConfigurationBuilder MemoryConfigurationBuilderExtensions.AddInMemoryCollection(IConfigurationBuilder configurationBuilder, IEnumerable<KeyValuePair<string, string?>>? initialData) 中 IEnumerable<KeyValuePair<string, string?>> 类型的形参 initialData。 [/root/WorkSpace/CSharp/TelegramSearchBot/feature/project-restructure-implementation/TelegramSearchBot.Test/TelegramSearchBot.Test.csproj]
/root/WorkSpace/CSharp/TelegramSearchBot/feature/project-restructure-implementation/TelegramSearchBot.Test/Controller/AI/LLM/AltPhotoControllerTests.cs(313,30): warning CS8602: 解引用可能出现空引用。 [/root/WorkSpace/CSharp/TelegramSearchBot/feature/project-restructure-implementation/TelegramSearchBot.Test/TelegramSearchBot.Test.csproj]
/root/WorkSpace/CSharp/TelegramSearchBot/feature/project-restructure-implementation/TelegramSearchBot.Test/Application/Features/Messages/MessageApplicationServiceTests.cs(436,53): error CS0854: 表达式树可能不包含使用可选参数的调用 [/root/WorkSpace/CSharp/TelegramSearchBot/feature/project-restructure-implementation/TelegramSearchBot.Test/TelegramSearchBot.Test.csproj]
/root/WorkSpace/CSharp/TelegramSearchBot/feature/project-restructure-implementation/TelegramSearchBot.Test/Controllers/AI/AutoOCRControllerTests.cs(201,24): error CS0144: 无法创建抽象类型或接口“FileBase”的实例 [/root/WorkSpace/CSharp/TelegramSearchBot/feature/project-restructure-implementation/TelegramSearchBot.Test/TelegramSearchBot.Test.csproj]
/root/WorkSpace/CSharp/TelegramSearchBot/feature/project-restructure-implementation/TelegramSearchBot.Test/Controllers/AI/AutoOCRControllerTests.cs(203,31): error CS1061: “ITelegramBotClient”未包含“GetFileAsync”的定义，并且找不到可接受第一个“ITelegramBotClient”类型参数的可访问扩展方法“GetFileAsync”(是否缺少 using 指令或程序集引用?) [/root/WorkSpace/CSharp/TelegramSearchBot/feature/project-restructure-implementation/TelegramSearchBot.Test/TelegramSearchBot.Test.csproj]
/root/WorkSpace/CSharp/TelegramSearchBot/feature/project-restructure-implementation/TelegramSearchBot.Test/Controllers/AI/AutoOCRControllerTests.cs(208,31): error CS1061: “IGeneralLLMService”未包含“GetOCRAsync”的定义，并且找不到可接受第一个“IGeneralLLMService”类型参数的可访问扩展方法“GetOCRAsync”(是否缺少 using 指令或程序集引用?) [/root/WorkSpace/CSharp/TelegramSearchBot/feature/project-restructure-implementation/TelegramSearchBot.Test/TelegramSearchBot.Test.csproj]
/root/WorkSpace/CSharp/TelegramSearchBot/feature/project-restructure-implementation/TelegramSearchBot.Test/Controllers/AI/AutoOCRControllerTests.cs(206,38): warning CS8600: 将 null 文本或可能的 null 值转换为不可为 null 类型。 [/root/WorkSpace/CSharp/TelegramSearchBot/feature/project-restructure-implementation/TelegramSearchBot.Test/TelegramSearchBot.Test.csproj]
/root/WorkSpace/CSharp/TelegramSearchBot/feature/project-restructure-implementation/TelegramSearchBot.Test/Domain/Message/MessageEntityTests.cs(186,55): warning CS8600: 将 null 文本或可能的 null 值转换为不可为 null 类型。 [/root/WorkSpace/CSharp/TelegramSearchBot/feature/project-restructure-implementation/TelegramSearchBot.Test/TelegramSearchBot.Test.csproj]
/root/WorkSpace/CSharp/TelegramSearchBot/feature/project-restructure-implementation/TelegramSearchBot.Test/Domain/Message/MessageEntityTests.cs(187,58): warning CS8600: 将 null 文本或可能的 null 值转换为不可为 null 类型。 [/root/WorkSpace/CSharp/TelegramSearchBot/feature/project-restructure-implementation/TelegramSearchBot.Test/TelegramSearchBot.Test.csproj]
/root/WorkSpace/CSharp/TelegramSearchBot/feature/project-restructure-implementation/TelegramSearchBot.Test/Domain/Message/MessageRepositoryTests.cs(184,43): error CS1061: “IMessageRepository”未包含“AddMessageAsync”的定义，并且找不到可接受第一个“IMessageRepository”类型参数的可访问扩展方法“AddMessageAsync”(是否缺少 using 指令或程序集引用?) [/root/WorkSpace/CSharp/TelegramSearchBot/feature/project-restructure-implementation/TelegramSearchBot.Test/TelegramSearchBot.Test.csproj]
/root/WorkSpace/CSharp/TelegramSearchBot/feature/project-restructure-implementation/TelegramSearchBot.Test/Domain/Message/MessageRepositoryTests.cs(199,78): error CS1061: “IMessageRepository”未包含“AddMessageAsync”的定义，并且找不到可接受第一个“IMessageRepository”类型参数的可访问扩展方法“AddMessageAsync”(是否缺少 using 指令或程序集引用?) [/root/WorkSpace/CSharp/TelegramSearchBot/feature/project-restructure-implementation/TelegramSearchBot.Test/TelegramSearchBot.Test.csproj]
/root/WorkSpace/CSharp/TelegramSearchBot/feature/project-restructure-implementation/TelegramSearchBot.Test/Integration/SimpleCoreIntegrationTests.cs(97,66): error CS0246: 未能找到类型或命名空间名“IMessageRepository”(是否缺少 using 指令或程序集引用?) [/root/WorkSpace/CSharp/TelegramSearchBot/feature/project-restructure-implementation/TelegramSearchBot.Test/TelegramSearchBot.Test.csproj]
/root/WorkSpace/CSharp/TelegramSearchBot/feature/project-restructure-implementation/TelegramSearchBot.Test/Domain/Message/Events/MessageEventHandlerTests.cs(521,63): warning CS8625: 无法将 null 字面量转换为非 null 的引用类型。 [/root/WorkSpace/CSharp/TelegramSearchBot/feature/project-restructure-implementation/TelegramSearchBot.Test/TelegramSearchBot.Test.csproj]
/root/WorkSpace/CSharp/TelegramSearchBot/feature/project-restructure-implementation/TelegramSearchBot.Test/Helpers/MockServiceFactory.cs(383,31): error CS1061: “SendMessage”未包含“SendMessageAsync”的定义，并且找不到可接受第一个“SendMessage”类型参数的可访问扩展方法“SendMessageAsync”(是否缺少 using 指令或程序集引用?) [/root/WorkSpace/CSharp/TelegramSearchBot/feature/project-restructure-implementation/TelegramSearchBot.Test/TelegramSearchBot.Test.csproj]
/root/WorkSpace/CSharp/TelegramSearchBot/feature/project-restructure-implementation/TelegramSearchBot.Test/Domain/Message/Events/MessageEventHandlerTests.cs(530,70): warning CS8625: 无法将 null 字面量转换为非 null 的引用类型。 [/root/WorkSpace/CSharp/TelegramSearchBot/feature/project-restructure-implementation/TelegramSearchBot.Test/TelegramSearchBot.Test.csproj]
/root/WorkSpace/CSharp/TelegramSearchBot/feature/project-restructure-implementation/TelegramSearchBot.Test/Domain/Message/MessageRepositoryTests.cs(206,38): error CS0246: 未能找到类型或命名空间名“MessageBuilder”(是否缺少 using 指令或程序集引用?) [/root/WorkSpace/CSharp/TelegramSearchBot/feature/project-restructure-implementation/TelegramSearchBot.Test/TelegramSearchBot.Test.csproj]
/root/WorkSpace/CSharp/TelegramSearchBot/feature/project-restructure-implementation/TelegramSearchBot.Test/Domain/Message/MessageRepositoryTests.cs(214,74): error CS1061: “IMessageRepository”未包含“AddMessageAsync”的定义，并且找不到可接受第一个“IMessageRepository”类型参数的可访问扩展方法“AddMessageAsync”(是否缺少 using 指令或程序集引用?) [/root/WorkSpace/CSharp/TelegramSearchBot/feature/project-restructure-implementation/TelegramSearchBot.Test/TelegramSearchBot.Test.csproj]
/root/WorkSpace/CSharp/TelegramSearchBot/feature/project-restructure-implementation/TelegramSearchBot.Test/Controller/AI/LLM/AltPhotoControllerTests.cs(325,42): warning CS8625: 无法将 null 字面量转换为非 null 的引用类型。 [/root/WorkSpace/CSharp/TelegramSearchBot/feature/project-restructure-implementation/TelegramSearchBot.Test/TelegramSearchBot.Test.csproj]
/root/WorkSpace/CSharp/TelegramSearchBot/feature/project-restructure-implementation/TelegramSearchBot.Test/Controller/AI/LLM/AltPhotoControllerTests.cs(336,29): warning CS8602: 解引用可能出现空引用。 [/root/WorkSpace/CSharp/TelegramSearchBot/feature/project-restructure-implementation/TelegramSearchBot.Test/TelegramSearchBot.Test.csproj]
/root/WorkSpace/CSharp/TelegramSearchBot/feature/project-restructure-implementation/TelegramSearchBot.Test/Domain/Message/Events/MessageEventHandlerTests.cs(539,68): warning CS8625: 无法将 null 字面量转换为非 null 的引用类型。 [/root/WorkSpace/CSharp/TelegramSearchBot/feature/project-restructure-implementation/TelegramSearchBot.Test/TelegramSearchBot.Test.csproj]
/root/WorkSpace/CSharp/TelegramSearchBot/feature/project-restructure-implementation/TelegramSearchBot.Test/Integration/SimpleCoreIntegrationTests.cs(130,66): error CS0246: 未能找到类型或命名空间名“IMessageRepository”(是否缺少 using 指令或程序集引用?) [/root/WorkSpace/CSharp/TelegramSearchBot/feature/project-restructure-implementation/TelegramSearchBot.Test/TelegramSearchBot.Test.csproj]
/root/WorkSpace/CSharp/TelegramSearchBot/feature/project-restructure-implementation/TelegramSearchBot.Test/Domain/Message/Performance/MessageProcessingPerformanceTests.cs(45,30): error CS0103: 当前上下文中不存在名称“CreateMockDbContext” [/root/WorkSpace/CSharp/TelegramSearchBot/feature/project-restructure-implementation/TelegramSearchBot.Test/TelegramSearchBot.Test.csproj]
/root/WorkSpace/CSharp/TelegramSearchBot/feature/project-restructure-implementation/TelegramSearchBot.Test/Infrastructure/Search/Repositories/MessageSearchRepositoryTests.cs(342,68): error CS0246: 未能找到类型或命名空间名“SearchDocument”(是否缺少 using 指令或程序集引用?) [/root/WorkSpace/CSharp/TelegramSearchBot/feature/project-restructure-implementation/TelegramSearchBot.Test/TelegramSearchBot.Test.csproj]
/root/WorkSpace/CSharp/TelegramSearchBot/feature/project-restructure-implementation/TelegramSearchBot.Test/Infrastructure/Search/Repositories/MessageSearchRepositoryTests.cs(342,45): error CS1061: “ILuceneManager”未包含“IndexDocument”的定义，并且找不到可接受第一个“ILuceneManager”类型参数的可访问扩展方法“IndexDocument”(是否缺少 using 指令或程序集引用?) [/root/WorkSpace/CSharp/TelegramSearchBot/feature/project-restructure-implementation/TelegramSearchBot.Test/TelegramSearchBot.Test.csproj]
/root/WorkSpace/CSharp/TelegramSearchBot/feature/project-restructure-implementation/TelegramSearchBot.Test/Domain/Message/Performance/MessageProcessingPerformanceTests.cs(52,24): error CS1729: “MessageService”不包含采用 5 个参数的构造函数 [/root/WorkSpace/CSharp/TelegramSearchBot/feature/project-restructure-implementation/TelegramSearchBot.Test/TelegramSearchBot.Test.csproj]
/root/WorkSpace/CSharp/TelegramSearchBot/feature/project-restructure-implementation/TelegramSearchBot.Test/Helpers/MockServiceFactory.cs(405,46): error CS1503: 参数 1: 无法从“System.Collections.Generic.IEnumerable<TelegramSearchBot.Model.Data.Message>”转换为“System.Collections.Generic.List<TelegramSearchBot.Model.Data.Message>” [/root/WorkSpace/CSharp/TelegramSearchBot/feature/project-restructure-implementation/TelegramSearchBot.Test/TelegramSearchBot.Test.csproj]
/root/WorkSpace/CSharp/TelegramSearchBot/feature/project-restructure-implementation/TelegramSearchBot.Test/Helpers/MockServiceFactory.cs(399,74): warning CS8625: 无法将 null 字面量转换为非 null 的引用类型。 [/root/WorkSpace/CSharp/TelegramSearchBot/feature/project-restructure-implementation/TelegramSearchBot.Test/TelegramSearchBot.Test.csproj]
/root/WorkSpace/CSharp/TelegramSearchBot/feature/project-restructure-implementation/TelegramSearchBot.Test/Helpers/TestConfigurationHelper.cs(276,40): warning CS8620: 由于引用类型的可为 null 性差异，Dictionary<string, string> 类型的实参不能用于 IConfigurationBuilder MemoryConfigurationBuilderExtensions.AddInMemoryCollection(IConfigurationBuilder configurationBuilder, IEnumerable<KeyValuePair<string, string?>>? initialData) 中 IEnumerable<KeyValuePair<string, string?>> 类型的形参 initialData。 [/root/WorkSpace/CSharp/TelegramSearchBot/feature/project-restructure-implementation/TelegramSearchBot.Test/TelegramSearchBot.Test.csproj]
/root/WorkSpace/CSharp/TelegramSearchBot/feature/project-restructure-implementation/TelegramSearchBot.Test/Infrastructure/Search/Repositories/MessageSearchRepositoryTests.cs(360,52): error CS1503: 参数 1: 无法从“long”转换为“string” [/root/WorkSpace/CSharp/TelegramSearchBot/feature/project-restructure-implementation/TelegramSearchBot.Test/TelegramSearchBot.Test.csproj]
/root/WorkSpace/CSharp/TelegramSearchBot/feature/project-restructure-implementation/TelegramSearchBot.Test/Infrastructure/Search/Repositories/MessageSearchRepositoryTests.cs(360,70): error CS1503: 参数 2: 无法从“string”转换为“long” [/root/WorkSpace/CSharp/TelegramSearchBot/feature/project-restructure-implementation/TelegramSearchBot.Test/TelegramSearchBot.Test.csproj]
/root/WorkSpace/CSharp/TelegramSearchBot/feature/project-restructure-implementation/TelegramSearchBot.Test/Domain/Message/MessageRepositoryTests.cs(240,43): error CS1061: “IMessageRepository”未包含“SearchMessagesAsync”的定义，并且找不到可接受第一个“IMessageRepository”类型参数的可访问扩展方法“SearchMessagesAsync”(是否缺少 using 指令或程序集引用?) [/root/WorkSpace/CSharp/TelegramSearchBot/feature/project-restructure-implementation/TelegramSearchBot.Test/TelegramSearchBot.Test.csproj]
/root/WorkSpace/CSharp/TelegramSearchBot/feature/project-restructure-implementation/TelegramSearchBot.Test/Domain/Message/MessageRepositoryTests.cs(263,43): error CS1061: “IMessageRepository”未包含“SearchMessagesAsync”的定义，并且找不到可接受第一个“IMessageRepository”类型参数的可访问扩展方法“SearchMessagesAsync”(是否缺少 using 指令或程序集引用?) [/root/WorkSpace/CSharp/TelegramSearchBot/feature/project-restructure-implementation/TelegramSearchBot.Test/TelegramSearchBot.Test.csproj]
/root/WorkSpace/CSharp/TelegramSearchBot/feature/project-restructure-implementation/TelegramSearchBot.Test/Domain/Message/MessageRepositoryTests.cs(278,28): error CS1061: “IMessageRepository”未包含“SearchMessagesAsync”的定义，并且找不到可接受第一个“IMessageRepository”类型参数的可访问扩展方法“SearchMessagesAsync”(是否缺少 using 指令或程序集引用?) [/root/WorkSpace/CSharp/TelegramSearchBot/feature/project-restructure-implementation/TelegramSearchBot.Test/TelegramSearchBot.Test.csproj]
/root/WorkSpace/CSharp/TelegramSearchBot/feature/project-restructure-implementation/TelegramSearchBot.Test/Helpers/MockServiceFactory.cs(518,24): warning CS8603: 可能返回 null 引用。 [/root/WorkSpace/CSharp/TelegramSearchBot/feature/project-restructure-implementation/TelegramSearchBot.Test/TelegramSearchBot.Test.csproj]
/root/WorkSpace/CSharp/TelegramSearchBot/feature/project-restructure-implementation/TelegramSearchBot.Test/Application/Features/Messages/MessageApplicationServiceTests.cs(466,47): error CS0854: 表达式树可能不包含使用可选参数的调用 [/root/WorkSpace/CSharp/TelegramSearchBot/feature/project-restructure-implementation/TelegramSearchBot.Test/TelegramSearchBot.Test.csproj]
/root/WorkSpace/CSharp/TelegramSearchBot/feature/project-restructure-implementation/TelegramSearchBot.Test/Application/Features/Messages/MessageApplicationServiceTests.cs(468,47): error CS0854: 表达式树可能不包含使用可选参数的调用 [/root/WorkSpace/CSharp/TelegramSearchBot/feature/project-restructure-implementation/TelegramSearchBot.Test/TelegramSearchBot.Test.csproj]
/root/WorkSpace/CSharp/TelegramSearchBot/feature/project-restructure-implementation/TelegramSearchBot.Test/Application/Features/Messages/MessageApplicationServiceTests.cs(479,48): error CS0854: 表达式树可能不包含使用可选参数的调用 [/root/WorkSpace/CSharp/TelegramSearchBot/feature/project-restructure-implementation/TelegramSearchBot.Test/TelegramSearchBot.Test.csproj]
/root/WorkSpace/CSharp/TelegramSearchBot/feature/project-restructure-implementation/TelegramSearchBot.Test/Infrastructure/Search/Repositories/MessageSearchRepositoryTests.cs(376,68): error CS0246: 未能找到类型或命名空间名“SearchDocument”(是否缺少 using 指令或程序集引用?) [/root/WorkSpace/CSharp/TelegramSearchBot/feature/project-restructure-implementation/TelegramSearchBot.Test/TelegramSearchBot.Test.csproj]
/root/WorkSpace/CSharp/TelegramSearchBot/feature/project-restructure-implementation/TelegramSearchBot.Test/Infrastructure/Search/Repositories/MessageSearchRepositoryTests.cs(376,45): error CS1061: “ILuceneManager”未包含“IndexDocument”的定义，并且找不到可接受第一个“ILuceneManager”类型参数的可访问扩展方法“IndexDocument”(是否缺少 using 指令或程序集引用?) [/root/WorkSpace/CSharp/TelegramSearchBot/feature/project-restructure-implementation/TelegramSearchBot.Test/TelegramSearchBot.Test.csproj]
/root/WorkSpace/CSharp/TelegramSearchBot/feature/project-restructure-implementation/TelegramSearchBot.Test/Service/BotAPI/SendServiceTests.cs(28,20): warning CS8600: 将 null 文本或可能的 null 值转换为不可为 null 类型。 [/root/WorkSpace/CSharp/TelegramSearchBot/feature/project-restructure-implementation/TelegramSearchBot.Test/TelegramSearchBot.Test.csproj]
/root/WorkSpace/CSharp/TelegramSearchBot/feature/project-restructure-implementation/TelegramSearchBot.Test/Service/BotAPI/SendServiceTests.cs(28,20): warning CS8603: 可能返回 null 引用。 [/root/WorkSpace/CSharp/TelegramSearchBot/feature/project-restructure-implementation/TelegramSearchBot.Test/TelegramSearchBot.Test.csproj]
/root/WorkSpace/CSharp/TelegramSearchBot/feature/project-restructure-implementation/TelegramSearchBot.Test/Controller/AI/OCR/AutoOCRControllerTests.cs(373,42): warning CS8625: 无法将 null 字面量转换为非 null 的引用类型。 [/root/WorkSpace/CSharp/TelegramSearchBot/feature/project-restructure-implementation/TelegramSearchBot.Test/TelegramSearchBot.Test.csproj]
/root/WorkSpace/CSharp/TelegramSearchBot/feature/project-restructure-implementation/TelegramSearchBot.Test/Controller/AI/OCR/AutoOCRControllerTests.cs(384,30): warning CS8602: 解引用可能出现空引用。 [/root/WorkSpace/CSharp/TelegramSearchBot/feature/project-restructure-implementation/TelegramSearchBot.Test/TelegramSearchBot.Test.csproj]
/root/WorkSpace/CSharp/TelegramSearchBot/feature/project-restructure-implementation/TelegramSearchBot.Test/Performance/VectorSearchBenchmarks.cs(57,31): error CS0103: 当前上下文中不存在名称“MessageTestDataFactory” [/root/WorkSpace/CSharp/TelegramSearchBot/feature/project-restructure-implementation/TelegramSearchBot.Test/TelegramSearchBot.Test.csproj]
/root/WorkSpace/CSharp/TelegramSearchBot/feature/project-restructure-implementation/TelegramSearchBot.Test/Performance/VectorSearchBenchmarks.cs(64,37): error CS1503: 参数 1: 无法从“(?, float[])”转换为“(TelegramSearchBot.Model.Data.Message Message, float[] Vector)” [/root/WorkSpace/CSharp/TelegramSearchBot/feature/project-restructure-implementation/TelegramSearchBot.Test/TelegramSearchBot.Test.csproj]
/root/WorkSpace/CSharp/TelegramSearchBot/feature/project-restructure-implementation/TelegramSearchBot.Test/Domain/Message/Performance/MessageProcessingPerformanceTests.cs(84,28): error CS0234: 命名空间“Telegram.Bot.Types”中不存在类型或命名空间名“ChatType”(是否缺少程序集引用?) [/root/WorkSpace/CSharp/TelegramSearchBot/feature/project-restructure-implementation/TelegramSearchBot.Test/TelegramSearchBot.Test.csproj]
/root/WorkSpace/CSharp/TelegramSearchBot/feature/project-restructure-implementation/TelegramSearchBot.Test/Controller/AI/LLM/AltPhotoControllerTests.cs(348,42): warning CS8625: 无法将 null 字面量转换为非 null 的引用类型。 [/root/WorkSpace/CSharp/TelegramSearchBot/feature/project-restructure-implementation/TelegramSearchBot.Test/TelegramSearchBot.Test.csproj]
/root/WorkSpace/CSharp/TelegramSearchBot/feature/project-restructure-implementation/TelegramSearchBot.Test/Controller/AI/LLM/AltPhotoControllerTests.cs(359,29): warning CS8602: 解引用可能出现空引用。 [/root/WorkSpace/CSharp/TelegramSearchBot/feature/project-restructure-implementation/TelegramSearchBot.Test/TelegramSearchBot.Test.csproj]
/root/WorkSpace/CSharp/TelegramSearchBot/feature/project-restructure-implementation/TelegramSearchBot.Test/Controller/Storage/MessageControllerTests.cs(231,44): warning CS8600: 将 null 文本或可能的 null 值转换为不可为 null 类型。 [/root/WorkSpace/CSharp/TelegramSearchBot/feature/project-restructure-implementation/TelegramSearchBot.Test/TelegramSearchBot.Test.csproj]
/root/WorkSpace/CSharp/TelegramSearchBot/feature/project-restructure-implementation/TelegramSearchBot.Test/Controller/Storage/MessageControllerTests.cs(246,49): warning CS8602: 解引用可能出现空引用。 [/root/WorkSpace/CSharp/TelegramSearchBot/feature/project-restructure-implementation/TelegramSearchBot.Test/TelegramSearchBot.Test.csproj]
/root/WorkSpace/CSharp/TelegramSearchBot/feature/project-restructure-implementation/TelegramSearchBot.Test/Manager/SendMessageSimpleTests.cs(64,29): error CS0854: 表达式树可能不包含使用可选参数的调用 [/root/WorkSpace/CSharp/TelegramSearchBot/feature/project-restructure-implementation/TelegramSearchBot.Test/TelegramSearchBot.Test.csproj]
/root/WorkSpace/CSharp/TelegramSearchBot/feature/project-restructure-implementation/TelegramSearchBot.Test/Service/Common/UrlProcessingServiceTests.cs(39,60): warning CS8625: 无法将 null 字面量转换为非 null 的引用类型。 [/root/WorkSpace/CSharp/TelegramSearchBot/feature/project-restructure-implementation/TelegramSearchBot.Test/TelegramSearchBot.Test.csproj]
/root/WorkSpace/CSharp/TelegramSearchBot/feature/project-restructure-implementation/TelegramSearchBot.Test/Domain/Message/MessageServiceTests.cs(111,21): error CS1061: “MessageService”未包含“ServiceName”的定义，并且找不到可接受第一个“MessageService”类型参数的可访问扩展方法“ServiceName”(是否缺少 using 指令或程序集引用?) [/root/WorkSpace/CSharp/TelegramSearchBot/feature/project-restructure-implementation/TelegramSearchBot.Test/TelegramSearchBot.Test.csproj]
/root/WorkSpace/CSharp/TelegramSearchBot/feature/project-restructure-implementation/TelegramSearchBot.Test/Manager/SendMessageSimpleTests.cs(95,29): error CS0854: 表达式树可能不包含使用可选参数的调用 [/root/WorkSpace/CSharp/TelegramSearchBot/feature/project-restructure-implementation/TelegramSearchBot.Test/TelegramSearchBot.Test.csproj]
/root/WorkSpace/CSharp/TelegramSearchBot/feature/project-restructure-implementation/TelegramSearchBot.Test/Domain/Message/Integration/MessageProcessingIntegrationTests.cs(269,51): warning CS8602: 解引用可能出现空引用。 [/root/WorkSpace/CSharp/TelegramSearchBot/feature/project-restructure-implementation/TelegramSearchBot.Test/TelegramSearchBot.Test.csproj]
/root/WorkSpace/CSharp/TelegramSearchBot/feature/project-restructure-implementation/TelegramSearchBot.Test/Domain/Message/Integration/MessageProcessingIntegrationTests.cs(271,21): warning CS8620: 由于引用类型的可为 null 性差异，Func<It.IsAnyType, Exception, string> 类型的实参不能用于 void ILogger.Log<IsAnyType>(LogLevel logLevel, EventId eventId, IsAnyType state, Exception? exception, Func<IsAnyType, Exception?, string> formatter) 中 Func<It.IsAnyType, Exception?, string> 类型的形参 formatter。 [/root/WorkSpace/CSharp/TelegramSearchBot/feature/project-restructure-implementation/TelegramSearchBot.Test/TelegramSearchBot.Test.csproj]
/root/WorkSpace/CSharp/TelegramSearchBot/feature/project-restructure-implementation/TelegramSearchBot.Test/Domain/Message/MessageServiceTests.cs(118,36): error CS0104: “MessageService”是“TelegramSearchBot.Domain.Message.MessageService”和“TelegramSearchBot.Service.Storage.MessageService”之间的不明确的引用 [/root/WorkSpace/CSharp/TelegramSearchBot/feature/project-restructure-implementation/TelegramSearchBot.Test/TelegramSearchBot.Test.csproj]
/root/WorkSpace/CSharp/TelegramSearchBot/feature/project-restructure-implementation/TelegramSearchBot.Test/Domain/Message/MessageServiceTests.cs(133,36): error CS0104: “MessageService”是“TelegramSearchBot.Domain.Message.MessageService”和“TelegramSearchBot.Service.Storage.MessageService”之间的不明确的引用 [/root/WorkSpace/CSharp/TelegramSearchBot/feature/project-restructure-implementation/TelegramSearchBot.Test/TelegramSearchBot.Test.csproj]
/root/WorkSpace/CSharp/TelegramSearchBot/feature/project-restructure-implementation/TelegramSearchBot.Test/Domain/Message/MessageTestsSimplified.cs(139,56): error CS1501: “CreateMessageWithReply”方法没有采用 5 个参数的重载 [/root/WorkSpace/CSharp/TelegramSearchBot/feature/project-restructure-implementation/TelegramSearchBot.Test/TelegramSearchBot.Test.csproj]
/root/WorkSpace/CSharp/TelegramSearchBot/feature/project-restructure-implementation/TelegramSearchBot.Test/Domain/Message/MessageServiceTests.cs(148,36): error CS0104: “MessageService”是“TelegramSearchBot.Domain.Message.MessageService”和“TelegramSearchBot.Service.Storage.MessageService”之间的不明确的引用 [/root/WorkSpace/CSharp/TelegramSearchBot/feature/project-restructure-implementation/TelegramSearchBot.Test/TelegramSearchBot.Test.csproj]
/root/WorkSpace/CSharp/TelegramSearchBot/feature/project-restructure-implementation/TelegramSearchBot.Test/Domain/Message/MessageAggregateTests.cs(584,34): warning CS8625: 无法将 null 字面量转换为非 null 的引用类型。 [/root/WorkSpace/CSharp/TelegramSearchBot/feature/project-restructure-implementation/TelegramSearchBot.Test/TelegramSearchBot.Test.csproj]
/root/WorkSpace/CSharp/TelegramSearchBot/feature/project-restructure-implementation/TelegramSearchBot.Test/Integration/SimpleCoreIntegrationTests.cs(158,27): warning CS1998: 此异步方法缺少 "await" 运算符，将以同步方式运行。请考虑使用 "await" 运算符等待非阻止的 API 调用，或者使用 "await Task.Run(...)" 在后台线程上执行占用大量 CPU 的工作。 [/root/WorkSpace/CSharp/TelegramSearchBot/feature/project-restructure-implementation/TelegramSearchBot.Test/TelegramSearchBot.Test.csproj]
/root/WorkSpace/CSharp/TelegramSearchBot/feature/project-restructure-implementation/TelegramSearchBot.Test/Service/BotAPI/SendServiceTests.cs(73,26): warning CS8620: 由于引用类型的可为 null 性差异，ValueTask<EntityEntry<SearchPageCache>?> 类型的实参不能用于 IReturnsResult<DbSet<SearchPageCache>> IReturns<DbSet<SearchPageCache>, ValueTask<EntityEntry<SearchPageCache>>>.Returns(ValueTask<EntityEntry<SearchPageCache>> value) 中 ValueTask<EntityEntry<SearchPageCache>> 类型的形参 value。 [/root/WorkSpace/CSharp/TelegramSearchBot/feature/project-restructure-implementation/TelegramSearchBot.Test/TelegramSearchBot.Test.csproj]
/root/WorkSpace/CSharp/TelegramSearchBot/feature/project-restructure-implementation/TelegramSearchBot.Test/Performance/VectorSearchBenchmarks.cs(37,41): warning CS8618: 在退出构造函数时，不可为 null 的 字段 "_vectorSearchService" 必须包含非 null 值。请考虑添加 "required" 修饰符或将该 字段 声明为可为 null。 [/root/WorkSpace/CSharp/TelegramSearchBot/feature/project-restructure-implementation/TelegramSearchBot.Test/TelegramSearchBot.Test.csproj]
/root/WorkSpace/CSharp/TelegramSearchBot/feature/project-restructure-implementation/TelegramSearchBot.Test/Performance/VectorSearchBenchmarks.cs(38,57): warning CS8618: 在退出构造函数时，不可为 null 的 字段 "_indexedVectors" 必须包含非 null 值。请考虑添加 "required" 修饰符或将该 字段 声明为可为 null。 [/root/WorkSpace/CSharp/TelegramSearchBot/feature/project-restructure-implementation/TelegramSearchBot.Test/TelegramSearchBot.Test.csproj]
/root/WorkSpace/CSharp/TelegramSearchBot/feature/project-restructure-implementation/TelegramSearchBot.Test/Performance/VectorSearchBenchmarks.cs(39,25): warning CS8618: 在退出构造函数时，不可为 null 的 字段 "_queryVector" 必须包含非 null 值。请考虑添加 "required" 修饰符或将该 字段 声明为可为 null。 [/root/WorkSpace/CSharp/TelegramSearchBot/feature/project-restructure-implementation/TelegramSearchBot.Test/TelegramSearchBot.Test.csproj]
/root/WorkSpace/CSharp/TelegramSearchBot/feature/project-restructure-implementation/TelegramSearchBot.Test/Domain/Message/MessageTestsSimplified.cs(169,56): error CS0117: “MessageTestDataFactory”未包含“CreateMessageWithSpecialChars”的定义 [/root/WorkSpace/CSharp/TelegramSearchBot/feature/project-restructure-implementation/TelegramSearchBot.Test/TelegramSearchBot.Test.csproj]
/root/WorkSpace/CSharp/TelegramSearchBot/feature/project-restructure-implementation/TelegramSearchBot.Test/Service/BotAPI/SendServiceTests.cs(99,72): warning CS8625: 无法将 null 字面量转换为非 null 的引用类型。 [/root/WorkSpace/CSharp/TelegramSearchBot/feature/project-restructure-implementation/TelegramSearchBot.Test/TelegramSearchBot.Test.csproj]
/root/WorkSpace/CSharp/TelegramSearchBot/feature/project-restructure-implementation/TelegramSearchBot.Test/Service/BotAPI/SendServiceTests.cs(100,95): warning CS8625: 无法将 null 字面量转换为非 null 的引用类型。 [/root/WorkSpace/CSharp/TelegramSearchBot/feature/project-restructure-implementation/TelegramSearchBot.Test/TelegramSearchBot.Test.csproj]
/root/WorkSpace/CSharp/TelegramSearchBot/feature/project-restructure-implementation/TelegramSearchBot.Test/Service/BotAPI/SendServiceTests.cs(101,120): warning CS8625: 无法将 null 字面量转换为非 null 的引用类型。 [/root/WorkSpace/CSharp/TelegramSearchBot/feature/project-restructure-implementation/TelegramSearchBot.Test/TelegramSearchBot.Test.csproj]
/root/WorkSpace/CSharp/TelegramSearchBot/feature/project-restructure-implementation/TelegramSearchBot.Test/Performance/MessageProcessingBenchmarks.cs(55,42): error CS0246: 未能找到类型或命名空间名“IVectorSearchService”(是否缺少 using 指令或程序集引用?) [/root/WorkSpace/CSharp/TelegramSearchBot/feature/project-restructure-implementation/TelegramSearchBot.Test/TelegramSearchBot.Test.csproj]
/root/WorkSpace/CSharp/TelegramSearchBot/feature/project-restructure-implementation/TelegramSearchBot.Test/Performance/MessageProcessingBenchmarks.cs(58,51): error CS1503: 参数 1: 无法从“TelegramSearchBot.Model.Data.Message”转换为“TelegramSearchBot.Domain.Message.MessageAggregate” [/root/WorkSpace/CSharp/TelegramSearchBot/feature/project-restructure-implementation/TelegramSearchBot.Test/TelegramSearchBot.Test.csproj]
/root/WorkSpace/CSharp/TelegramSearchBot/feature/project-restructure-implementation/TelegramSearchBot.Test/Performance/MessageProcessingBenchmarks.cs(62,44): error CS1061: “IVectorGenerationService”未包含“GenerateEmbeddingAsync”的定义，并且找不到可接受第一个“IVectorGenerationService”类型参数的可访问扩展方法“GenerateEmbeddingAsync”(是否缺少 using 指令或程序集引用?) [/root/WorkSpace/CSharp/TelegramSearchBot/feature/project-restructure-implementation/TelegramSearchBot.Test/TelegramSearchBot.Test.csproj]
/root/WorkSpace/CSharp/TelegramSearchBot/feature/project-restructure-implementation/TelegramSearchBot.Test/Performance/MessageProcessingBenchmarks.cs(65,29): error CS1729: “MessageProcessingPipeline”不包含采用 3 个参数的构造函数 [/root/WorkSpace/CSharp/TelegramSearchBot/feature/project-restructure-implementation/TelegramSearchBot.Test/TelegramSearchBot.Test.csproj]
/root/WorkSpace/CSharp/TelegramSearchBot/feature/project-restructure-implementation/TelegramSearchBot.Test/Performance/MessageProcessingBenchmarks.cs(84,21): error CS1739: “CreateValidMessage”的最佳重载没有名为“fromUserId”的参数 [/root/WorkSpace/CSharp/TelegramSearchBot/feature/project-restructure-implementation/TelegramSearchBot.Test/TelegramSearchBot.Test.csproj]
/root/WorkSpace/CSharp/TelegramSearchBot/feature/project-restructure-implementation/TelegramSearchBot.Test/Controller/Storage/MessageControllerTests.cs(274,44): warning CS8600: 将 null 文本或可能的 null 值转换为不可为 null 类型。 [/root/WorkSpace/CSharp/TelegramSearchBot/feature/project-restructure-implementation/TelegramSearchBot.Test/TelegramSearchBot.Test.csproj]
/root/WorkSpace/CSharp/TelegramSearchBot/feature/project-restructure-implementation/TelegramSearchBot.Test/Domain/Message/MessageServiceTests.cs(163,36): error CS0104: “MessageService”是“TelegramSearchBot.Domain.Message.MessageService”和“TelegramSearchBot.Service.Storage.MessageService”之间的不明确的引用 [/root/WorkSpace/CSharp/TelegramSearchBot/feature/project-restructure-implementation/TelegramSearchBot.Test/TelegramSearchBot.Test.csproj]
/root/WorkSpace/CSharp/TelegramSearchBot/feature/project-restructure-implementation/TelegramSearchBot.Test/Service/Storage/MessageServiceTests.cs(114,129): warning CS8604: “DataDbContext.DataDbContext(DbContextOptions<DataDbContext> options)”中的形参“options”可能传入 null 引用实参。 [/root/WorkSpace/CSharp/TelegramSearchBot/feature/project-restructure-implementation/TelegramSearchBot.Test/TelegramSearchBot.Test.csproj]
/root/WorkSpace/CSharp/TelegramSearchBot/feature/project-restructure-implementation/TelegramSearchBot.Test/Controllers/Search/SearchControllerTests.cs(256,48): warning CS8600: 将 null 文本或可能的 null 值转换为不可为 null 类型。 [/root/WorkSpace/CSharp/TelegramSearchBot/feature/project-restructure-implementation/TelegramSearchBot.Test/TelegramSearchBot.Test.csproj]
/root/WorkSpace/CSharp/TelegramSearchBot/feature/project-restructure-implementation/TelegramSearchBot.Test/Controllers/Search/SearchControllerTests.cs(257,50): warning CS8600: 将 null 文本或可能的 null 值转换为不可为 null 类型。 [/root/WorkSpace/CSharp/TelegramSearchBot/feature/project-restructure-implementation/TelegramSearchBot.Test/TelegramSearchBot.Test.csproj]
/root/WorkSpace/CSharp/TelegramSearchBot/feature/project-restructure-implementation/TelegramSearchBot.Test/Performance/MessageProcessingBenchmarks.cs(151,21): error CS1739: “CreateValidMessage”的最佳重载没有名为“fromUserId”的参数 [/root/WorkSpace/CSharp/TelegramSearchBot/feature/project-restructure-implementation/TelegramSearchBot.Test/TelegramSearchBot.Test.csproj]
/root/WorkSpace/CSharp/TelegramSearchBot/feature/project-restructure-implementation/TelegramSearchBot.Test/Service/AI/LLM/McpToolHelperTests.cs(274,56): warning CS8625: 无法将 null 字面量转换为非 null 的引用类型。 [/root/WorkSpace/CSharp/TelegramSearchBot/feature/project-restructure-implementation/TelegramSearchBot.Test/TelegramSearchBot.Test.csproj]
/root/WorkSpace/CSharp/TelegramSearchBot/feature/project-restructure-implementation/TelegramSearchBot.Test/Integration/MessageDatabaseIntegrationTests.cs(43,31): error CS7036: 未提供与“MessageRepository.MessageRepository(DataDbContext, ILogger<MessageRepository>)”的所需参数“logger”对应的参数 [/root/WorkSpace/CSharp/TelegramSearchBot/feature/project-restructure-implementation/TelegramSearchBot.Test/TelegramSearchBot.Test.csproj]
/root/WorkSpace/CSharp/TelegramSearchBot/feature/project-restructure-implementation/TelegramSearchBot.Test/Integration/MessageDatabaseIntegrationTests.cs(52,27): error CS0103: 当前上下文中不存在名称“MessageTestDataFactory” [/root/WorkSpace/CSharp/TelegramSearchBot/feature/project-restructure-implementation/TelegramSearchBot.Test/TelegramSearchBot.Test.csproj]
/root/WorkSpace/CSharp/TelegramSearchBot/feature/project-restructure-implementation/TelegramSearchBot.Test/Integration/MessageDatabaseIntegrationTests.cs(58,44): error CS1061: “MessageRepository”未包含“AddMessageAsync”的定义，并且找不到可接受第一个“MessageRepository”类型参数的可访问扩展方法“AddMessageAsync”(是否缺少 using 指令或程序集引用?) [/root/WorkSpace/CSharp/TelegramSearchBot/feature/project-restructure-implementation/TelegramSearchBot.Test/TelegramSearchBot.Test.csproj]
/root/WorkSpace/CSharp/TelegramSearchBot/feature/project-restructure-implementation/TelegramSearchBot.Test/Domain/Message/Performance/MessageProcessingPerformanceTests.cs(103,69): error CS0103: 当前上下文中不存在名称“CreateMockDbSet” [/root/WorkSpace/CSharp/TelegramSearchBot/feature/project-restructure-implementation/TelegramSearchBot.Test/TelegramSearchBot.Test.csproj]
/root/WorkSpace/CSharp/TelegramSearchBot/feature/project-restructure-implementation/TelegramSearchBot.Test/Domain/Message/Performance/MessageProcessingPerformanceTests.cs(104,63): error CS0103: 当前上下文中不存在名称“CreateMockDbSet” [/root/WorkSpace/CSharp/TelegramSearchBot/feature/project-restructure-implementation/TelegramSearchBot.Test/TelegramSearchBot.Test.csproj]
/root/WorkSpace/CSharp/TelegramSearchBot/feature/project-restructure-implementation/TelegramSearchBot.Test/Domain/Message/Performance/MessageProcessingPerformanceTests.cs(105,64): error CS0103: 当前上下文中不存在名称“CreateMockDbSet” [/root/WorkSpace/CSharp/TelegramSearchBot/feature/project-restructure-implementation/TelegramSearchBot.Test/TelegramSearchBot.Test.csproj]
/root/WorkSpace/CSharp/TelegramSearchBot/feature/project-restructure-implementation/TelegramSearchBot.Test/Domain/Message/Performance/MessageProcessingPerformanceTests.cs(106,63): error CS0103: 当前上下文中不存在名称“CreateMockDbSet” [/root/WorkSpace/CSharp/TelegramSearchBot/feature/project-restructure-implementation/TelegramSearchBot.Test/TelegramSearchBot.Test.csproj]
/root/WorkSpace/CSharp/TelegramSearchBot/feature/project-restructure-implementation/TelegramSearchBot.Test/Controller/AI/OCR/AutoOCRControllerTests.cs(456,31): warning CS8602: 解引用可能出现空引用。 [/root/WorkSpace/CSharp/TelegramSearchBot/feature/project-restructure-implementation/TelegramSearchBot.Test/TelegramSearchBot.Test.csproj]
/root/WorkSpace/CSharp/TelegramSearchBot/feature/project-restructure-implementation/TelegramSearchBot.Test/Service/Tools/MemoryServiceTest.cs(71,25): warning CS8602: 解引用可能出现空引用。 [/root/WorkSpace/CSharp/TelegramSearchBot/feature/project-restructure-implementation/TelegramSearchBot.Test/TelegramSearchBot.Test.csproj]
/root/WorkSpace/CSharp/TelegramSearchBot/feature/project-restructure-implementation/TelegramSearchBot.Test/Domain/Message/ValueObjects/MessageIdTests.cs(139,30): warning CS8625: 无法将 null 字面量转换为非 null 的引用类型。 [/root/WorkSpace/CSharp/TelegramSearchBot/feature/project-restructure-implementation/TelegramSearchBot.Test/TelegramSearchBot.Test.csproj]
/root/WorkSpace/CSharp/TelegramSearchBot/feature/project-restructure-implementation/TelegramSearchBot.Test/Integration/SimpleCoreIntegrationTests.cs(181,66): error CS0246: 未能找到类型或命名空间名“IMessageRepository”(是否缺少 using 指令或程序集引用?) [/root/WorkSpace/CSharp/TelegramSearchBot/feature/project-restructure-implementation/TelegramSearchBot.Test/TelegramSearchBot.Test.csproj]
/root/WorkSpace/CSharp/TelegramSearchBot/feature/project-restructure-implementation/TelegramSearchBot.Test/Integration/MessageDatabaseIntegrationTests.cs(79,27): error CS0103: 当前上下文中不存在名称“MessageTestDataFactory” [/root/WorkSpace/CSharp/TelegramSearchBot/feature/project-restructure-implementation/TelegramSearchBot.Test/TelegramSearchBot.Test.csproj]
/root/WorkSpace/CSharp/TelegramSearchBot/feature/project-restructure-implementation/TelegramSearchBot.Test/Integration/MessageDatabaseIntegrationTests.cs(88,44): error CS1061: “MessageRepository”未包含“GetMessageByIdAsync”的定义，并且找不到可接受第一个“MessageRepository”类型参数的可访问扩展方法“GetMessageByIdAsync”(是否缺少 using 指令或程序集引用?) [/root/WorkSpace/CSharp/TelegramSearchBot/feature/project-restructure-implementation/TelegramSearchBot.Test/TelegramSearchBot.Test.csproj]
/root/WorkSpace/CSharp/TelegramSearchBot/feature/project-restructure-implementation/TelegramSearchBot.Test/Performance/SearchPerformanceBenchmarks.cs(63,38): error CS1729: “MessageRepository”不包含采用 2 个参数的构造函数 [/root/WorkSpace/CSharp/TelegramSearchBot/feature/project-restructure-implementation/TelegramSearchBot.Test/TelegramSearchBot.Test.csproj]
/root/WorkSpace/CSharp/TelegramSearchBot/feature/project-restructure-implementation/TelegramSearchBot.Test/Integration/MessageDatabaseIntegrationTests.cs(103,27): error CS0103: 当前上下文中不存在名称“MessageTestDataFactory” [/root/WorkSpace/CSharp/TelegramSearchBot/feature/project-restructure-implementation/TelegramSearchBot.Test/TelegramSearchBot.Test.csproj]
/root/WorkSpace/CSharp/TelegramSearchBot/feature/project-restructure-implementation/TelegramSearchBot.Test/Integration/MessageDatabaseIntegrationTests.cs(112,44): error CS1061: “MessageRepository”未包含“UpdateMessageContentAsync”的定义，并且找不到可接受第一个“MessageRepository”类型参数的可访问扩展方法“UpdateMessageContentAsync”(是否缺少 using 指令或程序集引用?) [/root/WorkSpace/CSharp/TelegramSearchBot/feature/project-restructure-implementation/TelegramSearchBot.Test/TelegramSearchBot.Test.csproj]
/root/WorkSpace/CSharp/TelegramSearchBot/feature/project-restructure-implementation/TelegramSearchBot.Test/Service/Storage/MessageServiceTests.cs(179,149): warning CS8604: “DataDbContext.DataDbContext(DbContextOptions<DataDbContext> options)”中的形参“options”可能传入 null 引用实参。 [/root/WorkSpace/CSharp/TelegramSearchBot/feature/project-restructure-implementation/TelegramSearchBot.Test/TelegramSearchBot.Test.csproj]
/root/WorkSpace/CSharp/TelegramSearchBot/feature/project-restructure-implementation/TelegramSearchBot.Test/Domain/Message/MessageServiceTests.cs(205,51): warning CS8602: 解引用可能出现空引用。 [/root/WorkSpace/CSharp/TelegramSearchBot/feature/project-restructure-implementation/TelegramSearchBot.Test/TelegramSearchBot.Test.csproj]
/root/WorkSpace/CSharp/TelegramSearchBot/feature/project-restructure-implementation/TelegramSearchBot.Test/Domain/Message/MessageServiceTests.cs(207,21): warning CS8620: 由于引用类型的可为 null 性差异，Func<It.IsAnyType, Exception, string> 类型的实参不能用于 void ILogger.Log<IsAnyType>(LogLevel logLevel, EventId eventId, IsAnyType state, Exception? exception, Func<IsAnyType, Exception?, string> formatter) 中 Func<It.IsAnyType, Exception?, string> 类型的形参 formatter。 [/root/WorkSpace/CSharp/TelegramSearchBot/feature/project-restructure-implementation/TelegramSearchBot.Test/TelegramSearchBot.Test.csproj]
/root/WorkSpace/CSharp/TelegramSearchBot/feature/project-restructure-implementation/TelegramSearchBot.Test/Performance/MessageProcessingBenchmarks.cs(174,17): error CS1739: “CreateValidMessage”的最佳重载没有名为“fromUserId”的参数 [/root/WorkSpace/CSharp/TelegramSearchBot/feature/project-restructure-implementation/TelegramSearchBot.Test/TelegramSearchBot.Test.csproj]
/root/WorkSpace/CSharp/TelegramSearchBot/feature/project-restructure-implementation/TelegramSearchBot.Test/Controller/AI/LLM/AltPhotoControllerTests.cs(431,30): warning CS8602: 解引用可能出现空引用。 [/root/WorkSpace/CSharp/TelegramSearchBot/feature/project-restructure-implementation/TelegramSearchBot.Test/TelegramSearchBot.Test.csproj]
/root/WorkSpace/CSharp/TelegramSearchBot/feature/project-restructure-implementation/TelegramSearchBot.Test/Integration/SimpleCoreIntegrationTests.cs(212,66): error CS0246: 未能找到类型或命名空间名“IMessageRepository”(是否缺少 using 指令或程序集引用?) [/root/WorkSpace/CSharp/TelegramSearchBot/feature/project-restructure-implementation/TelegramSearchBot.Test/TelegramSearchBot.Test.csproj]
/root/WorkSpace/CSharp/TelegramSearchBot/feature/project-restructure-implementation/TelegramSearchBot.Test/Performance/SearchPerformanceBenchmarks.cs(136,52): error CS1061: “MessageRepository”未包含“SearchMessagesAsync”的定义，并且找不到可接受第一个“MessageRepository”类型参数的可访问扩展方法“SearchMessagesAsync”(是否缺少 using 指令或程序集引用?) [/root/WorkSpace/CSharp/TelegramSearchBot/feature/project-restructure-implementation/TelegramSearchBot.Test/TelegramSearchBot.Test.csproj]
/root/WorkSpace/CSharp/TelegramSearchBot/feature/project-restructure-implementation/TelegramSearchBot.Test/Controller/AI/OCR/AutoOCRControllerTests.cs(487,31): warning CS8602: 解引用可能出现空引用。 [/root/WorkSpace/CSharp/TelegramSearchBot/feature/project-restructure-implementation/TelegramSearchBot.Test/TelegramSearchBot.Test.csproj]
/root/WorkSpace/CSharp/TelegramSearchBot/feature/project-restructure-implementation/TelegramSearchBot.Test/Integration/MessageDatabaseIntegrationTests.cs(132,27): error CS0103: 当前上下文中不存在名称“MessageTestDataFactory” [/root/WorkSpace/CSharp/TelegramSearchBot/feature/project-restructure-implementation/TelegramSearchBot.Test/TelegramSearchBot.Test.csproj]
/root/WorkSpace/CSharp/TelegramSearchBot/feature/project-restructure-implementation/TelegramSearchBot.Test/Integration/MessageDatabaseIntegrationTests.cs(146,44): error CS1061: “MessageRepository”未包含“DeleteMessageAsync”的定义，并且找不到可接受第一个“MessageRepository”类型参数的可访问扩展方法“DeleteMessageAsync”(是否缺少 using 指令或程序集引用?) [/root/WorkSpace/CSharp/TelegramSearchBot/feature/project-restructure-implementation/TelegramSearchBot.Test/TelegramSearchBot.Test.csproj]
/root/WorkSpace/CSharp/TelegramSearchBot/feature/project-restructure-implementation/TelegramSearchBot.Test/Manager/SendMessageSimpleTests.cs(133,29): error CS0854: 表达式树可能不包含使用可选参数的调用 [/root/WorkSpace/CSharp/TelegramSearchBot/feature/project-restructure-implementation/TelegramSearchBot.Test/TelegramSearchBot.Test.csproj]
/root/WorkSpace/CSharp/TelegramSearchBot/feature/project-restructure-implementation/TelegramSearchBot.Test/Manager/SendMessageSimpleTests.cs(158,40): error CS0854: 表达式树可能不包含使用可选参数的调用 [/root/WorkSpace/CSharp/TelegramSearchBot/feature/project-restructure-implementation/TelegramSearchBot.Test/TelegramSearchBot.Test.csproj]
/root/WorkSpace/CSharp/TelegramSearchBot/feature/project-restructure-implementation/TelegramSearchBot.Test/Integration/MessageRepositoryIntegrationTests.cs(42,31): error CS0104: “MessageRepository”是“TelegramSearchBot.Domain.Message.MessageRepository”和“TelegramSearchBot.Infrastructure.Persistence.Repositories.MessageRepository”之间的不明确的引用 [/root/WorkSpace/CSharp/TelegramSearchBot/feature/project-restructure-implementation/TelegramSearchBot.Test/TelegramSearchBot.Test.csproj]
/root/WorkSpace/CSharp/TelegramSearchBot/feature/project-restructure-implementation/TelegramSearchBot.Test/Integration/MessageDatabaseIntegrationTests.cs(166,30): error CS0103: 当前上下文中不存在名称“MessageTestDataFactory” [/root/WorkSpace/CSharp/TelegramSearchBot/feature/project-restructure-implementation/TelegramSearchBot.Test/TelegramSearchBot.Test.csproj]
/root/WorkSpace/CSharp/TelegramSearchBot/feature/project-restructure-implementation/TelegramSearchBot.Test/Integration/MessageDatabaseIntegrationTests.cs(173,26): error CS0103: 当前上下文中不存在名称“MessageTestDataFactory” [/root/WorkSpace/CSharp/TelegramSearchBot/feature/project-restructure-implementation/TelegramSearchBot.Test/TelegramSearchBot.Test.csproj]
/root/WorkSpace/CSharp/TelegramSearchBot/feature/project-restructure-implementation/TelegramSearchBot.Test/Integration/MessageDatabaseIntegrationTests.cs(182,45): error CS1061: “MessageRepository”未包含“GetMessagesByGroupIdAsync”的定义，并且找不到可接受第一个“MessageRepository”类型参数的可访问扩展方法“GetMessagesByGroupIdAsync”(是否缺少 using 指令或程序集引用?) [/root/WorkSpace/CSharp/TelegramSearchBot/feature/project-restructure-implementation/TelegramSearchBot.Test/TelegramSearchBot.Test.csproj]
/root/WorkSpace/CSharp/TelegramSearchBot/feature/project-restructure-implementation/TelegramSearchBot.Test/Performance/MessageProcessingBenchmarks.cs(196,17): error CS1739: “CreateValidMessage”的最佳重载没有名为“fromUserId”的参数 [/root/WorkSpace/CSharp/TelegramSearchBot/feature/project-restructure-implementation/TelegramSearchBot.Test/TelegramSearchBot.Test.csproj]
/root/WorkSpace/CSharp/TelegramSearchBot/feature/project-restructure-implementation/TelegramSearchBot.Test/Domain/Message/Integration/MessageProcessingIntegrationTests.cs(335,13): error CS0021: 无法将带 [] 的索引应用于“IEnumerable<MessageProcessingResult>”类型的表达式 [/root/WorkSpace/CSharp/TelegramSearchBot/feature/project-restructure-implementation/TelegramSearchBot.Test/TelegramSearchBot.Test.csproj]
/root/WorkSpace/CSharp/TelegramSearchBot/feature/project-restructure-implementation/TelegramSearchBot.Test/Domain/Message/Integration/MessageProcessingIntegrationTests.cs(336,13): error CS0021: 无法将带 [] 的索引应用于“IEnumerable<MessageProcessingResult>”类型的表达式 [/root/WorkSpace/CSharp/TelegramSearchBot/feature/project-restructure-implementation/TelegramSearchBot.Test/TelegramSearchBot.Test.csproj]
/root/WorkSpace/CSharp/TelegramSearchBot/feature/project-restructure-implementation/TelegramSearchBot.Test/Domain/Message/Integration/MessageProcessingIntegrationTests.cs(338,13): error CS0021: 无法将带 [] 的索引应用于“IEnumerable<MessageProcessingResult>”类型的表达式 [/root/WorkSpace/CSharp/TelegramSearchBot/feature/project-restructure-implementation/TelegramSearchBot.Test/TelegramSearchBot.Test.csproj]
/root/WorkSpace/CSharp/TelegramSearchBot/feature/project-restructure-implementation/TelegramSearchBot.Test/Domain/Message/Integration/MessageProcessingIntegrationTests.cs(339,13): error CS0021: 无法将带 [] 的索引应用于“IEnumerable<MessageProcessingResult>”类型的表达式 [/root/WorkSpace/CSharp/TelegramSearchBot/feature/project-restructure-implementation/TelegramSearchBot.Test/TelegramSearchBot.Test.csproj]
/root/WorkSpace/CSharp/TelegramSearchBot/feature/project-restructure-implementation/TelegramSearchBot.Test/Domain/Message/Integration/MessageProcessingIntegrationTests.cs(341,13): error CS0021: 无法将带 [] 的索引应用于“IEnumerable<MessageProcessingResult>”类型的表达式 [/root/WorkSpace/CSharp/TelegramSearchBot/feature/project-restructure-implementation/TelegramSearchBot.Test/TelegramSearchBot.Test.csproj]
/root/WorkSpace/CSharp/TelegramSearchBot/feature/project-restructure-implementation/TelegramSearchBot.Test/Domain/Message/Integration/MessageProcessingIntegrationTests.cs(342,13): error CS0021: 无法将带 [] 的索引应用于“IEnumerable<MessageProcessingResult>”类型的表达式 [/root/WorkSpace/CSharp/TelegramSearchBot/feature/project-restructure-implementation/TelegramSearchBot.Test/TelegramSearchBot.Test.csproj]
/root/WorkSpace/CSharp/TelegramSearchBot/feature/project-restructure-implementation/TelegramSearchBot.Test/Domain/Message/Integration/MessageProcessingIntegrationTests.cs(349,51): warning CS8602: 解引用可能出现空引用。 [/root/WorkSpace/CSharp/TelegramSearchBot/feature/project-restructure-implementation/TelegramSearchBot.Test/TelegramSearchBot.Test.csproj]
/root/WorkSpace/CSharp/TelegramSearchBot/feature/project-restructure-implementation/TelegramSearchBot.Test/Domain/Message/Integration/MessageProcessingIntegrationTests.cs(351,21): warning CS8620: 由于引用类型的可为 null 性差异，Func<It.IsAnyType, Exception, string> 类型的实参不能用于 void ILogger.Log<IsAnyType>(LogLevel logLevel, EventId eventId, IsAnyType state, Exception? exception, Func<IsAnyType, Exception?, string> formatter) 中 Func<It.IsAnyType, Exception?, string> 类型的形参 formatter。 [/root/WorkSpace/CSharp/TelegramSearchBot/feature/project-restructure-implementation/TelegramSearchBot.Test/TelegramSearchBot.Test.csproj]
/root/WorkSpace/CSharp/TelegramSearchBot/feature/project-restructure-implementation/TelegramSearchBot.Test/Performance/SearchPerformanceBenchmarks.cs(47,32): warning CS8618: 在退出构造函数时，不可为 null 的 字段 "_luceneManager" 必须包含非 null 值。请考虑添加 "required" 修饰符或将该 字段 声明为可为 null。 [/root/WorkSpace/CSharp/TelegramSearchBot/feature/project-restructure-implementation/TelegramSearchBot.Test/TelegramSearchBot.Test.csproj]
/root/WorkSpace/CSharp/TelegramSearchBot/feature/project-restructure-implementation/TelegramSearchBot.Test/Performance/SearchPerformanceBenchmarks.cs(48,93): warning CS8618: 在退出构造函数时，不可为 null 的 字段 "_messageRepository" 必须包含非 null 值。请考虑添加 "required" 修饰符或将该 字段 声明为可为 null。 [/root/WorkSpace/CSharp/TelegramSearchBot/feature/project-restructure-implementation/TelegramSearchBot.Test/TelegramSearchBot.Test.csproj]
/root/WorkSpace/CSharp/TelegramSearchBot/feature/project-restructure-implementation/TelegramSearchBot.Test/Performance/SearchPerformanceBenchmarks.cs(49,31): warning CS8618: 在退出构造函数时，不可为 null 的 字段 "_context" 必须包含非 null 值。请考虑添加 "required" 修饰符或将该 字段 声明为可为 null。 [/root/WorkSpace/CSharp/TelegramSearchBot/feature/project-restructure-implementation/TelegramSearchBot.Test/TelegramSearchBot.Test.csproj]
/root/WorkSpace/CSharp/TelegramSearchBot/feature/project-restructure-implementation/TelegramSearchBot.Test/Performance/SearchPerformanceBenchmarks.cs(50,60): warning CS8618: 在退出构造函数时，不可为 null 的 字段 "_indexedMessages" 必须包含非 null 值。请考虑添加 "required" 修饰符或将该 字段 声明为可为 null。 [/root/WorkSpace/CSharp/TelegramSearchBot/feature/project-restructure-implementation/TelegramSearchBot.Test/TelegramSearchBot.Test.csproj]
/root/WorkSpace/CSharp/TelegramSearchBot/feature/project-restructure-implementation/TelegramSearchBot.Test/Domain/Message/MessageProcessingPipelineTests.cs(363,51): warning CS8602: 解引用可能出现空引用。 [/root/WorkSpace/CSharp/TelegramSearchBot/feature/project-restructure-implementation/TelegramSearchBot.Test/TelegramSearchBot.Test.csproj]
/root/WorkSpace/CSharp/TelegramSearchBot/feature/project-restructure-implementation/TelegramSearchBot.Test/Domain/Message/MessageProcessingPipelineTests.cs(365,21): warning CS8620: 由于引用类型的可为 null 性差异，Func<It.IsAnyType, Exception, string> 类型的实参不能用于 void ILogger.Log<IsAnyType>(LogLevel logLevel, EventId eventId, IsAnyType state, Exception? exception, Func<IsAnyType, Exception?, string> formatter) 中 Func<It.IsAnyType, Exception?, string> 类型的形参 formatter。 [/root/WorkSpace/CSharp/TelegramSearchBot/feature/project-restructure-implementation/TelegramSearchBot.Test/TelegramSearchBot.Test.csproj]
/root/WorkSpace/CSharp/TelegramSearchBot/feature/project-restructure-implementation/TelegramSearchBot.Test/Integration/MinimalIntegrationTests.cs(50,32): error CS0246: 未能找到类型或命名空间名“IMessageRepository”(是否缺少 using 指令或程序集引用?) [/root/WorkSpace/CSharp/TelegramSearchBot/feature/project-restructure-implementation/TelegramSearchBot.Test/TelegramSearchBot.Test.csproj]
/root/WorkSpace/CSharp/TelegramSearchBot/feature/project-restructure-implementation/TelegramSearchBot.Test/Integration/MinimalIntegrationTests.cs(50,22): error CS0311: 类型“TelegramSearchBot.Domain.Message.MessageRepository”不能用作泛型类型或方法“ServiceCollectionServiceExtensions.AddScoped<TService, TImplementation>(IServiceCollection)”中的类型参数“TImplementation”。没有从“TelegramSearchBot.Domain.Message.MessageRepository”到“IMessageRepository”的隐式引用转换。 [/root/WorkSpace/CSharp/TelegramSearchBot/feature/project-restructure-implementation/TelegramSearchBot.Test/TelegramSearchBot.Test.csproj]
/root/WorkSpace/CSharp/TelegramSearchBot/feature/project-restructure-implementation/TelegramSearchBot.Test/Performance/MessageRepositoryBenchmarks.cs(59,31): error CS7036: 未提供与“MessageRepository.MessageRepository(DataDbContext, ILogger<MessageRepository>)”的所需参数“logger”对应的参数 [/root/WorkSpace/CSharp/TelegramSearchBot/feature/project-restructure-implementation/TelegramSearchBot.Test/TelegramSearchBot.Test.csproj]
/root/WorkSpace/CSharp/TelegramSearchBot/feature/project-restructure-implementation/TelegramSearchBot.Test/Performance/MessageRepositoryBenchmarks.cs(83,31): error CS1061: “MessageRepository”未包含“AddMessageAsync”的定义，并且找不到可接受第一个“MessageRepository”类型参数的可访问扩展方法“AddMessageAsync”(是否缺少 using 指令或程序集引用?) [/root/WorkSpace/CSharp/TelegramSearchBot/feature/project-restructure-implementation/TelegramSearchBot.Test/TelegramSearchBot.Test.csproj]
/root/WorkSpace/CSharp/TelegramSearchBot/feature/project-restructure-implementation/TelegramSearchBot.Test/Domain/Message/MessageServiceTests.cs(255,17): error CS1739: “CreateMessageWithReply”的最佳重载没有名为“userId”的参数 [/root/WorkSpace/CSharp/TelegramSearchBot/feature/project-restructure-implementation/TelegramSearchBot.Test/TelegramSearchBot.Test.csproj]
/root/WorkSpace/CSharp/TelegramSearchBot/feature/project-restructure-implementation/TelegramSearchBot.Test/Performance/MessageRepositoryBenchmarks.cs(101,35): error CS1061: “MessageRepository”未包含“AddMessageAsync”的定义，并且找不到可接受第一个“MessageRepository”类型参数的可访问扩展方法“AddMessageAsync”(是否缺少 using 指令或程序集引用?) [/root/WorkSpace/CSharp/TelegramSearchBot/feature/project-restructure-implementation/TelegramSearchBot.Test/TelegramSearchBot.Test.csproj]
/root/WorkSpace/CSharp/TelegramSearchBot/feature/project-restructure-implementation/TelegramSearchBot.Test/Performance/MessageRepositoryBenchmarks.cs(111,31): error CS1061: “MessageRepository”未包含“GetMessageByIdAsync”的定义，并且找不到可接受第一个“MessageRepository”类型参数的可访问扩展方法“GetMessageByIdAsync”(是否缺少 using 指令或程序集引用?) [/root/WorkSpace/CSharp/TelegramSearchBot/feature/project-restructure-implementation/TelegramSearchBot.Test/TelegramSearchBot.Test.csproj]
/root/WorkSpace/CSharp/TelegramSearchBot/feature/project-restructure-implementation/TelegramSearchBot.Test/Performance/MessageRepositoryBenchmarks.cs(118,46): error CS1061: “MessageRepository”未包含“GetMessagesByGroupIdAsync”的定义，并且找不到可接受第一个“MessageRepository”类型参数的可访问扩展方法“GetMessagesByGroupIdAsync”(是否缺少 using 指令或程序集引用?) [/root/WorkSpace/CSharp/TelegramSearchBot/feature/project-restructure-implementation/TelegramSearchBot.Test/TelegramSearchBot.Test.csproj]
/root/WorkSpace/CSharp/TelegramSearchBot/feature/project-restructure-implementation/TelegramSearchBot.Test/Performance/MessageRepositoryBenchmarks.cs(125,45): error CS1061: “MessageRepository”未包含“SearchMessagesAsync”的定义，并且找不到可接受第一个“MessageRepository”类型参数的可访问扩展方法“SearchMessagesAsync”(是否缺少 using 指令或程序集引用?) [/root/WorkSpace/CSharp/TelegramSearchBot/feature/project-restructure-implementation/TelegramSearchBot.Test/TelegramSearchBot.Test.csproj]
/root/WorkSpace/CSharp/TelegramSearchBot/feature/project-restructure-implementation/TelegramSearchBot.Test/Performance/MessageRepositoryBenchmarks.cs(131,46): error CS1061: “MessageRepository”未包含“GetMessagesByGroupIdAsync”的定义，并且找不到可接受第一个“MessageRepository”类型参数的可访问扩展方法“GetMessagesByGroupIdAsync”(是否缺少 using 指令或程序集引用?) [/root/WorkSpace/CSharp/TelegramSearchBot/feature/project-restructure-implementation/TelegramSearchBot.Test/TelegramSearchBot.Test.csproj]
/root/WorkSpace/CSharp/TelegramSearchBot/feature/project-restructure-implementation/TelegramSearchBot.Test/Performance/MessageRepositoryBenchmarks.cs(138,31): error CS1061: “MessageRepository”未包含“UpdateMessageContentAsync”的定义，并且找不到可接受第一个“MessageRepository”类型参数的可访问扩展方法“UpdateMessageContentAsync”(是否缺少 using 指令或程序集引用?) [/root/WorkSpace/CSharp/TelegramSearchBot/feature/project-restructure-implementation/TelegramSearchBot.Test/TelegramSearchBot.Test.csproj]
/root/WorkSpace/CSharp/TelegramSearchBot/feature/project-restructure-implementation/TelegramSearchBot.Test/Domain/Message/MessageServiceTests.cs(283,58): error CS1739: “CreateValidMessageOption”的最佳重载没有名为“replyTo”的参数 [/root/WorkSpace/CSharp/TelegramSearchBot/feature/project-restructure-implementation/TelegramSearchBot.Test/TelegramSearchBot.Test.csproj]
/root/WorkSpace/CSharp/TelegramSearchBot/feature/project-restructure-implementation/TelegramSearchBot.Test/Performance/MessageRepositoryBenchmarks.cs(146,31): error CS1061: “MessageRepository”未包含“DeleteMessageAsync”的定义，并且找不到可接受第一个“MessageRepository”类型参数的可访问扩展方法“DeleteMessageAsync”(是否缺少 using 指令或程序集引用?) [/root/WorkSpace/CSharp/TelegramSearchBot/feature/project-restructure-implementation/TelegramSearchBot.Test/TelegramSearchBot.Test.csproj]
/root/WorkSpace/CSharp/TelegramSearchBot/feature/project-restructure-implementation/TelegramSearchBot.Test/Performance/MessageProcessingBenchmarks.cs(267,21): error CS1739: “CreateValidMessage”的最佳重载没有名为“fromUserId”的参数 [/root/WorkSpace/CSharp/TelegramSearchBot/feature/project-restructure-implementation/TelegramSearchBot.Test/TelegramSearchBot.Test.csproj]
/root/WorkSpace/CSharp/TelegramSearchBot/feature/project-restructure-implementation/TelegramSearchBot.Test/Domain/Message/MessageServiceTests.cs(309,65): warning CS8625: 无法将 null 字面量转换为非 null 的引用类型。 [/root/WorkSpace/CSharp/TelegramSearchBot/feature/project-restructure-implementation/TelegramSearchBot.Test/TelegramSearchBot.Test.csproj]
/root/WorkSpace/CSharp/TelegramSearchBot/feature/project-restructure-implementation/TelegramSearchBot.Test/Integration/MessageRepositoryIntegrationTests.cs(63,80): error CS1061: “MessageContent”未包含“Text”的定义，并且找不到可接受第一个“MessageContent”类型参数的可访问扩展方法“Text”(是否缺少 using 指令或程序集引用?) [/root/WorkSpace/CSharp/TelegramSearchBot/feature/project-restructure-implementation/TelegramSearchBot.Test/TelegramSearchBot.Test.csproj]
/root/WorkSpace/CSharp/TelegramSearchBot/feature/project-restructure-implementation/TelegramSearchBot.Test/Integration/MinimalIntegrationTests.cs(69,66): error CS0246: 未能找到类型或命名空间名“IMessageRepository”(是否缺少 using 指令或程序集引用?) [/root/WorkSpace/CSharp/TelegramSearchBot/feature/project-restructure-implementation/TelegramSearchBot.Test/TelegramSearchBot.Test.csproj]
/root/WorkSpace/CSharp/TelegramSearchBot/feature/project-restructure-implementation/TelegramSearchBot.Test/Domain/Message/Integration/MessageProcessingIntegrationTests.cs(380,55): error CS1061: “ObjectAssertions”未包含“BeLessThan”的定义，并且找不到可接受第一个“ObjectAssertions”类型参数的可访问扩展方法“BeLessThan”(是否缺少 using 指令或程序集引用?) [/root/WorkSpace/CSharp/TelegramSearchBot/feature/project-restructure-implementation/TelegramSearchBot.Test/TelegramSearchBot.Test.csproj]
/root/WorkSpace/CSharp/TelegramSearchBot/feature/project-restructure-implementation/TelegramSearchBot.Test/Service/Common/AppConfigurationServiceTests.cs(94,66): warning CS8625: 无法将 null 字面量转换为非 null 的引用类型。 [/root/WorkSpace/CSharp/TelegramSearchBot/feature/project-restructure-implementation/TelegramSearchBot.Test/TelegramSearchBot.Test.csproj]
/root/WorkSpace/CSharp/TelegramSearchBot/feature/project-restructure-implementation/TelegramSearchBot.Test/Performance/MessageProcessingBenchmarks.cs(309,21): error CS1739: “CreateValidMessage”的最佳重载没有名为“fromUserId”的参数 [/root/WorkSpace/CSharp/TelegramSearchBot/feature/project-restructure-implementation/TelegramSearchBot.Test/TelegramSearchBot.Test.csproj]
/root/WorkSpace/CSharp/TelegramSearchBot/feature/project-restructure-implementation/TelegramSearchBot.Test/Performance/MessageProcessingBenchmarks.cs(43,43): warning CS8618: 在退出构造函数时，不可为 null 的 字段 "_pipeline" 必须包含非 null 值。请考虑添加 "required" 修饰符或将该 字段 声明为可为 null。 [/root/WorkSpace/CSharp/TelegramSearchBot/feature/project-restructure-implementation/TelegramSearchBot.Test/TelegramSearchBot.Test.csproj]
/root/WorkSpace/CSharp/TelegramSearchBot/feature/project-restructure-implementation/TelegramSearchBot.Test/Performance/MessageProcessingBenchmarks.cs(44,42): warning CS8618: 在退出构造函数时，不可为 null 的 字段 "_repositoryMock" 必须包含非 null 值。请考虑添加 "required" 修饰符或将该 字段 声明为可为 null。 [/root/WorkSpace/CSharp/TelegramSearchBot/feature/project-restructure-implementation/TelegramSearchBot.Test/TelegramSearchBot.Test.csproj]
/root/WorkSpace/CSharp/TelegramSearchBot/feature/project-restructure-implementation/TelegramSearchBot.Test/Performance/MessageProcessingBenchmarks.cs(45,48): warning CS8618: 在退出构造函数时，不可为 null 的 字段 "_vectorSearchMock" 必须包含非 null 值。请考虑添加 "required" 修饰符或将该 字段 声明为可为 null。 [/root/WorkSpace/CSharp/TelegramSearchBot/feature/project-restructure-implementation/TelegramSearchBot.Test/TelegramSearchBot.Test.csproj]
/root/WorkSpace/CSharp/TelegramSearchBot/feature/project-restructure-implementation/TelegramSearchBot.Test/Performance/MessageProcessingBenchmarks.cs(46,31): warning CS8618: 在退出构造函数时，不可为 null 的 字段 "_testMessages" 必须包含非 null 值。请考虑添加 "required" 修饰符或将该 字段 声明为可为 null。 [/root/WorkSpace/CSharp/TelegramSearchBot/feature/project-restructure-implementation/TelegramSearchBot.Test/TelegramSearchBot.Test.csproj]
/root/WorkSpace/CSharp/TelegramSearchBot/feature/project-restructure-implementation/TelegramSearchBot.Test/Controller/AI/OCR/AutoOCRControllerTests.cs(554,30): warning CS8602: 解引用可能出现空引用。 [/root/WorkSpace/CSharp/TelegramSearchBot/feature/project-restructure-implementation/TelegramSearchBot.Test/TelegramSearchBot.Test.csproj]
/root/WorkSpace/CSharp/TelegramSearchBot/feature/project-restructure-implementation/TelegramSearchBot.Test/Controller/AI/LLM/AltPhotoControllerTests.cs(461,31): warning CS8602: 解引用可能出现空引用。 [/root/WorkSpace/CSharp/TelegramSearchBot/feature/project-restructure-implementation/TelegramSearchBot.Test/TelegramSearchBot.Test.csproj]
/root/WorkSpace/CSharp/TelegramSearchBot/feature/project-restructure-implementation/TelegramSearchBot.Test/Integration/MessageDatabaseIntegrationTests.cs(199,34): error CS0103: 当前上下文中不存在名称“MessageTestDataFactory” [/root/WorkSpace/CSharp/TelegramSearchBot/feature/project-restructure-implementation/TelegramSearchBot.Test/TelegramSearchBot.Test.csproj]
/root/WorkSpace/CSharp/TelegramSearchBot/feature/project-restructure-implementation/TelegramSearchBot.Test/Integration/MessageDatabaseIntegrationTests.cs(207,30): error CS0103: 当前上下文中不存在名称“MessageTestDataFactory” [/root/WorkSpace/CSharp/TelegramSearchBot/feature/project-restructure-implementation/TelegramSearchBot.Test/TelegramSearchBot.Test.csproj]
/root/WorkSpace/CSharp/TelegramSearchBot/feature/project-restructure-implementation/TelegramSearchBot.Test/Integration/MessageDatabaseIntegrationTests.cs(217,45): error CS1061: “MessageRepository”未包含“GetMessagesByUserIdAsync”的定义，并且找不到可接受第一个“MessageRepository”类型参数的可访问扩展方法“GetMessagesByUserIdAsync”(是否缺少 using 指令或程序集引用?) [/root/WorkSpace/CSharp/TelegramSearchBot/feature/project-restructure-implementation/TelegramSearchBot.Test/TelegramSearchBot.Test.csproj]
/root/WorkSpace/CSharp/TelegramSearchBot/feature/project-restructure-implementation/TelegramSearchBot.Test/Performance/MessageRepositoryBenchmarks.cs(192,21): error CS1739: “CreateValidMessage”的最佳重载没有名为“fromUserId”的参数 [/root/WorkSpace/CSharp/TelegramSearchBot/feature/project-restructure-implementation/TelegramSearchBot.Test/TelegramSearchBot.Test.csproj]
/root/WorkSpace/CSharp/TelegramSearchBot/feature/project-restructure-implementation/TelegramSearchBot.Test/Performance/MessageRepositoryBenchmarks.cs(43,31): warning CS8618: 在退出构造函数时，不可为 null 的 字段 "_context" 必须包含非 null 值。请考虑添加 "required" 修饰符或将该 字段 声明为可为 null。 [/root/WorkSpace/CSharp/TelegramSearchBot/feature/project-restructure-implementation/TelegramSearchBot.Test/TelegramSearchBot.Test.csproj]
/root/WorkSpace/CSharp/TelegramSearchBot/feature/project-restructure-implementation/TelegramSearchBot.Test/Performance/MessageRepositoryBenchmarks.cs(44,68): warning CS8618: 在退出构造函数时，不可为 null 的 字段 "_repository" 必须包含非 null 值。请考虑添加 "required" 修饰符或将该 字段 声明为可为 null。 [/root/WorkSpace/CSharp/TelegramSearchBot/feature/project-restructure-implementation/TelegramSearchBot.Test/TelegramSearchBot.Test.csproj]
/root/WorkSpace/CSharp/TelegramSearchBot/feature/project-restructure-implementation/TelegramSearchBot.Test/Performance/MessageRepositoryBenchmarks.cs(45,31): warning CS8618: 在退出构造函数时，不可为 null 的 字段 "_testMessages" 必须包含非 null 值。请考虑添加 "required" 修饰符或将该 字段 声明为可为 null。 [/root/WorkSpace/CSharp/TelegramSearchBot/feature/project-restructure-implementation/TelegramSearchBot.Test/TelegramSearchBot.Test.csproj]
/root/WorkSpace/CSharp/TelegramSearchBot/feature/project-restructure-implementation/TelegramSearchBot.Test/Integration/MessageRepositoryIntegrationTests.cs(88,17): error CS0117: “Message”未包含“Processed”的定义 [/root/WorkSpace/CSharp/TelegramSearchBot/feature/project-restructure-implementation/TelegramSearchBot.Test/TelegramSearchBot.Test.csproj]
/root/WorkSpace/CSharp/TelegramSearchBot/feature/project-restructure-implementation/TelegramSearchBot.Test/Integration/MessageRepositoryIntegrationTests.cs(89,17): error CS0117: “Message”未包含“Vectorized”的定义 [/root/WorkSpace/CSharp/TelegramSearchBot/feature/project-restructure-implementation/TelegramSearchBot.Test/TelegramSearchBot.Test.csproj]
/root/WorkSpace/CSharp/TelegramSearchBot/feature/project-restructure-implementation/TelegramSearchBot.Test/Integration/MessageRepositoryIntegrationTests.cs(104,72): error CS1061: “MessageContent”未包含“Text”的定义，并且找不到可接受第一个“MessageContent”类型参数的可访问扩展方法“Text”(是否缺少 using 指令或程序集引用?) [/root/WorkSpace/CSharp/TelegramSearchBot/feature/project-restructure-implementation/TelegramSearchBot.Test/TelegramSearchBot.Test.csproj]
/root/WorkSpace/CSharp/TelegramSearchBot/feature/project-restructure-implementation/TelegramSearchBot.Test/Integration/MessageRepositoryIntegrationTests.cs(107,77): error CS1061: “MessageContent”未包含“Text”的定义，并且找不到可接受第一个“MessageContent”类型参数的可访问扩展方法“Text”(是否缺少 using 指令或程序集引用?) [/root/WorkSpace/CSharp/TelegramSearchBot/feature/project-restructure-implementation/TelegramSearchBot.Test/TelegramSearchBot.Test.csproj]
/root/WorkSpace/CSharp/TelegramSearchBot/feature/project-restructure-implementation/TelegramSearchBot.Test/Domain/Message/ValueObjects/MessageContentTests.cs(46,30): warning CS8600: 将 null 文本或可能的 null 值转换为不可为 null 类型。 [/root/WorkSpace/CSharp/TelegramSearchBot/feature/project-restructure-implementation/TelegramSearchBot.Test/TelegramSearchBot.Test.csproj]
/root/WorkSpace/CSharp/TelegramSearchBot/feature/project-restructure-implementation/TelegramSearchBot.Test/Domain/Message/ValueObjects/MessageContentTests.cs(49,51): warning CS8604: “MessageContent.MessageContent(string content)”中的形参“content”可能传入 null 引用实参。 [/root/WorkSpace/CSharp/TelegramSearchBot/feature/project-restructure-implementation/TelegramSearchBot.Test/TelegramSearchBot.Test.csproj]
/root/WorkSpace/CSharp/TelegramSearchBot/feature/project-restructure-implementation/TelegramSearchBot.Test/Controller/AI/OCR/AutoOCRControllerTests.cs(577,27): warning CS8602: 解引用可能出现空引用。 [/root/WorkSpace/CSharp/TelegramSearchBot/feature/project-restructure-implementation/TelegramSearchBot.Test/TelegramSearchBot.Test.csproj]
/root/WorkSpace/CSharp/TelegramSearchBot/feature/project-restructure-implementation/TelegramSearchBot.Test/Service/Common/AppConfigurationServiceTests.cs(146,54): warning CS8625: 无法将 null 字面量转换为非 null 的引用类型。 [/root/WorkSpace/CSharp/TelegramSearchBot/feature/project-restructure-implementation/TelegramSearchBot.Test/TelegramSearchBot.Test.csproj]
/root/WorkSpace/CSharp/TelegramSearchBot/feature/project-restructure-implementation/TelegramSearchBot.Test/Domain/Message/MessageServiceTests.cs(358,27): error CS1061: “MessageService”未包含“AddToLucene”的定义，并且找不到可接受第一个“MessageService”类型参数的可访问扩展方法“AddToLucene”(是否缺少 using 指令或程序集引用?) [/root/WorkSpace/CSharp/TelegramSearchBot/feature/project-restructure-implementation/TelegramSearchBot.Test/TelegramSearchBot.Test.csproj]
/root/WorkSpace/CSharp/TelegramSearchBot/feature/project-restructure-implementation/TelegramSearchBot.Test/Service/Tools/BraveSearchServiceTest.cs(40,33): warning CS8602: 解引用可能出现空引用。 [/root/WorkSpace/CSharp/TelegramSearchBot/feature/project-restructure-implementation/TelegramSearchBot.Test/TelegramSearchBot.Test.csproj]
/root/WorkSpace/CSharp/TelegramSearchBot/feature/project-restructure-implementation/TelegramSearchBot.Test/Service/Tools/BraveSearchServiceTest.cs(44,38): warning CS8600: 将 null 文本或可能的 null 值转换为不可为 null 类型。 [/root/WorkSpace/CSharp/TelegramSearchBot/feature/project-restructure-implementation/TelegramSearchBot.Test/TelegramSearchBot.Test.csproj]
/root/WorkSpace/CSharp/TelegramSearchBot/feature/project-restructure-implementation/TelegramSearchBot.Test/Integration/MessageDatabaseIntegrationTests.cs(234,17): error CS0103: 当前上下文中不存在名称“MessageTestDataFactory” [/root/WorkSpace/CSharp/TelegramSearchBot/feature/project-restructure-implementation/TelegramSearchBot.Test/TelegramSearchBot.Test.csproj]
/root/WorkSpace/CSharp/TelegramSearchBot/feature/project-restructure-implementation/TelegramSearchBot.Test/Integration/MessageDatabaseIntegrationTests.cs(240,17): error CS0103: 当前上下文中不存在名称“MessageTestDataFactory” [/root/WorkSpace/CSharp/TelegramSearchBot/feature/project-restructure-implementation/TelegramSearchBot.Test/TelegramSearchBot.Test.csproj]
/root/WorkSpace/CSharp/TelegramSearchBot/feature/project-restructure-implementation/TelegramSearchBot.Test/Integration/MessageDatabaseIntegrationTests.cs(246,17): error CS0103: 当前上下文中不存在名称“MessageTestDataFactory” [/root/WorkSpace/CSharp/TelegramSearchBot/feature/project-restructure-implementation/TelegramSearchBot.Test/TelegramSearchBot.Test.csproj]
/root/WorkSpace/CSharp/TelegramSearchBot/feature/project-restructure-implementation/TelegramSearchBot.Test/Integration/MessageDatabaseIntegrationTests.cs(252,17): error CS0103: 当前上下文中不存在名称“MessageTestDataFactory” [/root/WorkSpace/CSharp/TelegramSearchBot/feature/project-restructure-implementation/TelegramSearchBot.Test/TelegramSearchBot.Test.csproj]
/root/WorkSpace/CSharp/TelegramSearchBot/feature/project-restructure-implementation/TelegramSearchBot.Test/Integration/MessageDatabaseIntegrationTests.cs(266,45): error CS1061: “MessageRepository”未包含“GetMessagesByDateRangeAsync”的定义，并且找不到可接受第一个“MessageRepository”类型参数的可访问扩展方法“GetMessagesByDateRangeAsync”(是否缺少 using 指令或程序集引用?) [/root/WorkSpace/CSharp/TelegramSearchBot/feature/project-restructure-implementation/TelegramSearchBot.Test/TelegramSearchBot.Test.csproj]
/root/WorkSpace/CSharp/TelegramSearchBot/feature/project-restructure-implementation/TelegramSearchBot.Test/Domain/Message/MessageServiceTests.cs(378,27): error CS1061: “MessageService”未包含“AddToLucene”的定义，并且找不到可接受第一个“MessageService”类型参数的可访问扩展方法“AddToLucene”(是否缺少 using 指令或程序集引用?) [/root/WorkSpace/CSharp/TelegramSearchBot/feature/project-restructure-implementation/TelegramSearchBot.Test/TelegramSearchBot.Test.csproj]
/root/WorkSpace/CSharp/TelegramSearchBot/feature/project-restructure-implementation/TelegramSearchBot.Test/Domain/Message/MessageServiceTests.cs(387,51): warning CS8602: 解引用可能出现空引用。 [/root/WorkSpace/CSharp/TelegramSearchBot/feature/project-restructure-implementation/TelegramSearchBot.Test/TelegramSearchBot.Test.csproj]
/root/WorkSpace/CSharp/TelegramSearchBot/feature/project-restructure-implementation/TelegramSearchBot.Test/Domain/Message/MessageServiceTests.cs(389,21): warning CS8620: 由于引用类型的可为 null 性差异，Func<It.IsAnyType, Exception, string> 类型的实参不能用于 void ILogger.Log<IsAnyType>(LogLevel logLevel, EventId eventId, IsAnyType state, Exception? exception, Func<IsAnyType, Exception?, string> formatter) 中 Func<It.IsAnyType, Exception?, string> 类型的形参 formatter。 [/root/WorkSpace/CSharp/TelegramSearchBot/feature/project-restructure-implementation/TelegramSearchBot.Test/TelegramSearchBot.Test.csproj]
/root/WorkSpace/CSharp/TelegramSearchBot/feature/project-restructure-implementation/TelegramSearchBot.Test/Service/Tools/BraveSearchServiceTest.cs(79,33): warning CS8602: 解引用可能出现空引用。 [/root/WorkSpace/CSharp/TelegramSearchBot/feature/project-restructure-implementation/TelegramSearchBot.Test/TelegramSearchBot.Test.csproj]
/root/WorkSpace/CSharp/TelegramSearchBot/feature/project-restructure-implementation/TelegramSearchBot.Test/Domain/Message/MessageProcessingPipelineTests.cs(415,51): warning CS8602: 解引用可能出现空引用。 [/root/WorkSpace/CSharp/TelegramSearchBot/feature/project-restructure-implementation/TelegramSearchBot.Test/TelegramSearchBot.Test.csproj]
/root/WorkSpace/CSharp/TelegramSearchBot/feature/project-restructure-implementation/TelegramSearchBot.Test/Domain/Message/MessageProcessingPipelineTests.cs(417,21): warning CS8620: 由于引用类型的可为 null 性差异，Func<It.IsAnyType, Exception, string> 类型的实参不能用于 void ILogger.Log<IsAnyType>(LogLevel logLevel, EventId eventId, IsAnyType state, Exception? exception, Func<IsAnyType, Exception?, string> formatter) 中 Func<It.IsAnyType, Exception?, string> 类型的形参 formatter。 [/root/WorkSpace/CSharp/TelegramSearchBot/feature/project-restructure-implementation/TelegramSearchBot.Test/TelegramSearchBot.Test.csproj]
/root/WorkSpace/CSharp/TelegramSearchBot/feature/project-restructure-implementation/TelegramSearchBot.Test/Integration/MessageRepositoryIntegrationTests.cs(124,21): error CS0117: “Message”未包含“Processed”的定义 [/root/WorkSpace/CSharp/TelegramSearchBot/feature/project-restructure-implementation/TelegramSearchBot.Test/TelegramSearchBot.Test.csproj]
/root/WorkSpace/CSharp/TelegramSearchBot/feature/project-restructure-implementation/TelegramSearchBot.Test/Integration/MessageRepositoryIntegrationTests.cs(125,21): error CS0117: “Message”未包含“Vectorized”的定义 [/root/WorkSpace/CSharp/TelegramSearchBot/feature/project-restructure-implementation/TelegramSearchBot.Test/TelegramSearchBot.Test.csproj]
/root/WorkSpace/CSharp/TelegramSearchBot/feature/project-restructure-implementation/TelegramSearchBot.Test/Domain/Message/ValueObjects/MessageContentTests.cs(178,35): warning CS8625: 无法将 null 字面量转换为非 null 的引用类型。 [/root/WorkSpace/CSharp/TelegramSearchBot/feature/project-restructure-implementation/TelegramSearchBot.Test/TelegramSearchBot.Test.csproj]
/root/WorkSpace/CSharp/TelegramSearchBot/feature/project-restructure-implementation/TelegramSearchBot.Test/Service/Tools/BraveSearchServiceTest.cs(100,33): warning CS8602: 解引用可能出现空引用。 [/root/WorkSpace/CSharp/TelegramSearchBot/feature/project-restructure-implementation/TelegramSearchBot.Test/TelegramSearchBot.Test.csproj]
/root/WorkSpace/CSharp/TelegramSearchBot/feature/project-restructure-implementation/TelegramSearchBot.Test/Integration/MinimalIntegrationTests.cs(97,66): error CS0246: 未能找到类型或命名空间名“IMessageRepository”(是否缺少 using 指令或程序集引用?) [/root/WorkSpace/CSharp/TelegramSearchBot/feature/project-restructure-implementation/TelegramSearchBot.Test/TelegramSearchBot.Test.csproj]
/root/WorkSpace/CSharp/TelegramSearchBot/feature/project-restructure-implementation/TelegramSearchBot.Test/Controller/AI/OCR/AutoOCRControllerTests.cs(600,32): warning CS8602: 解引用可能出现空引用。 [/root/WorkSpace/CSharp/TelegramSearchBot/feature/project-restructure-implementation/TelegramSearchBot.Test/TelegramSearchBot.Test.csproj]
/root/WorkSpace/CSharp/TelegramSearchBot/feature/project-restructure-implementation/TelegramSearchBot.Test/Service/Tools/BraveSearchServiceTest.cs(122,33): warning CS8602: 解引用可能出现空引用。 [/root/WorkSpace/CSharp/TelegramSearchBot/feature/project-restructure-implementation/TelegramSearchBot.Test/TelegramSearchBot.Test.csproj]
/root/WorkSpace/CSharp/TelegramSearchBot/feature/project-restructure-implementation/TelegramSearchBot.Test/Domain/Message/Performance/MessageProcessingPerformanceTests.cs(302,73): error CS1503: 参数 1: 无法从“double”转换为“long” [/root/WorkSpace/CSharp/TelegramSearchBot/feature/project-restructure-implementation/TelegramSearchBot.Test/TelegramSearchBot.Test.csproj]
/root/WorkSpace/CSharp/TelegramSearchBot/feature/project-restructure-implementation/TelegramSearchBot.Test/Integration/MinimalIntegrationTests.cs(130,66): error CS0246: 未能找到类型或命名空间名“IMessageRepository”(是否缺少 using 指令或程序集引用?) [/root/WorkSpace/CSharp/TelegramSearchBot/feature/project-restructure-implementation/TelegramSearchBot.Test/TelegramSearchBot.Test.csproj]
/root/WorkSpace/CSharp/TelegramSearchBot/feature/project-restructure-implementation/TelegramSearchBot.Test/Domain/Message/MessageProcessingPipelineTests.cs(450,13): error CS0021: 无法将带 [] 的索引应用于“IEnumerable<MessageProcessingResult>”类型的表达式 [/root/WorkSpace/CSharp/TelegramSearchBot/feature/project-restructure-implementation/TelegramSearchBot.Test/TelegramSearchBot.Test.csproj]
/root/WorkSpace/CSharp/TelegramSearchBot/feature/project-restructure-implementation/TelegramSearchBot.Test/Domain/Message/MessageProcessingPipelineTests.cs(451,13): error CS0021: 无法将带 [] 的索引应用于“IEnumerable<MessageProcessingResult>”类型的表达式 [/root/WorkSpace/CSharp/TelegramSearchBot/feature/project-restructure-implementation/TelegramSearchBot.Test/TelegramSearchBot.Test.csproj]
/root/WorkSpace/CSharp/TelegramSearchBot/feature/project-restructure-implementation/TelegramSearchBot.Test/Domain/Message/MessageProcessingPipelineTests.cs(453,13): error CS0021: 无法将带 [] 的索引应用于“IEnumerable<MessageProcessingResult>”类型的表达式 [/root/WorkSpace/CSharp/TelegramSearchBot/feature/project-restructure-implementation/TelegramSearchBot.Test/TelegramSearchBot.Test.csproj]
/root/WorkSpace/CSharp/TelegramSearchBot/feature/project-restructure-implementation/TelegramSearchBot.Test/Domain/Message/MessageProcessingPipelineTests.cs(454,13): error CS0021: 无法将带 [] 的索引应用于“IEnumerable<MessageProcessingResult>”类型的表达式 [/root/WorkSpace/CSharp/TelegramSearchBot/feature/project-restructure-implementation/TelegramSearchBot.Test/TelegramSearchBot.Test.csproj]
/root/WorkSpace/CSharp/TelegramSearchBot/feature/project-restructure-implementation/TelegramSearchBot.Test/Domain/Message/MessageProcessingPipelineTests.cs(456,13): error CS0021: 无法将带 [] 的索引应用于“IEnumerable<MessageProcessingResult>”类型的表达式 [/root/WorkSpace/CSharp/TelegramSearchBot/feature/project-restructure-implementation/TelegramSearchBot.Test/TelegramSearchBot.Test.csproj]
/root/WorkSpace/CSharp/TelegramSearchBot/feature/project-restructure-implementation/TelegramSearchBot.Test/Domain/Message/MessageProcessingPipelineTests.cs(457,13): error CS0021: 无法将带 [] 的索引应用于“IEnumerable<MessageProcessingResult>”类型的表达式 [/root/WorkSpace/CSharp/TelegramSearchBot/feature/project-restructure-implementation/TelegramSearchBot.Test/TelegramSearchBot.Test.csproj]
/root/WorkSpace/CSharp/TelegramSearchBot/feature/project-restructure-implementation/TelegramSearchBot.Test/Domain/Message/MessageProcessingPipelineTests.cs(464,51): warning CS8602: 解引用可能出现空引用。 [/root/WorkSpace/CSharp/TelegramSearchBot/feature/project-restructure-implementation/TelegramSearchBot.Test/TelegramSearchBot.Test.csproj]
/root/WorkSpace/CSharp/TelegramSearchBot/feature/project-restructure-implementation/TelegramSearchBot.Test/Domain/Message/MessageProcessingPipelineTests.cs(466,21): warning CS8620: 由于引用类型的可为 null 性差异，Func<It.IsAnyType, Exception, string> 类型的实参不能用于 void ILogger.Log<IsAnyType>(LogLevel logLevel, EventId eventId, IsAnyType state, Exception? exception, Func<IsAnyType, Exception?, string> formatter) 中 Func<It.IsAnyType, Exception?, string> 类型的形参 formatter。 [/root/WorkSpace/CSharp/TelegramSearchBot/feature/project-restructure-implementation/TelegramSearchBot.Test/TelegramSearchBot.Test.csproj]
/root/WorkSpace/CSharp/TelegramSearchBot/feature/project-restructure-implementation/TelegramSearchBot.Test/Service/Tools/BraveSearchServiceTest.cs(143,33): warning CS8602: 解引用可能出现空引用。 [/root/WorkSpace/CSharp/TelegramSearchBot/feature/project-restructure-implementation/TelegramSearchBot.Test/TelegramSearchBot.Test.csproj]
/root/WorkSpace/CSharp/TelegramSearchBot/feature/project-restructure-implementation/TelegramSearchBot.Test/Service/Tools/BraveSearchServiceTest.cs(147,38): warning CS8600: 将 null 文本或可能的 null 值转换为不可为 null 类型。 [/root/WorkSpace/CSharp/TelegramSearchBot/feature/project-restructure-implementation/TelegramSearchBot.Test/TelegramSearchBot.Test.csproj]
/root/WorkSpace/CSharp/TelegramSearchBot/feature/project-restructure-implementation/TelegramSearchBot.Test/Domain/Message/MessageProcessingPipelineTests.cs(477,74): warning CS8625: 无法将 null 字面量转换为非 null 的引用类型。 [/root/WorkSpace/CSharp/TelegramSearchBot/feature/project-restructure-implementation/TelegramSearchBot.Test/TelegramSearchBot.Test.csproj]
/root/WorkSpace/CSharp/TelegramSearchBot/feature/project-restructure-implementation/TelegramSearchBot.Test/Manage/EditLLMConfHelperTest.cs(248,33): warning CS8602: 解引用可能出现空引用。 [/root/WorkSpace/CSharp/TelegramSearchBot/feature/project-restructure-implementation/TelegramSearchBot.Test/TelegramSearchBot.Test.csproj]
/root/WorkSpace/CSharp/TelegramSearchBot/feature/project-restructure-implementation/TelegramSearchBot.Test/Integration/MessageRepositoryIntegrationTests.cs(161,17): error CS0117: “Message”未包含“Processed”的定义 [/root/WorkSpace/CSharp/TelegramSearchBot/feature/project-restructure-implementation/TelegramSearchBot.Test/TelegramSearchBot.Test.csproj]
/root/WorkSpace/CSharp/TelegramSearchBot/feature/project-restructure-implementation/TelegramSearchBot.Test/Integration/MessageRepositoryIntegrationTests.cs(162,17): error CS0117: “Message”未包含“Vectorized”的定义 [/root/WorkSpace/CSharp/TelegramSearchBot/feature/project-restructure-implementation/TelegramSearchBot.Test/TelegramSearchBot.Test.csproj]
/root/WorkSpace/CSharp/TelegramSearchBot/feature/project-restructure-implementation/TelegramSearchBot.Test/Integration/MessageRepositoryIntegrationTests.cs(172,37): error CS1503: 参数 1: 无法从“string”转换为“TelegramSearchBot.Domain.Message.ValueObjects.MessageContent” [/root/WorkSpace/CSharp/TelegramSearchBot/feature/project-restructure-implementation/TelegramSearchBot.Test/TelegramSearchBot.Test.csproj]
/root/WorkSpace/CSharp/TelegramSearchBot/feature/project-restructure-implementation/TelegramSearchBot.Test/Integration/MessageRepositoryIntegrationTests.cs(198,17): error CS0117: “Message”未包含“Processed”的定义 [/root/WorkSpace/CSharp/TelegramSearchBot/feature/project-restructure-implementation/TelegramSearchBot.Test/TelegramSearchBot.Test.csproj]
/root/WorkSpace/CSharp/TelegramSearchBot/feature/project-restructure-implementation/TelegramSearchBot.Test/Integration/MessageRepositoryIntegrationTests.cs(199,17): error CS0117: “Message”未包含“Vectorized”的定义 [/root/WorkSpace/CSharp/TelegramSearchBot/feature/project-restructure-implementation/TelegramSearchBot.Test/TelegramSearchBot.Test.csproj]
/root/WorkSpace/CSharp/TelegramSearchBot/feature/project-restructure-implementation/TelegramSearchBot.Test/Domain/Message/MessageProcessingPipelineTests.cs(526,55): error CS1061: “ObjectAssertions”未包含“BeLessThan”的定义，并且找不到可接受第一个“ObjectAssertions”类型参数的可访问扩展方法“BeLessThan”(是否缺少 using 指令或程序集引用?) [/root/WorkSpace/CSharp/TelegramSearchBot/feature/project-restructure-implementation/TelegramSearchBot.Test/TelegramSearchBot.Test.csproj]
/root/WorkSpace/CSharp/TelegramSearchBot/feature/project-restructure-implementation/TelegramSearchBot.Test/Domain/Message/Performance/MessageProcessingPerformanceTests.cs(430,59): error CS0103: 当前上下文中不存在名称“content” [/root/WorkSpace/CSharp/TelegramSearchBot/feature/project-restructure-implementation/TelegramSearchBot.Test/TelegramSearchBot.Test.csproj]
/root/WorkSpace/CSharp/TelegramSearchBot/feature/project-restructure-implementation/TelegramSearchBot.Test/Domain/Message/Performance/MessageProcessingPerformanceTests.cs(431,59): error CS0103: 当前上下文中不存在名称“content” [/root/WorkSpace/CSharp/TelegramSearchBot/feature/project-restructure-implementation/TelegramSearchBot.Test/TelegramSearchBot.Test.csproj]
/root/WorkSpace/CSharp/TelegramSearchBot/feature/project-restructure-implementation/TelegramSearchBot.Test/Domain/Message/Performance/MessageProcessingPerformanceTests.cs(432,59): error CS0103: 当前上下文中不存在名称“content” [/root/WorkSpace/CSharp/TelegramSearchBot/feature/project-restructure-implementation/TelegramSearchBot.Test/TelegramSearchBot.Test.csproj]
/root/WorkSpace/CSharp/TelegramSearchBot/feature/project-restructure-implementation/TelegramSearchBot.Test/Domain/Message/Performance/MessageProcessingPerformanceTests.cs(433,59): error CS0103: 当前上下文中不存在名称“content” [/root/WorkSpace/CSharp/TelegramSearchBot/feature/project-restructure-implementation/TelegramSearchBot.Test/TelegramSearchBot.Test.csproj]
/root/WorkSpace/CSharp/TelegramSearchBot/feature/project-restructure-implementation/TelegramSearchBot.Test/Domain/Message/MessageServiceTests.cs(407,40): error CS1061: “MessageService”未包含“AddToSqlite”的定义，并且找不到可接受第一个“MessageService”类型参数的可访问扩展方法“AddToSqlite”(是否缺少 using 指令或程序集引用?) [/root/WorkSpace/CSharp/TelegramSearchBot/feature/project-restructure-implementation/TelegramSearchBot.Test/TelegramSearchBot.Test.csproj]
/root/WorkSpace/CSharp/TelegramSearchBot/feature/project-restructure-implementation/TelegramSearchBot.Test/Domain/Message/MessageProcessingPipelineTests.cs(537,51): warning CS8600: 将 null 文本或可能的 null 值转换为不可为 null 类型。 [/root/WorkSpace/CSharp/TelegramSearchBot/feature/project-restructure-implementation/TelegramSearchBot.Test/TelegramSearchBot.Test.csproj]
/root/WorkSpace/CSharp/TelegramSearchBot/feature/project-restructure-implementation/TelegramSearchBot.Test/Integration/MessageDatabaseIntegrationTests.cs(283,17): error CS0103: 当前上下文中不存在名称“MessageTestDataFactory” [/root/WorkSpace/CSharp/TelegramSearchBot/feature/project-restructure-implementation/TelegramSearchBot.Test/TelegramSearchBot.Test.csproj]
/root/WorkSpace/CSharp/TelegramSearchBot/feature/project-restructure-implementation/TelegramSearchBot.Test/Integration/MessageDatabaseIntegrationTests.cs(288,17): error CS0103: 当前上下文中不存在名称“MessageTestDataFactory” [/root/WorkSpace/CSharp/TelegramSearchBot/feature/project-restructure-implementation/TelegramSearchBot.Test/TelegramSearchBot.Test.csproj]
/root/WorkSpace/CSharp/TelegramSearchBot/feature/project-restructure-implementation/TelegramSearchBot.Test/Integration/MessageDatabaseIntegrationTests.cs(293,17): error CS0103: 当前上下文中不存在名称“MessageTestDataFactory” [/root/WorkSpace/CSharp/TelegramSearchBot/feature/project-restructure-implementation/TelegramSearchBot.Test/TelegramSearchBot.Test.csproj]
/root/WorkSpace/CSharp/TelegramSearchBot/feature/project-restructure-implementation/TelegramSearchBot.Test/Integration/MessageDatabaseIntegrationTests.cs(303,45): error CS1061: “MessageRepository”未包含“SearchMessagesAsync”的定义，并且找不到可接受第一个“MessageRepository”类型参数的可访问扩展方法“SearchMessagesAsync”(是否缺少 using 指令或程序集引用?) [/root/WorkSpace/CSharp/TelegramSearchBot/feature/project-restructure-implementation/TelegramSearchBot.Test/TelegramSearchBot.Test.csproj]
/root/WorkSpace/CSharp/TelegramSearchBot/feature/project-restructure-implementation/TelegramSearchBot.Test/Controller/Storage/MessageControllerTests.cs(421,60): warning CS8602: 解引用可能出现空引用。 [/root/WorkSpace/CSharp/TelegramSearchBot/feature/project-restructure-implementation/TelegramSearchBot.Test/TelegramSearchBot.Test.csproj]
/root/WorkSpace/CSharp/TelegramSearchBot/feature/project-restructure-implementation/TelegramSearchBot.Test/Domain/Message/MessageServiceTests.cs(432,40): error CS1061: “MessageService”未包含“AddToSqlite”的定义，并且找不到可接受第一个“MessageService”类型参数的可访问扩展方法“AddToSqlite”(是否缺少 using 指令或程序集引用?) [/root/WorkSpace/CSharp/TelegramSearchBot/feature/project-restructure-implementation/TelegramSearchBot.Test/TelegramSearchBot.Test.csproj]
/root/WorkSpace/CSharp/TelegramSearchBot/feature/project-restructure-implementation/TelegramSearchBot.Test/Domain/Message/MessageServiceTests.cs(425,34): warning CS8625: 无法将 null 字面量转换为非 null 的引用类型。 [/root/WorkSpace/CSharp/TelegramSearchBot/feature/project-restructure-implementation/TelegramSearchBot.Test/TelegramSearchBot.Test.csproj]
/root/WorkSpace/CSharp/TelegramSearchBot/feature/project-restructure-implementation/TelegramSearchBot.Test/Integration/MinimalIntegrationTests.cs(158,27): warning CS1998: 此异步方法缺少 "await" 运算符，将以同步方式运行。请考虑使用 "await" 运算符等待非阻止的 API 调用，或者使用 "await Task.Run(...)" 在后台线程上执行占用大量 CPU 的工作。 [/root/WorkSpace/CSharp/TelegramSearchBot/feature/project-restructure-implementation/TelegramSearchBot.Test/TelegramSearchBot.Test.csproj]
/root/WorkSpace/CSharp/TelegramSearchBot/feature/project-restructure-implementation/TelegramSearchBot.Test/Integration/MessageDatabaseIntegrationTests.cs(320,17): error CS0103: 当前上下文中不存在名称“MessageTestDataFactory” [/root/WorkSpace/CSharp/TelegramSearchBot/feature/project-restructure-implementation/TelegramSearchBot.Test/TelegramSearchBot.Test.csproj]
/root/WorkSpace/CSharp/TelegramSearchBot/feature/project-restructure-implementation/TelegramSearchBot.Test/Integration/MessageDatabaseIntegrationTests.cs(326,17): error CS0103: 当前上下文中不存在名称“MessageTestDataFactory” [/root/WorkSpace/CSharp/TelegramSearchBot/feature/project-restructure-implementation/TelegramSearchBot.Test/TelegramSearchBot.Test.csproj]
/root/WorkSpace/CSharp/TelegramSearchBot/feature/project-restructure-implementation/TelegramSearchBot.Test/Integration/MessageDatabaseIntegrationTests.cs(332,17): error CS0103: 当前上下文中不存在名称“MessageTestDataFactory” [/root/WorkSpace/CSharp/TelegramSearchBot/feature/project-restructure-implementation/TelegramSearchBot.Test/TelegramSearchBot.Test.csproj]
/root/WorkSpace/CSharp/TelegramSearchBot/feature/project-restructure-implementation/TelegramSearchBot.Test/Integration/MessageDatabaseIntegrationTests.cs(343,44): error CS1061: “MessageRepository”未包含“GetLatestMessageByGroupIdAsync”的定义，并且找不到可接受第一个“MessageRepository”类型参数的可访问扩展方法“GetLatestMessageByGroupIdAsync”(是否缺少 using 指令或程序集引用?) [/root/WorkSpace/CSharp/TelegramSearchBot/feature/project-restructure-implementation/TelegramSearchBot.Test/TelegramSearchBot.Test.csproj]
/root/WorkSpace/CSharp/TelegramSearchBot/feature/project-restructure-implementation/TelegramSearchBot.Test/Domain/Message/MessageProcessingPipelineTests.cs(585,63): error CS1503: 参数 1: 无法从“char”转换为“string” [/root/WorkSpace/CSharp/TelegramSearchBot/feature/project-restructure-implementation/TelegramSearchBot.Test/TelegramSearchBot.Test.csproj]
/root/WorkSpace/CSharp/TelegramSearchBot/feature/project-restructure-implementation/TelegramSearchBot.Test/Domain/Message/MessageProcessingPipelineTests.cs(586,63): error CS1503: 参数 1: 无法从“char”转换为“string” [/root/WorkSpace/CSharp/TelegramSearchBot/feature/project-restructure-implementation/TelegramSearchBot.Test/TelegramSearchBot.Test.csproj]
/root/WorkSpace/CSharp/TelegramSearchBot/feature/project-restructure-implementation/TelegramSearchBot.Test/Domain/Message/MessageProcessingPipelineTests.cs(587,63): error CS1503: 参数 1: 无法从“char”转换为“string” [/root/WorkSpace/CSharp/TelegramSearchBot/feature/project-restructure-implementation/TelegramSearchBot.Test/TelegramSearchBot.Test.csproj]
/root/WorkSpace/CSharp/TelegramSearchBot/feature/project-restructure-implementation/TelegramSearchBot.Test/Domain/Message/MessageProcessingPipelineTests.cs(566,51): warning CS8600: 将 null 文本或可能的 null 值转换为不可为 null 类型。 [/root/WorkSpace/CSharp/TelegramSearchBot/feature/project-restructure-implementation/TelegramSearchBot.Test/TelegramSearchBot.Test.csproj]
/root/WorkSpace/CSharp/TelegramSearchBot/feature/project-restructure-implementation/TelegramSearchBot.Test/Integration/MessageRepositoryIntegrationTests.cs(233,23): error CS1061: “MessageAggregate”未包含“AddExtension”的定义，并且找不到可接受第一个“MessageAggregate”类型参数的可访问扩展方法“AddExtension”(是否缺少 using 指令或程序集引用?) [/root/WorkSpace/CSharp/TelegramSearchBot/feature/project-restructure-implementation/TelegramSearchBot.Test/TelegramSearchBot.Test.csproj]
/root/WorkSpace/CSharp/TelegramSearchBot/feature/project-restructure-implementation/TelegramSearchBot.Test/Integration/MessageRepositoryIntegrationTests.cs(234,23): error CS1061: “MessageAggregate”未包含“AddExtension”的定义，并且找不到可接受第一个“MessageAggregate”类型参数的可访问扩展方法“AddExtension”(是否缺少 using 指令或程序集引用?) [/root/WorkSpace/CSharp/TelegramSearchBot/feature/project-restructure-implementation/TelegramSearchBot.Test/TelegramSearchBot.Test.csproj]
/root/WorkSpace/CSharp/TelegramSearchBot/feature/project-restructure-implementation/TelegramSearchBot.Test/Integration/MessageRepositoryIntegrationTests.cs(241,36): error CS1061: “MessageAggregate”未包含“Extensions”的定义，并且找不到可接受第一个“MessageAggregate”类型参数的可访问扩展方法“Extensions”(是否缺少 using 指令或程序集引用?) [/root/WorkSpace/CSharp/TelegramSearchBot/feature/project-restructure-implementation/TelegramSearchBot.Test/TelegramSearchBot.Test.csproj]
/root/WorkSpace/CSharp/TelegramSearchBot/feature/project-restructure-implementation/TelegramSearchBot.Test/Integration/MinimalIntegrationTests.cs(181,66): error CS0246: 未能找到类型或命名空间名“IMessageRepository”(是否缺少 using 指令或程序集引用?) [/root/WorkSpace/CSharp/TelegramSearchBot/feature/project-restructure-implementation/TelegramSearchBot.Test/TelegramSearchBot.Test.csproj]
/root/WorkSpace/CSharp/TelegramSearchBot/feature/project-restructure-implementation/TelegramSearchBot.Test/Integration/MessageDatabaseIntegrationTests.cs(360,30): error CS0103: 当前上下文中不存在名称“MessageTestDataFactory” [/root/WorkSpace/CSharp/TelegramSearchBot/feature/project-restructure-implementation/TelegramSearchBot.Test/TelegramSearchBot.Test.csproj]
/root/WorkSpace/CSharp/TelegramSearchBot/feature/project-restructure-implementation/TelegramSearchBot.Test/Integration/MessageDatabaseIntegrationTests.cs(367,26): error CS0103: 当前上下文中不存在名称“MessageTestDataFactory” [/root/WorkSpace/CSharp/TelegramSearchBot/feature/project-restructure-implementation/TelegramSearchBot.Test/TelegramSearchBot.Test.csproj]
/root/WorkSpace/CSharp/TelegramSearchBot/feature/project-restructure-implementation/TelegramSearchBot.Test/Integration/MessageDatabaseIntegrationTests.cs(376,43): error CS1061: “MessageRepository”未包含“GetMessageCountByGroupIdAsync”的定义，并且找不到可接受第一个“MessageRepository”类型参数的可访问扩展方法“GetMessageCountByGroupIdAsync”(是否缺少 using 指令或程序集引用?) [/root/WorkSpace/CSharp/TelegramSearchBot/feature/project-restructure-implementation/TelegramSearchBot.Test/TelegramSearchBot.Test.csproj]
/root/WorkSpace/CSharp/TelegramSearchBot/feature/project-restructure-implementation/TelegramSearchBot.Test/Domain/Message/MessageServiceTests.cs(454,40): error CS1061: “MessageService”未包含“AddToSqlite”的定义，并且找不到可接受第一个“MessageService”类型参数的可访问扩展方法“AddToSqlite”(是否缺少 using 指令或程序集引用?) [/root/WorkSpace/CSharp/TelegramSearchBot/feature/project-restructure-implementation/TelegramSearchBot.Test/TelegramSearchBot.Test.csproj]
/root/WorkSpace/CSharp/TelegramSearchBot/feature/project-restructure-implementation/TelegramSearchBot.Test/Domain/Message/MessageServiceTests.cs(447,34): warning CS8625: 无法将 null 字面量转换为非 null 的引用类型。 [/root/WorkSpace/CSharp/TelegramSearchBot/feature/project-restructure-implementation/TelegramSearchBot.Test/TelegramSearchBot.Test.csproj]
/root/WorkSpace/CSharp/TelegramSearchBot/feature/project-restructure-implementation/TelegramSearchBot.Test/Integration/MinimalIntegrationTests.cs(212,66): error CS0246: 未能找到类型或命名空间名“IMessageRepository”(是否缺少 using 指令或程序集引用?) [/root/WorkSpace/CSharp/TelegramSearchBot/feature/project-restructure-implementation/TelegramSearchBot.Test/TelegramSearchBot.Test.csproj]
/root/WorkSpace/CSharp/TelegramSearchBot/feature/project-restructure-implementation/TelegramSearchBot.Test/Integration/MessageRepositoryIntegrationTests.cs(302,40): error CS1061: “MessageContent”未包含“Text”的定义，并且找不到可接受第一个“MessageContent”类型参数的可访问扩展方法“Text”(是否缺少 using 指令或程序集引用?) [/root/WorkSpace/CSharp/TelegramSearchBot/feature/project-restructure-implementation/TelegramSearchBot.Test/TelegramSearchBot.Test.csproj]
/root/WorkSpace/CSharp/TelegramSearchBot/feature/project-restructure-implementation/TelegramSearchBot.Test/Integration/MessageDatabaseIntegrationTests.cs(399,35): error CS0103: 当前上下文中不存在名称“MessageTestDataFactory” [/root/WorkSpace/CSharp/TelegramSearchBot/feature/project-restructure-implementation/TelegramSearchBot.Test/TelegramSearchBot.Test.csproj]
/root/WorkSpace/CSharp/TelegramSearchBot/feature/project-restructure-implementation/TelegramSearchBot.Test/Integration/MessageDatabaseIntegrationTests.cs(403,46): error CS1061: “MessageRepository”未包含“AddMessageAsync”的定义，并且找不到可接受第一个“MessageRepository”类型参数的可访问扩展方法“AddMessageAsync”(是否缺少 using 指令或程序集引用?) [/root/WorkSpace/CSharp/TelegramSearchBot/feature/project-restructure-implementation/TelegramSearchBot.Test/TelegramSearchBot.Test.csproj]
/root/WorkSpace/CSharp/TelegramSearchBot/feature/project-restructure-implementation/TelegramSearchBot.Test/Integration/MessageDatabaseIntegrationTests.cs(434,30): error CS0103: 当前上下文中不存在名称“MessageTestDataFactory” [/root/WorkSpace/CSharp/TelegramSearchBot/feature/project-restructure-implementation/TelegramSearchBot.Test/TelegramSearchBot.Test.csproj]
/root/WorkSpace/CSharp/TelegramSearchBot/feature/project-restructure-implementation/TelegramSearchBot.Test/Integration/MessageDatabaseIntegrationTests.cs(447,45): error CS1061: “MessageRepository”未包含“GetMessagesByGroupIdAsync”的定义，并且找不到可接受第一个“MessageRepository”类型参数的可访问扩展方法“GetMessagesByGroupIdAsync”(是否缺少 using 指令或程序集引用?) [/root/WorkSpace/CSharp/TelegramSearchBot/feature/project-restructure-implementation/TelegramSearchBot.Test/TelegramSearchBot.Test.csproj]
/root/WorkSpace/CSharp/TelegramSearchBot/feature/project-restructure-implementation/TelegramSearchBot.Test/Integration/MessageDatabaseIntegrationTests.cs(452,51): error CS1061: “MessageRepository”未包含“SearchMessagesAsync”的定义，并且找不到可接受第一个“MessageRepository”类型参数的可访问扩展方法“SearchMessagesAsync”(是否缺少 using 指令或程序集引用?) [/root/WorkSpace/CSharp/TelegramSearchBot/feature/project-restructure-implementation/TelegramSearchBot.Test/TelegramSearchBot.Test.csproj]
/root/WorkSpace/CSharp/TelegramSearchBot/feature/project-restructure-implementation/TelegramSearchBot.Test/Service/Vector/VectorSearchIntegrationTests.cs(35,40): warning CS0414: 字段“VectorSearchIntegrationTests._searchService”已被赋值，但从未使用过它的值 [/root/WorkSpace/CSharp/TelegramSearchBot/feature/project-restructure-implementation/TelegramSearchBot.Test/TelegramSearchBot.Test.csproj]
/root/WorkSpace/CSharp/TelegramSearchBot/feature/project-restructure-implementation/TelegramSearchBot.Test/Domain/Message/MessageEntityRedGreenRefactorTests.cs(46,13): warning xUnit2002: Do not use Assert.NotNull() on value type 'DateTime'. Remove this assert. (https://xunit.net/xunit.analyzers/rules/xUnit2002) [/root/WorkSpace/CSharp/TelegramSearchBot/feature/project-restructure-implementation/TelegramSearchBot.Test/TelegramSearchBot.Test.csproj]
/root/WorkSpace/CSharp/TelegramSearchBot/feature/project-restructure-implementation/TelegramSearchBot.Test/Helpers/MockServiceFactory.cs(362,74): warning EF1001: Microsoft.EntityFrameworkCore.ChangeTracking.EntityEntry<T> is an internal API that supports the Entity Framework Core infrastructure and not subject to the same compatibility standards as public APIs. It may be changed or removed without notice in any release. [/root/WorkSpace/CSharp/TelegramSearchBot/feature/project-restructure-implementation/TelegramSearchBot.Test/TelegramSearchBot.Test.csproj]
/root/WorkSpace/CSharp/TelegramSearchBot/feature/project-restructure-implementation/TelegramSearchBot.Test/Helpers/MockServiceFactory.cs(362,134): warning EF1001: Microsoft.EntityFrameworkCore.ChangeTracking.Internal.InternalEntityEntry is an internal API that supports the Entity Framework Core infrastructure and not subject to the same compatibility standards as public APIs. It may be changed or removed without notice in any release. [/root/WorkSpace/CSharp/TelegramSearchBot/feature/project-restructure-implementation/TelegramSearchBot.Test/TelegramSearchBot.Test.csproj]
/root/WorkSpace/CSharp/TelegramSearchBot/feature/project-restructure-implementation/TelegramSearchBot.Test/Service/Tools/MemoryServiceTest.cs(61,13): warning xUnit2013: Do not use Assert.Equal() to check for collection size. Use Assert.Single instead. (https://xunit.net/xunit.analyzers/rules/xUnit2013) [/root/WorkSpace/CSharp/TelegramSearchBot/feature/project-restructure-implementation/TelegramSearchBot.Test/TelegramSearchBot.Test.csproj]
/root/WorkSpace/CSharp/TelegramSearchBot/feature/project-restructure-implementation/TelegramSearchBot.Test/Service/AI/LLM/McpToolHelperTests.cs(311,13): warning xUnit2013: Do not use Assert.Equal() to check for collection size. Use Assert.Single instead. (https://xunit.net/xunit.analyzers/rules/xUnit2013) [/root/WorkSpace/CSharp/TelegramSearchBot/feature/project-restructure-implementation/TelegramSearchBot.Test/TelegramSearchBot.Test.csproj]
/root/WorkSpace/CSharp/TelegramSearchBot/feature/project-restructure-implementation/TelegramSearchBot.Test/Service/Tools/MemoryServiceTest.cs(71,13): warning xUnit2009: Do not use Assert.True() to check for substrings. Use Assert.Contains instead. (https://xunit.net/xunit.analyzers/rules/xUnit2009) [/root/WorkSpace/CSharp/TelegramSearchBot/feature/project-restructure-implementation/TelegramSearchBot.Test/TelegramSearchBot.Test.csproj]
/root/WorkSpace/CSharp/TelegramSearchBot/feature/project-restructure-implementation/TelegramSearchBot.Test/Service/Tools/MemoryServiceTest.cs(72,13): warning xUnit2009: Do not use Assert.True() to check for substrings. Use Assert.Contains instead. (https://xunit.net/xunit.analyzers/rules/xUnit2009) [/root/WorkSpace/CSharp/TelegramSearchBot/feature/project-restructure-implementation/TelegramSearchBot.Test/TelegramSearchBot.Test.csproj]
/root/WorkSpace/CSharp/TelegramSearchBot/feature/project-restructure-implementation/TelegramSearchBot.Test/Service/AI/LLM/McpToolHelperTests.cs(325,13): warning xUnit2013: Do not use Assert.Equal() to check for collection size. Use Assert.Single instead. (https://xunit.net/xunit.analyzers/rules/xUnit2013) [/root/WorkSpace/CSharp/TelegramSearchBot/feature/project-restructure-implementation/TelegramSearchBot.Test/TelegramSearchBot.Test.csproj]
/root/WorkSpace/CSharp/TelegramSearchBot/feature/project-restructure-implementation/TelegramSearchBot.Test/Service/Tools/MemoryServiceTest.cs(100,13): warning xUnit2013: Do not use Assert.Equal() to check for collection size. Use Assert.Single instead. (https://xunit.net/xunit.analyzers/rules/xUnit2013) [/root/WorkSpace/CSharp/TelegramSearchBot/feature/project-restructure-implementation/TelegramSearchBot.Test/TelegramSearchBot.Test.csproj]
/root/WorkSpace/CSharp/TelegramSearchBot/feature/project-restructure-implementation/TelegramSearchBot.Test/Service/AI/LLM/McpToolHelperTests.cs(357,13): warning xUnit2013: Do not use Assert.Equal() to check for collection size. Use Assert.Single instead. (https://xunit.net/xunit.analyzers/rules/xUnit2013) [/root/WorkSpace/CSharp/TelegramSearchBot/feature/project-restructure-implementation/TelegramSearchBot.Test/TelegramSearchBot.Test.csproj]
/root/WorkSpace/CSharp/TelegramSearchBot/feature/project-restructure-implementation/TelegramSearchBot.Test/Service/AI/LLM/McpToolHelperTests.cs(373,13): warning xUnit2013: Do not use Assert.Equal() to check for collection size. Use Assert.Single instead. (https://xunit.net/xunit.analyzers/rules/xUnit2013) [/root/WorkSpace/CSharp/TelegramSearchBot/feature/project-restructure-implementation/TelegramSearchBot.Test/TelegramSearchBot.Test.csproj]
/root/WorkSpace/CSharp/TelegramSearchBot/feature/project-restructure-implementation/TelegramSearchBot.Test/Service/AI/LLM/McpToolHelperTests.cs(379,13): warning xUnit2013: Do not use Assert.Equal() to check for collection size. Use Assert.Single instead. (https://xunit.net/xunit.analyzers/rules/xUnit2013) [/root/WorkSpace/CSharp/TelegramSearchBot/feature/project-restructure-implementation/TelegramSearchBot.Test/TelegramSearchBot.Test.csproj]
/root/WorkSpace/CSharp/TelegramSearchBot/feature/project-restructure-implementation/TelegramSearchBot.Test/Service/Tools/MemoryServiceTest.cs(159,13): warning xUnit2017: Do not use Assert.True() to check if a value exists in a collection. Use Assert.Contains instead. (https://xunit.net/xunit.analyzers/rules/xUnit2017) [/root/WorkSpace/CSharp/TelegramSearchBot/feature/project-restructure-implementation/TelegramSearchBot.Test/TelegramSearchBot.Test.csproj]
/root/WorkSpace/CSharp/TelegramSearchBot/feature/project-restructure-implementation/TelegramSearchBot.Test/Service/AI/LLM/McpToolHelperTests.cs(371,13): warning xUnit2002: Do not use Assert.NotNull() on value type '(string toolName, Dictionary<string, string> arguments)'. Remove this assert. (https://xunit.net/xunit.analyzers/rules/xUnit2002) [/root/WorkSpace/CSharp/TelegramSearchBot/feature/project-restructure-implementation/TelegramSearchBot.Test/TelegramSearchBot.Test.csproj]
/root/WorkSpace/CSharp/TelegramSearchBot/feature/project-restructure-implementation/TelegramSearchBot.Test/Service/AI/LLM/McpToolHelperTests.cs(377,13): warning xUnit2002: Do not use Assert.NotNull() on value type '(string toolName, Dictionary<string, string> arguments)'. Remove this assert. (https://xunit.net/xunit.analyzers/rules/xUnit2002) [/root/WorkSpace/CSharp/TelegramSearchBot/feature/project-restructure-implementation/TelegramSearchBot.Test/TelegramSearchBot.Test.csproj]
/root/WorkSpace/CSharp/TelegramSearchBot/feature/project-restructure-implementation/TelegramSearchBot.Test/Service/Tools/MemoryServiceTest.cs(157,13): warning xUnit2013: Do not use Assert.Equal() to check for collection size. Use Assert.Single instead. (https://xunit.net/xunit.analyzers/rules/xUnit2013) [/root/WorkSpace/CSharp/TelegramSearchBot/feature/project-restructure-implementation/TelegramSearchBot.Test/TelegramSearchBot.Test.csproj]
/root/WorkSpace/CSharp/TelegramSearchBot/feature/project-restructure-implementation/TelegramSearchBot.Test/Service/Tools/MemoryServiceTest.cs(202,13): warning xUnit2013: Do not use Assert.Equal() to check for collection size. Use Assert.Single instead. (https://xunit.net/xunit.analyzers/rules/xUnit2013) [/root/WorkSpace/CSharp/TelegramSearchBot/feature/project-restructure-implementation/TelegramSearchBot.Test/TelegramSearchBot.Test.csproj]
/root/WorkSpace/CSharp/TelegramSearchBot/feature/project-restructure-implementation/TelegramSearchBot.Test/Service/Tools/MemoryServiceTest.cs(203,13): warning xUnit2013: Do not use Assert.Equal() to check for collection size. Use Assert.Single instead. (https://xunit.net/xunit.analyzers/rules/xUnit2013) [/root/WorkSpace/CSharp/TelegramSearchBot/feature/project-restructure-implementation/TelegramSearchBot.Test/TelegramSearchBot.Test.csproj]
/root/WorkSpace/CSharp/TelegramSearchBot/feature/project-restructure-implementation/TelegramSearchBot.Test/Service/Tools/MemoryServiceTest.cs(218,13): warning xUnit2009: Do not use Assert.True() to check for substrings. Use Assert.Contains instead. (https://xunit.net/xunit.analyzers/rules/xUnit2009) [/root/WorkSpace/CSharp/TelegramSearchBot/feature/project-restructure-implementation/TelegramSearchBot.Test/TelegramSearchBot.Test.csproj]
/root/WorkSpace/CSharp/TelegramSearchBot/feature/project-restructure-implementation/TelegramSearchBot.Test/Service/Tools/MemoryServiceTest.cs(233,13): warning xUnit2009: Do not use Assert.True() to check for substrings. Use Assert.Contains instead. (https://xunit.net/xunit.analyzers/rules/xUnit2009) [/root/WorkSpace/CSharp/TelegramSearchBot/feature/project-restructure-implementation/TelegramSearchBot.Test/TelegramSearchBot.Test.csproj]
/root/WorkSpace/CSharp/TelegramSearchBot/feature/project-restructure-implementation/TelegramSearchBot.Test/Service/Manage/AccountServiceTests.cs(287,50): warning xUnit1012: Null should not be used for type parameter 'expectedDescription' of type 'string'. Use a non-null value, or convert the parameter to a nullable type. (https://xunit.net/xunit.analyzers/rules/xUnit1012) [/root/WorkSpace/CSharp/TelegramSearchBot/feature/project-restructure-implementation/TelegramSearchBot.Test/TelegramSearchBot.Test.csproj]
/root/WorkSpace/CSharp/TelegramSearchBot/feature/project-restructure-implementation/TelegramSearchBot.Test/Service/Manage/AccountServiceTests.cs(288,56): warning xUnit1012: Null should not be used for type parameter 'expectedDescription' of type 'string'. Use a non-null value, or convert the parameter to a nullable type. (https://xunit.net/xunit.analyzers/rules/xUnit1012) [/root/WorkSpace/CSharp/TelegramSearchBot/feature/project-restructure-implementation/TelegramSearchBot.Test/TelegramSearchBot.Test.csproj]
/root/WorkSpace/CSharp/TelegramSearchBot/feature/project-restructure-implementation/TelegramSearchBot.Test/Service/Manage/AccountServiceTests.cs(289,49): warning xUnit1012: Null should not be used for type parameter 'expectedTag' of type 'string'. Use a non-null value, or convert the parameter to a nullable type. (https://xunit.net/xunit.analyzers/rules/xUnit1012) [/root/WorkSpace/CSharp/TelegramSearchBot/feature/project-restructure-implementation/TelegramSearchBot.Test/TelegramSearchBot.Test.csproj]
/root/WorkSpace/CSharp/TelegramSearchBot/feature/project-restructure-implementation/TelegramSearchBot.Test/Service/Manage/AccountServiceTests.cs(289,55): warning xUnit1012: Null should not be used for type parameter 'expectedDescription' of type 'string'. Use a non-null value, or convert the parameter to a nullable type. (https://xunit.net/xunit.analyzers/rules/xUnit1012) [/root/WorkSpace/CSharp/TelegramSearchBot/feature/project-restructure-implementation/TelegramSearchBot.Test/TelegramSearchBot.Test.csproj]
/root/WorkSpace/CSharp/TelegramSearchBot/feature/project-restructure-implementation/TelegramSearchBot.Test/Service/Manage/AccountServiceTests.cs(290,35): warning xUnit1012: Null should not be used for type parameter 'expectedTag' of type 'string'. Use a non-null value, or convert the parameter to a nullable type. (https://xunit.net/xunit.analyzers/rules/xUnit1012) [/root/WorkSpace/CSharp/TelegramSearchBot/feature/project-restructure-implementation/TelegramSearchBot.Test/TelegramSearchBot.Test.csproj]
/root/WorkSpace/CSharp/TelegramSearchBot/feature/project-restructure-implementation/TelegramSearchBot.Test/Service/Manage/AccountServiceTests.cs(290,41): warning xUnit1012: Null should not be used for type parameter 'expectedDescription' of type 'string'. Use a non-null value, or convert the parameter to a nullable type. (https://xunit.net/xunit.analyzers/rules/xUnit1012) [/root/WorkSpace/CSharp/TelegramSearchBot/feature/project-restructure-implementation/TelegramSearchBot.Test/TelegramSearchBot.Test.csproj]
/root/WorkSpace/CSharp/TelegramSearchBot/feature/project-restructure-implementation/TelegramSearchBot.Test/Service/Manage/AccountServiceTests.cs(291,37): warning xUnit1012: Null should not be used for type parameter 'expectedTag' of type 'string'. Use a non-null value, or convert the parameter to a nullable type. (https://xunit.net/xunit.analyzers/rules/xUnit1012) [/root/WorkSpace/CSharp/TelegramSearchBot/feature/project-restructure-implementation/TelegramSearchBot.Test/TelegramSearchBot.Test.csproj]
/root/WorkSpace/CSharp/TelegramSearchBot/feature/project-restructure-implementation/TelegramSearchBot.Test/Service/Manage/AccountServiceTests.cs(291,43): warning xUnit1012: Null should not be used for type parameter 'expectedDescription' of type 'string'. Use a non-null value, or convert the parameter to a nullable type. (https://xunit.net/xunit.analyzers/rules/xUnit1012) [/root/WorkSpace/CSharp/TelegramSearchBot/feature/project-restructure-implementation/TelegramSearchBot.Test/TelegramSearchBot.Test.csproj]

生成失败。

/root/WorkSpace/CSharp/TelegramSearchBot/feature/project-restructure-implementation/TelegramSearchBot.Vector/FaissVectorController.cs(55,52): warning CS8602: 解引用可能出现空引用。 [/root/WorkSpace/CSharp/TelegramSearchBot/feature/project-restructure-implementation/TelegramSearchBot.Vector/TelegramSearchBot.Vector.csproj]
/root/WorkSpace/CSharp/TelegramSearchBot/feature/project-restructure-implementation/TelegramSearchBot.Vector/Vector/ConversationSegmentationService.cs(155,58): warning CS8604: “List<string> ConversationSegmentationService.ExtractKeywords(string content)”中的形参“content”可能传入 null 引用实参。 [/root/WorkSpace/CSharp/TelegramSearchBot/feature/project-restructure-implementation/TelegramSearchBot.Vector/TelegramSearchBot.Vector.csproj]
/root/WorkSpace/CSharp/TelegramSearchBot/feature/project-restructure-implementation/TelegramSearchBot.Vector/FaissVectorController.cs(132,33): warning CS8602: 解引用可能出现空引用。 [/root/WorkSpace/CSharp/TelegramSearchBot/feature/project-restructure-implementation/TelegramSearchBot.Vector/TelegramSearchBot.Vector.csproj]
/root/WorkSpace/CSharp/TelegramSearchBot/feature/project-restructure-implementation/TelegramSearchBot.Vector/FaissVectorController.cs(140,33): warning CS8602: 解引用可能出现空引用。 [/root/WorkSpace/CSharp/TelegramSearchBot/feature/project-restructure-implementation/TelegramSearchBot.Vector/TelegramSearchBot.Vector.csproj]
/root/WorkSpace/CSharp/TelegramSearchBot/feature/project-restructure-implementation/TelegramSearchBot.Vector/FaissVectorController.cs(155,33): warning CS8602: 解引用可能出现空引用。 [/root/WorkSpace/CSharp/TelegramSearchBot/feature/project-restructure-implementation/TelegramSearchBot.Vector/TelegramSearchBot.Vector.csproj]
/root/WorkSpace/CSharp/TelegramSearchBot/feature/project-restructure-implementation/TelegramSearchBot.Vector/FaissVectorController.cs(210,33): warning CS8602: 解引用可能出现空引用。 [/root/WorkSpace/CSharp/TelegramSearchBot/feature/project-restructure-implementation/TelegramSearchBot.Vector/TelegramSearchBot.Vector.csproj]
/root/WorkSpace/CSharp/TelegramSearchBot/feature/project-restructure-implementation/TelegramSearchBot.Vector/FaissVectorController.cs(241,33): warning CS8602: 解引用可能出现空引用。 [/root/WorkSpace/CSharp/TelegramSearchBot/feature/project-restructure-implementation/TelegramSearchBot.Vector/TelegramSearchBot.Vector.csproj]
/root/WorkSpace/CSharp/TelegramSearchBot/feature/project-restructure-implementation/TelegramSearchBot.Vector/FaissVectorController.cs(249,33): warning CS8602: 解引用可能出现空引用。 [/root/WorkSpace/CSharp/TelegramSearchBot/feature/project-restructure-implementation/TelegramSearchBot.Vector/TelegramSearchBot.Vector.csproj]
/root/WorkSpace/CSharp/TelegramSearchBot/feature/project-restructure-implementation/TelegramSearchBot.Vector/FaissVectorController.cs(307,33): warning CS8602: 解引用可能出现空引用。 [/root/WorkSpace/CSharp/TelegramSearchBot/feature/project-restructure-implementation/TelegramSearchBot.Vector/TelegramSearchBot.Vector.csproj]
/root/WorkSpace/CSharp/TelegramSearchBot/feature/project-restructure-implementation/TelegramSearchBot.Vector/FaissVectorController.cs(315,33): warning CS8602: 解引用可能出现空引用。 [/root/WorkSpace/CSharp/TelegramSearchBot/feature/project-restructure-implementation/TelegramSearchBot.Vector/TelegramSearchBot.Vector.csproj]
/root/WorkSpace/CSharp/TelegramSearchBot/feature/project-restructure-implementation/TelegramSearchBot.Vector/Vector/ConversationSegmentationService.cs(379,36): warning CS1998: 此异步方法缺少 "await" 运算符，将以同步方式运行。请考虑使用 "await" 运算符等待非阻止的 API 调用，或者使用 "await Task.Run(...)" 在后台线程上执行占用大量 CPU 的工作。 [/root/WorkSpace/CSharp/TelegramSearchBot/feature/project-restructure-implementation/TelegramSearchBot.Vector/TelegramSearchBot.Vector.csproj]
/root/WorkSpace/CSharp/TelegramSearchBot/feature/project-restructure-implementation/TelegramSearchBot.Vector/FaissVectorController.cs(384,33): warning CS8602: 解引用可能出现空引用。 [/root/WorkSpace/CSharp/TelegramSearchBot/feature/project-restructure-implementation/TelegramSearchBot.Vector/TelegramSearchBot.Vector.csproj]
/root/WorkSpace/CSharp/TelegramSearchBot/feature/project-restructure-implementation/TelegramSearchBot.Vector/FaissVectorController.cs(392,33): warning CS8602: 解引用可能出现空引用。 [/root/WorkSpace/CSharp/TelegramSearchBot/feature/project-restructure-implementation/TelegramSearchBot.Vector/TelegramSearchBot.Vector.csproj]
/root/WorkSpace/CSharp/TelegramSearchBot/feature/project-restructure-implementation/TelegramSearchBot.Vector/FaissVectorService.cs(488,24): warning CS8603: 可能返回 null 引用。 [/root/WorkSpace/CSharp/TelegramSearchBot/feature/project-restructure-implementation/TelegramSearchBot.Vector/TelegramSearchBot.Vector.csproj]
/root/WorkSpace/CSharp/TelegramSearchBot/feature/project-restructure-implementation/TelegramSearchBot.Vector/FaissVectorService.cs(576,67): warning CS8600: 将 null 文本或可能的 null 值转换为不可为 null 类型。 [/root/WorkSpace/CSharp/TelegramSearchBot/feature/project-restructure-implementation/TelegramSearchBot.Vector/TelegramSearchBot.Vector.csproj]
/root/WorkSpace/CSharp/TelegramSearchBot/feature/project-restructure-implementation/TelegramSearchBot.Vector/FaissVectorService.cs(689,27): warning CS1998: 此异步方法缺少 "await" 运算符，将以同步方式运行。请考虑使用 "await" 运算符等待非阻止的 API 调用，或者使用 "await Task.Run(...)" 在后台线程上执行占用大量 CPU 的工作。 [/root/WorkSpace/CSharp/TelegramSearchBot/feature/project-restructure-implementation/TelegramSearchBot.Vector/TelegramSearchBot.Vector.csproj]
/root/WorkSpace/CSharp/TelegramSearchBot/feature/project-restructure-implementation/TelegramSearchBot.Vector/FaissVectorService.cs(695,27): warning CS1998: 此异步方法缺少 "await" 运算符，将以同步方式运行。请考虑使用 "await" 运算符等待非阻止的 API 调用，或者使用 "await Task.Run(...)" 在后台线程上执行占用大量 CPU 的工作。 [/root/WorkSpace/CSharp/TelegramSearchBot/feature/project-restructure-implementation/TelegramSearchBot.Vector/TelegramSearchBot.Vector.csproj]
/root/WorkSpace/CSharp/TelegramSearchBot/feature/project-restructure-implementation/TelegramSearchBot.Vector/FaissVectorService.cs(701,27): warning CS1998: 此异步方法缺少 "await" 运算符，将以同步方式运行。请考虑使用 "await" 运算符等待非阻止的 API 调用，或者使用 "await Task.Run(...)" 在后台线程上执行占用大量 CPU 的工作。 [/root/WorkSpace/CSharp/TelegramSearchBot/feature/project-restructure-implementation/TelegramSearchBot.Vector/TelegramSearchBot.Vector.csproj]
/root/WorkSpace/CSharp/TelegramSearchBot/feature/project-restructure-implementation/TelegramSearchBot.Vector/FaissVectorService.cs(713,33): warning CS1998: 此异步方法缺少 "await" 运算符，将以同步方式运行。请考虑使用 "await" 运算符等待非阻止的 API 调用，或者使用 "await Task.Run(...)" 在后台线程上执行占用大量 CPU 的工作。 [/root/WorkSpace/CSharp/TelegramSearchBot/feature/project-restructure-implementation/TelegramSearchBot.Vector/TelegramSearchBot.Vector.csproj]
/root/WorkSpace/CSharp/TelegramSearchBot/feature/project-restructure-implementation/TelegramSearchBot.AI/RefreshService.cs(17,7): warning CS0105: “TelegramSearchBot.Interface”的 using 指令以前在此命名空间中出现过 [/root/WorkSpace/CSharp/TelegramSearchBot/feature/project-restructure-implementation/TelegramSearchBot.AI/TelegramSearchBot.AI.csproj]
/root/WorkSpace/CSharp/TelegramSearchBot/feature/project-restructure-implementation/TelegramSearchBot.AI/Helper/BiliHelper.cs(24,93): warning CS8625: 无法将 null 字面量转换为非 null 的引用类型。 [/root/WorkSpace/CSharp/TelegramSearchBot/feature/project-restructure-implementation/TelegramSearchBot.AI/TelegramSearchBot.AI.csproj]
/root/WorkSpace/CSharp/TelegramSearchBot/feature/project-restructure-implementation/TelegramSearchBot.AI/Helper/BiliHelper.cs(45,102): warning CS8625: 无法将 null 字面量转换为非 null 的引用类型。 [/root/WorkSpace/CSharp/TelegramSearchBot/feature/project-restructure-implementation/TelegramSearchBot.AI/TelegramSearchBot.AI.csproj]
/root/WorkSpace/CSharp/TelegramSearchBot/feature/project-restructure-implementation/TelegramSearchBot.AI/Helper/BiliHelper.cs(87,109): warning CS8625: 无法将 null 字面量转换为非 null 的引用类型。 [/root/WorkSpace/CSharp/TelegramSearchBot/feature/project-restructure-implementation/TelegramSearchBot.AI/TelegramSearchBot.AI.csproj]
/root/WorkSpace/CSharp/TelegramSearchBot/feature/project-restructure-implementation/TelegramSearchBot.AI/Interface/IAccountService.cs(13,155): warning CS8625: 无法将 null 字面量转换为非 null 的引用类型。 [/root/WorkSpace/CSharp/TelegramSearchBot/feature/project-restructure-implementation/TelegramSearchBot.AI/TelegramSearchBot.AI.csproj]
/root/WorkSpace/CSharp/TelegramSearchBot/feature/project-restructure-implementation/TelegramSearchBot.AI/Interface/IAccountService.cs(33,176): warning CS8625: 无法将 null 字面量转换为非 null 的引用类型。 [/root/WorkSpace/CSharp/TelegramSearchBot/feature/project-restructure-implementation/TelegramSearchBot.AI/TelegramSearchBot.AI.csproj]
/root/WorkSpace/CSharp/TelegramSearchBot/feature/project-restructure-implementation/TelegramSearchBot.AI/Interface/ISearchToolService.cs(19,32): warning CS8625: 无法将 null 字面量转换为非 null 的引用类型。 [/root/WorkSpace/CSharp/TelegramSearchBot/feature/project-restructure-implementation/TelegramSearchBot.AI/TelegramSearchBot.AI.csproj]
/root/WorkSpace/CSharp/TelegramSearchBot/feature/project-restructure-implementation/TelegramSearchBot.AI/Interface/ISearchToolService.cs(21,37): warning CS8625: 无法将 null 字面量转换为非 null 的引用类型。 [/root/WorkSpace/CSharp/TelegramSearchBot/feature/project-restructure-implementation/TelegramSearchBot.AI/TelegramSearchBot.AI.csproj]
/root/WorkSpace/CSharp/TelegramSearchBot/feature/project-restructure-implementation/TelegramSearchBot.AI/BotAPI/SendMessageService.cs(181,98): warning CS8625: 无法将 null 字面量转换为非 null 的引用类型。 [/root/WorkSpace/CSharp/TelegramSearchBot/feature/project-restructure-implementation/TelegramSearchBot.AI/TelegramSearchBot.AI.csproj]
/root/WorkSpace/CSharp/TelegramSearchBot/feature/project-restructure-implementation/TelegramSearchBot.AI/Interface/ISearchToolService.cs(22,32): warning CS8625: 无法将 null 字面量转换为非 null 的引用类型。 [/root/WorkSpace/CSharp/TelegramSearchBot/feature/project-restructure-implementation/TelegramSearchBot.AI/TelegramSearchBot.AI.csproj]
/root/WorkSpace/CSharp/TelegramSearchBot/feature/project-restructure-implementation/TelegramSearchBot.AI/Interface/ISearchToolService.cs(23,30): warning CS8625: 无法将 null 字面量转换为非 null 的引用类型。 [/root/WorkSpace/CSharp/TelegramSearchBot/feature/project-restructure-implementation/TelegramSearchBot.AI/TelegramSearchBot.AI.csproj]
/root/WorkSpace/CSharp/TelegramSearchBot/feature/project-restructure-implementation/TelegramSearchBot.AI/Interface/ISequentialThinkingService.cs(18,31): warning CS8625: 无法将 null 字面量转换为非 null 的引用类型。 [/root/WorkSpace/CSharp/TelegramSearchBot/feature/project-restructure-implementation/TelegramSearchBot.AI/TelegramSearchBot.AI.csproj]
/root/WorkSpace/CSharp/TelegramSearchBot/feature/project-restructure-implementation/TelegramSearchBot.AI/Interface/IShortUrlToolService.cs(11,39): warning CS8625: 无法将 null 字面量转换为非 null 的引用类型。 [/root/WorkSpace/CSharp/TelegramSearchBot/feature/project-restructure-implementation/TelegramSearchBot.AI/TelegramSearchBot.AI.csproj]
/root/WorkSpace/CSharp/TelegramSearchBot/feature/project-restructure-implementation/TelegramSearchBot.AI/Interface/IShortUrlToolService.cs(12,39): warning CS8625: 无法将 null 字面量转换为非 null 的引用类型。 [/root/WorkSpace/CSharp/TelegramSearchBot/feature/project-restructure-implementation/TelegramSearchBot.AI/TelegramSearchBot.AI.csproj]
/root/WorkSpace/CSharp/TelegramSearchBot/feature/project-restructure-implementation/TelegramSearchBot.AI/AI/LLM/GeminiService.cs(54,112): warning CS8625: 无法将 null 字面量转换为非 null 的引用类型。 [/root/WorkSpace/CSharp/TelegramSearchBot/feature/project-restructure-implementation/TelegramSearchBot.AI/TelegramSearchBot.AI.csproj]
/root/WorkSpace/CSharp/TelegramSearchBot/feature/project-restructure-implementation/TelegramSearchBot.AI/AI/LLM/GeneralLLMService.cs(96,47): warning CS8425: 异步迭代器“GeneralLLMService.ExecAsync(Message, long, string, ILLMService, LLMChannel, CancellationToken)”具有一个或多个类型为 "CancellationToken" 的参数，但它们都未用 "EnumeratorCancellation" 属性修饰，因此将不使用所生成的 "IAsyncEnumerable<>.GetAsyncEnumerator" 中的取消令牌参数 [/root/WorkSpace/CSharp/TelegramSearchBot/feature/project-restructure-implementation/TelegramSearchBot.AI/TelegramSearchBot.AI.csproj]
/root/WorkSpace/CSharp/TelegramSearchBot/feature/project-restructure-implementation/TelegramSearchBot.AI/AI/LLM/GeneralLLMService.cs(205,47): warning CS8425: 异步迭代器“GeneralLLMService.AnalyzeImageAsync(string, long, string, ILLMService, LLMChannel, CancellationToken)”具有一个或多个类型为 "CancellationToken" 的参数，但它们都未用 "EnumeratorCancellation" 属性修饰，因此将不使用所生成的 "IAsyncEnumerable<>.GetAsyncEnumerator" 中的取消令牌参数 [/root/WorkSpace/CSharp/TelegramSearchBot/feature/project-restructure-implementation/TelegramSearchBot.AI/TelegramSearchBot.AI.csproj]
/root/WorkSpace/CSharp/TelegramSearchBot/feature/project-restructure-implementation/TelegramSearchBot.AI/AI/LLM/GeneralLLMService.cs(240,48): warning CS8425: 异步迭代器“GeneralLLMService.GenerateEmbeddingsAsync(string, string, ILLMService, LLMChannel, CancellationToken)”具有一个或多个类型为 "CancellationToken" 的参数，但它们都未用 "EnumeratorCancellation" 属性修饰，因此将不使用所生成的 "IAsyncEnumerable<>.GetAsyncEnumerator" 中的取消令牌参数 [/root/WorkSpace/CSharp/TelegramSearchBot/feature/project-restructure-implementation/TelegramSearchBot.AI/TelegramSearchBot.AI.csproj]
/root/WorkSpace/CSharp/TelegramSearchBot/feature/project-restructure-implementation/TelegramSearchBot.AI/McpToolHelper.cs(554,156): warning CS8625: 无法将 null 字面量转换为非 null 的引用类型。 [/root/WorkSpace/CSharp/TelegramSearchBot/feature/project-restructure-implementation/TelegramSearchBot.AI/TelegramSearchBot.AI.csproj]
/root/WorkSpace/CSharp/TelegramSearchBot/feature/project-restructure-implementation/TelegramSearchBot.AI/Manage/AccountService.cs(32,168): warning CS8625: 无法将 null 字面量转换为非 null 的引用类型。 [/root/WorkSpace/CSharp/TelegramSearchBot/feature/project-restructure-implementation/TelegramSearchBot.AI/TelegramSearchBot.AI.csproj]
/root/WorkSpace/CSharp/TelegramSearchBot/feature/project-restructure-implementation/TelegramSearchBot.AI/Manage/AccountService.cs(131,189): warning CS8625: 无法将 null 字面量转换为非 null 的引用类型。 [/root/WorkSpace/CSharp/TelegramSearchBot/feature/project-restructure-implementation/TelegramSearchBot.AI/TelegramSearchBot.AI.csproj]
/root/WorkSpace/CSharp/TelegramSearchBot/feature/project-restructure-implementation/TelegramSearchBot.AI/RefreshService.cs(40,36): warning CS0108: “RefreshService._mediator”隐藏继承的成员“MessageService._mediator”。如果是有意隐藏，请使用关键字 new。 [/root/WorkSpace/CSharp/TelegramSearchBot/feature/project-restructure-implementation/TelegramSearchBot.AI/TelegramSearchBot.AI.csproj]
/root/WorkSpace/CSharp/TelegramSearchBot/feature/project-restructure-implementation/TelegramSearchBot.AI/AI/LLM/OpenAIService.cs(1221,74): warning CS8425: 异步迭代器“OpenAIService.ExecAsync(Message, long, CancellationToken)”具有一个或多个类型为 "CancellationToken" 的参数，但它们都未用 "EnumeratorCancellation" 属性修饰，因此将不使用所生成的 "IAsyncEnumerable<>.GetAsyncEnumerator" 中的取消令牌参数 [/root/WorkSpace/CSharp/TelegramSearchBot/feature/project-restructure-implementation/TelegramSearchBot.AI/TelegramSearchBot.AI.csproj]
/root/WorkSpace/CSharp/TelegramSearchBot/feature/project-restructure-implementation/TelegramSearchBot.AI/SearchToolService.cs(138,118): warning CS8625: 无法将 null 字面量转换为非 null 的引用类型。 [/root/WorkSpace/CSharp/TelegramSearchBot/feature/project-restructure-implementation/TelegramSearchBot.AI/TelegramSearchBot.AI.csproj]
/root/WorkSpace/CSharp/TelegramSearchBot/feature/project-restructure-implementation/TelegramSearchBot.AI/SearchToolService.cs(140,148): warning CS8625: 无法将 null 字面量转换为非 null 的引用类型。 [/root/WorkSpace/CSharp/TelegramSearchBot/feature/project-restructure-implementation/TelegramSearchBot.AI/TelegramSearchBot.AI.csproj]
/root/WorkSpace/CSharp/TelegramSearchBot/feature/project-restructure-implementation/TelegramSearchBot.AI/SearchToolService.cs(141,164): warning CS8625: 无法将 null 字面量转换为非 null 的引用类型。 [/root/WorkSpace/CSharp/TelegramSearchBot/feature/project-restructure-implementation/TelegramSearchBot.AI/TelegramSearchBot.AI.csproj]
/root/WorkSpace/CSharp/TelegramSearchBot/feature/project-restructure-implementation/TelegramSearchBot.AI/SearchToolService.cs(142,155): warning CS8625: 无法将 null 字面量转换为非 null 的引用类型。 [/root/WorkSpace/CSharp/TelegramSearchBot/feature/project-restructure-implementation/TelegramSearchBot.AI/TelegramSearchBot.AI.csproj]
/root/WorkSpace/CSharp/TelegramSearchBot/feature/project-restructure-implementation/TelegramSearchBot.AI/SequentialThinkingService.cs(169,87): warning CS8625: 无法将 null 字面量转换为非 null 的引用类型。 [/root/WorkSpace/CSharp/TelegramSearchBot/feature/project-restructure-implementation/TelegramSearchBot.AI/TelegramSearchBot.AI.csproj]
/root/WorkSpace/CSharp/TelegramSearchBot/feature/project-restructure-implementation/TelegramSearchBot.AI/ShortUrlToolService.cs(56,127): warning CS8625: 无法将 null 字面量转换为非 null 的引用类型。 [/root/WorkSpace/CSharp/TelegramSearchBot/feature/project-restructure-implementation/TelegramSearchBot.AI/TelegramSearchBot.AI.csproj]
/root/WorkSpace/CSharp/TelegramSearchBot/feature/project-restructure-implementation/TelegramSearchBot.AI/ShortUrlToolService.cs(57,127): warning CS8625: 无法将 null 字面量转换为非 null 的引用类型。 [/root/WorkSpace/CSharp/TelegramSearchBot/feature/project-restructure-implementation/TelegramSearchBot.AI/TelegramSearchBot.AI.csproj]
/root/WorkSpace/CSharp/TelegramSearchBot/feature/project-restructure-implementation/TelegramSearchBot.AI/Service/Processing/MessageProcessingPipeline.cs(316,23): warning CS8618: 在退出构造函数时，不可为 null 的 属性 "Message" 必须包含非 null 值。请考虑添加 "required" 修饰符或将该 属性 声明为可为 null。 [/root/WorkSpace/CSharp/TelegramSearchBot/feature/project-restructure-implementation/TelegramSearchBot.AI/TelegramSearchBot.AI.csproj]
/root/WorkSpace/CSharp/TelegramSearchBot/feature/project-restructure-implementation/TelegramSearchBot.AI/Helper/WordCloudHelper.cs(43,42): warning CS8625: 无法将 null 字面量转换为非 null 的引用类型。 [/root/WorkSpace/CSharp/TelegramSearchBot/feature/project-restructure-implementation/TelegramSearchBot.AI/TelegramSearchBot.AI.csproj]
/root/WorkSpace/CSharp/TelegramSearchBot/feature/project-restructure-implementation/TelegramSearchBot.AI/Helper/WordCloudHelper.cs(48,20): warning CS8603: 可能返回 null 引用。 [/root/WorkSpace/CSharp/TelegramSearchBot/feature/project-restructure-implementation/TelegramSearchBot.AI/TelegramSearchBot.AI.csproj]
/root/WorkSpace/CSharp/TelegramSearchBot/feature/project-restructure-implementation/TelegramSearchBot.AI/McpAttributes.cs(21,16): warning CS8618: 在退出构造函数时，不可为 null 的 属性 "Name" 必须包含非 null 值。请考虑添加 "required" 修饰符或将该 属性 声明为可为 null。 [/root/WorkSpace/CSharp/TelegramSearchBot/feature/project-restructure-implementation/TelegramSearchBot.AI/TelegramSearchBot.AI.csproj]
/root/WorkSpace/CSharp/TelegramSearchBot/feature/project-restructure-implementation/TelegramSearchBot.AI/OllamaService.cs(44,16): warning CS8618: 在退出构造函数时，不可为 null 的 属性 "BotName" 必须包含非 null 值。请考虑添加 "required" 修饰符或将该 属性 声明为可为 null。 [/root/WorkSpace/CSharp/TelegramSearchBot/feature/project-restructure-implementation/TelegramSearchBot.AI/TelegramSearchBot.AI.csproj]
/root/WorkSpace/CSharp/TelegramSearchBot/feature/project-restructure-implementation/TelegramSearchBot.AI/Model/ExportModel.cs(12,30): warning CS8618: 在退出构造函数时，不可为 null 的 属性 "Messages" 必须包含非 null 值。请考虑添加 "required" 修饰符或将该 属性 声明为可为 null。 [/root/WorkSpace/CSharp/TelegramSearchBot/feature/project-restructure-implementation/TelegramSearchBot.AI/TelegramSearchBot.AI.csproj]
/root/WorkSpace/CSharp/TelegramSearchBot/feature/project-restructure-implementation/TelegramSearchBot.AI/Model/ExportModel.cs(13,36): warning CS8618: 在退出构造函数时，不可为 null 的 属性 "Users" 必须包含非 null 值。请考虑添加 "required" 修饰符或将该 属性 声明为可为 null。 [/root/WorkSpace/CSharp/TelegramSearchBot/feature/project-restructure-implementation/TelegramSearchBot.AI/TelegramSearchBot.AI.csproj]
/root/WorkSpace/CSharp/TelegramSearchBot/feature/project-restructure-implementation/TelegramSearchBot.AI/Service/Processing/MessageProcessingPipeline.cs(112,35): warning CS8601: 可能的 null 引用赋值。 [/root/WorkSpace/CSharp/TelegramSearchBot/feature/project-restructure-implementation/TelegramSearchBot.AI/TelegramSearchBot.AI.csproj]
/root/WorkSpace/CSharp/TelegramSearchBot/feature/project-restructure-implementation/TelegramSearchBot.AI/SearchToolModels.cs(38,23): warning CS8618: 在退出构造函数时，不可为 null 的 属性 "Content" 必须包含非 null 值。请考虑添加 "required" 修饰符或将该 属性 声明为可为 null。 [/root/WorkSpace/CSharp/TelegramSearchBot/feature/project-restructure-implementation/TelegramSearchBot.AI/TelegramSearchBot.AI.csproj]
/root/WorkSpace/CSharp/TelegramSearchBot/feature/project-restructure-implementation/TelegramSearchBot.AI/SearchToolModels.cs(40,23): warning CS8618: 在退出构造函数时，不可为 null 的 属性 "SenderName" 必须包含非 null 值。请考虑添加 "required" 修饰符或将该 属性 声明为可为 null。 [/root/WorkSpace/CSharp/TelegramSearchBot/feature/project-restructure-implementation/TelegramSearchBot.AI/TelegramSearchBot.AI.csproj]
/root/WorkSpace/CSharp/TelegramSearchBot/feature/project-restructure-implementation/TelegramSearchBot.AI/SearchToolModels.cs(43,39): warning CS8618: 在退出构造函数时，不可为 null 的 属性 "Extensions" 必须包含非 null 值。请考虑添加 "required" 修饰符或将该 属性 声明为可为 null。 [/root/WorkSpace/CSharp/TelegramSearchBot/feature/project-restructure-implementation/TelegramSearchBot.AI/TelegramSearchBot.AI.csproj]
/root/WorkSpace/CSharp/TelegramSearchBot/feature/project-restructure-implementation/TelegramSearchBot.AI/SearchToolModels.cs(31,41): warning CS8618: 在退出构造函数时，不可为 null 的 属性 "Results" 必须包含非 null 值。请考虑添加 "required" 修饰符或将该 属性 声明为可为 null。 [/root/WorkSpace/CSharp/TelegramSearchBot/feature/project-restructure-implementation/TelegramSearchBot.AI/TelegramSearchBot.AI.csproj]
/root/WorkSpace/CSharp/TelegramSearchBot/feature/project-restructure-implementation/TelegramSearchBot.AI/SearchToolModels.cs(32,23): warning CS8618: 在退出构造函数时，不可为 null 的 属性 "Note" 必须包含非 null 值。请考虑添加 "required" 修饰符或将该 属性 声明为可为 null。 [/root/WorkSpace/CSharp/TelegramSearchBot/feature/project-restructure-implementation/TelegramSearchBot.AI/TelegramSearchBot.AI.csproj]
/root/WorkSpace/CSharp/TelegramSearchBot/feature/project-restructure-implementation/TelegramSearchBot.AI/SearchToolModels.cs(20,23): warning CS8618: 在退出构造函数时，不可为 null 的 属性 "ContentPreview" 必须包含非 null 值。请考虑添加 "required" 修饰符或将该 属性 声明为可为 null。 [/root/WorkSpace/CSharp/TelegramSearchBot/feature/project-restructure-implementation/TelegramSearchBot.AI/TelegramSearchBot.AI.csproj]
/root/WorkSpace/CSharp/TelegramSearchBot/feature/project-restructure-implementation/TelegramSearchBot.AI/SearchToolModels.cs(21,41): warning CS8618: 在退出构造函数时，不可为 null 的 属性 "ContextBefore" 必须包含非 null 值。请考虑添加 "required" 修饰符或将该 属性 声明为可为 null。 [/root/WorkSpace/CSharp/TelegramSearchBot/feature/project-restructure-implementation/TelegramSearchBot.AI/TelegramSearchBot.AI.csproj]
/root/WorkSpace/CSharp/TelegramSearchBot/feature/project-restructure-implementation/TelegramSearchBot.AI/SearchToolModels.cs(22,41): warning CS8618: 在退出构造函数时，不可为 null 的 属性 "ContextAfter" 必须包含非 null 值。请考虑添加 "required" 修饰符或将该 属性 声明为可为 null。 [/root/WorkSpace/CSharp/TelegramSearchBot/feature/project-restructure-implementation/TelegramSearchBot.AI/TelegramSearchBot.AI.csproj]
/root/WorkSpace/CSharp/TelegramSearchBot/feature/project-restructure-implementation/TelegramSearchBot.AI/SearchToolModels.cs(23,39): warning CS8618: 在退出构造函数时，不可为 null 的 属性 "Extensions" 必须包含非 null 值。请考虑添加 "required" 修饰符或将该 属性 声明为可为 null。 [/root/WorkSpace/CSharp/TelegramSearchBot/feature/project-restructure-implementation/TelegramSearchBot.AI/TelegramSearchBot.AI.csproj]
/root/WorkSpace/CSharp/TelegramSearchBot/feature/project-restructure-implementation/TelegramSearchBot.AI/SubProcessService.cs(18,16): warning CS8618: 在退出构造函数时，不可为 null 的 属性 "ForkName" 必须包含非 null 值。请考虑添加 "required" 修饰符或将该 属性 声明为可为 null。 [/root/WorkSpace/CSharp/TelegramSearchBot/feature/project-restructure-implementation/TelegramSearchBot.AI/TelegramSearchBot.AI.csproj]
/root/WorkSpace/CSharp/TelegramSearchBot/feature/project-restructure-implementation/TelegramSearchBot.AI/SearchToolModels.cs(9,23): warning CS8618: 在退出构造函数时，不可为 null 的 属性 "Query" 必须包含非 null 值。请考虑添加 "required" 修饰符或将该 属性 声明为可为 null。 [/root/WorkSpace/CSharp/TelegramSearchBot/feature/project-restructure-implementation/TelegramSearchBot.AI/TelegramSearchBot.AI.csproj]
/root/WorkSpace/CSharp/TelegramSearchBot/feature/project-restructure-implementation/TelegramSearchBot.AI/SearchToolModels.cs(13,39): warning CS8618: 在退出构造函数时，不可为 null 的 属性 "Results" 必须包含非 null 值。请考虑添加 "required" 修饰符或将该 属性 声明为可为 null。 [/root/WorkSpace/CSharp/TelegramSearchBot/feature/project-restructure-implementation/TelegramSearchBot.AI/TelegramSearchBot.AI.csproj]
/root/WorkSpace/CSharp/TelegramSearchBot/feature/project-restructure-implementation/TelegramSearchBot.AI/SearchToolModels.cs(14,23): warning CS8618: 在退出构造函数时，不可为 null 的 属性 "Note" 必须包含非 null 值。请考虑添加 "required" 修饰符或将该 属性 声明为可为 null。 [/root/WorkSpace/CSharp/TelegramSearchBot/feature/project-restructure-implementation/TelegramSearchBot.AI/TelegramSearchBot.AI.csproj]
/root/WorkSpace/CSharp/TelegramSearchBot/feature/project-restructure-implementation/TelegramSearchBot.AI/Model/Tools/ThoughtData.cs(57,23): warning CS8618: 在退出构造函数时，不可为 null 的 属性 "Error" 必须包含非 null 值。请考虑添加 "required" 修饰符或将该 属性 声明为可为 null。 [/root/WorkSpace/CSharp/TelegramSearchBot/feature/project-restructure-implementation/TelegramSearchBot.AI/TelegramSearchBot.AI.csproj]
/root/WorkSpace/CSharp/TelegramSearchBot/feature/project-restructure-implementation/TelegramSearchBot.AI/Model/Tools/ThoughtData.cs(60,23): warning CS8618: 在退出构造函数时，不可为 null 的 属性 "Status" 必须包含非 null 值。请考虑添加 "required" 修饰符或将该 属性 声明为可为 null。 [/root/WorkSpace/CSharp/TelegramSearchBot/feature/project-restructure-implementation/TelegramSearchBot.AI/TelegramSearchBot.AI.csproj]
/root/WorkSpace/CSharp/TelegramSearchBot/feature/project-restructure-implementation/TelegramSearchBot.AI/SearchNextPageController.cs(66,56): warning CS8602: 解引用可能出现空引用。 [/root/WorkSpace/CSharp/TelegramSearchBot/feature/project-restructure-implementation/TelegramSearchBot.AI/TelegramSearchBot.AI.csproj]
/root/WorkSpace/CSharp/TelegramSearchBot/feature/project-restructure-implementation/TelegramSearchBot.AI/SearchNextPageController.cs(73,85): warning CS8604: “Task<SearchOption> CallbackDataService.ParseCallbackDataAsync(string callbackData)”中的形参“callbackData”可能传入 null 引用实参。 [/root/WorkSpace/CSharp/TelegramSearchBot/feature/project-restructure-implementation/TelegramSearchBot.AI/TelegramSearchBot.AI.csproj]
/root/WorkSpace/CSharp/TelegramSearchBot/feature/project-restructure-implementation/TelegramSearchBot.AI/SearchNextPageController.cs(75,43): warning CS8602: 解引用可能出现空引用。 [/root/WorkSpace/CSharp/TelegramSearchBot/feature/project-restructure-implementation/TelegramSearchBot.AI/TelegramSearchBot.AI.csproj]
/root/WorkSpace/CSharp/TelegramSearchBot/feature/project-restructure-implementation/TelegramSearchBot.AI/Model/Tools/ThoughtData.cs(48,29): warning CS8618: 在退出构造函数时，不可为 null 的 属性 "Branches" 必须包含非 null 值。请考虑添加 "required" 修饰符或将该 属性 声明为可为 null。 [/root/WorkSpace/CSharp/TelegramSearchBot/feature/project-restructure-implementation/TelegramSearchBot.AI/TelegramSearchBot.AI.csproj]
/root/WorkSpace/CSharp/TelegramSearchBot/feature/project-restructure-implementation/TelegramSearchBot.AI/Model/Tools/ThoughtData.cs(9,23): warning CS8618: 在退出构造函数时，不可为 null 的 属性 "Thought" 必须包含非 null 值。请考虑添加 "required" 修饰符或将该 属性 声明为可为 null。 [/root/WorkSpace/CSharp/TelegramSearchBot/feature/project-restructure-implementation/TelegramSearchBot.AI/TelegramSearchBot.AI.csproj]
/root/WorkSpace/CSharp/TelegramSearchBot/feature/project-restructure-implementation/TelegramSearchBot.AI/Model/Tools/ThoughtData.cs(27,23): warning CS8618: 在退出构造函数时，不可为 null 的 属性 "BranchId" 必须包含非 null 值。请考虑添加 "required" 修饰符或将该 属性 声明为可为 null。 [/root/WorkSpace/CSharp/TelegramSearchBot/feature/project-restructure-implementation/TelegramSearchBot.AI/TelegramSearchBot.AI.csproj]
/root/WorkSpace/CSharp/TelegramSearchBot/feature/project-restructure-implementation/TelegramSearchBot.AI/Model/Tools/ShortUrlMappingResult.cs(7,23): warning CS8618: 在退出构造函数时，不可为 null 的 属性 "OriginalUrl" 必须包含非 null 值。请考虑添加 "required" 修饰符或将该 属性 声明为可为 null。 [/root/WorkSpace/CSharp/TelegramSearchBot/feature/project-restructure-implementation/TelegramSearchBot.AI/TelegramSearchBot.AI.csproj]
/root/WorkSpace/CSharp/TelegramSearchBot/feature/project-restructure-implementation/TelegramSearchBot.AI/Model/Tools/ShortUrlMappingResult.cs(8,23): warning CS8618: 在退出构造函数时，不可为 null 的 属性 "ExpandedUrl" 必须包含非 null 值。请考虑添加 "required" 修饰符或将该 属性 声明为可为 null。 [/root/WorkSpace/CSharp/TelegramSearchBot/feature/project-restructure-implementation/TelegramSearchBot.AI/TelegramSearchBot.AI.csproj]
/root/WorkSpace/CSharp/TelegramSearchBot/feature/project-restructure-implementation/TelegramSearchBot.AI/Model/Tools/BraveSearchResult.cs(24,23): warning CS8618: 在退出构造函数时，不可为 null 的 属性 "Name" 必须包含非 null 值。请考虑添加 "required" 修饰符或将该 属性 声明为可为 null。 [/root/WorkSpace/CSharp/TelegramSearchBot/feature/project-restructure-implementation/TelegramSearchBot.AI/TelegramSearchBot.AI.csproj]
/root/WorkSpace/CSharp/TelegramSearchBot/feature/project-restructure-implementation/TelegramSearchBot.AI/Model/Tools/BraveSearchResult.cs(25,23): warning CS8618: 在退出构造函数时，不可为 null 的 属性 "Url" 必须包含非 null 值。请考虑添加 "required" 修饰符或将该 属性 声明为可为 null。 [/root/WorkSpace/CSharp/TelegramSearchBot/feature/project-restructure-implementation/TelegramSearchBot.AI/TelegramSearchBot.AI.csproj]
/root/WorkSpace/CSharp/TelegramSearchBot/feature/project-restructure-implementation/TelegramSearchBot.AI/Model/Tools/BraveSearchResult.cs(26,23): warning CS8618: 在退出构造函数时，不可为 null 的 属性 "LongName" 必须包含非 null 值。请考虑添加 "required" 修饰符或将该 属性 声明为可为 null。 [/root/WorkSpace/CSharp/TelegramSearchBot/feature/project-restructure-implementation/TelegramSearchBot.AI/TelegramSearchBot.AI.csproj]
/root/WorkSpace/CSharp/TelegramSearchBot/feature/project-restructure-implementation/TelegramSearchBot.AI/Model/Tools/BraveSearchResult.cs(27,23): warning CS8618: 在退出构造函数时，不可为 null 的 属性 "Img" 必须包含非 null 值。请考虑添加 "required" 修饰符或将该 属性 声明为可为 null。 [/root/WorkSpace/CSharp/TelegramSearchBot/feature/project-restructure-implementation/TelegramSearchBot.AI/TelegramSearchBot.AI.csproj]
/root/WorkSpace/CSharp/TelegramSearchBot/feature/project-restructure-implementation/TelegramSearchBot.AI/SearchNextPageController.cs(136,55): warning CS8604: “Task TelegramBotClientExtensions.DeleteMessage(ITelegramBotClient botClient, ChatId chatId, int messageId, CancellationToken cancellationToken = default(CancellationToken))”中的形参“chatId”可能传入 null 引用实参。 [/root/WorkSpace/CSharp/TelegramSearchBot/feature/project-restructure-implementation/TelegramSearchBot.AI/TelegramSearchBot.AI.csproj]
/root/WorkSpace/CSharp/TelegramSearchBot/feature/project-restructure-implementation/TelegramSearchBot.AI/ShortUrlToolService.cs(34,24): warning CS8603: 可能返回 null 引用。 [/root/WorkSpace/CSharp/TelegramSearchBot/feature/project-restructure-implementation/TelegramSearchBot.AI/TelegramSearchBot.AI.csproj]
/root/WorkSpace/CSharp/TelegramSearchBot/feature/project-restructure-implementation/TelegramSearchBot.AI/ShortUrlToolService.cs(43,24): warning CS8603: 可能返回 null 引用。 [/root/WorkSpace/CSharp/TelegramSearchBot/feature/project-restructure-implementation/TelegramSearchBot.AI/TelegramSearchBot.AI.csproj]
/root/WorkSpace/CSharp/TelegramSearchBot/feature/project-restructure-implementation/TelegramSearchBot.AI/Helper/WordCloudHelper.cs(15,39): warning CS8618: 在退出构造函数时，不可为 null 的 字段 "_segmenter" 必须包含非 null 值。请考虑添加 "required" 修饰符或将该 字段 声明为可为 null。 [/root/WorkSpace/CSharp/TelegramSearchBot/feature/project-restructure-implementation/TelegramSearchBot.AI/TelegramSearchBot.AI.csproj]
/root/WorkSpace/CSharp/TelegramSearchBot/feature/project-restructure-implementation/TelegramSearchBot.AI/AI/ASR/AutoASRService.cs(17,16): warning CS8618: 在退出构造函数时，不可为 null 的 属性 "WhisperManager" 必须包含非 null 值。请考虑添加 "required" 修饰符或将该 属性 声明为可为 null。 [/root/WorkSpace/CSharp/TelegramSearchBot/feature/project-restructure-implementation/TelegramSearchBot.AI/TelegramSearchBot.AI.csproj]
/root/WorkSpace/CSharp/TelegramSearchBot/feature/project-restructure-implementation/TelegramSearchBot.AI/Scheduler/WordCloudTask.cs(31,16): warning CS8618: 在退出构造函数时，不可为 null 的 字段 "_heartbeatCallback" 必须包含非 null 值。请考虑添加 "required" 修饰符或将该 字段 声明为可为 null。 [/root/WorkSpace/CSharp/TelegramSearchBot/feature/project-restructure-implementation/TelegramSearchBot.AI/TelegramSearchBot.AI.csproj]
/root/WorkSpace/CSharp/TelegramSearchBot/feature/project-restructure-implementation/TelegramSearchBot.AI/SearchController.cs(75,26): warning CS8602: 解引用可能出现空引用。 [/root/WorkSpace/CSharp/TelegramSearchBot/feature/project-restructure-implementation/TelegramSearchBot.AI/TelegramSearchBot.AI.csproj]
/root/WorkSpace/CSharp/TelegramSearchBot/feature/project-restructure-implementation/TelegramSearchBot.AI/Model/Tools/BraveSearchResult.cs(15,23): warning CS8618: 在退出构造函数时，不可为 null 的 属性 "Title" 必须包含非 null 值。请考虑添加 "required" 修饰符或将该 属性 声明为可为 null。 [/root/WorkSpace/CSharp/TelegramSearchBot/feature/project-restructure-implementation/TelegramSearchBot.AI/TelegramSearchBot.AI.csproj]
/root/WorkSpace/CSharp/TelegramSearchBot/feature/project-restructure-implementation/TelegramSearchBot.AI/Model/Tools/BraveSearchResult.cs(16,23): warning CS8618: 在退出构造函数时，不可为 null 的 属性 "Url" 必须包含非 null 值。请考虑添加 "required" 修饰符或将该 属性 声明为可为 null。 [/root/WorkSpace/CSharp/TelegramSearchBot/feature/project-restructure-implementation/TelegramSearchBot.AI/TelegramSearchBot.AI.csproj]
/root/WorkSpace/CSharp/TelegramSearchBot/feature/project-restructure-implementation/TelegramSearchBot.AI/Model/Tools/BraveSearchResult.cs(17,23): warning CS8618: 在退出构造函数时，不可为 null 的 属性 "Description" 必须包含非 null 值。请考虑添加 "required" 修饰符或将该 属性 声明为可为 null。 [/root/WorkSpace/CSharp/TelegramSearchBot/feature/project-restructure-implementation/TelegramSearchBot.AI/TelegramSearchBot.AI.csproj]
/root/WorkSpace/CSharp/TelegramSearchBot/feature/project-restructure-implementation/TelegramSearchBot.AI/Model/Tools/BraveSearchResult.cs(20,29): warning CS8618: 在退出构造函数时，不可为 null 的 属性 "Profile" 必须包含非 null 值。请考虑添加 "required" 修饰符或将该 属性 声明为可为 null。 [/root/WorkSpace/CSharp/TelegramSearchBot/feature/project-restructure-implementation/TelegramSearchBot.AI/TelegramSearchBot.AI.csproj]
/root/WorkSpace/CSharp/TelegramSearchBot/feature/project-restructure-implementation/TelegramSearchBot.AI/Model/Tools/BraveSearchResult.cs(10,23): warning CS8618: 在退出构造函数时，不可为 null 的 属性 "Type" 必须包含非 null 值。请考虑添加 "required" 修饰符或将该 属性 声明为可为 null。 [/root/WorkSpace/CSharp/TelegramSearchBot/feature/project-restructure-implementation/TelegramSearchBot.AI/TelegramSearchBot.AI.csproj]
/root/WorkSpace/CSharp/TelegramSearchBot/feature/project-restructure-implementation/TelegramSearchBot.AI/Model/Tools/BraveSearchResult.cs(11,38): warning CS8618: 在退出构造函数时，不可为 null 的 属性 "Results" 必须包含非 null 值。请考虑添加 "required" 修饰符或将该 属性 声明为可为 null。 [/root/WorkSpace/CSharp/TelegramSearchBot/feature/project-restructure-implementation/TelegramSearchBot.AI/TelegramSearchBot.AI.csproj]
/root/WorkSpace/CSharp/TelegramSearchBot/feature/project-restructure-implementation/TelegramSearchBot.AI/MemoryService.cs(19,23): warning CS8618: 在退出构造函数时，不可为 null 的 属性 "Name" 必须包含非 null 值。请考虑添加 "required" 修饰符或将该 属性 声明为可为 null。 [/root/WorkSpace/CSharp/TelegramSearchBot/feature/project-restructure-implementation/TelegramSearchBot.AI/TelegramSearchBot.AI.csproj]
/root/WorkSpace/CSharp/TelegramSearchBot/feature/project-restructure-implementation/TelegramSearchBot.AI/MemoryService.cs(20,23): warning CS8618: 在退出构造函数时，不可为 null 的 属性 "EntityType" 必须包含非 null 值。请考虑添加 "required" 修饰符或将该 属性 声明为可为 null。 [/root/WorkSpace/CSharp/TelegramSearchBot/feature/project-restructure-implementation/TelegramSearchBot.AI/TelegramSearchBot.AI.csproj]
/root/WorkSpace/CSharp/TelegramSearchBot/feature/project-restructure-implementation/TelegramSearchBot.AI/AI/LLM/GeminiService.cs(34,16): warning CS8618: 在退出构造函数时，不可为 null 的 属性 "BotName" 必须包含非 null 值。请考虑添加 "required" 修饰符或将该 属性 声明为可为 null。 [/root/WorkSpace/CSharp/TelegramSearchBot/feature/project-restructure-implementation/TelegramSearchBot.AI/TelegramSearchBot.AI.csproj]
/root/WorkSpace/CSharp/TelegramSearchBot/feature/project-restructure-implementation/TelegramSearchBot.AI/Helper/EditLLMConfRedisHelper.cs(26,20): warning CS8603: 可能返回 null 引用。 [/root/WorkSpace/CSharp/TelegramSearchBot/feature/project-restructure-implementation/TelegramSearchBot.AI/TelegramSearchBot.AI.csproj]
/root/WorkSpace/CSharp/TelegramSearchBot/feature/project-restructure-implementation/TelegramSearchBot.AI/Helper/EditLLMConfRedisHelper.cs(34,20): warning CS8603: 可能返回 null 引用。 [/root/WorkSpace/CSharp/TelegramSearchBot/feature/project-restructure-implementation/TelegramSearchBot.AI/TelegramSearchBot.AI.csproj]
/root/WorkSpace/CSharp/TelegramSearchBot/feature/project-restructure-implementation/TelegramSearchBot.AI/Model/Tools/BraveSearchResult.cs(5,23): warning CS8618: 在退出构造函数时，不可为 null 的 属性 "Type" 必须包含非 null 值。请考虑添加 "required" 修饰符或将该 属性 声明为可为 null。 [/root/WorkSpace/CSharp/TelegramSearchBot/feature/project-restructure-implementation/TelegramSearchBot.AI/TelegramSearchBot.AI.csproj]
/root/WorkSpace/CSharp/TelegramSearchBot/feature/project-restructure-implementation/TelegramSearchBot.AI/Model/Tools/BraveSearchResult.cs(6,32): warning CS8618: 在退出构造函数时，不可为 null 的 属性 "Web" 必须包含非 null 值。请考虑添加 "required" 修饰符或将该 属性 声明为可为 null。 [/root/WorkSpace/CSharp/TelegramSearchBot/feature/project-restructure-implementation/TelegramSearchBot.AI/TelegramSearchBot.AI.csproj]
/root/WorkSpace/CSharp/TelegramSearchBot/feature/project-restructure-implementation/TelegramSearchBot.AI/Model/TokenModel.cs(7,23): warning CS8618: 在退出构造函数时，不可为 null 的 属性 "Type" 必须包含非 null 值。请考虑添加 "required" 修饰符或将该 属性 声明为可为 null。 [/root/WorkSpace/CSharp/TelegramSearchBot/feature/project-restructure-implementation/TelegramSearchBot.AI/TelegramSearchBot.AI.csproj]
/root/WorkSpace/CSharp/TelegramSearchBot/feature/project-restructure-implementation/TelegramSearchBot.AI/Model/TokenModel.cs(8,23): warning CS8618: 在退出构造函数时，不可为 null 的 属性 "Token" 必须包含非 null 值。请考虑添加 "required" 修饰符或将该 属性 声明为可为 null。 [/root/WorkSpace/CSharp/TelegramSearchBot/feature/project-restructure-implementation/TelegramSearchBot.AI/TelegramSearchBot.AI.csproj]
/root/WorkSpace/CSharp/TelegramSearchBot/feature/project-restructure-implementation/TelegramSearchBot.AI/Model/SendModel.cs(9,27): warning CS8618: 在退出构造函数时，不可为 null 的 属性 "Action" 必须包含非 null 值。请考虑添加 "required" 修饰符或将该 属性 声明为可为 null。 [/root/WorkSpace/CSharp/TelegramSearchBot/feature/project-restructure-implementation/TelegramSearchBot.AI/TelegramSearchBot.AI.csproj]
/root/WorkSpace/CSharp/TelegramSearchBot/feature/project-restructure-implementation/TelegramSearchBot.AI/Model/Notifications/TextMessageReceivedNotification.cs(32,31): warning CS8601: 可能的 null 引用赋值。 [/root/WorkSpace/CSharp/TelegramSearchBot/feature/project-restructure-implementation/TelegramSearchBot.AI/TelegramSearchBot.AI.csproj]
/root/WorkSpace/CSharp/TelegramSearchBot/feature/project-restructure-implementation/TelegramSearchBot.AI/Model/Notifications/TextMessageReceivedNotification.cs(26,16): warning CS8618: 在退出构造函数时，不可为 null 的 属性 "OriginalMessage" 必须包含非 null 值。请考虑添加 "required" 修饰符或将该 属性 声明为可为 null。 [/root/WorkSpace/CSharp/TelegramSearchBot/feature/project-restructure-implementation/TelegramSearchBot.AI/TelegramSearchBot.AI.csproj]
/root/WorkSpace/CSharp/TelegramSearchBot/feature/project-restructure-implementation/TelegramSearchBot.AI/OllamaService.cs(411,37): warning CS8602: 解引用可能出现空引用。 [/root/WorkSpace/CSharp/TelegramSearchBot/feature/project-restructure-implementation/TelegramSearchBot.AI/TelegramSearchBot.AI.csproj]
/root/WorkSpace/CSharp/TelegramSearchBot/feature/project-restructure-implementation/TelegramSearchBot.AI/Helper/BiliHelper.cs(47,38): warning CS8603: 可能返回 null 引用。 [/root/WorkSpace/CSharp/TelegramSearchBot/feature/project-restructure-implementation/TelegramSearchBot.AI/TelegramSearchBot.AI.csproj]
/root/WorkSpace/CSharp/TelegramSearchBot/feature/project-restructure-implementation/TelegramSearchBot.AI/Helper/BiliHelper.cs(49,24): warning CS8600: 将 null 文本或可能的 null 值转换为不可为 null 类型。 [/root/WorkSpace/CSharp/TelegramSearchBot/feature/project-restructure-implementation/TelegramSearchBot.AI/TelegramSearchBot.AI.csproj]
/root/WorkSpace/CSharp/TelegramSearchBot/feature/project-restructure-implementation/TelegramSearchBot.AI/Helper/BiliHelper.cs(52,20): warning CS8603: 可能返回 null 引用。 [/root/WorkSpace/CSharp/TelegramSearchBot/feature/project-restructure-implementation/TelegramSearchBot.AI/TelegramSearchBot.AI.csproj]
/root/WorkSpace/CSharp/TelegramSearchBot/feature/project-restructure-implementation/TelegramSearchBot.AI/Helper/BiliHelper.cs(56,29): warning CS8601: 可能的 null 引用赋值。 [/root/WorkSpace/CSharp/TelegramSearchBot/feature/project-restructure-implementation/TelegramSearchBot.AI/TelegramSearchBot.AI.csproj]
/root/WorkSpace/CSharp/TelegramSearchBot/feature/project-restructure-implementation/TelegramSearchBot.AI/Helper/BiliHelper.cs(63,36): warning CS8601: 可能的 null 引用赋值。 [/root/WorkSpace/CSharp/TelegramSearchBot/feature/project-restructure-implementation/TelegramSearchBot.AI/TelegramSearchBot.AI.csproj]
/root/WorkSpace/CSharp/TelegramSearchBot/feature/project-restructure-implementation/TelegramSearchBot.AI/Helper/BiliHelper.cs(69,46): warning CS8620: 由于引用类型的可为 null 性差异，IEnumerable<string?> 类型的实参不能用于 void List<string>.AddRange(IEnumerable<string> collection) 中 IEnumerable<string> 类型的形参 collection。 [/root/WorkSpace/CSharp/TelegramSearchBot/feature/project-restructure-implementation/TelegramSearchBot.AI/TelegramSearchBot.AI.csproj]
/root/WorkSpace/CSharp/TelegramSearchBot/feature/project-restructure-implementation/TelegramSearchBot.AI/Helper/BiliHelper.cs(73,50): warning CS8620: 由于引用类型的可为 null 性差异，IEnumerable<string?> 类型的实参不能用于 void List<string>.AddRange(IEnumerable<string> collection) 中 IEnumerable<string> 类型的形参 collection。 [/root/WorkSpace/CSharp/TelegramSearchBot/feature/project-restructure-implementation/TelegramSearchBot.AI/TelegramSearchBot.AI.csproj]
/root/WorkSpace/CSharp/TelegramSearchBot/feature/project-restructure-implementation/TelegramSearchBot.AI/Model/ModelWithCapabilities.cs(66,20): warning CS8603: 可能返回 null 引用。 [/root/WorkSpace/CSharp/TelegramSearchBot/feature/project-restructure-implementation/TelegramSearchBot.AI/TelegramSearchBot.AI.csproj]
/root/WorkSpace/CSharp/TelegramSearchBot/feature/project-restructure-implementation/TelegramSearchBot.AI/Model/ModelWithCapabilities.cs(17,23): warning CS8618: 在退出构造函数时，不可为 null 的 属性 "ModelName" 必须包含非 null 值。请考虑添加 "required" 修饰符或将该 属性 声明为可为 null。 [/root/WorkSpace/CSharp/TelegramSearchBot/feature/project-restructure-implementation/TelegramSearchBot.AI/TelegramSearchBot.AI.csproj]
/root/WorkSpace/CSharp/TelegramSearchBot/feature/project-restructure-implementation/TelegramSearchBot.AI/Model/LLMConfState.cs(60,54): warning CS8602: 解引用可能出现空引用。 [/root/WorkSpace/CSharp/TelegramSearchBot/feature/project-restructure-implementation/TelegramSearchBot.AI/TelegramSearchBot.AI.csproj]
/root/WorkSpace/CSharp/TelegramSearchBot/feature/project-restructure-implementation/TelegramSearchBot.AI/Model/ImportModel.cs(8,41): warning CS8618: 在退出构造函数时，不可为 null 的 属性 "Messages" 必须包含非 null 值。请考虑添加 "required" 修饰符或将该 属性 声明为可为 null。 [/root/WorkSpace/CSharp/TelegramSearchBot/feature/project-restructure-implementation/TelegramSearchBot.AI/TelegramSearchBot.AI.csproj]
/root/WorkSpace/CSharp/TelegramSearchBot/feature/project-restructure-implementation/TelegramSearchBot.AI/AI/LLM/GeminiService.cs(78,32): warning CS8600: 将 null 文本或可能的 null 值转换为不可为 null 类型。 [/root/WorkSpace/CSharp/TelegramSearchBot/feature/project-restructure-implementation/TelegramSearchBot.AI/TelegramSearchBot.AI.csproj]
/root/WorkSpace/CSharp/TelegramSearchBot/feature/project-restructure-implementation/TelegramSearchBot.AI/Common/AppConfigurationService.cs(29,52): warning CS8603: 可能返回 null 引用。 [/root/WorkSpace/CSharp/TelegramSearchBot/feature/project-restructure-implementation/TelegramSearchBot.AI/TelegramSearchBot.AI.csproj]
/root/WorkSpace/CSharp/TelegramSearchBot/feature/project-restructure-implementation/TelegramSearchBot.AI/Common/AppConfigurationService.cs(35,16): warning CS8603: 可能返回 null 引用。 [/root/WorkSpace/CSharp/TelegramSearchBot/feature/project-restructure-implementation/TelegramSearchBot.AI/TelegramSearchBot.AI.csproj]
/root/WorkSpace/CSharp/TelegramSearchBot/feature/project-restructure-implementation/TelegramSearchBot.AI/AI/LLM/GeminiService.cs(136,24): warning CS8604: “IEnumerable<string> Enumerable.Select<Model, string>(IEnumerable<Model> source, Func<Model, string> selector)”中的形参“source”可能传入 null 引用实参。 [/root/WorkSpace/CSharp/TelegramSearchBot/feature/project-restructure-implementation/TelegramSearchBot.AI/TelegramSearchBot.AI.csproj]
/root/WorkSpace/CSharp/TelegramSearchBot/feature/project-restructure-implementation/TelegramSearchBot.AI/BotAPI/SendMessageService.cs(59,45): warning CS8600: 将 null 文本或可能的 null 值转换为不可为 null 类型。 [/root/WorkSpace/CSharp/TelegramSearchBot/feature/project-restructure-implementation/TelegramSearchBot.AI/TelegramSearchBot.AI.csproj]
/root/WorkSpace/CSharp/TelegramSearchBot/feature/project-restructure-implementation/TelegramSearchBot.AI/BotAPI/SendMessageService.cs(73,39): warning CS8600: 将 null 文本或可能的 null 值转换为不可为 null 类型。 [/root/WorkSpace/CSharp/TelegramSearchBot/feature/project-restructure-implementation/TelegramSearchBot.AI/TelegramSearchBot.AI.csproj]
/root/WorkSpace/CSharp/TelegramSearchBot/feature/project-restructure-implementation/TelegramSearchBot.AI/SequentialThinkingService.cs(85,42): warning CS8602: 解引用可能出现空引用。 [/root/WorkSpace/CSharp/TelegramSearchBot/feature/project-restructure-implementation/TelegramSearchBot.AI/TelegramSearchBot.AI.csproj]
/root/WorkSpace/CSharp/TelegramSearchBot/feature/project-restructure-implementation/TelegramSearchBot.AI/OllamaService.cs(477,46): warning CS8604: “Uri.Uri(string uriString)”中的形参“uriString”可能传入 null 引用实参。 [/root/WorkSpace/CSharp/TelegramSearchBot/feature/project-restructure-implementation/TelegramSearchBot.AI/TelegramSearchBot.AI.csproj]
/root/WorkSpace/CSharp/TelegramSearchBot/feature/project-restructure-implementation/TelegramSearchBot.AI/AI/LLM/GeminiService.cs(158,39): warning CS8602: 解引用可能出现空引用。 [/root/WorkSpace/CSharp/TelegramSearchBot/feature/project-restructure-implementation/TelegramSearchBot.AI/TelegramSearchBot.AI.csproj]
/root/WorkSpace/CSharp/TelegramSearchBot/feature/project-restructure-implementation/TelegramSearchBot.AI/SequentialThinkingService.cs(160,35): warning CS1998: 此异步方法缺少 "await" 运算符，将以同步方式运行。请考虑使用 "await" 运算符等待非阻止的 API 调用，或者使用 "await Task.Run(...)" 在后台线程上执行占用大量 CPU 的工作。 [/root/WorkSpace/CSharp/TelegramSearchBot/feature/project-restructure-implementation/TelegramSearchBot.AI/TelegramSearchBot.AI.csproj]
/root/WorkSpace/CSharp/TelegramSearchBot/feature/project-restructure-implementation/TelegramSearchBot.AI/SequentialThinkingService.cs(65,23): warning CS8618: 在退出构造函数时，不可为 null 的 属性 "Error" 必须包含非 null 值。请考虑添加 "required" 修饰符或将该 属性 声明为可为 null。 [/root/WorkSpace/CSharp/TelegramSearchBot/feature/project-restructure-implementation/TelegramSearchBot.AI/TelegramSearchBot.AI.csproj]
/root/WorkSpace/CSharp/TelegramSearchBot/feature/project-restructure-implementation/TelegramSearchBot.AI/SequentialThinkingService.cs(68,23): warning CS8618: 在退出构造函数时，不可为 null 的 属性 "Status" 必须包含非 null 值。请考虑添加 "required" 修饰符或将该 属性 声明为可为 null。 [/root/WorkSpace/CSharp/TelegramSearchBot/feature/project-restructure-implementation/TelegramSearchBot.AI/TelegramSearchBot.AI.csproj]
/root/WorkSpace/CSharp/TelegramSearchBot/feature/project-restructure-implementation/TelegramSearchBot.AI/SequentialThinkingService.cs(56,29): warning CS8618: 在退出构造函数时，不可为 null 的 属性 "Branches" 必须包含非 null 值。请考虑添加 "required" 修饰符或将该 属性 声明为可为 null。 [/root/WorkSpace/CSharp/TelegramSearchBot/feature/project-restructure-implementation/TelegramSearchBot.AI/TelegramSearchBot.AI.csproj]
/root/WorkSpace/CSharp/TelegramSearchBot/feature/project-restructure-implementation/TelegramSearchBot.AI/SequentialThinkingService.cs(17,23): warning CS8618: 在退出构造函数时，不可为 null 的 属性 "Thought" 必须包含非 null 值。请考虑添加 "required" 修饰符或将该 属性 声明为可为 null。 [/root/WorkSpace/CSharp/TelegramSearchBot/feature/project-restructure-implementation/TelegramSearchBot.AI/TelegramSearchBot.AI.csproj]
/root/WorkSpace/CSharp/TelegramSearchBot/feature/project-restructure-implementation/TelegramSearchBot.AI/SequentialThinkingService.cs(35,23): warning CS8618: 在退出构造函数时，不可为 null 的 属性 "BranchId" 必须包含非 null 值。请考虑添加 "required" 修饰符或将该 属性 声明为可为 null。 [/root/WorkSpace/CSharp/TelegramSearchBot/feature/project-restructure-implementation/TelegramSearchBot.AI/TelegramSearchBot.AI.csproj]
/root/WorkSpace/CSharp/TelegramSearchBot/feature/project-restructure-implementation/TelegramSearchBot.AI/MemoryService.cs(26,23): warning CS8618: 在退出构造函数时，不可为 null 的 属性 "From" 必须包含非 null 值。请考虑添加 "required" 修饰符或将该 属性 声明为可为 null。 [/root/WorkSpace/CSharp/TelegramSearchBot/feature/project-restructure-implementation/TelegramSearchBot.AI/TelegramSearchBot.AI.csproj]
/root/WorkSpace/CSharp/TelegramSearchBot/feature/project-restructure-implementation/TelegramSearchBot.AI/MemoryService.cs(27,23): warning CS8618: 在退出构造函数时，不可为 null 的 属性 "To" 必须包含非 null 值。请考虑添加 "required" 修饰符或将该 属性 声明为可为 null。 [/root/WorkSpace/CSharp/TelegramSearchBot/feature/project-restructure-implementation/TelegramSearchBot.AI/TelegramSearchBot.AI.csproj]
/root/WorkSpace/CSharp/TelegramSearchBot/feature/project-restructure-implementation/TelegramSearchBot.AI/MemoryService.cs(28,23): warning CS8618: 在退出构造函数时，不可为 null 的 属性 "RelationType" 必须包含非 null 值。请考虑添加 "required" 修饰符或将该 属性 声明为可为 null。 [/root/WorkSpace/CSharp/TelegramSearchBot/feature/project-restructure-implementation/TelegramSearchBot.AI/TelegramSearchBot.AI.csproj]
/root/WorkSpace/CSharp/TelegramSearchBot/feature/project-restructure-implementation/TelegramSearchBot.AI/RefreshService.cs(85,13): warning CS4014: 由于此调用不会等待，因此在此调用完成之前将会继续执行当前方法。请考虑将 "await" 运算符应用于调用结果。 [/root/WorkSpace/CSharp/TelegramSearchBot/feature/project-restructure-implementation/TelegramSearchBot.AI/TelegramSearchBot.AI.csproj]
/root/WorkSpace/CSharp/TelegramSearchBot/feature/project-restructure-implementation/TelegramSearchBot.AI/Storage/MessageExtensionService.cs(22,20): warning CS8603: 可能返回 null 引用。 [/root/WorkSpace/CSharp/TelegramSearchBot/feature/project-restructure-implementation/TelegramSearchBot.AI/TelegramSearchBot.AI.csproj]
/root/WorkSpace/CSharp/TelegramSearchBot/feature/project-restructure-implementation/TelegramSearchBot.AI/OllamaService.cs(559,94): warning CS1998: 此异步方法缺少 "await" 运算符，将以同步方式运行。请考虑使用 "await" 运算符等待非阻止的 API 调用，或者使用 "await Task.Run(...)" 在后台线程上执行占用大量 CPU 的工作。 [/root/WorkSpace/CSharp/TelegramSearchBot/feature/project-restructure-implementation/TelegramSearchBot.AI/TelegramSearchBot.AI.csproj]
/root/WorkSpace/CSharp/TelegramSearchBot/feature/project-restructure-implementation/TelegramSearchBot.AI/AI/LLM/ModelCapabilityService.cs(124,24): warning CS8603: 可能返回 null 引用。 [/root/WorkSpace/CSharp/TelegramSearchBot/feature/project-restructure-implementation/TelegramSearchBot.AI/TelegramSearchBot.AI.csproj]
/root/WorkSpace/CSharp/TelegramSearchBot/feature/project-restructure-implementation/TelegramSearchBot.AI/RefreshService.cs(92,61): warning CS0612: “ExportModel”已过时 [/root/WorkSpace/CSharp/TelegramSearchBot/feature/project-restructure-implementation/TelegramSearchBot.AI/TelegramSearchBot.AI.csproj]
/root/WorkSpace/CSharp/TelegramSearchBot/feature/project-restructure-implementation/TelegramSearchBot.AI/RefreshService.cs(93,60): warning CS8602: 解引用可能出现空引用。 [/root/WorkSpace/CSharp/TelegramSearchBot/feature/project-restructure-implementation/TelegramSearchBot.AI/TelegramSearchBot.AI.csproj]
/root/WorkSpace/CSharp/TelegramSearchBot/feature/project-restructure-implementation/TelegramSearchBot.AI/AI/LLM/GeminiService.cs(415,24): warning CS8604: “IEnumerable<float> Enumerable.Select<float, float>(IEnumerable<float> source, Func<float, float> selector)”中的形参“source”可能传入 null 引用实参。 [/root/WorkSpace/CSharp/TelegramSearchBot/feature/project-restructure-implementation/TelegramSearchBot.AI/TelegramSearchBot.AI.csproj]
/root/WorkSpace/CSharp/TelegramSearchBot/feature/project-restructure-implementation/TelegramSearchBot.AI/AI/LLM/GeminiService.cs(484,41): warning CS1998: 此异步方法缺少 "await" 运算符，将以同步方式运行。请考虑使用 "await" 运算符等待非阻止的 API 调用，或者使用 "await Task.Run(...)" 在后台线程上执行占用大量 CPU 的工作。 [/root/WorkSpace/CSharp/TelegramSearchBot/feature/project-restructure-implementation/TelegramSearchBot.AI/TelegramSearchBot.AI.csproj]
/root/WorkSpace/CSharp/TelegramSearchBot/feature/project-restructure-implementation/TelegramSearchBot.AI/ConversationProcessingTask.cs(27,16): warning CS8618: 在退出构造函数时，不可为 null 的 字段 "_heartbeatCallback" 必须包含非 null 值。请考虑添加 "required" 修饰符或将该 字段 声明为可为 null。 [/root/WorkSpace/CSharp/TelegramSearchBot/feature/project-restructure-implementation/TelegramSearchBot.AI/TelegramSearchBot.AI.csproj]
/root/WorkSpace/CSharp/TelegramSearchBot/feature/project-restructure-implementation/TelegramSearchBot.AI/AI/LLM/GeminiService.cs(508,94): warning CS1998: 此异步方法缺少 "await" 运算符，将以同步方式运行。请考虑使用 "await" 运算符等待非阻止的 API 调用，或者使用 "await Task.Run(...)" 在后台线程上执行占用大量 CPU 的工作。 [/root/WorkSpace/CSharp/TelegramSearchBot/feature/project-restructure-implementation/TelegramSearchBot.AI/TelegramSearchBot.AI.csproj]
/root/WorkSpace/CSharp/TelegramSearchBot/feature/project-restructure-implementation/TelegramSearchBot.AI/Helper/HttpClientHelper.cs(11,24): warning CS8603: 可能返回 null 引用。 [/root/WorkSpace/CSharp/TelegramSearchBot/feature/project-restructure-implementation/TelegramSearchBot.AI/TelegramSearchBot.AI.csproj]
/root/WorkSpace/CSharp/TelegramSearchBot/feature/project-restructure-implementation/TelegramSearchBot.AI/Helper/HttpClientHelper.cs(34,20): warning CS8603: 可能返回 null 引用。 [/root/WorkSpace/CSharp/TelegramSearchBot/feature/project-restructure-implementation/TelegramSearchBot.AI/TelegramSearchBot.AI.csproj]
/root/WorkSpace/CSharp/TelegramSearchBot/feature/project-restructure-implementation/TelegramSearchBot.AI/BotAPI/SendMessageService.cs(193,27): warning CS1998: 此异步方法缺少 "await" 运算符，将以同步方式运行。请考虑使用 "await" 运算符等待非阻止的 API 调用，或者使用 "await Task.Run(...)" 在后台线程上执行占用大量 CPU 的工作。 [/root/WorkSpace/CSharp/TelegramSearchBot/feature/project-restructure-implementation/TelegramSearchBot.AI/TelegramSearchBot.AI.csproj]
/root/WorkSpace/CSharp/TelegramSearchBot/feature/project-restructure-implementation/TelegramSearchBot.AI/Search/CallbackDataService.cs(21,23): warning CS8618: 在退出构造函数时，不可为 null 的 属性 "OriginalUuid" 必须包含非 null 值。请考虑添加 "required" 修饰符或将该 属性 声明为可为 null。 [/root/WorkSpace/CSharp/TelegramSearchBot/feature/project-restructure-implementation/TelegramSearchBot.AI/TelegramSearchBot.AI.csproj]
/root/WorkSpace/CSharp/TelegramSearchBot/feature/project-restructure-implementation/TelegramSearchBot.AI/Search/CallbackDataService.cs(42,44): warning CS8603: 可能返回 null 引用。 [/root/WorkSpace/CSharp/TelegramSearchBot/feature/project-restructure-implementation/TelegramSearchBot.AI/TelegramSearchBot.AI.csproj]
/root/WorkSpace/CSharp/TelegramSearchBot/feature/project-restructure-implementation/TelegramSearchBot.AI/Manage/AccountService.cs(42,28): warning CS8619: 类型“(bool, string, AccountBook?)”的值中引用类型的为 Null 性与目标类型“(bool success, string message, AccountBook accountBook)”不匹配。 [/root/WorkSpace/CSharp/TelegramSearchBot/feature/project-restructure-implementation/TelegramSearchBot.AI/TelegramSearchBot.AI.csproj]
/root/WorkSpace/CSharp/TelegramSearchBot/feature/project-restructure-implementation/TelegramSearchBot.AI/Manage/AccountService.cs(63,24): warning CS8619: 类型“(bool, string, AccountBook?)”的值中引用类型的为 Null 性与目标类型“(bool success, string message, AccountBook accountBook)”不匹配。 [/root/WorkSpace/CSharp/TelegramSearchBot/feature/project-restructure-implementation/TelegramSearchBot.AI/TelegramSearchBot.AI.csproj]
/root/WorkSpace/CSharp/TelegramSearchBot/feature/project-restructure-implementation/TelegramSearchBot.AI/Search/SearchOptionStorageService.cs(112,24): warning CS8603: 可能返回 null 引用。 [/root/WorkSpace/CSharp/TelegramSearchBot/feature/project-restructure-implementation/TelegramSearchBot.AI/TelegramSearchBot.AI.csproj]
/root/WorkSpace/CSharp/TelegramSearchBot/feature/project-restructure-implementation/TelegramSearchBot.AI/Search/SearchOptionStorageService.cs(117,13): warning CS8602: 解引用可能出现空引用。 [/root/WorkSpace/CSharp/TelegramSearchBot/feature/project-restructure-implementation/TelegramSearchBot.AI/TelegramSearchBot.AI.csproj]
/root/WorkSpace/CSharp/TelegramSearchBot/feature/project-restructure-implementation/TelegramSearchBot.AI/Search/SearchOptionStorageService.cs(119,20): warning CS8603: 可能返回 null 引用。 [/root/WorkSpace/CSharp/TelegramSearchBot/feature/project-restructure-implementation/TelegramSearchBot.AI/TelegramSearchBot.AI.csproj]
/root/WorkSpace/CSharp/TelegramSearchBot/feature/project-restructure-implementation/TelegramSearchBot.AI/Search/SearchOptionStorageService.cs(136,13): warning CS8602: 解引用可能出现空引用。 [/root/WorkSpace/CSharp/TelegramSearchBot/feature/project-restructure-implementation/TelegramSearchBot.AI/TelegramSearchBot.AI.csproj]
/root/WorkSpace/CSharp/TelegramSearchBot/feature/project-restructure-implementation/TelegramSearchBot.AI/Manage/CheckBanGroupService.cs(52,13): warning CS8602: 解引用可能出现空引用。 [/root/WorkSpace/CSharp/TelegramSearchBot/feature/project-restructure-implementation/TelegramSearchBot.AI/TelegramSearchBot.AI.csproj]
/root/WorkSpace/CSharp/TelegramSearchBot/feature/project-restructure-implementation/TelegramSearchBot.AI/AI/LLM/OpenAIService.cs(72,30): warning CS8604: “bool OpenAIService.IsOpenRouter(string gateway)”中的形参“gateway”可能传入 null 引用实参。 [/root/WorkSpace/CSharp/TelegramSearchBot/feature/project-restructure-implementation/TelegramSearchBot.AI/TelegramSearchBot.AI.csproj]
/root/WorkSpace/CSharp/TelegramSearchBot/feature/project-restructure-implementation/TelegramSearchBot.AI/AI/LLM/OpenAIService.cs(89,47): warning CS8604: “ApiKeyCredential.ApiKeyCredential(string key)”中的形参“key”可能传入 null 引用实参。 [/root/WorkSpace/CSharp/TelegramSearchBot/feature/project-restructure-implementation/TelegramSearchBot.AI/TelegramSearchBot.AI.csproj]
/root/WorkSpace/CSharp/TelegramSearchBot/feature/project-restructure-implementation/TelegramSearchBot.AI/Manage/AccountService.cs(125,24): warning CS8603: 可能返回 null 引用。 [/root/WorkSpace/CSharp/TelegramSearchBot/feature/project-restructure-implementation/TelegramSearchBot.AI/TelegramSearchBot.AI.csproj]
/root/WorkSpace/CSharp/TelegramSearchBot/feature/project-restructure-implementation/TelegramSearchBot.AI/Manage/AccountService.cs(127,20): warning CS8603: 可能返回 null 引用。 [/root/WorkSpace/CSharp/TelegramSearchBot/feature/project-restructure-implementation/TelegramSearchBot.AI/TelegramSearchBot.AI.csproj]
/root/WorkSpace/CSharp/TelegramSearchBot/feature/project-restructure-implementation/TelegramSearchBot.AI/SearchToolService.cs(125,38): warning CS8601: 可能的 null 引用赋值。 [/root/WorkSpace/CSharp/TelegramSearchBot/feature/project-restructure-implementation/TelegramSearchBot.AI/TelegramSearchBot.AI.csproj]
/root/WorkSpace/CSharp/TelegramSearchBot/feature/project-restructure-implementation/TelegramSearchBot.AI/SearchToolService.cs(132,166): warning CS8601: 可能的 null 引用赋值。 [/root/WorkSpace/CSharp/TelegramSearchBot/feature/project-restructure-implementation/TelegramSearchBot.AI/TelegramSearchBot.AI.csproj]
/root/WorkSpace/CSharp/TelegramSearchBot/feature/project-restructure-implementation/TelegramSearchBot.AI/Search/CallbackDataService.cs(66,13): warning CS8602: 解引用可能出现空引用。 [/root/WorkSpace/CSharp/TelegramSearchBot/feature/project-restructure-implementation/TelegramSearchBot.AI/TelegramSearchBot.AI.csproj]
/root/WorkSpace/CSharp/TelegramSearchBot/feature/project-restructure-implementation/TelegramSearchBot.AI/Search/CallbackDataService.cs(69,34): warning CS8625: 无法将 null 字面量转换为非 null 的引用类型。 [/root/WorkSpace/CSharp/TelegramSearchBot/feature/project-restructure-implementation/TelegramSearchBot.AI/TelegramSearchBot.AI.csproj]
/root/WorkSpace/CSharp/TelegramSearchBot/feature/project-restructure-implementation/TelegramSearchBot.AI/Helper/BiliHelper.cs(89,23): warning CS8600: 将 null 文本或可能的 null 值转换为不可为 null 类型。 [/root/WorkSpace/CSharp/TelegramSearchBot/feature/project-restructure-implementation/TelegramSearchBot.AI/TelegramSearchBot.AI.csproj]
/root/WorkSpace/CSharp/TelegramSearchBot/feature/project-restructure-implementation/TelegramSearchBot.AI/Helper/BiliHelper.cs(92,32): warning CS8602: 解引用可能出现空引用。 [/root/WorkSpace/CSharp/TelegramSearchBot/feature/project-restructure-implementation/TelegramSearchBot.AI/TelegramSearchBot.AI.csproj]
/root/WorkSpace/CSharp/TelegramSearchBot/feature/project-restructure-implementation/TelegramSearchBot.AI/Helper/BiliHelper.cs(92,32): warning CS8600: 将 null 文本或可能的 null 值转换为不可为 null 类型。 [/root/WorkSpace/CSharp/TelegramSearchBot/feature/project-restructure-implementation/TelegramSearchBot.AI/TelegramSearchBot.AI.csproj]
/root/WorkSpace/CSharp/TelegramSearchBot/feature/project-restructure-implementation/TelegramSearchBot.AI/Helper/BiliHelper.cs(98,52): warning CS8620: 由于引用类型的可为 null 性差异，IEnumerable<string?> 类型的实参不能用于 void List<string>.AddRange(IEnumerable<string> collection) 中 IEnumerable<string> 类型的形参 collection。 [/root/WorkSpace/CSharp/TelegramSearchBot/feature/project-restructure-implementation/TelegramSearchBot.AI/TelegramSearchBot.AI.csproj]
/root/WorkSpace/CSharp/TelegramSearchBot/feature/project-restructure-implementation/TelegramSearchBot.AI/Helper/BiliHelper.cs(108,29): warning CS8601: 可能的 null 引用赋值。 [/root/WorkSpace/CSharp/TelegramSearchBot/feature/project-restructure-implementation/TelegramSearchBot.AI/TelegramSearchBot.AI.csproj]
/root/WorkSpace/CSharp/TelegramSearchBot/feature/project-restructure-implementation/TelegramSearchBot.AI/Helper/BiliHelper.cs(110,32): warning CS8601: 可能的 null 引用赋值。 [/root/WorkSpace/CSharp/TelegramSearchBot/feature/project-restructure-implementation/TelegramSearchBot.AI/TelegramSearchBot.AI.csproj]
/root/WorkSpace/CSharp/TelegramSearchBot/feature/project-restructure-implementation/TelegramSearchBot.AI/Helper/BiliHelper.cs(111,27): warning CS8601: 可能的 null 引用赋值。 [/root/WorkSpace/CSharp/TelegramSearchBot/feature/project-restructure-implementation/TelegramSearchBot.AI/TelegramSearchBot.AI.csproj]
/root/WorkSpace/CSharp/TelegramSearchBot/feature/project-restructure-implementation/TelegramSearchBot.AI/Helper/BiliHelper.cs(112,28): warning CS8601: 可能的 null 引用赋值。 [/root/WorkSpace/CSharp/TelegramSearchBot/feature/project-restructure-implementation/TelegramSearchBot.AI/TelegramSearchBot.AI.csproj]
/root/WorkSpace/CSharp/TelegramSearchBot/feature/project-restructure-implementation/TelegramSearchBot.AI/Helper/BiliHelper.cs(113,35): warning CS8601: 可能的 null 引用赋值。 [/root/WorkSpace/CSharp/TelegramSearchBot/feature/project-restructure-implementation/TelegramSearchBot.AI/TelegramSearchBot.AI.csproj]
/root/WorkSpace/CSharp/TelegramSearchBot/feature/project-restructure-implementation/TelegramSearchBot.AI/Helper/BiliHelper.cs(118,76): warning CS8604: “BiliOpusInfo BiliHelper.ParseOpusItem(JsonNode itemNode, string originalUrl, ILogger logger = null)”中的形参“originalUrl”可能传入 null 引用实参。 [/root/WorkSpace/CSharp/TelegramSearchBot/feature/project-restructure-implementation/TelegramSearchBot.AI/TelegramSearchBot.AI.csproj]
/root/WorkSpace/CSharp/TelegramSearchBot/feature/project-restructure-implementation/TelegramSearchBot.AI/Storage/MessageService.cs(80,32): warning CS8601: 可能的 null 引用赋值。 [/root/WorkSpace/CSharp/TelegramSearchBot/feature/project-restructure-implementation/TelegramSearchBot.AI/TelegramSearchBot.AI.csproj]
/root/WorkSpace/CSharp/TelegramSearchBot/feature/project-restructure-implementation/TelegramSearchBot.AI/Storage/MessageService.cs(82,32): warning CS8601: 可能的 null 引用赋值。 [/root/WorkSpace/CSharp/TelegramSearchBot/feature/project-restructure-implementation/TelegramSearchBot.AI/TelegramSearchBot.AI.csproj]
/root/WorkSpace/CSharp/TelegramSearchBot/feature/project-restructure-implementation/TelegramSearchBot.AI/Storage/MessageService.cs(95,29): warning CS8601: 可能的 null 引用赋值。 [/root/WorkSpace/CSharp/TelegramSearchBot/feature/project-restructure-implementation/TelegramSearchBot.AI/TelegramSearchBot.AI.csproj]
/root/WorkSpace/CSharp/TelegramSearchBot/feature/project-restructure-implementation/TelegramSearchBot.AI/Storage/MessageService.cs(96,28): warning CS8601: 可能的 null 引用赋值。 [/root/WorkSpace/CSharp/TelegramSearchBot/feature/project-restructure-implementation/TelegramSearchBot.AI/TelegramSearchBot.AI.csproj]
/root/WorkSpace/CSharp/TelegramSearchBot/feature/project-restructure-implementation/TelegramSearchBot.AI/AI/LLM/ModelCapabilityService.cs(266,20): warning CS8603: 可能返回 null 引用。 [/root/WorkSpace/CSharp/TelegramSearchBot/feature/project-restructure-implementation/TelegramSearchBot.AI/TelegramSearchBot.AI.csproj]
/root/WorkSpace/CSharp/TelegramSearchBot/feature/project-restructure-implementation/TelegramSearchBot.AI/Manage/EditLLMConfHelper.cs(191,33): warning CS8602: 解引用可能出现空引用。 [/root/WorkSpace/CSharp/TelegramSearchBot/feature/project-restructure-implementation/TelegramSearchBot.AI/TelegramSearchBot.AI.csproj]
/root/WorkSpace/CSharp/TelegramSearchBot/feature/project-restructure-implementation/TelegramSearchBot.AI/MemoryService.cs(244,72): warning CS8602: 解引用可能出现空引用。 [/root/WorkSpace/CSharp/TelegramSearchBot/feature/project-restructure-implementation/TelegramSearchBot.AI/TelegramSearchBot.AI.csproj]
/root/WorkSpace/CSharp/TelegramSearchBot/feature/project-restructure-implementation/TelegramSearchBot.AI/MemoryService.cs(247,73): warning CS8602: 解引用可能出现空引用。 [/root/WorkSpace/CSharp/TelegramSearchBot/feature/project-restructure-implementation/TelegramSearchBot.AI/TelegramSearchBot.AI.csproj]
/root/WorkSpace/CSharp/TelegramSearchBot/feature/project-restructure-implementation/TelegramSearchBot.AI/MemoryService.cs(250,73): warning CS8602: 解引用可能出现空引用。 [/root/WorkSpace/CSharp/TelegramSearchBot/feature/project-restructure-implementation/TelegramSearchBot.AI/TelegramSearchBot.AI.csproj]
/root/WorkSpace/CSharp/TelegramSearchBot/feature/project-restructure-implementation/TelegramSearchBot.AI/MemoryService.cs(253,65): warning CS8602: 解引用可能出现空引用。 [/root/WorkSpace/CSharp/TelegramSearchBot/feature/project-restructure-implementation/TelegramSearchBot.AI/TelegramSearchBot.AI.csproj]
/root/WorkSpace/CSharp/TelegramSearchBot/feature/project-restructure-implementation/TelegramSearchBot.AI/MemoryService.cs(257,69): warning CS8602: 解引用可能出现空引用。 [/root/WorkSpace/CSharp/TelegramSearchBot/feature/project-restructure-implementation/TelegramSearchBot.AI/TelegramSearchBot.AI.csproj]
/root/WorkSpace/CSharp/TelegramSearchBot/feature/project-restructure-implementation/TelegramSearchBot.AI/MemoryService.cs(261,66): warning CS8602: 解引用可能出现空引用。 [/root/WorkSpace/CSharp/TelegramSearchBot/feature/project-restructure-implementation/TelegramSearchBot.AI/TelegramSearchBot.AI.csproj]
/root/WorkSpace/CSharp/TelegramSearchBot/feature/project-restructure-implementation/TelegramSearchBot.AI/MemoryService.cs(274,67): warning CS8602: 解引用可能出现空引用。 [/root/WorkSpace/CSharp/TelegramSearchBot/feature/project-restructure-implementation/TelegramSearchBot.AI/TelegramSearchBot.AI.csproj]
/root/WorkSpace/CSharp/TelegramSearchBot/feature/project-restructure-implementation/TelegramSearchBot.AI/AI/LLM/ModelCapabilityService.cs(289,20): warning CS8603: 可能返回 null 引用。 [/root/WorkSpace/CSharp/TelegramSearchBot/feature/project-restructure-implementation/TelegramSearchBot.AI/TelegramSearchBot.AI.csproj]
/root/WorkSpace/CSharp/TelegramSearchBot/feature/project-restructure-implementation/TelegramSearchBot.AI/Manage/AccountService.cs(138,28): warning CS8619: 类型“(bool, string, AccountRecord?)”的值中引用类型的为 Null 性与目标类型“(bool success, string message, AccountRecord record)”不匹配。 [/root/WorkSpace/CSharp/TelegramSearchBot/feature/project-restructure-implementation/TelegramSearchBot.AI/TelegramSearchBot.AI.csproj]
/root/WorkSpace/CSharp/TelegramSearchBot/feature/project-restructure-implementation/TelegramSearchBot.AI/Manage/AccountService.cs(169,24): warning CS8619: 类型“(bool, string, AccountRecord?)”的值中引用类型的为 Null 性与目标类型“(bool success, string message, AccountRecord record)”不匹配。 [/root/WorkSpace/CSharp/TelegramSearchBot/feature/project-restructure-implementation/TelegramSearchBot.AI/TelegramSearchBot.AI.csproj]
/root/WorkSpace/CSharp/TelegramSearchBot/feature/project-restructure-implementation/TelegramSearchBot.AI/McpToolHelper.cs(102,52): warning CS8620: 由于引用类型的可为 null 性差异，(MethodInfo method, Type? DeclaringType) 类型的实参不能用于 bool ConcurrentDictionary<string, (MethodInfo Method, Type OwningType)>.TryAdd(string key, (MethodInfo Method, Type OwningType) value) 中 (MethodInfo Method, Type OwningType) 类型的形参 value。 [/root/WorkSpace/CSharp/TelegramSearchBot/feature/project-restructure-implementation/TelegramSearchBot.AI/TelegramSearchBot.AI.csproj]
/root/WorkSpace/CSharp/TelegramSearchBot/feature/project-restructure-implementation/TelegramSearchBot.AI/McpToolHelper.cs(108,122): warning CS8602: 解引用可能出现空引用。 [/root/WorkSpace/CSharp/TelegramSearchBot/feature/project-restructure-implementation/TelegramSearchBot.AI/TelegramSearchBot.AI.csproj]
/root/WorkSpace/CSharp/TelegramSearchBot/feature/project-restructure-implementation/TelegramSearchBot.AI/McpToolHelper.cs(117,106): warning CS8602: 解引用可能出现空引用。 [/root/WorkSpace/CSharp/TelegramSearchBot/feature/project-restructure-implementation/TelegramSearchBot.AI/TelegramSearchBot.AI.csproj]
/root/WorkSpace/CSharp/TelegramSearchBot/feature/project-restructure-implementation/TelegramSearchBot.AI/McpToolHelper.cs(125,52): warning CS8620: 由于引用类型的可为 null 性差异，(MethodInfo method, Type? DeclaringType) 类型的实参不能用于 bool ConcurrentDictionary<string, (MethodInfo Method, Type OwningType)>.TryAdd(string key, (MethodInfo Method, Type OwningType) value) 中 (MethodInfo Method, Type OwningType) 类型的形参 value。 [/root/WorkSpace/CSharp/TelegramSearchBot/feature/project-restructure-implementation/TelegramSearchBot.AI/TelegramSearchBot.AI.csproj]
/root/WorkSpace/CSharp/TelegramSearchBot/feature/project-restructure-implementation/TelegramSearchBot.AI/McpToolHelper.cs(128,114): warning CS8602: 解引用可能出现空引用。 [/root/WorkSpace/CSharp/TelegramSearchBot/feature/project-restructure-implementation/TelegramSearchBot.AI/TelegramSearchBot.AI.csproj]
/root/WorkSpace/CSharp/TelegramSearchBot/feature/project-restructure-implementation/TelegramSearchBot.AI/MemoryService.cs(859,23): warning CS8618: 在退出构造函数时，不可为 null 的 属性 "EntityName" 必须包含非 null 值。请考虑添加 "required" 修饰符或将该 属性 声明为可为 null。 [/root/WorkSpace/CSharp/TelegramSearchBot/feature/project-restructure-implementation/TelegramSearchBot.AI/TelegramSearchBot.AI.csproj]
/root/WorkSpace/CSharp/TelegramSearchBot/feature/project-restructure-implementation/TelegramSearchBot.AI/MemoryService.cs(877,23): warning CS8618: 在退出构造函数时，不可为 null 的 属性 "Query" 必须包含非 null 值。请考虑添加 "required" 修饰符或将该 属性 声明为可为 null。 [/root/WorkSpace/CSharp/TelegramSearchBot/feature/project-restructure-implementation/TelegramSearchBot.AI/TelegramSearchBot.AI.csproj]
/root/WorkSpace/CSharp/TelegramSearchBot/feature/project-restructure-implementation/TelegramSearchBot.AI/MemoryService.cs(865,23): warning CS8618: 在退出构造函数时，不可为 null 的 属性 "EntityName" 必须包含非 null 值。请考虑添加 "required" 修饰符或将该 属性 声明为可为 null。 [/root/WorkSpace/CSharp/TelegramSearchBot/feature/project-restructure-implementation/TelegramSearchBot.AI/TelegramSearchBot.AI.csproj]
/root/WorkSpace/CSharp/TelegramSearchBot/feature/project-restructure-implementation/TelegramSearchBot.AI/MemoryService.cs(871,23): warning CS8618: 在退出构造函数时，不可为 null 的 属性 "EntityName" 必须包含非 null 值。请考虑添加 "required" 修饰符或将该 属性 声明为可为 null。 [/root/WorkSpace/CSharp/TelegramSearchBot/feature/project-restructure-implementation/TelegramSearchBot.AI/TelegramSearchBot.AI.csproj]
/root/WorkSpace/CSharp/TelegramSearchBot/feature/project-restructure-implementation/TelegramSearchBot.AI/Manage/CheckBanGroupService.cs(61,13): warning CS8602: 解引用可能出现空引用。 [/root/WorkSpace/CSharp/TelegramSearchBot/feature/project-restructure-implementation/TelegramSearchBot.AI/TelegramSearchBot.AI.csproj]
/root/WorkSpace/CSharp/TelegramSearchBot/feature/project-restructure-implementation/TelegramSearchBot.AI/Helper/MessageFormatHelper.cs(40,74): warning CS8625: 无法将 null 字面量转换为非 null 的引用类型。 [/root/WorkSpace/CSharp/TelegramSearchBot/feature/project-restructure-implementation/TelegramSearchBot.AI/TelegramSearchBot.AI.csproj]
/root/WorkSpace/CSharp/TelegramSearchBot/feature/project-restructure-implementation/TelegramSearchBot.AI/Helper/MessageFormatHelper.cs(76,76): warning CS8625: 无法将 null 字面量转换为非 null 的引用类型。 [/root/WorkSpace/CSharp/TelegramSearchBot/feature/project-restructure-implementation/TelegramSearchBot.AI/TelegramSearchBot.AI.csproj]
/root/WorkSpace/CSharp/TelegramSearchBot/feature/project-restructure-implementation/TelegramSearchBot.AI/Helper/MessageFormatHelper.cs(76,126): warning CS8625: 无法将 null 字面量转换为非 null 的引用类型。 [/root/WorkSpace/CSharp/TelegramSearchBot/feature/project-restructure-implementation/TelegramSearchBot.AI/TelegramSearchBot.AI.csproj]
/root/WorkSpace/CSharp/TelegramSearchBot/feature/project-restructure-implementation/TelegramSearchBot.AI/AI/LLM/OpenAIService.cs(128,46): warning CS8600: 将 null 文本或可能的 null 值转换为不可为 null 类型。 [/root/WorkSpace/CSharp/TelegramSearchBot/feature/project-restructure-implementation/TelegramSearchBot.AI/TelegramSearchBot.AI.csproj]
/root/WorkSpace/CSharp/TelegramSearchBot/feature/project-restructure-implementation/TelegramSearchBot.AI/MemoryService.cs(366,54): warning CS8604: “List<string> KnowledgeGraphManager.ParseObservations(string observations)”中的形参“observations”可能传入 null 引用实参。 [/root/WorkSpace/CSharp/TelegramSearchBot/feature/project-restructure-implementation/TelegramSearchBot.AI/TelegramSearchBot.AI.csproj]
/root/WorkSpace/CSharp/TelegramSearchBot/feature/project-restructure-implementation/TelegramSearchBot.AI/MemoryService.cs(402,24): warning CS8603: 可能返回 null 引用。 [/root/WorkSpace/CSharp/TelegramSearchBot/feature/project-restructure-implementation/TelegramSearchBot.AI/TelegramSearchBot.AI.csproj]
/root/WorkSpace/CSharp/TelegramSearchBot/feature/project-restructure-implementation/TelegramSearchBot.AI/BraveSearchService.cs(123,36): warning CS8603: 可能返回 null 引用。 [/root/WorkSpace/CSharp/TelegramSearchBot/feature/project-restructure-implementation/TelegramSearchBot.AI/TelegramSearchBot.AI.csproj]
/root/WorkSpace/CSharp/TelegramSearchBot/feature/project-restructure-implementation/TelegramSearchBot.AI/BraveSearchService.cs(163,20): warning CS8603: 可能返回 null 引用。 [/root/WorkSpace/CSharp/TelegramSearchBot/feature/project-restructure-implementation/TelegramSearchBot.AI/TelegramSearchBot.AI.csproj]
/root/WorkSpace/CSharp/TelegramSearchBot/feature/project-restructure-implementation/TelegramSearchBot.AI/AI/LLM/OpenAIService.cs(162,30): warning CS8604: “bool OpenAIService.IsOpenRouter(string gateway)”中的形参“gateway”可能传入 null 引用实参。 [/root/WorkSpace/CSharp/TelegramSearchBot/feature/project-restructure-implementation/TelegramSearchBot.AI/TelegramSearchBot.AI.csproj]
/root/WorkSpace/CSharp/TelegramSearchBot/feature/project-restructure-implementation/TelegramSearchBot.AI/AI/LLM/OpenAIService.cs(195,51): warning CS8604: “ApiKeyCredential.ApiKeyCredential(string key)”中的形参“key”可能传入 null 引用实参。 [/root/WorkSpace/CSharp/TelegramSearchBot/feature/project-restructure-implementation/TelegramSearchBot.AI/TelegramSearchBot.AI.csproj]
/root/WorkSpace/CSharp/TelegramSearchBot/feature/project-restructure-implementation/TelegramSearchBot.AI/McpToolHelper.cs(293,25): warning CS8602: 解引用可能出现空引用。 [/root/WorkSpace/CSharp/TelegramSearchBot/feature/project-restructure-implementation/TelegramSearchBot.AI/TelegramSearchBot.AI.csproj]
/root/WorkSpace/CSharp/TelegramSearchBot/feature/project-restructure-implementation/TelegramSearchBot.AI/McpToolHelper.cs(340,46): warning CS8600: 将 null 文本或可能的 null 值转换为不可为 null 类型。 [/root/WorkSpace/CSharp/TelegramSearchBot/feature/project-restructure-implementation/TelegramSearchBot.AI/TelegramSearchBot.AI.csproj]
/root/WorkSpace/CSharp/TelegramSearchBot/feature/project-restructure-implementation/TelegramSearchBot.AI/McpToolHelper.cs(343,57): warning CS8604: “(string toolName, Dictionary<string, string> arguments) McpToolHelper.ParseToolElement(XElement element)”中的形参“element”可能传入 null 引用实参。 [/root/WorkSpace/CSharp/TelegramSearchBot/feature/project-restructure-implementation/TelegramSearchBot.AI/TelegramSearchBot.AI.csproj]
/root/WorkSpace/CSharp/TelegramSearchBot/feature/project-restructure-implementation/TelegramSearchBot.AI/Manage/AccountService.cs(199,32): warning CS8714: 类型“string?”不能用作泛型类型或方法“Enumerable.ToDictionary<TSource, TKey, TElement>(IEnumerable<TSource>, Func<TSource, TKey>, Func<TSource, TElement>)”中的类型参数“TKey”。类型参数“string?”的为 Null 性与 "notnull" 约束不匹配。 [/root/WorkSpace/CSharp/TelegramSearchBot/feature/project-restructure-implementation/TelegramSearchBot.AI/TelegramSearchBot.AI.csproj]
/root/WorkSpace/CSharp/TelegramSearchBot/feature/project-restructure-implementation/TelegramSearchBot.AI/Manage/AccountService.cs(202,31): warning CS8621: “lambda 表达式”的返回类型中引用类型的为 Null 性与目标委托“Func<IGrouping<string?, AccountRecord>, string?>”不匹配(可能是由于为 Null 性特性)。 [/root/WorkSpace/CSharp/TelegramSearchBot/feature/project-restructure-implementation/TelegramSearchBot.AI/TelegramSearchBot.AI.csproj]
/root/WorkSpace/CSharp/TelegramSearchBot/feature/project-restructure-implementation/TelegramSearchBot.AI/Manage/AccountService.cs(204,31): warning CS8714: 类型“string?”不能用作泛型类型或方法“Enumerable.ToDictionary<TSource, TKey, TElement>(IEnumerable<TSource>, Func<TSource, TKey>, Func<TSource, TElement>)”中的类型参数“TKey”。类型参数“string?”的为 Null 性与 "notnull" 约束不匹配。 [/root/WorkSpace/CSharp/TelegramSearchBot/feature/project-restructure-implementation/TelegramSearchBot.AI/TelegramSearchBot.AI.csproj]
/root/WorkSpace/CSharp/TelegramSearchBot/feature/project-restructure-implementation/TelegramSearchBot.AI/Manage/AccountService.cs(207,31): warning CS8621: “lambda 表达式”的返回类型中引用类型的为 Null 性与目标委托“Func<IGrouping<string?, AccountRecord>, string?>”不匹配(可能是由于为 Null 性特性)。 [/root/WorkSpace/CSharp/TelegramSearchBot/feature/project-restructure-implementation/TelegramSearchBot.AI/TelegramSearchBot.AI.csproj]
/root/WorkSpace/CSharp/TelegramSearchBot/feature/project-restructure-implementation/TelegramSearchBot.AI/Scheduler/SchedulerService.cs(156,66): warning CS8629: 可为 null 的值类型可为 null。 [/root/WorkSpace/CSharp/TelegramSearchBot/feature/project-restructure-implementation/TelegramSearchBot.AI/TelegramSearchBot.AI.csproj]
/root/WorkSpace/CSharp/TelegramSearchBot/feature/project-restructure-implementation/TelegramSearchBot.AI/McpToolHelper.cs(376,31): warning CS8600: 将 null 文本或可能的 null 值转换为不可为 null 类型。 [/root/WorkSpace/CSharp/TelegramSearchBot/feature/project-restructure-implementation/TelegramSearchBot.AI/TelegramSearchBot.AI.csproj]
/root/WorkSpace/CSharp/TelegramSearchBot/feature/project-restructure-implementation/TelegramSearchBot.AI/McpToolHelper.cs(382,28): warning CS8600: 将 null 文本或可能的 null 值转换为不可为 null 类型。 [/root/WorkSpace/CSharp/TelegramSearchBot/feature/project-restructure-implementation/TelegramSearchBot.AI/TelegramSearchBot.AI.csproj]
/root/WorkSpace/CSharp/TelegramSearchBot/feature/project-restructure-implementation/TelegramSearchBot.AI/McpToolHelper.cs(386,28): warning CS8619: 类型“(string?, Dictionary<string, string>?)”的值中引用类型的为 Null 性与目标类型“(string toolName, Dictionary<string, string> arguments)”不匹配。 [/root/WorkSpace/CSharp/TelegramSearchBot/feature/project-restructure-implementation/TelegramSearchBot.AI/TelegramSearchBot.AI.csproj]
/root/WorkSpace/CSharp/TelegramSearchBot/feature/project-restructure-implementation/TelegramSearchBot.AI/McpToolHelper.cs(392,28): warning CS8600: 将 null 文本或可能的 null 值转换为不可为 null 类型。 [/root/WorkSpace/CSharp/TelegramSearchBot/feature/project-restructure-implementation/TelegramSearchBot.AI/TelegramSearchBot.AI.csproj]
/root/WorkSpace/CSharp/TelegramSearchBot/feature/project-restructure-implementation/TelegramSearchBot.AI/McpToolHelper.cs(399,24): warning CS8619: 类型“(string?, Dictionary<string, string>?)”的值中引用类型的为 Null 性与目标类型“(string toolName, Dictionary<string, string> arguments)”不匹配。 [/root/WorkSpace/CSharp/TelegramSearchBot/feature/project-restructure-implementation/TelegramSearchBot.AI/TelegramSearchBot.AI.csproj]
/root/WorkSpace/CSharp/TelegramSearchBot/feature/project-restructure-implementation/TelegramSearchBot.AI/McpToolHelper.cs(545,44): warning CS8604: “bool Dictionary<string, string>.ContainsKey(string key)”中的形参“key”可能传入 null 引用实参。 [/root/WorkSpace/CSharp/TelegramSearchBot/feature/project-restructure-implementation/TelegramSearchBot.AI/TelegramSearchBot.AI.csproj]
/root/WorkSpace/CSharp/TelegramSearchBot/feature/project-restructure-implementation/TelegramSearchBot.AI/Manage/AccountService.cs(230,28): warning CS8603: 可能返回 null 引用。 [/root/WorkSpace/CSharp/TelegramSearchBot/feature/project-restructure-implementation/TelegramSearchBot.AI/TelegramSearchBot.AI.csproj]
/root/WorkSpace/CSharp/TelegramSearchBot/feature/project-restructure-implementation/TelegramSearchBot.AI/Manage/AccountService.cs(270,24): warning CS8603: 可能返回 null 引用。 [/root/WorkSpace/CSharp/TelegramSearchBot/feature/project-restructure-implementation/TelegramSearchBot.AI/TelegramSearchBot.AI.csproj]
/root/WorkSpace/CSharp/TelegramSearchBot/feature/project-restructure-implementation/TelegramSearchBot.AI/Manage/ChatImportService.cs(47,46): warning CS8602: 解引用可能出现空引用。 [/root/WorkSpace/CSharp/TelegramSearchBot/feature/project-restructure-implementation/TelegramSearchBot.AI/TelegramSearchBot.AI.csproj]
/root/WorkSpace/CSharp/TelegramSearchBot/feature/project-restructure-implementation/TelegramSearchBot.AI/Manage/ChatImportService.cs(80,60): warning CS8604: “string Path.Combine(string path1, string path2)”中的形参“path1”可能传入 null 引用实参。 [/root/WorkSpace/CSharp/TelegramSearchBot/feature/project-restructure-implementation/TelegramSearchBot.AI/TelegramSearchBot.AI.csproj]
/root/WorkSpace/CSharp/TelegramSearchBot/feature/project-restructure-implementation/TelegramSearchBot.AI/Manage/ChatImportService.cs(94,63): warning CS8604: “string Path.Combine(string path1, string path2)”中的形参“path1”可能传入 null 引用实参。 [/root/WorkSpace/CSharp/TelegramSearchBot/feature/project-restructure-implementation/TelegramSearchBot.AI/TelegramSearchBot.AI.csproj]
/root/WorkSpace/CSharp/TelegramSearchBot/feature/project-restructure-implementation/TelegramSearchBot.AI/Scheduler/SchedulerService.cs(253,38): warning CS8625: 无法将 null 字面量转换为非 null 的引用类型。 [/root/WorkSpace/CSharp/TelegramSearchBot/feature/project-restructure-implementation/TelegramSearchBot.AI/TelegramSearchBot.AI.csproj]
/root/WorkSpace/CSharp/TelegramSearchBot/feature/project-restructure-implementation/TelegramSearchBot.AI/Scheduler/SchedulerService.cs(254,39): warning CS8625: 无法将 null 字面量转换为非 null 的引用类型。 [/root/WorkSpace/CSharp/TelegramSearchBot/feature/project-restructure-implementation/TelegramSearchBot.AI/TelegramSearchBot.AI.csproj]
/root/WorkSpace/CSharp/TelegramSearchBot/feature/project-restructure-implementation/TelegramSearchBot.AI/Manage/AccountService.cs(345,28): warning CS8619: 类型“(bool, decimal, string?, string?)”的值中引用类型的为 Null 性与目标类型“(bool success, decimal amount, string tag, string description)”不匹配。 [/root/WorkSpace/CSharp/TelegramSearchBot/feature/project-restructure-implementation/TelegramSearchBot.AI/TelegramSearchBot.AI.csproj]
/root/WorkSpace/CSharp/TelegramSearchBot/feature/project-restructure-implementation/TelegramSearchBot.AI/Manage/AccountService.cs(350,28): warning CS8619: 类型“(bool, decimal, string?, string?)”的值中引用类型的为 Null 性与目标类型“(bool success, decimal amount, string tag, string description)”不匹配。 [/root/WorkSpace/CSharp/TelegramSearchBot/feature/project-restructure-implementation/TelegramSearchBot.AI/TelegramSearchBot.AI.csproj]
/root/WorkSpace/CSharp/TelegramSearchBot/feature/project-restructure-implementation/TelegramSearchBot.AI/Manage/AccountService.cs(356,24): warning CS8619: 类型“(bool, decimal amount, string tag, string? description)”的值中引用类型的为 Null 性与目标类型“(bool success, decimal amount, string tag, string description)”不匹配。 [/root/WorkSpace/CSharp/TelegramSearchBot/feature/project-restructure-implementation/TelegramSearchBot.AI/TelegramSearchBot.AI.csproj]
/root/WorkSpace/CSharp/TelegramSearchBot/feature/project-restructure-implementation/TelegramSearchBot.AI/Manage/AccountService.cs(361,24): warning CS8619: 类型“(bool, decimal, string?, string?)”的值中引用类型的为 Null 性与目标类型“(bool success, decimal amount, string tag, string description)”不匹配。 [/root/WorkSpace/CSharp/TelegramSearchBot/feature/project-restructure-implementation/TelegramSearchBot.AI/TelegramSearchBot.AI.csproj]
/root/WorkSpace/CSharp/TelegramSearchBot/feature/project-restructure-implementation/TelegramSearchBot.AI/McpToolHelper.cs(585,49): warning CS8604: “bool Dictionary<string, string>.TryGetValue(string key, out string value)”中的形参“key”可能传入 null 引用实参。 [/root/WorkSpace/CSharp/TelegramSearchBot/feature/project-restructure-implementation/TelegramSearchBot.AI/TelegramSearchBot.AI.csproj]
/root/WorkSpace/CSharp/TelegramSearchBot/feature/project-restructure-implementation/TelegramSearchBot.AI/McpToolHelper.cs(591,40): warning CS8601: 可能的 null 引用赋值。 [/root/WorkSpace/CSharp/TelegramSearchBot/feature/project-restructure-implementation/TelegramSearchBot.AI/TelegramSearchBot.AI.csproj]
/root/WorkSpace/CSharp/TelegramSearchBot/feature/project-restructure-implementation/TelegramSearchBot.AI/McpToolHelper.cs(604,44): warning CS8625: 无法将 null 字面量转换为非 null 的引用类型。 [/root/WorkSpace/CSharp/TelegramSearchBot/feature/project-restructure-implementation/TelegramSearchBot.AI/TelegramSearchBot.AI.csproj]
/root/WorkSpace/CSharp/TelegramSearchBot/feature/project-restructure-implementation/TelegramSearchBot.AI/McpToolHelper.cs(608,31): warning CS8600: 将 null 文本或可能的 null 值转换为不可为 null 类型。 [/root/WorkSpace/CSharp/TelegramSearchBot/feature/project-restructure-implementation/TelegramSearchBot.AI/TelegramSearchBot.AI.csproj]
/root/WorkSpace/CSharp/TelegramSearchBot/feature/project-restructure-implementation/TelegramSearchBot.AI/McpToolHelper.cs(613,32): warning CS8600: 将 null 文本或可能的 null 值转换为不可为 null 类型。 [/root/WorkSpace/CSharp/TelegramSearchBot/feature/project-restructure-implementation/TelegramSearchBot.AI/TelegramSearchBot.AI.csproj]
/root/WorkSpace/CSharp/TelegramSearchBot/feature/project-restructure-implementation/TelegramSearchBot.AI/McpToolHelper.cs(617,40): warning CS8600: 将 null 文本或可能的 null 值转换为不可为 null 类型。 [/root/WorkSpace/CSharp/TelegramSearchBot/feature/project-restructure-implementation/TelegramSearchBot.AI/TelegramSearchBot.AI.csproj]
/root/WorkSpace/CSharp/TelegramSearchBot/feature/project-restructure-implementation/TelegramSearchBot.AI/McpToolHelper.cs(622,33): warning CS8600: 将 null 文本或可能的 null 值转换为不可为 null 类型。 [/root/WorkSpace/CSharp/TelegramSearchBot/feature/project-restructure-implementation/TelegramSearchBot.AI/TelegramSearchBot.AI.csproj]
/root/WorkSpace/CSharp/TelegramSearchBot/feature/project-restructure-implementation/TelegramSearchBot.AI/McpToolHelper.cs(638,24): warning CS8603: 可能返回 null 引用。 [/root/WorkSpace/CSharp/TelegramSearchBot/feature/project-restructure-implementation/TelegramSearchBot.AI/TelegramSearchBot.AI.csproj]
/root/WorkSpace/CSharp/TelegramSearchBot/feature/project-restructure-implementation/TelegramSearchBot.AI/McpToolHelper.cs(640,20): warning CS8603: 可能返回 null 引用。 [/root/WorkSpace/CSharp/TelegramSearchBot/feature/project-restructure-implementation/TelegramSearchBot.AI/TelegramSearchBot.AI.csproj]
/root/WorkSpace/CSharp/TelegramSearchBot/feature/project-restructure-implementation/TelegramSearchBot.AI/AI/LLM/OpenAIService.cs(386,34): warning CS8600: 将 null 文本或可能的 null 值转换为不可为 null 类型。 [/root/WorkSpace/CSharp/TelegramSearchBot/feature/project-restructure-implementation/TelegramSearchBot.AI/TelegramSearchBot.AI.csproj]
/root/WorkSpace/CSharp/TelegramSearchBot/feature/project-restructure-implementation/TelegramSearchBot.AI/AI/LLM/OpenAIService.cs(389,28): warning CS8603: 可能返回 null 引用。 [/root/WorkSpace/CSharp/TelegramSearchBot/feature/project-restructure-implementation/TelegramSearchBot.AI/TelegramSearchBot.AI.csproj]
/root/WorkSpace/CSharp/TelegramSearchBot/feature/project-restructure-implementation/TelegramSearchBot.AI/AI/LLM/OpenAIService.cs(554,24): warning CS8603: 可能返回 null 引用。 [/root/WorkSpace/CSharp/TelegramSearchBot/feature/project-restructure-implementation/TelegramSearchBot.AI/TelegramSearchBot.AI.csproj]
/root/WorkSpace/CSharp/TelegramSearchBot/feature/project-restructure-implementation/TelegramSearchBot.AI/MemoryService.cs(622,66): warning CS8604: “List<string> KnowledgeGraphManager.ParseObservations(string observations)”中的形参“observations”可能传入 null 引用实参。 [/root/WorkSpace/CSharp/TelegramSearchBot/feature/project-restructure-implementation/TelegramSearchBot.AI/TelegramSearchBot.AI.csproj]
/root/WorkSpace/CSharp/TelegramSearchBot/feature/project-restructure-implementation/TelegramSearchBot.AI/BotAPI/SendMessageService.Streaming.cs(126,45): warning CS8600: 将 null 文本或可能的 null 值转换为不可为 null 类型。 [/root/WorkSpace/CSharp/TelegramSearchBot/feature/project-restructure-implementation/TelegramSearchBot.AI/TelegramSearchBot.AI.csproj]
/root/WorkSpace/CSharp/TelegramSearchBot/feature/project-restructure-implementation/TelegramSearchBot.AI/BotAPI/SendMessageService.Streaming.cs(127,45): warning CS8600: 将 null 文本或可能的 null 值转换为不可为 null 类型。 [/root/WorkSpace/CSharp/TelegramSearchBot/feature/project-restructure-implementation/TelegramSearchBot.AI/TelegramSearchBot.AI.csproj]
/root/WorkSpace/CSharp/TelegramSearchBot/feature/project-restructure-implementation/TelegramSearchBot.AI/McpToolHelper.cs(658,67): warning CS8603: 可能返回 null 引用。 [/root/WorkSpace/CSharp/TelegramSearchBot/feature/project-restructure-implementation/TelegramSearchBot.AI/TelegramSearchBot.AI.csproj]
/root/WorkSpace/CSharp/TelegramSearchBot/feature/project-restructure-implementation/TelegramSearchBot.AI/McpToolHelper.cs(659,62): warning CS8604: “object McpToolHelper.ConvertArgumentValue(string stringValue, Type targetType, string paramNameForError)”中的形参“targetType”可能传入 null 引用实参。 [/root/WorkSpace/CSharp/TelegramSearchBot/feature/project-restructure-implementation/TelegramSearchBot.AI/TelegramSearchBot.AI.csproj]
/root/WorkSpace/CSharp/TelegramSearchBot/feature/project-restructure-implementation/TelegramSearchBot.AI/McpToolHelper.cs(667,32): warning CS8603: 可能返回 null 引用。 [/root/WorkSpace/CSharp/TelegramSearchBot/feature/project-restructure-implementation/TelegramSearchBot.AI/TelegramSearchBot.AI.csproj]
/root/WorkSpace/CSharp/TelegramSearchBot/feature/project-restructure-implementation/TelegramSearchBot.AI/MemoryService.cs(678,54): warning CS8604: “bool List<string>.Contains(string item)”中的形参“item”可能传入 null 引用实参。 [/root/WorkSpace/CSharp/TelegramSearchBot/feature/project-restructure-implementation/TelegramSearchBot.AI/TelegramSearchBot.AI.csproj]
/root/WorkSpace/CSharp/TelegramSearchBot/feature/project-restructure-implementation/TelegramSearchBot.AI/MemoryService.cs(678,92): warning CS8604: “bool List<string>.Contains(string item)”中的形参“item”可能传入 null 引用实参。 [/root/WorkSpace/CSharp/TelegramSearchBot/feature/project-restructure-implementation/TelegramSearchBot.AI/TelegramSearchBot.AI.csproj]
/root/WorkSpace/CSharp/TelegramSearchBot/feature/project-restructure-implementation/TelegramSearchBot.AI/McpToolHelper.cs(746,28): warning CS8603: 可能返回 null 引用。 [/root/WorkSpace/CSharp/TelegramSearchBot/feature/project-restructure-implementation/TelegramSearchBot.AI/TelegramSearchBot.AI.csproj]
/root/WorkSpace/CSharp/TelegramSearchBot/feature/project-restructure-implementation/TelegramSearchBot.AI/McpToolHelper.cs(26,41): warning CS8618: 在退出构造函数时，不可为 null 的 字段 "_sServiceProvider" 必须包含非 null 值。请考虑添加 "required" 修饰符或将该 字段 声明为可为 null。 [/root/WorkSpace/CSharp/TelegramSearchBot/feature/project-restructure-implementation/TelegramSearchBot.AI/TelegramSearchBot.AI.csproj]
/root/WorkSpace/CSharp/TelegramSearchBot/feature/project-restructure-implementation/TelegramSearchBot.AI/McpToolHelper.cs(27,32): warning CS8618: 在退出构造函数时，不可为 null 的 字段 "_sLogger" 必须包含非 null 值。请考虑添加 "required" 修饰符或将该 字段 声明为可为 null。 [/root/WorkSpace/CSharp/TelegramSearchBot/feature/project-restructure-implementation/TelegramSearchBot.AI/TelegramSearchBot.AI.csproj]
/root/WorkSpace/CSharp/TelegramSearchBot/feature/project-restructure-implementation/TelegramSearchBot.AI/McpToolHelper.cs(28,31): warning CS8618: 在退出构造函数时，不可为 null 的 字段 "_sCachedToolsXml" 必须包含非 null 值。请考虑添加 "required" 修饰符或将该 字段 声明为可为 null。 [/root/WorkSpace/CSharp/TelegramSearchBot/feature/project-restructure-implementation/TelegramSearchBot.AI/TelegramSearchBot.AI.csproj]
/root/WorkSpace/CSharp/TelegramSearchBot/feature/project-restructure-implementation/TelegramSearchBot.AI/AI/LLM/GeneralLLMService.cs(218,20): warning CS8603: 可能返回 null 引用。 [/root/WorkSpace/CSharp/TelegramSearchBot/feature/project-restructure-implementation/TelegramSearchBot.AI/TelegramSearchBot.AI.csproj]
/root/WorkSpace/CSharp/TelegramSearchBot/feature/project-restructure-implementation/TelegramSearchBot.AI/MemoryService.cs(720,70): warning CS8604: “List<string> KnowledgeGraphManager.ParseObservations(string observations)”中的形参“observations”可能传入 null 引用实参。 [/root/WorkSpace/CSharp/TelegramSearchBot/feature/project-restructure-implementation/TelegramSearchBot.AI/TelegramSearchBot.AI.csproj]
/root/WorkSpace/CSharp/TelegramSearchBot/feature/project-restructure-implementation/TelegramSearchBot.AI/SearchToolService.cs(157,27): warning CS8600: 将 null 文本或可能的 null 值转换为不可为 null 类型。 [/root/WorkSpace/CSharp/TelegramSearchBot/feature/project-restructure-implementation/TelegramSearchBot.AI/TelegramSearchBot.AI.csproj]
/root/WorkSpace/CSharp/TelegramSearchBot/feature/project-restructure-implementation/TelegramSearchBot.AI/SearchToolService.cs(318,28): warning CS8601: 可能的 null 引用赋值。 [/root/WorkSpace/CSharp/TelegramSearchBot/feature/project-restructure-implementation/TelegramSearchBot.AI/TelegramSearchBot.AI.csproj]
/root/WorkSpace/CSharp/TelegramSearchBot/feature/project-restructure-implementation/TelegramSearchBot.AI/BotAPI/SendMessageService.Streaming.cs(240,80): warning CS8600: 将 null 文本或可能的 null 值转换为不可为 null 类型。 [/root/WorkSpace/CSharp/TelegramSearchBot/feature/project-restructure-implementation/TelegramSearchBot.AI/TelegramSearchBot.AI.csproj]
/root/WorkSpace/CSharp/TelegramSearchBot/feature/project-restructure-implementation/TelegramSearchBot.AI/BotAPI/SendMessageService.Streaming.cs(341,28): warning CS8600: 将 null 文本或可能的 null 值转换为不可为 null 类型。 [/root/WorkSpace/CSharp/TelegramSearchBot/feature/project-restructure-implementation/TelegramSearchBot.AI/TelegramSearchBot.AI.csproj]
/root/WorkSpace/CSharp/TelegramSearchBot/feature/project-restructure-implementation/TelegramSearchBot.AI/AI/LLM/OpenAIService.cs(605,43): warning CS8600: 将 null 文本或可能的 null 值转换为不可为 null 类型。 [/root/WorkSpace/CSharp/TelegramSearchBot/feature/project-restructure-implementation/TelegramSearchBot.AI/TelegramSearchBot.AI.csproj]
/root/WorkSpace/CSharp/TelegramSearchBot/feature/project-restructure-implementation/TelegramSearchBot.AI/AI/LLM/OpenAIService.cs(957,20): warning CS8603: 可能返回 null 引用。 [/root/WorkSpace/CSharp/TelegramSearchBot/feature/project-restructure-implementation/TelegramSearchBot.AI/TelegramSearchBot.AI.csproj]
/root/WorkSpace/CSharp/TelegramSearchBot/feature/project-restructure-implementation/TelegramSearchBot.AI/AI/LLM/OpenAIService.cs(1049,41): warning CS1998: 此异步方法缺少 "await" 运算符，将以同步方式运行。请考虑使用 "await" 运算符等待非阻止的 API 调用，或者使用 "await Task.Run(...)" 在后台线程上执行占用大量 CPU 的工作。 [/root/WorkSpace/CSharp/TelegramSearchBot/feature/project-restructure-implementation/TelegramSearchBot.AI/TelegramSearchBot.AI.csproj]
/root/WorkSpace/CSharp/TelegramSearchBot/feature/project-restructure-implementation/TelegramSearchBot.AI/AI/LLM/OpenAIService.cs(1074,94): warning CS1998: 此异步方法缺少 "await" 运算符，将以同步方式运行。请考虑使用 "await" 运算符等待非阻止的 API 调用，或者使用 "await Task.Run(...)" 在后台线程上执行占用大量 CPU 的工作。 [/root/WorkSpace/CSharp/TelegramSearchBot/feature/project-restructure-implementation/TelegramSearchBot.AI/TelegramSearchBot.AI.csproj]
/root/WorkSpace/CSharp/TelegramSearchBot/feature/project-restructure-implementation/TelegramSearchBot.AI/AI/LLM/OpenAIService.cs(42,30): warning CS8618: 在退出构造函数时，不可为 null 的 字段 "_botName" 必须包含非 null 值。请考虑添加 "required" 修饰符或将该 字段 声明为可为 null。 [/root/WorkSpace/CSharp/TelegramSearchBot/feature/project-restructure-implementation/TelegramSearchBot.AI/TelegramSearchBot.AI.csproj]
/root/WorkSpace/CSharp/TelegramSearchBot/feature/project-restructure-implementation/TelegramSearchBot.AI/Scheduler/WordCloudTask.cs(145,37): warning CA1416: 可在所有平台上访问此调用站点。"Image.FromStream(Stream)" 仅在 'windows' 上受支持。 (https://learn.microsoft.com/dotnet/fundamentals/code-analysis/quality-rules/ca1416) [/root/WorkSpace/CSharp/TelegramSearchBot/feature/project-restructure-implementation/TelegramSearchBot.AI/TelegramSearchBot.AI.csproj]
/root/WorkSpace/CSharp/TelegramSearchBot/feature/project-restructure-implementation/TelegramSearchBot.AI/Helper/WordCloudHelper.cs(152,13): warning CA1416: 可在所有平台上访问此调用站点。"Image.Save(Stream, ImageFormat)" 仅在 'windows' 上受支持。 (https://learn.microsoft.com/dotnet/fundamentals/code-analysis/quality-rules/ca1416) [/root/WorkSpace/CSharp/TelegramSearchBot/feature/project-restructure-implementation/TelegramSearchBot.AI/TelegramSearchBot.AI.csproj]
/root/WorkSpace/CSharp/TelegramSearchBot/feature/project-restructure-implementation/TelegramSearchBot.AI/Helper/WordCloudHelper.cs(152,28): warning CA1416: 可在所有平台上访问此调用站点。"ImageFormat.Png" 仅在 'windows' 上受支持。 (https://learn.microsoft.com/dotnet/fundamentals/code-analysis/quality-rules/ca1416) [/root/WorkSpace/CSharp/TelegramSearchBot/feature/project-restructure-implementation/TelegramSearchBot.AI/TelegramSearchBot.AI.csproj]
/root/WorkSpace/CSharp/TelegramSearchBot/feature/project-restructure-implementation/TelegramSearchBot.Media/Bilibili/BiliApiService.cs(145,110): warning CS8625: 无法将 null 字面量转换为非 null 的引用类型。 [/root/WorkSpace/CSharp/TelegramSearchBot/feature/project-restructure-implementation/TelegramSearchBot.Media/TelegramSearchBot.Media.csproj]
/root/WorkSpace/CSharp/TelegramSearchBot/feature/project-restructure-implementation/TelegramSearchBot.Media/Bilibili/BiliOpusProcessingService.cs(157,23): warning CS8618: 在退出构造函数时，不可为 null 的 属性 "MainCaption" 必须包含非 null 值。请考虑添加 "required" 修饰符或将该 属性 声明为可为 null。 [/root/WorkSpace/CSharp/TelegramSearchBot/feature/project-restructure-implementation/TelegramSearchBot.Media/TelegramSearchBot.Media.csproj]
/root/WorkSpace/CSharp/TelegramSearchBot/feature/project-restructure-implementation/TelegramSearchBot.Media/Bilibili/BiliOpusProcessingService.cs(158,39): warning CS8618: 在退出构造函数时，不可为 null 的 属性 "MediaGroup" 必须包含非 null 值。请考虑添加 "required" 修饰符或将该 属性 声明为可为 null。 [/root/WorkSpace/CSharp/TelegramSearchBot/feature/project-restructure-implementation/TelegramSearchBot.Media/TelegramSearchBot.Media.csproj]
/root/WorkSpace/CSharp/TelegramSearchBot/feature/project-restructure-implementation/TelegramSearchBot.Media/Bilibili/BiliOpusProcessingService.cs(159,29): warning CS8618: 在退出构造函数时，不可为 null 的 属性 "CurrentBatchImageUrls" 必须包含非 null 值。请考虑添加 "required" 修饰符或将该 属性 声明为可为 null。 [/root/WorkSpace/CSharp/TelegramSearchBot/feature/project-restructure-implementation/TelegramSearchBot.Media/TelegramSearchBot.Media.csproj]
/root/WorkSpace/CSharp/TelegramSearchBot/feature/project-restructure-implementation/TelegramSearchBot.Media/Bilibili/BiliOpusProcessingService.cs(160,35): warning CS8618: 在退出构造函数时，不可为 null 的 属性 "CurrentBatchMemoryStreams" 必须包含非 null 值。请考虑添加 "required" 修饰符或将该 属性 声明为可为 null。 [/root/WorkSpace/CSharp/TelegramSearchBot/feature/project-restructure-implementation/TelegramSearchBot.Media/TelegramSearchBot.Media.csproj]
/root/WorkSpace/CSharp/TelegramSearchBot/feature/project-restructure-implementation/TelegramSearchBot.Media/Bilibili/BiliOpusProcessingService.cs(163,23): warning CS8618: 在退出构造函数时，不可为 null 的 属性 "ErrorMessage" 必须包含非 null 值。请考虑添加 "required" 修饰符或将该 属性 声明为可为 null。 [/root/WorkSpace/CSharp/TelegramSearchBot/feature/project-restructure-implementation/TelegramSearchBot.Media/TelegramSearchBot.Media.csproj]
/root/WorkSpace/CSharp/TelegramSearchBot/feature/project-restructure-implementation/TelegramSearchBot.Media/Bilibili/TelegramFileCacheService.cs(26,57): warning CS8603: 可能返回 null 引用。 [/root/WorkSpace/CSharp/TelegramSearchBot/feature/project-restructure-implementation/TelegramSearchBot.Media/TelegramSearchBot.Media.csproj]
/root/WorkSpace/CSharp/TelegramSearchBot/feature/project-restructure-implementation/TelegramSearchBot.Media/Bilibili/TelegramFileCacheService.cs(40,28): warning CS8603: 可能返回 null 引用。 [/root/WorkSpace/CSharp/TelegramSearchBot/feature/project-restructure-implementation/TelegramSearchBot.Media/TelegramSearchBot.Media.csproj]
/root/WorkSpace/CSharp/TelegramSearchBot/feature/project-restructure-implementation/TelegramSearchBot.Media/Bilibili/TelegramFileCacheService.cs(46,20): warning CS8603: 可能返回 null 引用。 [/root/WorkSpace/CSharp/TelegramSearchBot/feature/project-restructure-implementation/TelegramSearchBot.Media/TelegramSearchBot.Media.csproj]
/root/WorkSpace/CSharp/TelegramSearchBot/feature/project-restructure-implementation/TelegramSearchBot.Media/Bilibili/TelegramFileCacheService.cs(51,20): warning CS8603: 可能返回 null 引用。 [/root/WorkSpace/CSharp/TelegramSearchBot/feature/project-restructure-implementation/TelegramSearchBot.Media/TelegramSearchBot.Media.csproj]
/root/WorkSpace/CSharp/TelegramSearchBot/feature/project-restructure-implementation/TelegramSearchBot.Media/Bilibili/DownloadService.cs(44,20): warning CS8603: 可能返回 null 引用。 [/root/WorkSpace/CSharp/TelegramSearchBot/feature/project-restructure-implementation/TelegramSearchBot.Media/TelegramSearchBot.Media.csproj]
/root/WorkSpace/CSharp/TelegramSearchBot/feature/project-restructure-implementation/TelegramSearchBot.Media/Bilibili/DownloadService.cs(58,67): warning CS8600: 将 null 文本或可能的 null 值转换为不可为 null 类型。 [/root/WorkSpace/CSharp/TelegramSearchBot/feature/project-restructure-implementation/TelegramSearchBot.Media/TelegramSearchBot.Media.csproj]
/root/WorkSpace/CSharp/TelegramSearchBot/feature/project-restructure-implementation/TelegramSearchBot.Media/Bilibili/DownloadService.cs(89,20): warning CS8603: 可能返回 null 引用。 [/root/WorkSpace/CSharp/TelegramSearchBot/feature/project-restructure-implementation/TelegramSearchBot.Media/TelegramSearchBot.Media.csproj]
/root/WorkSpace/CSharp/TelegramSearchBot/feature/project-restructure-implementation/TelegramSearchBot.Media/Bilibili/DownloadService.cs(98,20): warning CS8603: 可能返回 null 引用。 [/root/WorkSpace/CSharp/TelegramSearchBot/feature/project-restructure-implementation/TelegramSearchBot.Media/TelegramSearchBot.Media.csproj]
/root/WorkSpace/CSharp/TelegramSearchBot/feature/project-restructure-implementation/TelegramSearchBot.Media/Bilibili/DownloadService.cs(104,32): warning CS8600: 将 null 文本或可能的 null 值转换为不可为 null 类型。 [/root/WorkSpace/CSharp/TelegramSearchBot/feature/project-restructure-implementation/TelegramSearchBot.Media/TelegramSearchBot.Media.csproj]
/root/WorkSpace/CSharp/TelegramSearchBot/feature/project-restructure-implementation/TelegramSearchBot.Media/Bilibili/DownloadService.cs(105,32): warning CS8600: 将 null 文本或可能的 null 值转换为不可为 null 类型。 [/root/WorkSpace/CSharp/TelegramSearchBot/feature/project-restructure-implementation/TelegramSearchBot.Media/TelegramSearchBot.Media.csproj]
/root/WorkSpace/CSharp/TelegramSearchBot/feature/project-restructure-implementation/TelegramSearchBot.Media/Bilibili/DownloadService.cs(146,20): warning CS8603: 可能返回 null 引用。 [/root/WorkSpace/CSharp/TelegramSearchBot/feature/project-restructure-implementation/TelegramSearchBot.Media/TelegramSearchBot.Media.csproj]
/root/WorkSpace/CSharp/TelegramSearchBot/feature/project-restructure-implementation/TelegramSearchBot.Media/Bilibili/BiliOpusProcessingService.cs(74,43): warning CS8600: 将 null 文本或可能的 null 值转换为不可为 null 类型。 [/root/WorkSpace/CSharp/TelegramSearchBot/feature/project-restructure-implementation/TelegramSearchBot.Media/TelegramSearchBot.Media.csproj]
/root/WorkSpace/CSharp/TelegramSearchBot/feature/project-restructure-implementation/TelegramSearchBot.Media/Bilibili/BiliOpusProcessingService.cs(105,46): warning CS8600: 将 null 文本或可能的 null 值转换为不可为 null 类型。 [/root/WorkSpace/CSharp/TelegramSearchBot/feature/project-restructure-implementation/TelegramSearchBot.Media/TelegramSearchBot.Media.csproj]
/root/WorkSpace/CSharp/TelegramSearchBot/feature/project-restructure-implementation/TelegramSearchBot.Media/Bilibili/BiliVideoProcessingService.cs(70,46): warning CS8600: 将 null 文本或可能的 null 值转换为不可为 null 类型。 [/root/WorkSpace/CSharp/TelegramSearchBot/feature/project-restructure-implementation/TelegramSearchBot.Media/TelegramSearchBot.Media.csproj]
/root/WorkSpace/CSharp/TelegramSearchBot/feature/project-restructure-implementation/TelegramSearchBot.Media/Bilibili/BiliVideoProcessingService.cs(71,36): warning CS8600: 将 null 文本或可能的 null 值转换为不可为 null 类型。 [/root/WorkSpace/CSharp/TelegramSearchBot/feature/project-restructure-implementation/TelegramSearchBot.Media/TelegramSearchBot.Media.csproj]
/root/WorkSpace/CSharp/TelegramSearchBot/feature/project-restructure-implementation/TelegramSearchBot.Media/Bilibili/BiliVideoProcessingService.cs(107,29): warning CS8602: 解引用可能出现空引用。 [/root/WorkSpace/CSharp/TelegramSearchBot/feature/project-restructure-implementation/TelegramSearchBot.Media/TelegramSearchBot.Media.csproj]
/root/WorkSpace/CSharp/TelegramSearchBot/feature/project-restructure-implementation/TelegramSearchBot.Media/Bilibili/BiliVideoProcessingService.cs(112,29): warning CS8604: “Task<string> IDownloadService.DownloadFileAsync(string url, string referer, string suggestedFileName)”中的形参“url”可能传入 null 引用实参。 [/root/WorkSpace/CSharp/TelegramSearchBot/feature/project-restructure-implementation/TelegramSearchBot.Media/TelegramSearchBot.Media.csproj]
/root/WorkSpace/CSharp/TelegramSearchBot/feature/project-restructure-implementation/TelegramSearchBot.Media/Bilibili/BiliVideoProcessingService.cs(149,46): warning CS8601: 可能的 null 引用赋值。 [/root/WorkSpace/CSharp/TelegramSearchBot/feature/project-restructure-implementation/TelegramSearchBot.Media/TelegramSearchBot.Media.csproj]
/root/WorkSpace/CSharp/TelegramSearchBot/feature/project-restructure-implementation/TelegramSearchBot.Media/Bilibili/BiliApiService.cs(47,110): warning CS8603: 可能返回 null 引用。 [/root/WorkSpace/CSharp/TelegramSearchBot/feature/project-restructure-implementation/TelegramSearchBot.Media/TelegramSearchBot.Media.csproj]
/root/WorkSpace/CSharp/TelegramSearchBot/feature/project-restructure-implementation/TelegramSearchBot.Media/Bilibili/BiliApiService.cs(49,22): warning CS8600: 将 null 文本或可能的 null 值转换为不可为 null 类型。 [/root/WorkSpace/CSharp/TelegramSearchBot/feature/project-restructure-implementation/TelegramSearchBot.Media/TelegramSearchBot.Media.csproj]
/root/WorkSpace/CSharp/TelegramSearchBot/feature/project-restructure-implementation/TelegramSearchBot.Media/Bilibili/BiliApiService.cs(49,35): warning CS8600: 将 null 文本或可能的 null 值转换为不可为 null 类型。 [/root/WorkSpace/CSharp/TelegramSearchBot/feature/project-restructure-implementation/TelegramSearchBot.Media/TelegramSearchBot.Media.csproj]
/root/WorkSpace/CSharp/TelegramSearchBot/feature/project-restructure-implementation/TelegramSearchBot.Media/Bilibili/BiliApiService.cs(49,48): warning CS8600: 将 null 文本或可能的 null 值转换为不可为 null 类型。 [/root/WorkSpace/CSharp/TelegramSearchBot/feature/project-restructure-implementation/TelegramSearchBot.Media/TelegramSearchBot.Media.csproj]
/root/WorkSpace/CSharp/TelegramSearchBot/feature/project-restructure-implementation/TelegramSearchBot.Media/Bilibili/BiliApiService.cs(49,61): warning CS8600: 将 null 文本或可能的 null 值转换为不可为 null 类型。 [/root/WorkSpace/CSharp/TelegramSearchBot/feature/project-restructure-implementation/TelegramSearchBot.Media/TelegramSearchBot.Media.csproj]
/root/WorkSpace/CSharp/TelegramSearchBot/feature/project-restructure-implementation/TelegramSearchBot.Media/Bilibili/BiliApiService.cs(57,28): warning CS8603: 可能返回 null 引用。 [/root/WorkSpace/CSharp/TelegramSearchBot/feature/project-restructure-implementation/TelegramSearchBot.Media/TelegramSearchBot.Media.csproj]
/root/WorkSpace/CSharp/TelegramSearchBot/feature/project-restructure-implementation/TelegramSearchBot.Media/Bilibili/BiliApiService.cs(64,143): warning CS8603: 可能返回 null 引用。 [/root/WorkSpace/CSharp/TelegramSearchBot/feature/project-restructure-implementation/TelegramSearchBot.Media/TelegramSearchBot.Media.csproj]
/root/WorkSpace/CSharp/TelegramSearchBot/feature/project-restructure-implementation/TelegramSearchBot.Media/Bilibili/BiliApiService.cs(80,50): warning CS8600: 将 null 文本或可能的 null 值转换为不可为 null 类型。 [/root/WorkSpace/CSharp/TelegramSearchBot/feature/project-restructure-implementation/TelegramSearchBot.Media/TelegramSearchBot.Media.csproj]
/root/WorkSpace/CSharp/TelegramSearchBot/feature/project-restructure-implementation/TelegramSearchBot.Media/Bilibili/BiliApiService.cs(81,43): warning CS8600: 将 null 文本或可能的 null 值转换为不可为 null 类型。 [/root/WorkSpace/CSharp/TelegramSearchBot/feature/project-restructure-implementation/TelegramSearchBot.Media/TelegramSearchBot.Media.csproj]
/root/WorkSpace/CSharp/TelegramSearchBot/feature/project-restructure-implementation/TelegramSearchBot.Media/Bilibili/BiliApiService.cs(92,183): warning CS8603: 可能返回 null 引用。 [/root/WorkSpace/CSharp/TelegramSearchBot/feature/project-restructure-implementation/TelegramSearchBot.Media/TelegramSearchBot.Media.csproj]
/root/WorkSpace/CSharp/TelegramSearchBot/feature/project-restructure-implementation/TelegramSearchBot.Media/Bilibili/BiliApiService.cs(97,203): warning CS8603: 可能返回 null 引用。 [/root/WorkSpace/CSharp/TelegramSearchBot/feature/project-restructure-implementation/TelegramSearchBot.Media/TelegramSearchBot.Media.csproj]
/root/WorkSpace/CSharp/TelegramSearchBot/feature/project-restructure-implementation/TelegramSearchBot.Media/Bilibili/BiliApiService.cs(100,29): warning CS8602: 解引用可能出现空引用。 [/root/WorkSpace/CSharp/TelegramSearchBot/feature/project-restructure-implementation/TelegramSearchBot.Media/TelegramSearchBot.Media.csproj]
/root/WorkSpace/CSharp/TelegramSearchBot/feature/project-restructure-implementation/TelegramSearchBot.Media/Bilibili/BiliApiService.cs(101,109): warning CS8601: 可能的 null 引用赋值。 [/root/WorkSpace/CSharp/TelegramSearchBot/feature/project-restructure-implementation/TelegramSearchBot.Media/TelegramSearchBot.Media.csproj]
/root/WorkSpace/CSharp/TelegramSearchBot/feature/project-restructure-implementation/TelegramSearchBot.Media/Bilibili/BiliApiService.cs(102,35): warning CS8601: 可能的 null 引用赋值。 [/root/WorkSpace/CSharp/TelegramSearchBot/feature/project-restructure-implementation/TelegramSearchBot.Media/TelegramSearchBot.Media.csproj]
/root/WorkSpace/CSharp/TelegramSearchBot/feature/project-restructure-implementation/TelegramSearchBot.Media/Bilibili/BiliApiService.cs(105,31): warning CS8601: 可能的 null 引用赋值。 [/root/WorkSpace/CSharp/TelegramSearchBot/feature/project-restructure-implementation/TelegramSearchBot.Media/TelegramSearchBot.Media.csproj]
/root/WorkSpace/CSharp/TelegramSearchBot/feature/project-restructure-implementation/TelegramSearchBot.Media/Bilibili/BiliApiService.cs(126,123): warning CS8603: 可能返回 null 引用。 [/root/WorkSpace/CSharp/TelegramSearchBot/feature/project-restructure-implementation/TelegramSearchBot.Media/TelegramSearchBot.Media.csproj]
/root/WorkSpace/CSharp/TelegramSearchBot/feature/project-restructure-implementation/TelegramSearchBot.Media/Bilibili/BiliApiService.cs(132,56): warning CS8603: 可能返回 null 引用。 [/root/WorkSpace/CSharp/TelegramSearchBot/feature/project-restructure-implementation/TelegramSearchBot.Media/TelegramSearchBot.Media.csproj]
/root/WorkSpace/CSharp/TelegramSearchBot/feature/project-restructure-implementation/TelegramSearchBot.Media/Bilibili/BiliApiService.cs(134,121): warning CS8603: 可能返回 null 引用。 [/root/WorkSpace/CSharp/TelegramSearchBot/feature/project-restructure-implementation/TelegramSearchBot.Media/TelegramSearchBot.Media.csproj]
/root/WorkSpace/CSharp/TelegramSearchBot/feature/project-restructure-implementation/TelegramSearchBot.Media/Bilibili/BiliApiService.cs(135,100): warning CS8603: 可能返回 null 引用。 [/root/WorkSpace/CSharp/TelegramSearchBot/feature/project-restructure-implementation/TelegramSearchBot.Media/TelegramSearchBot.Media.csproj]
/root/WorkSpace/CSharp/TelegramSearchBot/feature/project-restructure-implementation/TelegramSearchBot.Media/Bilibili/BiliApiService.cs(138,220): warning CS8603: 可能返回 null 引用。 [/root/WorkSpace/CSharp/TelegramSearchBot/feature/project-restructure-implementation/TelegramSearchBot.Media/TelegramSearchBot.Media.csproj]
/root/WorkSpace/CSharp/TelegramSearchBot/feature/project-restructure-implementation/TelegramSearchBot.Media/Bilibili/BiliApiService.cs(139,53): warning CS8602: 解引用可能出现空引用。 [/root/WorkSpace/CSharp/TelegramSearchBot/feature/project-restructure-implementation/TelegramSearchBot.Media/TelegramSearchBot.Media.csproj]
/root/WorkSpace/CSharp/TelegramSearchBot/feature/project-restructure-implementation/TelegramSearchBot.Media/Bilibili/BiliApiService.cs(139,53): warning CS8604: “BiliOpusInfo BiliHelper.ParseOpusItem(JsonNode itemNode, string originalUrl, ILogger logger = null)”中的形参“itemNode”可能传入 null 引用实参。 [/root/WorkSpace/CSharp/TelegramSearchBot/feature/project-restructure-implementation/TelegramSearchBot.Media/TelegramSearchBot.Media.csproj]
/root/WorkSpace/CSharp/TelegramSearchBot/feature/project-restructure-implementation/TelegramSearchBot.Media/Bilibili/BiliApiService.cs(141,120): warning CS8603: 可能返回 null 引用。 [/root/WorkSpace/CSharp/TelegramSearchBot/feature/project-restructure-implementation/TelegramSearchBot.Media/TelegramSearchBot.Media.csproj]
/root/WorkSpace/CSharp/TelegramSearchBot/feature/project-restructure-implementation/TelegramSearchBot.Media/Bilibili/BiliApiService.cs(157,20): warning CS8603: 可能返回 null 引用。 [/root/WorkSpace/CSharp/TelegramSearchBot/feature/project-restructure-implementation/TelegramSearchBot.Media/TelegramSearchBot.Media.csproj]
/root/WorkSpace/CSharp/TelegramSearchBot/feature/project-restructure-implementation/TelegramSearchBot.Media/Bilibili/BiliApiService.cs(158,130): warning CS8603: 可能返回 null 引用。 [/root/WorkSpace/CSharp/TelegramSearchBot/feature/project-restructure-implementation/TelegramSearchBot.Media/TelegramSearchBot.Media.csproj]
/root/WorkSpace/CSharp/TelegramSearchBot/feature/project-restructure-implementation/TelegramSearchBot.Media/Bilibili/BiliApiService.cs(173,33): warning CS8625: 无法将 null 字面量转换为非 null 的引用类型。 [/root/WorkSpace/CSharp/TelegramSearchBot/feature/project-restructure-implementation/TelegramSearchBot.Media/TelegramSearchBot.Media.csproj]
/root/WorkSpace/CSharp/TelegramSearchBot/feature/project-restructure-implementation/TelegramSearchBot.Media/Bilibili/BiliApiService.cs(176,28): warning CS8602: 解引用可能出现空引用。 [/root/WorkSpace/CSharp/TelegramSearchBot/feature/project-restructure-implementation/TelegramSearchBot.Media/TelegramSearchBot.Media.csproj]
/root/WorkSpace/CSharp/TelegramSearchBot/feature/project-restructure-implementation/TelegramSearchBot.Media/Bilibili/BiliApiService.cs(176,77): warning CS8602: 解引用可能出现空引用。 [/root/WorkSpace/CSharp/TelegramSearchBot/feature/project-restructure-implementation/TelegramSearchBot.Media/TelegramSearchBot.Media.csproj]
/root/WorkSpace/CSharp/TelegramSearchBot/feature/project-restructure-implementation/TelegramSearchBot.Media/Bilibili/BiliApiService.cs(181,43): warning CS8600: 将 null 文本或可能的 null 值转换为不可为 null 类型。 [/root/WorkSpace/CSharp/TelegramSearchBot/feature/project-restructure-implementation/TelegramSearchBot.Media/TelegramSearchBot.Media.csproj]
/root/WorkSpace/CSharp/TelegramSearchBot/feature/project-restructure-implementation/TelegramSearchBot.Media/Bilibili/BiliApiService.cs(182,43): warning CS8600: 将 null 文本或可能的 null 值转换为不可为 null 类型。 [/root/WorkSpace/CSharp/TelegramSearchBot/feature/project-restructure-implementation/TelegramSearchBot.Media/TelegramSearchBot.Media.csproj]
/root/WorkSpace/CSharp/TelegramSearchBot/feature/project-restructure-implementation/TelegramSearchBot.Media/Bilibili/BiliApiService.cs(192,87): warning CS8601: 可能的 null 引用赋值。 [/root/WorkSpace/CSharp/TelegramSearchBot/feature/project-restructure-implementation/TelegramSearchBot.Media/TelegramSearchBot.Media.csproj]
/root/WorkSpace/CSharp/TelegramSearchBot/feature/project-restructure-implementation/TelegramSearchBot.Media/Bilibili/BiliApiService.cs(192,200): warning CS8601: 可能的 null 引用赋值。 [/root/WorkSpace/CSharp/TelegramSearchBot/feature/project-restructure-implementation/TelegramSearchBot.Media/TelegramSearchBot.Media.csproj]
/root/WorkSpace/CSharp/TelegramSearchBot/feature/project-restructure-implementation/TelegramSearchBot.Media/Bilibili/BiliApiService.cs(193,87): warning CS8601: 可能的 null 引用赋值。 [/root/WorkSpace/CSharp/TelegramSearchBot/feature/project-restructure-implementation/TelegramSearchBot.Media/TelegramSearchBot.Media.csproj]
/root/WorkSpace/CSharp/TelegramSearchBot/feature/project-restructure-implementation/TelegramSearchBot.Media/Bilibili/BiliApiService.cs(193,200): warning CS8601: 可能的 null 引用赋值。 [/root/WorkSpace/CSharp/TelegramSearchBot/feature/project-restructure-implementation/TelegramSearchBot.Media/TelegramSearchBot.Media.csproj]
/root/WorkSpace/CSharp/TelegramSearchBot/feature/project-restructure-implementation/TelegramSearchBot.Media/Bilibili/BiliApiService.cs(228,31): warning CS8601: 可能的 null 引用赋值。 [/root/WorkSpace/CSharp/TelegramSearchBot/feature/project-restructure-implementation/TelegramSearchBot.Media/TelegramSearchBot.Media.csproj]
/root/WorkSpace/CSharp/TelegramSearchBot/feature/project-restructure-implementation/TelegramSearchBot.Media/Bilibili/BiliApiService.cs(229,141): warning CS8619: 类型“List<string>”的值中引用类型的为 Null 性与目标类型“List<string?>”不匹配。 [/root/WorkSpace/CSharp/TelegramSearchBot/feature/project-restructure-implementation/TelegramSearchBot.Media/TelegramSearchBot.Media.csproj]
/root/WorkSpace/CSharp/TelegramSearchBot/feature/project-restructure-implementation/TelegramSearchBot.Media/Bilibili/BiliApiService.cs(229,38): warning CS8619: 类型“List<string?>”的值中引用类型的为 Null 性与目标类型“List<string>”不匹配。 [/root/WorkSpace/CSharp/TelegramSearchBot/feature/project-restructure-implementation/TelegramSearchBot.Media/TelegramSearchBot.Media.csproj]
/root/WorkSpace/CSharp/TelegramSearchBot/feature/project-restructure-implementation/TelegramSearchBot/Controller/AI/LLM/GeneralLLMController.cs(17,7): warning CS0105: “TelegramSearchBot.Interface.AI.LLM”的 using 指令以前在此命名空间中出现过 [/root/WorkSpace/CSharp/TelegramSearchBot/feature/project-restructure-implementation/TelegramSearchBot/TelegramSearchBot.csproj]
/root/WorkSpace/CSharp/TelegramSearchBot/feature/project-restructure-implementation/TelegramSearchBot/Controller/AI/QR/AutoQRController.cs(19,7): warning CS0105: “TelegramSearchBot.Controller.Download”的 using 指令以前在此命名空间中出现过 [/root/WorkSpace/CSharp/TelegramSearchBot/feature/project-restructure-implementation/TelegramSearchBot/TelegramSearchBot.csproj]
/root/WorkSpace/CSharp/TelegramSearchBot/feature/project-restructure-implementation/TelegramSearchBot/Controller/AI/QR/AutoQRController.cs(20,7): warning CS0105: “TelegramSearchBot.Exceptions”的 using 指令以前在此命名空间中出现过 [/root/WorkSpace/CSharp/TelegramSearchBot/feature/project-restructure-implementation/TelegramSearchBot/TelegramSearchBot.csproj]
/root/WorkSpace/CSharp/TelegramSearchBot/feature/project-restructure-implementation/TelegramSearchBot/Model/ChatExport/ChatExport.cs(12,21): warning CS0436: “/root/WorkSpace/CSharp/TelegramSearchBot/feature/project-restructure-implementation/TelegramSearchBot/Model/ChatExport/ChatExport.cs”中的类型“Message”与“TelegramSearchBot.Common, Version=1.0.0.0, Culture=neutral, PublicKeyToken=null”中的导入类型“Message”冲突。请使用“/root/WorkSpace/CSharp/TelegramSearchBot/feature/project-restructure-implementation/TelegramSearchBot/Model/ChatExport/ChatExport.cs”中定义的类型。 [/root/WorkSpace/CSharp/TelegramSearchBot/feature/project-restructure-implementation/TelegramSearchBot/TelegramSearchBot.csproj]
/root/WorkSpace/CSharp/TelegramSearchBot/feature/project-restructure-implementation/TelegramSearchBot/AppBootstrap/AppBootstrap.cs(20,34): warning CS8632: 只能在 "#nullable" 注释上下文内的代码中使用可为 null 的引用类型的注释。 [/root/WorkSpace/CSharp/TelegramSearchBot/feature/project-restructure-implementation/TelegramSearchBot/TelegramSearchBot.csproj]
/root/WorkSpace/CSharp/TelegramSearchBot/feature/project-restructure-implementation/TelegramSearchBot/AppBootstrap/AppBootstrap.cs(86,74): warning CS8632: 只能在 "#nullable" 注释上下文内的代码中使用可为 null 的引用类型的注释。 [/root/WorkSpace/CSharp/TelegramSearchBot/feature/project-restructure-implementation/TelegramSearchBot/TelegramSearchBot.csproj]
/root/WorkSpace/CSharp/TelegramSearchBot/feature/project-restructure-implementation/TelegramSearchBot/Model/ChatExport/ChatExport.cs(23,21): warning CS0436: “/root/WorkSpace/CSharp/TelegramSearchBot/feature/project-restructure-implementation/TelegramSearchBot/Model/ChatExport/ChatExport.cs”中的类型“TextItem”与“TelegramSearchBot.Common, Version=1.0.0.0, Culture=neutral, PublicKeyToken=null”中的导入类型“TextItem”冲突。请使用“/root/WorkSpace/CSharp/TelegramSearchBot/feature/project-restructure-implementation/TelegramSearchBot/Model/ChatExport/ChatExport.cs”中定义的类型。 [/root/WorkSpace/CSharp/TelegramSearchBot/feature/project-restructure-implementation/TelegramSearchBot/TelegramSearchBot.csproj]
/root/WorkSpace/CSharp/TelegramSearchBot/feature/project-restructure-implementation/TelegramSearchBot/Model/ChatExport/ChatExport.cs(24,21): warning CS0436: “/root/WorkSpace/CSharp/TelegramSearchBot/feature/project-restructure-implementation/TelegramSearchBot/Model/ChatExport/ChatExport.cs”中的类型“TextEntity”与“TelegramSearchBot.Common, Version=1.0.0.0, Culture=neutral, PublicKeyToken=null”中的导入类型“TextEntity”冲突。请使用“/root/WorkSpace/CSharp/TelegramSearchBot/feature/project-restructure-implementation/TelegramSearchBot/Model/ChatExport/ChatExport.cs”中定义的类型。 [/root/WorkSpace/CSharp/TelegramSearchBot/feature/project-restructure-implementation/TelegramSearchBot/TelegramSearchBot.csproj]
/root/WorkSpace/CSharp/TelegramSearchBot/feature/project-restructure-implementation/TelegramSearchBot/Manager/PaddleOCR.cs(38,21): warning CS0612: “Result”已过时 [/root/WorkSpace/CSharp/TelegramSearchBot/feature/project-restructure-implementation/TelegramSearchBot/TelegramSearchBot.csproj]
/root/WorkSpace/CSharp/TelegramSearchBot/feature/project-restructure-implementation/TelegramSearchBot/Controller/Common/CommandUrlProcessingController.cs(99,104): warning CS8632: 只能在 "#nullable" 注释上下文内的代码中使用可为 null 的引用类型的注释。 [/root/WorkSpace/CSharp/TelegramSearchBot/feature/project-restructure-implementation/TelegramSearchBot/TelegramSearchBot.csproj]
/root/WorkSpace/CSharp/TelegramSearchBot/feature/project-restructure-implementation/TelegramSearchBot/Manager/SendMessage.cs(60,47): warning CS8632: 只能在 "#nullable" 注释上下文内的代码中使用可为 null 的引用类型的注释。 [/root/WorkSpace/CSharp/TelegramSearchBot/feature/project-restructure-implementation/TelegramSearchBot/TelegramSearchBot.csproj]
/root/WorkSpace/CSharp/TelegramSearchBot/feature/project-restructure-implementation/TelegramSearchBot/View/VideoView.cs(52,26): warning CS8632: 只能在 "#nullable" 注释上下文内的代码中使用可为 null 的引用类型的注释。 [/root/WorkSpace/CSharp/TelegramSearchBot/feature/project-restructure-implementation/TelegramSearchBot/TelegramSearchBot.csproj]
/root/WorkSpace/CSharp/TelegramSearchBot/feature/project-restructure-implementation/TelegramSearchBot/Controller/Storage/MessageController.cs(34,17): warning CS8602: 解引用可能出现空引用。 [/root/WorkSpace/CSharp/TelegramSearchBot/feature/project-restructure-implementation/TelegramSearchBot/TelegramSearchBot.csproj]
/root/WorkSpace/CSharp/TelegramSearchBot/feature/project-restructure-implementation/TelegramSearchBot/Controller/Storage/MessageController.cs(46,26): warning CS8602: 解引用可能出现空引用。 [/root/WorkSpace/CSharp/TelegramSearchBot/feature/project-restructure-implementation/TelegramSearchBot/TelegramSearchBot.csproj]
/root/WorkSpace/CSharp/TelegramSearchBot/feature/project-restructure-implementation/TelegramSearchBot/Controller/AI/ASR/AutoASRController.cs(50,95): warning CS8604: “bool IProcessAudio.IsAudio(string Name)”中的形参“Name”可能传入 null 引用实参。 [/root/WorkSpace/CSharp/TelegramSearchBot/feature/project-restructure-implementation/TelegramSearchBot/TelegramSearchBot.csproj]
/root/WorkSpace/CSharp/TelegramSearchBot/feature/project-restructure-implementation/TelegramSearchBot/Controller/AI/ASR/AutoASRController.cs(55,95): warning CS8604: “bool IProcessVideo.IsVideo(string Name)”中的形参“Name”可能传入 null 引用实参。 [/root/WorkSpace/CSharp/TelegramSearchBot/feature/project-restructure-implementation/TelegramSearchBot/TelegramSearchBot.csproj]
/root/WorkSpace/CSharp/TelegramSearchBot/feature/project-restructure-implementation/TelegramSearchBot/Controller/AI/QR/AutoQRController.cs(67,31): warning CS0436: “/root/WorkSpace/CSharp/TelegramSearchBot/feature/project-restructure-implementation/TelegramSearchBot/Exceptions/CannotGetPhotoException.cs”中的类型“CannotGetPhotoException”与“TelegramSearchBot.Common, Version=1.0.0.0, Culture=neutral, PublicKeyToken=null”中的导入类型“CannotGetPhotoException”冲突。请使用“/root/WorkSpace/CSharp/TelegramSearchBot/feature/project-restructure-implementation/TelegramSearchBot/Exceptions/CannotGetPhotoException.cs”中定义的类型。 [/root/WorkSpace/CSharp/TelegramSearchBot/feature/project-restructure-implementation/TelegramSearchBot/TelegramSearchBot.csproj]
/root/WorkSpace/CSharp/TelegramSearchBot/feature/project-restructure-implementation/TelegramSearchBot/Controller/AI/QR/AutoQRController.cs(91,25): warning CS0436: “/root/WorkSpace/CSharp/TelegramSearchBot/feature/project-restructure-implementation/TelegramSearchBot/Exceptions/CannotGetPhotoException.cs”中的类型“CannotGetPhotoException”与“TelegramSearchBot.Common, Version=1.0.0.0, Culture=neutral, PublicKeyToken=null”中的导入类型“CannotGetPhotoException”冲突。请使用“/root/WorkSpace/CSharp/TelegramSearchBot/feature/project-restructure-implementation/TelegramSearchBot/Exceptions/CannotGetPhotoException.cs”中定义的类型。 [/root/WorkSpace/CSharp/TelegramSearchBot/feature/project-restructure-implementation/TelegramSearchBot/TelegramSearchBot.csproj]
/root/WorkSpace/CSharp/TelegramSearchBot/feature/project-restructure-implementation/TelegramSearchBot/Controller/AI/QR/AutoQRController.cs(69,80): warning CS8602: 解引用可能出现空引用。 [/root/WorkSpace/CSharp/TelegramSearchBot/feature/project-restructure-implementation/TelegramSearchBot/TelegramSearchBot.csproj]
/root/WorkSpace/CSharp/TelegramSearchBot/feature/project-restructure-implementation/TelegramSearchBot/Controller/AI/ASR/AutoASRController.cs(71,95): warning CS8604: “bool IProcessAudio.IsAudio(string Name)”中的形参“Name”可能传入 null 引用实参。 [/root/WorkSpace/CSharp/TelegramSearchBot/feature/project-restructure-implementation/TelegramSearchBot/TelegramSearchBot.csproj]
/root/WorkSpace/CSharp/TelegramSearchBot/feature/project-restructure-implementation/TelegramSearchBot/Controller/AI/ASR/AutoASRController.cs(76,95): warning CS8604: “bool IProcessVideo.IsVideo(string Name)”中的形参“Name”可能传入 null 引用实参。 [/root/WorkSpace/CSharp/TelegramSearchBot/feature/project-restructure-implementation/TelegramSearchBot/TelegramSearchBot.csproj]
/root/WorkSpace/CSharp/TelegramSearchBot/feature/project-restructure-implementation/TelegramSearchBot/Controller/Storage/LuceneIndexController.cs(59,26): warning CS8602: 解引用可能出现空引用。 [/root/WorkSpace/CSharp/TelegramSearchBot/feature/project-restructure-implementation/TelegramSearchBot/TelegramSearchBot.csproj]
/root/WorkSpace/CSharp/TelegramSearchBot/feature/project-restructure-implementation/TelegramSearchBot/Controller/AI/ASR/AutoASRController.cs(119,25): warning CS0436: “/root/WorkSpace/CSharp/TelegramSearchBot/feature/project-restructure-implementation/TelegramSearchBot/Exceptions/CannotGetAudioException.cs”中的类型“CannotGetAudioException”与“TelegramSearchBot.Common, Version=1.0.0.0, Culture=neutral, PublicKeyToken=null”中的导入类型“CannotGetAudioException”冲突。请使用“/root/WorkSpace/CSharp/TelegramSearchBot/feature/project-restructure-implementation/TelegramSearchBot/Exceptions/CannotGetAudioException.cs”中定义的类型。 [/root/WorkSpace/CSharp/TelegramSearchBot/feature/project-restructure-implementation/TelegramSearchBot/TelegramSearchBot.csproj]
/root/WorkSpace/CSharp/TelegramSearchBot/feature/project-restructure-implementation/TelegramSearchBot/Controller/AI/ASR/AutoASRController.cs(120,25): warning CS0436: “/root/WorkSpace/CSharp/TelegramSearchBot/feature/project-restructure-implementation/TelegramSearchBot/Exceptions/CannotGetVideoException.cs”中的类型“CannotGetVideoException”与“TelegramSearchBot.Common, Version=1.0.0.0, Culture=neutral, PublicKeyToken=null”中的导入类型“CannotGetVideoException”冲突。请使用“/root/WorkSpace/CSharp/TelegramSearchBot/feature/project-restructure-implementation/TelegramSearchBot/Exceptions/CannotGetVideoException.cs”中定义的类型。 [/root/WorkSpace/CSharp/TelegramSearchBot/feature/project-restructure-implementation/TelegramSearchBot/TelegramSearchBot.csproj]
/root/WorkSpace/CSharp/TelegramSearchBot/feature/project-restructure-implementation/TelegramSearchBot/Controller/AI/ASR/AutoASRController.cs(110,118): warning CS8602: 解引用可能出现空引用。 [/root/WorkSpace/CSharp/TelegramSearchBot/feature/project-restructure-implementation/TelegramSearchBot/TelegramSearchBot.csproj]
/root/WorkSpace/CSharp/TelegramSearchBot/feature/project-restructure-implementation/TelegramSearchBot/Controller/AI/ASR/AutoASRController.cs(114,75): warning CS8602: 解引用可能出现空引用。 [/root/WorkSpace/CSharp/TelegramSearchBot/feature/project-restructure-implementation/TelegramSearchBot/TelegramSearchBot.csproj]
/root/WorkSpace/CSharp/TelegramSearchBot/feature/project-restructure-implementation/TelegramSearchBot/AppBootstrap/QRBootstrap.cs(31,36): warning CS0168: 声明了变量“ex”，但从未使用过 [/root/WorkSpace/CSharp/TelegramSearchBot/feature/project-restructure-implementation/TelegramSearchBot/TelegramSearchBot.csproj]
/root/WorkSpace/CSharp/TelegramSearchBot/feature/project-restructure-implementation/TelegramSearchBot/Handler/ResolveShortUrlHandler.cs(24,22): warning CS8602: 解引用可能出现空引用。 [/root/WorkSpace/CSharp/TelegramSearchBot/feature/project-restructure-implementation/TelegramSearchBot/TelegramSearchBot.csproj]
/root/WorkSpace/CSharp/TelegramSearchBot/feature/project-restructure-implementation/TelegramSearchBot/Controller/Common/UrlProcessingController.cs(61,35): warning CS8601: 可能的 null 引用赋值。 [/root/WorkSpace/CSharp/TelegramSearchBot/feature/project-restructure-implementation/TelegramSearchBot/TelegramSearchBot.csproj]
/root/WorkSpace/CSharp/TelegramSearchBot/feature/project-restructure-implementation/TelegramSearchBot/Controller/Download/DownloadVideoController.cs(66,25): warning CS0436: “/root/WorkSpace/CSharp/TelegramSearchBot/feature/project-restructure-implementation/TelegramSearchBot/Exceptions/CannotGetVideoException.cs”中的类型“CannotGetVideoException”与“TelegramSearchBot.Common, Version=1.0.0.0, Culture=neutral, PublicKeyToken=null”中的导入类型“CannotGetVideoException”冲突。请使用“/root/WorkSpace/CSharp/TelegramSearchBot/feature/project-restructure-implementation/TelegramSearchBot/Exceptions/CannotGetVideoException.cs”中定义的类型。 [/root/WorkSpace/CSharp/TelegramSearchBot/feature/project-restructure-implementation/TelegramSearchBot/TelegramSearchBot.csproj]
/root/WorkSpace/CSharp/TelegramSearchBot/feature/project-restructure-implementation/TelegramSearchBot/Controller/Download/DownloadVideoController.cs(56,30): warning CS8602: 解引用可能出现空引用。 [/root/WorkSpace/CSharp/TelegramSearchBot/feature/project-restructure-implementation/TelegramSearchBot/TelegramSearchBot.csproj]
/root/WorkSpace/CSharp/TelegramSearchBot/feature/project-restructure-implementation/TelegramSearchBot/Controller/AI/LLM/AltPhotoController.cs(71,27): warning CS0436: “/root/WorkSpace/CSharp/TelegramSearchBot/feature/project-restructure-implementation/TelegramSearchBot/Exceptions/CannotGetPhotoException.cs”中的类型“CannotGetPhotoException”与“TelegramSearchBot.Common, Version=1.0.0.0, Culture=neutral, PublicKeyToken=null”中的导入类型“CannotGetPhotoException”冲突。请使用“/root/WorkSpace/CSharp/TelegramSearchBot/feature/project-restructure-implementation/TelegramSearchBot/Exceptions/CannotGetPhotoException.cs”中定义的类型。 [/root/WorkSpace/CSharp/TelegramSearchBot/feature/project-restructure-implementation/TelegramSearchBot/TelegramSearchBot.csproj]
/root/WorkSpace/CSharp/TelegramSearchBot/feature/project-restructure-implementation/TelegramSearchBot/Controller/AI/LLM/AltPhotoController.cs(64,58): warning CS8602: 解引用可能出现空引用。 [/root/WorkSpace/CSharp/TelegramSearchBot/feature/project-restructure-implementation/TelegramSearchBot/TelegramSearchBot.csproj]
/root/WorkSpace/CSharp/TelegramSearchBot/feature/project-restructure-implementation/TelegramSearchBot/Controller/AI/LLM/AltPhotoController.cs(74,60): warning CS8602: 解引用可能出现空引用。 [/root/WorkSpace/CSharp/TelegramSearchBot/feature/project-restructure-implementation/TelegramSearchBot/TelegramSearchBot.csproj]
/root/WorkSpace/CSharp/TelegramSearchBot/feature/project-restructure-implementation/TelegramSearchBot/Controller/Common/CommandUrlProcessingController.cs(83,23): warning CS8632: 只能在 "#nullable" 注释上下文内的代码中使用可为 null 的引用类型的注释。 [/root/WorkSpace/CSharp/TelegramSearchBot/feature/project-restructure-implementation/TelegramSearchBot/TelegramSearchBot.csproj]
/root/WorkSpace/CSharp/TelegramSearchBot/feature/project-restructure-implementation/TelegramSearchBot/Controller/AI/OCR/AutoOCRController.cs(81,25): warning CS0436: “/root/WorkSpace/CSharp/TelegramSearchBot/feature/project-restructure-implementation/TelegramSearchBot/Exceptions/CannotGetPhotoException.cs”中的类型“CannotGetPhotoException”与“TelegramSearchBot.Common, Version=1.0.0.0, Culture=neutral, PublicKeyToken=null”中的导入类型“CannotGetPhotoException”冲突。请使用“/root/WorkSpace/CSharp/TelegramSearchBot/feature/project-restructure-implementation/TelegramSearchBot/Exceptions/CannotGetPhotoException.cs”中定义的类型。 [/root/WorkSpace/CSharp/TelegramSearchBot/feature/project-restructure-implementation/TelegramSearchBot/TelegramSearchBot.csproj]
/root/WorkSpace/CSharp/TelegramSearchBot/feature/project-restructure-implementation/TelegramSearchBot/Controller/AI/OCR/AutoOCRController.cs(72,58): warning CS8602: 解引用可能出现空引用。 [/root/WorkSpace/CSharp/TelegramSearchBot/feature/project-restructure-implementation/TelegramSearchBot/TelegramSearchBot.csproj]
/root/WorkSpace/CSharp/TelegramSearchBot/feature/project-restructure-implementation/TelegramSearchBot/Controller/AI/OCR/AutoOCRController.cs(85,60): warning CS8602: 解引用可能出现空引用。 [/root/WorkSpace/CSharp/TelegramSearchBot/feature/project-restructure-implementation/TelegramSearchBot/TelegramSearchBot.csproj]
/root/WorkSpace/CSharp/TelegramSearchBot/feature/project-restructure-implementation/TelegramSearchBot/Controller/Download/DownloadPhotoController.cs(67,25): warning CS0436: “/root/WorkSpace/CSharp/TelegramSearchBot/feature/project-restructure-implementation/TelegramSearchBot/Exceptions/CannotGetPhotoException.cs”中的类型“CannotGetPhotoException”与“TelegramSearchBot.Common, Version=1.0.0.0, Culture=neutral, PublicKeyToken=null”中的导入类型“CannotGetPhotoException”冲突。请使用“/root/WorkSpace/CSharp/TelegramSearchBot/feature/project-restructure-implementation/TelegramSearchBot/Exceptions/CannotGetPhotoException.cs”中定义的类型。 [/root/WorkSpace/CSharp/TelegramSearchBot/feature/project-restructure-implementation/TelegramSearchBot/TelegramSearchBot.csproj]
/root/WorkSpace/CSharp/TelegramSearchBot/feature/project-restructure-implementation/TelegramSearchBot/Controller/Download/DownloadPhotoController.cs(57,30): warning CS8602: 解引用可能出现空引用。 [/root/WorkSpace/CSharp/TelegramSearchBot/feature/project-restructure-implementation/TelegramSearchBot/TelegramSearchBot.csproj]
/root/WorkSpace/CSharp/TelegramSearchBot/feature/project-restructure-implementation/TelegramSearchBot/Controller/Manage/AccountController.cs(57,26): warning CS8602: 解引用可能出现空引用。 [/root/WorkSpace/CSharp/TelegramSearchBot/feature/project-restructure-implementation/TelegramSearchBot/TelegramSearchBot.csproj]
/root/WorkSpace/CSharp/TelegramSearchBot/feature/project-restructure-implementation/TelegramSearchBot/Controller/Download/DownloadAudioController.cs(67,25): warning CS0436: “/root/WorkSpace/CSharp/TelegramSearchBot/feature/project-restructure-implementation/TelegramSearchBot/Exceptions/CannotGetAudioException.cs”中的类型“CannotGetAudioException”与“TelegramSearchBot.Common, Version=1.0.0.0, Culture=neutral, PublicKeyToken=null”中的导入类型“CannotGetAudioException”冲突。请使用“/root/WorkSpace/CSharp/TelegramSearchBot/feature/project-restructure-implementation/TelegramSearchBot/Exceptions/CannotGetAudioException.cs”中定义的类型。 [/root/WorkSpace/CSharp/TelegramSearchBot/feature/project-restructure-implementation/TelegramSearchBot/TelegramSearchBot.csproj]
/root/WorkSpace/CSharp/TelegramSearchBot/feature/project-restructure-implementation/TelegramSearchBot/Controller/Download/DownloadAudioController.cs(57,30): warning CS8602: 解引用可能出现空引用。 [/root/WorkSpace/CSharp/TelegramSearchBot/feature/project-restructure-implementation/TelegramSearchBot/TelegramSearchBot.csproj]
/root/WorkSpace/CSharp/TelegramSearchBot/feature/project-restructure-implementation/TelegramSearchBot/Controller/Manage/CheckBanGroupController.cs(64,37): warning CS8604: “Task<Message> TelegramBotClientExtensions.SendMessage(ITelegramBotClient botClient, ChatId chatId, string text, ParseMode parseMode = ParseMode.None, ReplyParameters? replyParameters = null, ReplyMarkup? replyMarkup = null, LinkPreviewOptions? linkPreviewOptions = null, int? messageThreadId = null, IEnumerable<MessageEntity>? entities = null, bool disableNotification = false, bool protectContent = false, string? messageEffectId = null, string? businessConnectionId = null, bool allowPaidBroadcast = false, CancellationToken cancellationToken = default(CancellationToken))”中的形参“chatId”可能传入 null 引用实参。 [/root/WorkSpace/CSharp/TelegramSearchBot/feature/project-restructure-implementation/TelegramSearchBot/TelegramSearchBot.csproj]
/root/WorkSpace/CSharp/TelegramSearchBot/feature/project-restructure-implementation/TelegramSearchBot/Controller/AI/LLM/GeneralLLMController.cs(68,41): warning CS8601: 可能的 null 引用赋值。 [/root/WorkSpace/CSharp/TelegramSearchBot/feature/project-restructure-implementation/TelegramSearchBot/TelegramSearchBot.csproj]
/root/WorkSpace/CSharp/TelegramSearchBot/feature/project-restructure-implementation/TelegramSearchBot/Controller/AI/LLM/GeneralLLMController.cs(79,17): warning CS8602: 解引用可能出现空引用。 [/root/WorkSpace/CSharp/TelegramSearchBot/feature/project-restructure-implementation/TelegramSearchBot/TelegramSearchBot.csproj]
/root/WorkSpace/CSharp/TelegramSearchBot/feature/project-restructure-implementation/TelegramSearchBot/Controller/AI/LLM/GeneralLLMController.cs(79,17): warning CS8602: 解引用可能出现空引用。 [/root/WorkSpace/CSharp/TelegramSearchBot/feature/project-restructure-implementation/TelegramSearchBot/TelegramSearchBot.csproj]
/root/WorkSpace/CSharp/TelegramSearchBot/feature/project-restructure-implementation/TelegramSearchBot/Controller/AI/LLM/GeneralLLMController.cs(96,81): warning CS8602: 解引用可能出现空引用。 [/root/WorkSpace/CSharp/TelegramSearchBot/feature/project-restructure-implementation/TelegramSearchBot/TelegramSearchBot.csproj]
/root/WorkSpace/CSharp/TelegramSearchBot/feature/project-restructure-implementation/TelegramSearchBot/Controller/AI/LLM/GeneralLLMController.cs(123,34): warning CS8602: 解引用可能出现空引用。 [/root/WorkSpace/CSharp/TelegramSearchBot/feature/project-restructure-implementation/TelegramSearchBot/TelegramSearchBot.csproj]
/root/WorkSpace/CSharp/TelegramSearchBot/feature/project-restructure-implementation/TelegramSearchBot/Manager/QRManager.cs(31,26): warning SYSLIB0014: “WebClient.WebClient()”已过时:“WebRequest, HttpWebRequest, ServicePoint, and WebClient are obsolete. Use HttpClient instead.” (https://aka.ms/dotnet-warnings/SYSLIB0014) [/root/WorkSpace/CSharp/TelegramSearchBot/feature/project-restructure-implementation/TelegramSearchBot/TelegramSearchBot.csproj]
/root/WorkSpace/CSharp/TelegramSearchBot/feature/project-restructure-implementation/TelegramSearchBot/Controller/Manage/AccountController.cs(156,26): warning CS8602: 解引用可能出现空引用。 [/root/WorkSpace/CSharp/TelegramSearchBot/feature/project-restructure-implementation/TelegramSearchBot/TelegramSearchBot.csproj]
/root/WorkSpace/CSharp/TelegramSearchBot/feature/project-restructure-implementation/TelegramSearchBot/Controller/Manage/AccountController.cs(164,21): warning CS8602: 解引用可能出现空引用。 [/root/WorkSpace/CSharp/TelegramSearchBot/feature/project-restructure-implementation/TelegramSearchBot/TelegramSearchBot.csproj]
/root/WorkSpace/CSharp/TelegramSearchBot/feature/project-restructure-implementation/TelegramSearchBot/Controller/Bilibili/BiliMessageController.cs(220,17): warning CS4014: 由于此调用不会等待，因此在此调用完成之前将会继续执行当前方法。请考虑将 "await" 运算符应用于调用结果。 [/root/WorkSpace/CSharp/TelegramSearchBot/feature/project-restructure-implementation/TelegramSearchBot/TelegramSearchBot.csproj]
/root/WorkSpace/CSharp/TelegramSearchBot/feature/project-restructure-implementation/TelegramSearchBot/Manager/PaddleOCR.cs(39,36): warning CS0612: “Result”已过时 [/root/WorkSpace/CSharp/TelegramSearchBot/feature/project-restructure-implementation/TelegramSearchBot/TelegramSearchBot.csproj]
/root/WorkSpace/CSharp/TelegramSearchBot/feature/project-restructure-implementation/TelegramSearchBot/Manager/PaddleOCR.cs(41,33): warning CS0612: “Result”已过时 [/root/WorkSpace/CSharp/TelegramSearchBot/feature/project-restructure-implementation/TelegramSearchBot/TelegramSearchBot.csproj]
/root/WorkSpace/CSharp/TelegramSearchBot/feature/project-restructure-implementation/TelegramSearchBot/Controller/Manage/AccountController.cs(198,93): warning CS8604: “Task<(bool success, string message, AccountBook accountBook)> IAccountService.CreateAccountBookAsync(long groupId, long userId, string name, string description = null)”中的形参“description”可能传入 null 引用实参。 [/root/WorkSpace/CSharp/TelegramSearchBot/feature/project-restructure-implementation/TelegramSearchBot/TelegramSearchBot.csproj]
/root/WorkSpace/CSharp/TelegramSearchBot/feature/project-restructure-implementation/TelegramSearchBot/AppBootstrap/GeneralBootstrap.cs(79,39): warning CS8602: 解引用可能出现空引用。 [/root/WorkSpace/CSharp/TelegramSearchBot/feature/project-restructure-implementation/TelegramSearchBot/TelegramSearchBot.csproj]
/root/WorkSpace/CSharp/TelegramSearchBot/feature/project-restructure-implementation/TelegramSearchBot/Handler/UrlProcessingNotificationHandler.cs(111,23): warning CS8632: 只能在 "#nullable" 注释上下文内的代码中使用可为 null 的引用类型的注释。 [/root/WorkSpace/CSharp/TelegramSearchBot/feature/project-restructure-implementation/TelegramSearchBot/TelegramSearchBot.csproj]
/root/WorkSpace/CSharp/TelegramSearchBot/feature/project-restructure-implementation/TelegramSearchBot/Controller/Bilibili/BiliMessageController.cs(279,33): warning CS8604: “PhotoSize Enumerable.Last<PhotoSize>(IEnumerable<PhotoSize> source)”中的形参“source”可能传入 null 引用实参。 [/root/WorkSpace/CSharp/TelegramSearchBot/feature/project-restructure-implementation/TelegramSearchBot/TelegramSearchBot.csproj]
/root/WorkSpace/CSharp/TelegramSearchBot/feature/project-restructure-implementation/TelegramSearchBot/View/AccountView.cs(343,30): warning CS0168: 声明了变量“ex”，但从未使用过 [/root/WorkSpace/CSharp/TelegramSearchBot/feature/project-restructure-implementation/TelegramSearchBot/TelegramSearchBot.csproj]
/root/WorkSpace/CSharp/TelegramSearchBot/feature/project-restructure-implementation/TelegramSearchBot.Application/Exceptions/ApplicationException.cs(11,72): warning CS8625: 无法将 null 字面量转换为非 null 的引用类型。 [/root/WorkSpace/CSharp/TelegramSearchBot/feature/project-restructure-implementation/TelegramSearchBot.Application/TelegramSearchBot.Application.csproj]
/root/WorkSpace/CSharp/TelegramSearchBot/feature/project-restructure-implementation/TelegramSearchBot.Application/Exceptions/ApplicationException.cs(11,95): warning CS8625: 无法将 null 字面量转换为非 null 的引用类型。 [/root/WorkSpace/CSharp/TelegramSearchBot/feature/project-restructure-implementation/TelegramSearchBot.Application/TelegramSearchBot.Application.csproj]
/root/WorkSpace/CSharp/TelegramSearchBot/feature/project-restructure-implementation/TelegramSearchBot.Application/Exceptions/ApplicationException.cs(18,105): warning CS8625: 无法将 null 字面量转换为非 null 的引用类型。 [/root/WorkSpace/CSharp/TelegramSearchBot/feature/project-restructure-implementation/TelegramSearchBot.Application/TelegramSearchBot.Application.csproj]
/root/WorkSpace/CSharp/TelegramSearchBot/feature/project-restructure-implementation/TelegramSearchBot.Application/Exceptions/ApplicationException.cs(18,128): warning CS8625: 无法将 null 字面量转换为非 null 的引用类型。 [/root/WorkSpace/CSharp/TelegramSearchBot/feature/project-restructure-implementation/TelegramSearchBot.Application/TelegramSearchBot.Application.csproj]
/root/WorkSpace/CSharp/TelegramSearchBot/feature/project-restructure-implementation/TelegramSearchBot.Application/Exceptions/ApplicationException.cs(42,80): warning CS8625: 无法将 null 字面量转换为非 null 的引用类型。 [/root/WorkSpace/CSharp/TelegramSearchBot/feature/project-restructure-implementation/TelegramSearchBot.Application/TelegramSearchBot.Application.csproj]
/root/WorkSpace/CSharp/TelegramSearchBot/feature/project-restructure-implementation/TelegramSearchBot.Application/Common/Interfaces/IApplicationServices.cs(154,23): warning CS8618: 在退出构造函数时，不可为 null 的 属性 "Content" 必须包含非 null 值。请考虑添加 "required" 修饰符或将该 属性 声明为可为 null。 [/root/WorkSpace/CSharp/TelegramSearchBot/feature/project-restructure-implementation/TelegramSearchBot.Application/TelegramSearchBot.Application.csproj]
/root/WorkSpace/CSharp/TelegramSearchBot/feature/project-restructure-implementation/TelegramSearchBot.Application/Common/Interfaces/IApplicationServices.cs(156,23): warning CS8618: 在退出构造函数时，不可为 null 的 属性 "FromUserName" 必须包含非 null 值。请考虑添加 "required" 修饰符或将该 属性 声明为可为 null。 [/root/WorkSpace/CSharp/TelegramSearchBot/feature/project-restructure-implementation/TelegramSearchBot.Application/TelegramSearchBot.Application.csproj]
/root/WorkSpace/CSharp/TelegramSearchBot/feature/project-restructure-implementation/TelegramSearchBot.Application/Common/Interfaces/IApplicationServices.cs(138,23): warning CS8618: 在退出构造函数时，不可为 null 的 属性 "Keyword" 必须包含非 null 值。请考虑添加 "required" 修饰符或将该 属性 声明为可为 null。 [/root/WorkSpace/CSharp/TelegramSearchBot/feature/project-restructure-implementation/TelegramSearchBot.Application/TelegramSearchBot.Application.csproj]
/root/WorkSpace/CSharp/TelegramSearchBot/feature/project-restructure-implementation/TelegramSearchBot.Application/Common/Interfaces/IApplicationServices.cs(126,23): warning CS8618: 在退出构造函数时，不可为 null 的 属性 "Query" 必须包含非 null 值。请考虑添加 "required" 修饰符或将该 属性 声明为可为 null。 [/root/WorkSpace/CSharp/TelegramSearchBot/feature/project-restructure-implementation/TelegramSearchBot.Application/TelegramSearchBot.Application.csproj]
/root/WorkSpace/CSharp/TelegramSearchBot/feature/project-restructure-implementation/TelegramSearchBot.Application/DTOs/Responses/MessageResponseDto.cs(31,23): warning CS8618: 在退出构造函数时，不可为 null 的 属性 "Query" 必须包含非 null 值。请考虑添加 "required" 修饰符或将该 属性 声明为可为 null。 [/root/WorkSpace/CSharp/TelegramSearchBot/feature/project-restructure-implementation/TelegramSearchBot.Application/TelegramSearchBot.Application.csproj]
/root/WorkSpace/CSharp/TelegramSearchBot/feature/project-restructure-implementation/TelegramSearchBot.Application/Common/Interfaces/IApplicationServices.cs(114,23): warning CS8618: 在退出构造函数时，不可为 null 的 属性 "Id" 必须包含非 null 值。请考虑添加 "required" 修饰符或将该 属性 声明为可为 null。 [/root/WorkSpace/CSharp/TelegramSearchBot/feature/project-restructure-implementation/TelegramSearchBot.Application/TelegramSearchBot.Application.csproj]
/root/WorkSpace/CSharp/TelegramSearchBot/feature/project-restructure-implementation/TelegramSearchBot.Application/Common/Interfaces/IApplicationServices.cs(115,23): warning CS8618: 在退出构造函数时，不可为 null 的 属性 "Title" 必须包含非 null 值。请考虑添加 "required" 修饰符或将该 属性 声明为可为 null。 [/root/WorkSpace/CSharp/TelegramSearchBot/feature/project-restructure-implementation/TelegramSearchBot.Application/TelegramSearchBot.Application.csproj]
/root/WorkSpace/CSharp/TelegramSearchBot/feature/project-restructure-implementation/TelegramSearchBot.Application/Common/Interfaces/IApplicationServices.cs(116,23): warning CS8618: 在退出构造函数时，不可为 null 的 属性 "Content" 必须包含非 null 值。请考虑添加 "required" 修饰符或将该 属性 声明为可为 null。 [/root/WorkSpace/CSharp/TelegramSearchBot/feature/project-restructure-implementation/TelegramSearchBot.Application/TelegramSearchBot.Application.csproj]
/root/WorkSpace/CSharp/TelegramSearchBot/feature/project-restructure-implementation/TelegramSearchBot.Application/Common/Interfaces/IApplicationServices.cs(105,23): warning CS8618: 在退出构造函数时，不可为 null 的 属性 "Query" 必须包含非 null 值。请考虑添加 "required" 修饰符或将该 属性 声明为可为 null。 [/root/WorkSpace/CSharp/TelegramSearchBot/feature/project-restructure-implementation/TelegramSearchBot.Application/TelegramSearchBot.Application.csproj]
/root/WorkSpace/CSharp/TelegramSearchBot/feature/project-restructure-implementation/TelegramSearchBot.Application/DTOs/Responses/MessageResponseDto.cs(15,23): warning CS8618: 在退出构造函数时，不可为 null 的 属性 "Content" 必须包含非 null 值。请考虑添加 "required" 修饰符或将该 属性 声明为可为 null。 [/root/WorkSpace/CSharp/TelegramSearchBot/feature/project-restructure-implementation/TelegramSearchBot.Application/TelegramSearchBot.Application.csproj]
/root/WorkSpace/CSharp/TelegramSearchBot/feature/project-restructure-implementation/TelegramSearchBot.Application/DTOs/Responses/MessageResponseDto.cs(17,28): warning CS8618: 在退出构造函数时，不可为 null 的 属性 "FromUser" 必须包含非 null 值。请考虑添加 "required" 修饰符或将该 属性 声明为可为 null。 [/root/WorkSpace/CSharp/TelegramSearchBot/feature/project-restructure-implementation/TelegramSearchBot.Application/TelegramSearchBot.Application.csproj]
/root/WorkSpace/CSharp/TelegramSearchBot/feature/project-restructure-implementation/TelegramSearchBot.Application/Common/Interfaces/IApplicationServices.cs(94,23): warning CS8618: 在退出构造函数时，不可为 null 的 属性 "Query" 必须包含非 null 值。请考虑添加 "required" 修饰符或将该 属性 声明为可为 null。 [/root/WorkSpace/CSharp/TelegramSearchBot/feature/project-restructure-implementation/TelegramSearchBot.Application/TelegramSearchBot.Application.csproj]
/root/WorkSpace/CSharp/TelegramSearchBot/feature/project-restructure-implementation/TelegramSearchBot.Application/DTOs/Requests/MessageDto.cs(48,23): warning CS8618: 在退出构造函数时，不可为 null 的 属性 "Query" 必须包含非 null 值。请考虑添加 "required" 修饰符或将该 属性 声明为可为 null。 [/root/WorkSpace/CSharp/TelegramSearchBot/feature/project-restructure-implementation/TelegramSearchBot.Application/TelegramSearchBot.Application.csproj]
/root/WorkSpace/CSharp/TelegramSearchBot/feature/project-restructure-implementation/TelegramSearchBot.Application/Common/Interfaces/IApplicationServices.cs(70,23): warning CS8618: 在退出构造函数时，不可为 null 的 属性 "Message" 必须包含非 null 值。请考虑添加 "required" 修饰符或将该 属性 声明为可为 null。 [/root/WorkSpace/CSharp/TelegramSearchBot/feature/project-restructure-implementation/TelegramSearchBot.Application/TelegramSearchBot.Application.csproj]
/root/WorkSpace/CSharp/TelegramSearchBot/feature/project-restructure-implementation/TelegramSearchBot.Application/DTOs/Requests/MessageDto.cs(38,23): warning CS8618: 在退出构造函数时，不可为 null 的 属性 "FirstName" 必须包含非 null 值。请考虑添加 "required" 修饰符或将该 属性 声明为可为 null。 [/root/WorkSpace/CSharp/TelegramSearchBot/feature/project-restructure-implementation/TelegramSearchBot.Application/TelegramSearchBot.Application.csproj]
/root/WorkSpace/CSharp/TelegramSearchBot/feature/project-restructure-implementation/TelegramSearchBot.Application/DTOs/Requests/MessageDto.cs(39,23): warning CS8618: 在退出构造函数时，不可为 null 的 属性 "LastName" 必须包含非 null 值。请考虑添加 "required" 修饰符或将该 属性 声明为可为 null。 [/root/WorkSpace/CSharp/TelegramSearchBot/feature/project-restructure-implementation/TelegramSearchBot.Application/TelegramSearchBot.Application.csproj]
/root/WorkSpace/CSharp/TelegramSearchBot/feature/project-restructure-implementation/TelegramSearchBot.Application/DTOs/Requests/MessageDto.cs(40,23): warning CS8618: 在退出构造函数时，不可为 null 的 属性 "Username" 必须包含非 null 值。请考虑添加 "required" 修饰符或将该 属性 声明为可为 null。 [/root/WorkSpace/CSharp/TelegramSearchBot/feature/project-restructure-implementation/TelegramSearchBot.Application/TelegramSearchBot.Application.csproj]
/root/WorkSpace/CSharp/TelegramSearchBot/feature/project-restructure-implementation/TelegramSearchBot.Application/DTOs/Requests/MessageDto.cs(28,23): warning CS8618: 在退出构造函数时，不可为 null 的 属性 "ExtensionType" 必须包含非 null 值。请考虑添加 "required" 修饰符或将该 属性 声明为可为 null。 [/root/WorkSpace/CSharp/TelegramSearchBot/feature/project-restructure-implementation/TelegramSearchBot.Application/TelegramSearchBot.Application.csproj]
/root/WorkSpace/CSharp/TelegramSearchBot/feature/project-restructure-implementation/TelegramSearchBot.Application/DTOs/Requests/MessageDto.cs(29,23): warning CS8618: 在退出构造函数时，不可为 null 的 属性 "ExtensionData" 必须包含非 null 值。请考虑添加 "required" 修饰符或将该 属性 声明为可为 null。 [/root/WorkSpace/CSharp/TelegramSearchBot/feature/project-restructure-implementation/TelegramSearchBot.Application/TelegramSearchBot.Application.csproj]
/root/WorkSpace/CSharp/TelegramSearchBot/feature/project-restructure-implementation/TelegramSearchBot.Application/DTOs/Requests/MessageDto.cs(15,23): warning CS8618: 在退出构造函数时，不可为 null 的 属性 "Content" 必须包含非 null 值。请考虑添加 "required" 修饰符或将该 属性 声明为可为 null。 [/root/WorkSpace/CSharp/TelegramSearchBot/feature/project-restructure-implementation/TelegramSearchBot.Application/TelegramSearchBot.Application.csproj]
/root/WorkSpace/CSharp/TelegramSearchBot/feature/project-restructure-implementation/TelegramSearchBot.Test/Domain/Message/MessageExtensionTests.cs(43,92): warning CS8625: 无法将 null 字面量转换为非 null 的引用类型。 [/root/WorkSpace/CSharp/TelegramSearchBot/feature/project-restructure-implementation/TelegramSearchBot.Test/TelegramSearchBot.Test.csproj]
/root/WorkSpace/CSharp/TelegramSearchBot/feature/project-restructure-implementation/TelegramSearchBot.Test/Domain/Message/MessageExtensionTests.cs(43,134): warning CS8625: 无法将 null 字面量转换为非 null 的引用类型。 [/root/WorkSpace/CSharp/TelegramSearchBot/feature/project-restructure-implementation/TelegramSearchBot.Test/TelegramSearchBot.Test.csproj]
/root/WorkSpace/CSharp/TelegramSearchBot/feature/project-restructure-implementation/TelegramSearchBot.Test/Controllers/ControllerTestBase.cs(67,73): warning CS8625: 无法将 null 字面量转换为非 null 的引用类型。 [/root/WorkSpace/CSharp/TelegramSearchBot/feature/project-restructure-implementation/TelegramSearchBot.Test/TelegramSearchBot.Test.csproj]
/root/WorkSpace/CSharp/TelegramSearchBot/feature/project-restructure-implementation/TelegramSearchBot.Test/Controllers/ControllerTestBase.cs(87,57): warning CS8625: 无法将 null 字面量转换为非 null 的引用类型。 [/root/WorkSpace/CSharp/TelegramSearchBot/feature/project-restructure-implementation/TelegramSearchBot.Test/TelegramSearchBot.Test.csproj]
/root/WorkSpace/CSharp/TelegramSearchBot/feature/project-restructure-implementation/TelegramSearchBot.Test/Controllers/ControllerTestBase.cs(206,53): warning CS8625: 无法将 null 字面量转换为非 null 的引用类型。 [/root/WorkSpace/CSharp/TelegramSearchBot/feature/project-restructure-implementation/TelegramSearchBot.Test/TelegramSearchBot.Test.csproj]
/root/WorkSpace/CSharp/TelegramSearchBot/feature/project-restructure-implementation/TelegramSearchBot.Test/Core/Controller/ControllerTestBase.cs(46,73): warning CS8625: 无法将 null 字面量转换为非 null 的引用类型。 [/root/WorkSpace/CSharp/TelegramSearchBot/feature/project-restructure-implementation/TelegramSearchBot.Test/TelegramSearchBot.Test.csproj]
/root/WorkSpace/CSharp/TelegramSearchBot/feature/project-restructure-implementation/TelegramSearchBot.Test/Core/Controller/ControllerTestBase.cs(66,57): warning CS8625: 无法将 null 字面量转换为非 null 的引用类型。 [/root/WorkSpace/CSharp/TelegramSearchBot/feature/project-restructure-implementation/TelegramSearchBot.Test/TelegramSearchBot.Test.csproj]
/root/WorkSpace/CSharp/TelegramSearchBot/feature/project-restructure-implementation/TelegramSearchBot.Test/Core/Controller/ControllerTestBase.cs(184,53): warning CS8625: 无法将 null 字面量转换为非 null 的引用类型。 [/root/WorkSpace/CSharp/TelegramSearchBot/feature/project-restructure-implementation/TelegramSearchBot.Test/TelegramSearchBot.Test.csproj]
/root/WorkSpace/CSharp/TelegramSearchBot/feature/project-restructure-implementation/TelegramSearchBot.Test/Service/BotAPI/SendServiceTests.cs(35,47): warning CS0114: “TestDataDbContext.SearchPageCaches”隐藏继承的成员“DataDbContext.SearchPageCaches”。若要使当前成员重写该实现，请添加关键字 override。否则，添加关键字 new。 [/root/WorkSpace/CSharp/TelegramSearchBot/feature/project-restructure-implementation/TelegramSearchBot.Test/TelegramSearchBot.Test.csproj]
/root/WorkSpace/CSharp/TelegramSearchBot/feature/project-restructure-implementation/TelegramSearchBot.Test/Benchmarks/Quick/QuickPerformanceBenchmarks.cs(232,34): warning CS8892: 方法“QuickBenchmarkProgram.Main(string[])”将不会用作入口点，因为找到了同步入口点“AutoGeneratedProgram.Main(string[])”。 [/root/WorkSpace/CSharp/TelegramSearchBot/feature/project-restructure-implementation/TelegramSearchBot.Test/TelegramSearchBot.Test.csproj]
/root/WorkSpace/CSharp/TelegramSearchBot/feature/project-restructure-implementation/TelegramSearchBot.Test/Benchmarks/BenchmarkProgram.cs(21,34): warning CS8892: 方法“BenchmarkProgram.Main(string[])”将不会用作入口点，因为找到了同步入口点“AutoGeneratedProgram.Main(string[])”。 [/root/WorkSpace/CSharp/TelegramSearchBot/feature/project-restructure-implementation/TelegramSearchBot.Test/TelegramSearchBot.Test.csproj]
/root/WorkSpace/CSharp/TelegramSearchBot/feature/project-restructure-implementation/TelegramSearchBot.Test/Benchmarks/Vector/VectorSearchBenchmarks.cs(678,23): warning CS8618: 在退出构造函数时，不可为 null 的 属性 "Content" 必须包含非 null 值。请考虑添加 "required" 修饰符或将该 属性 声明为可为 null。 [/root/WorkSpace/CSharp/TelegramSearchBot/feature/project-restructure-implementation/TelegramSearchBot.Test/TelegramSearchBot.Test.csproj]
/root/WorkSpace/CSharp/TelegramSearchBot/feature/project-restructure-implementation/TelegramSearchBot.Test/Benchmarks/Vector/VectorSearchBenchmarks.cs(667,24): warning CS8618: 在退出构造函数时，不可为 null 的 属性 "Vector" 必须包含非 null 值。请考虑添加 "required" 修饰符或将该 属性 声明为可为 null。 [/root/WorkSpace/CSharp/TelegramSearchBot/feature/project-restructure-implementation/TelegramSearchBot.Test/TelegramSearchBot.Test.csproj]
/root/WorkSpace/CSharp/TelegramSearchBot/feature/project-restructure-implementation/TelegramSearchBot.Test/Benchmarks/Vector/VectorSearchBenchmarks.cs(668,23): warning CS8618: 在退出构造函数时，不可为 null 的 属性 "Content" 必须包含非 null 值。请考虑添加 "required" 修饰符或将该 属性 声明为可为 null。 [/root/WorkSpace/CSharp/TelegramSearchBot/feature/project-restructure-implementation/TelegramSearchBot.Test/TelegramSearchBot.Test.csproj]
/root/WorkSpace/CSharp/TelegramSearchBot/feature/project-restructure-implementation/TelegramSearchBot.Test/Benchmarks/Domain/Message/MessageRepositoryBenchmarks.cs(52,16): warning CS8618: 在退出构造函数时，不可为 null 的 字段 "_repository" 必须包含非 null 值。请考虑添加 "required" 修饰符或将该 字段 声明为可为 null。 [/root/WorkSpace/CSharp/TelegramSearchBot/feature/project-restructure-implementation/TelegramSearchBot.Test/TelegramSearchBot.Test.csproj]
/root/WorkSpace/CSharp/TelegramSearchBot/feature/project-restructure-implementation/TelegramSearchBot.Test/Benchmarks/Domain/Message/MessageRepositoryBenchmarks.cs(52,16): warning CS8618: 在退出构造函数时，不可为 null 的 字段 "_smallDataset" 必须包含非 null 值。请考虑添加 "required" 修饰符或将该 字段 声明为可为 null。 [/root/WorkSpace/CSharp/TelegramSearchBot/feature/project-restructure-implementation/TelegramSearchBot.Test/TelegramSearchBot.Test.csproj]
/root/WorkSpace/CSharp/TelegramSearchBot/feature/project-restructure-implementation/TelegramSearchBot.Test/Benchmarks/Domain/Message/MessageRepositoryBenchmarks.cs(52,16): warning CS8618: 在退出构造函数时，不可为 null 的 字段 "_mediumDataset" 必须包含非 null 值。请考虑添加 "required" 修饰符或将该 字段 声明为可为 null。 [/root/WorkSpace/CSharp/TelegramSearchBot/feature/project-restructure-implementation/TelegramSearchBot.Test/TelegramSearchBot.Test.csproj]
/root/WorkSpace/CSharp/TelegramSearchBot/feature/project-restructure-implementation/TelegramSearchBot.Test/Benchmarks/Domain/Message/MessageRepositoryBenchmarks.cs(52,16): warning CS8618: 在退出构造函数时，不可为 null 的 字段 "_largeDataset" 必须包含非 null 值。请考虑添加 "required" 修饰符或将该 字段 声明为可为 null。 [/root/WorkSpace/CSharp/TelegramSearchBot/feature/project-restructure-implementation/TelegramSearchBot.Test/TelegramSearchBot.Test.csproj]
/root/WorkSpace/CSharp/TelegramSearchBot/feature/project-restructure-implementation/TelegramSearchBot.Test/Benchmarks/Domain/Message/MessageProcessingBenchmarks.cs(51,16): warning CS8618: 在退出构造函数时，不可为 null 的 字段 "_pipeline" 必须包含非 null 值。请考虑添加 "required" 修饰符或将该 字段 声明为可为 null。 [/root/WorkSpace/CSharp/TelegramSearchBot/feature/project-restructure-implementation/TelegramSearchBot.Test/TelegramSearchBot.Test.csproj]
/root/WorkSpace/CSharp/TelegramSearchBot/feature/project-restructure-implementation/TelegramSearchBot.Test/Benchmarks/Domain/Message/MessageProcessingBenchmarks.cs(51,16): warning CS8618: 在退出构造函数时，不可为 null 的 字段 "_smallBatch" 必须包含非 null 值。请考虑添加 "required" 修饰符或将该 字段 声明为可为 null。 [/root/WorkSpace/CSharp/TelegramSearchBot/feature/project-restructure-implementation/TelegramSearchBot.Test/TelegramSearchBot.Test.csproj]
/root/WorkSpace/CSharp/TelegramSearchBot/feature/project-restructure-implementation/TelegramSearchBot.Test/Benchmarks/Domain/Message/MessageProcessingBenchmarks.cs(51,16): warning CS8618: 在退出构造函数时，不可为 null 的 字段 "_mediumBatch" 必须包含非 null 值。请考虑添加 "required" 修饰符或将该 字段 声明为可为 null。 [/root/WorkSpace/CSharp/TelegramSearchBot/feature/project-restructure-implementation/TelegramSearchBot.Test/TelegramSearchBot.Test.csproj]
/root/WorkSpace/CSharp/TelegramSearchBot/feature/project-restructure-implementation/TelegramSearchBot.Test/Benchmarks/Domain/Message/MessageProcessingBenchmarks.cs(51,16): warning CS8618: 在退出构造函数时，不可为 null 的 字段 "_largeBatch" 必须包含非 null 值。请考虑添加 "required" 修饰符或将该 字段 声明为可为 null。 [/root/WorkSpace/CSharp/TelegramSearchBot/feature/project-restructure-implementation/TelegramSearchBot.Test/TelegramSearchBot.Test.csproj]
/root/WorkSpace/CSharp/TelegramSearchBot/feature/project-restructure-implementation/TelegramSearchBot.Test/Benchmarks/Domain/Message/MessageProcessingBenchmarks.cs(51,16): warning CS8618: 在退出构造函数时，不可为 null 的 字段 "_singleMessage" 必须包含非 null 值。请考虑添加 "required" 修饰符或将该 字段 声明为可为 null。 [/root/WorkSpace/CSharp/TelegramSearchBot/feature/project-restructure-implementation/TelegramSearchBot.Test/TelegramSearchBot.Test.csproj]
/root/WorkSpace/CSharp/TelegramSearchBot/feature/project-restructure-implementation/TelegramSearchBot.Test/Benchmarks/Domain/Message/MessageProcessingBenchmarks.cs(51,16): warning CS8618: 在退出构造函数时，不可为 null 的 字段 "_longMessage" 必须包含非 null 值。请考虑添加 "required" 修饰符或将该 字段 声明为可为 null。 [/root/WorkSpace/CSharp/TelegramSearchBot/feature/project-restructure-implementation/TelegramSearchBot.Test/TelegramSearchBot.Test.csproj]
/root/WorkSpace/CSharp/TelegramSearchBot/feature/project-restructure-implementation/TelegramSearchBot.Test/Benchmarks/Domain/Message/MessageProcessingBenchmarks.cs(51,16): warning CS8618: 在退出构造函数时，不可为 null 的 字段 "_messageWithExtensions" 必须包含非 null 值。请考虑添加 "required" 修饰符或将该 字段 声明为可为 null。 [/root/WorkSpace/CSharp/TelegramSearchBot/feature/project-restructure-implementation/TelegramSearchBot.Test/TelegramSearchBot.Test.csproj]
/root/WorkSpace/CSharp/TelegramSearchBot/feature/project-restructure-implementation/TelegramSearchBot.Test/Benchmarks/Vector/VectorSearchBenchmarks.cs(61,16): warning CS8618: 在退出构造函数时，不可为 null 的 字段 "_vectorService" 必须包含非 null 值。请考虑添加 "required" 修饰符或将该 字段 声明为可为 null。 [/root/WorkSpace/CSharp/TelegramSearchBot/feature/project-restructure-implementation/TelegramSearchBot.Test/TelegramSearchBot.Test.csproj]
/root/WorkSpace/CSharp/TelegramSearchBot/feature/project-restructure-implementation/TelegramSearchBot.Test/Benchmarks/Vector/VectorSearchBenchmarks.cs(61,16): warning CS8618: 在退出构造函数时，不可为 null 的 字段 "_smallVectorData" 必须包含非 null 值。请考虑添加 "required" 修饰符或将该 字段 声明为可为 null。 [/root/WorkSpace/CSharp/TelegramSearchBot/feature/project-restructure-implementation/TelegramSearchBot.Test/TelegramSearchBot.Test.csproj]
/root/WorkSpace/CSharp/TelegramSearchBot/feature/project-restructure-implementation/TelegramSearchBot.Test/Benchmarks/Vector/VectorSearchBenchmarks.cs(61,16): warning CS8618: 在退出构造函数时，不可为 null 的 字段 "_mediumVectorData" 必须包含非 null 值。请考虑添加 "required" 修饰符或将该 字段 声明为可为 null。 [/root/WorkSpace/CSharp/TelegramSearchBot/feature/project-restructure-implementation/TelegramSearchBot.Test/TelegramSearchBot.Test.csproj]
/root/WorkSpace/CSharp/TelegramSearchBot/feature/project-restructure-implementation/TelegramSearchBot.Test/Benchmarks/Vector/VectorSearchBenchmarks.cs(61,16): warning CS8618: 在退出构造函数时，不可为 null 的 字段 "_testQueries" 必须包含非 null 值。请考虑添加 "required" 修饰符或将该 字段 声明为可为 null。 [/root/WorkSpace/CSharp/TelegramSearchBot/feature/project-restructure-implementation/TelegramSearchBot.Test/TelegramSearchBot.Test.csproj]
/root/WorkSpace/CSharp/TelegramSearchBot/feature/project-restructure-implementation/TelegramSearchBot.Test/Benchmarks/Quick/QuickPerformanceBenchmarks.cs(232,34): warning CS1998: 此异步方法缺少 "await" 运算符，将以同步方式运行。请考虑使用 "await" 运算符等待非阻止的 API 调用，或者使用 "await Task.Run(...)" 在后台线程上执行占用大量 CPU 的工作。 [/root/WorkSpace/CSharp/TelegramSearchBot/feature/project-restructure-implementation/TelegramSearchBot.Test/TelegramSearchBot.Test.csproj]
/root/WorkSpace/CSharp/TelegramSearchBot/feature/project-restructure-implementation/TelegramSearchBot.Test/Base/IntegrationTestBase.cs(86,40): warning CS8620: 由于引用类型的可为 null 性差异，Dictionary<string, string> 类型的实参不能用于 IConfigurationBuilder MemoryConfigurationBuilderExtensions.AddInMemoryCollection(IConfigurationBuilder configurationBuilder, IEnumerable<KeyValuePair<string, string?>>? initialData) 中 IEnumerable<KeyValuePair<string, string?>> 类型的形参 initialData。 [/root/WorkSpace/CSharp/TelegramSearchBot/feature/project-restructure-implementation/TelegramSearchBot.Test/TelegramSearchBot.Test.csproj]
/root/WorkSpace/CSharp/TelegramSearchBot/feature/project-restructure-implementation/TelegramSearchBot.Test/Core/Service/ServiceBasicTests.cs(51,24): warning CS0618: “ChatContextProvider”已过时:“ChatContextProvider is deprecated. Use ToolContext instead for passing ChatId to tools.” [/root/WorkSpace/CSharp/TelegramSearchBot/feature/project-restructure-implementation/TelegramSearchBot.Test/TelegramSearchBot.Test.csproj]
/root/WorkSpace/CSharp/TelegramSearchBot/feature/project-restructure-implementation/TelegramSearchBot.Test/Domain/Message/Events/MessageEventsTests.cs(35,35): warning CS8600: 将 null 文本或可能的 null 值转换为不可为 null 类型。 [/root/WorkSpace/CSharp/TelegramSearchBot/feature/project-restructure-implementation/TelegramSearchBot.Test/TelegramSearchBot.Test.csproj]
/root/WorkSpace/CSharp/TelegramSearchBot/feature/project-restructure-implementation/TelegramSearchBot.Test/Domain/Message/Events/MessageEventsTests.cs(40,56): warning CS8604: “MessageCreatedEvent.MessageCreatedEvent(MessageId messageId, MessageContent content, MessageMetadata metadata)”中的形参“messageId”可能传入 null 引用实参。 [/root/WorkSpace/CSharp/TelegramSearchBot/feature/project-restructure-implementation/TelegramSearchBot.Test/TelegramSearchBot.Test.csproj]
/root/WorkSpace/CSharp/TelegramSearchBot/feature/project-restructure-implementation/TelegramSearchBot.Test/Domain/Message/ValueObjects/MessageSearchQueriesTests.cs(34,28): warning CS8600: 将 null 文本或可能的 null 值转换为不可为 null 类型。 [/root/WorkSpace/CSharp/TelegramSearchBot/feature/project-restructure-implementation/TelegramSearchBot.Test/TelegramSearchBot.Test.csproj]
/root/WorkSpace/CSharp/TelegramSearchBot/feature/project-restructure-implementation/TelegramSearchBot.Test/Domain/Message/ValueObjects/MessageSearchQueriesTests.cs(38,64): warning CS8604: “MessageSearchQuery.MessageSearchQuery(long groupId, string query, int limit = 50)”中的形参“query”可能传入 null 引用实参。 [/root/WorkSpace/CSharp/TelegramSearchBot/feature/project-restructure-implementation/TelegramSearchBot.Test/TelegramSearchBot.Test.csproj]
/root/WorkSpace/CSharp/TelegramSearchBot/feature/project-restructure-implementation/TelegramSearchBot.Test/Controllers/Storage/MessageControllerTests.cs(160,44): warning CS8600: 将 null 文本或可能的 null 值转换为不可为 null 类型。 [/root/WorkSpace/CSharp/TelegramSearchBot/feature/project-restructure-implementation/TelegramSearchBot.Test/TelegramSearchBot.Test.csproj]
/root/WorkSpace/CSharp/TelegramSearchBot/feature/project-restructure-implementation/TelegramSearchBot.Test/Infrastructure/Search/Repositories/MessageSearchRepositoryTests.cs(76,61): warning CS8625: 无法将 null 字面量转换为非 null 的引用类型。 [/root/WorkSpace/CSharp/TelegramSearchBot/feature/project-restructure-implementation/TelegramSearchBot.Test/TelegramSearchBot.Test.csproj]
/root/WorkSpace/CSharp/TelegramSearchBot/feature/project-restructure-implementation/TelegramSearchBot.Test/Application/Features/Messages/MessageApplicationServiceTests.cs(104,52): warning CS8625: 无法将 null 字面量转换为非 null 的引用类型。 [/root/WorkSpace/CSharp/TelegramSearchBot/feature/project-restructure-implementation/TelegramSearchBot.Test/TelegramSearchBot.Test.csproj]
/root/WorkSpace/CSharp/TelegramSearchBot/feature/project-restructure-implementation/TelegramSearchBot.Test/Benchmarks/Search/SearchPerformanceBenchmarks.cs(63,16): warning CS8618: 在退出构造函数时，不可为 null 的 字段 "_luceneManager" 必须包含非 null 值。请考虑添加 "required" 修饰符或将该 字段 声明为可为 null。 [/root/WorkSpace/CSharp/TelegramSearchBot/feature/project-restructure-implementation/TelegramSearchBot.Test/TelegramSearchBot.Test.csproj]
/root/WorkSpace/CSharp/TelegramSearchBot/feature/project-restructure-implementation/TelegramSearchBot.Test/Benchmarks/Search/SearchPerformanceBenchmarks.cs(63,16): warning CS8618: 在退出构造函数时，不可为 null 的 字段 "_smallIndexData" 必须包含非 null 值。请考虑添加 "required" 修饰符或将该 字段 声明为可为 null。 [/root/WorkSpace/CSharp/TelegramSearchBot/feature/project-restructure-implementation/TelegramSearchBot.Test/TelegramSearchBot.Test.csproj]
/root/WorkSpace/CSharp/TelegramSearchBot/feature/project-restructure-implementation/TelegramSearchBot.Test/Benchmarks/Search/SearchPerformanceBenchmarks.cs(63,16): warning CS8618: 在退出构造函数时，不可为 null 的 字段 "_mediumIndexData" 必须包含非 null 值。请考虑添加 "required" 修饰符或将该 字段 声明为可为 null。 [/root/WorkSpace/CSharp/TelegramSearchBot/feature/project-restructure-implementation/TelegramSearchBot.Test/TelegramSearchBot.Test.csproj]
/root/WorkSpace/CSharp/TelegramSearchBot/feature/project-restructure-implementation/TelegramSearchBot.Test/Benchmarks/Search/SearchPerformanceBenchmarks.cs(63,16): warning CS8618: 在退出构造函数时，不可为 null 的 字段 "_largeIndexData" 必须包含非 null 值。请考虑添加 "required" 修饰符或将该 字段 声明为可为 null。 [/root/WorkSpace/CSharp/TelegramSearchBot/feature/project-restructure-implementation/TelegramSearchBot.Test/TelegramSearchBot.Test.csproj]
/root/WorkSpace/CSharp/TelegramSearchBot/feature/project-restructure-implementation/TelegramSearchBot.Test/Domain/Message/Events/MessageEventHandlerTests.cs(149,51): warning CS8602: 解引用可能出现空引用。 [/root/WorkSpace/CSharp/TelegramSearchBot/feature/project-restructure-implementation/TelegramSearchBot.Test/TelegramSearchBot.Test.csproj]
/root/WorkSpace/CSharp/TelegramSearchBot/feature/project-restructure-implementation/TelegramSearchBot.Test/Domain/Message/Events/MessageEventHandlerTests.cs(151,21): warning CS8620: 由于引用类型的可为 null 性差异，Func<It.IsAnyType, Exception, string> 类型的实参不能用于 void ILogger.Log<IsAnyType>(LogLevel logLevel, EventId eventId, IsAnyType state, Exception? exception, Func<IsAnyType, Exception?, string> formatter) 中 Func<It.IsAnyType, Exception?, string> 类型的形参 formatter。 [/root/WorkSpace/CSharp/TelegramSearchBot/feature/project-restructure-implementation/TelegramSearchBot.Test/TelegramSearchBot.Test.csproj]
/root/WorkSpace/CSharp/TelegramSearchBot/feature/project-restructure-implementation/TelegramSearchBot.Test/Service/Vector/VectorSearchIntegrationTests.cs(79,30): warning CS8625: 无法将 null 字面量转换为非 null 的引用类型。 [/root/WorkSpace/CSharp/TelegramSearchBot/feature/project-restructure-implementation/TelegramSearchBot.Test/TelegramSearchBot.Test.csproj]
/root/WorkSpace/CSharp/TelegramSearchBot/feature/project-restructure-implementation/TelegramSearchBot.Test/Service/Vector/VectorSearchIntegrationTests.cs(39,16): warning CS8618: 在退出构造函数时，不可为 null 的 字段 "_searchService" 必须包含非 null 值。请考虑添加 "required" 修饰符或将该 字段 声明为可为 null。 [/root/WorkSpace/CSharp/TelegramSearchBot/feature/project-restructure-implementation/TelegramSearchBot.Test/TelegramSearchBot.Test.csproj]
/root/WorkSpace/CSharp/TelegramSearchBot/feature/project-restructure-implementation/TelegramSearchBot.Test/Domain/Message/MessageAggregateTests.cs(38,35): warning CS8600: 将 null 文本或可能的 null 值转换为不可为 null 类型。 [/root/WorkSpace/CSharp/TelegramSearchBot/feature/project-restructure-implementation/TelegramSearchBot.Test/TelegramSearchBot.Test.csproj]
/root/WorkSpace/CSharp/TelegramSearchBot/feature/project-restructure-implementation/TelegramSearchBot.Test/Domain/Message/MessageAggregateTests.cs(43,53): warning CS8604: “MessageAggregate.MessageAggregate(MessageId id, MessageContent content, MessageMetadata metadata)”中的形参“id”可能传入 null 引用实参。 [/root/WorkSpace/CSharp/TelegramSearchBot/feature/project-restructure-implementation/TelegramSearchBot.Test/TelegramSearchBot.Test.csproj]
/root/WorkSpace/CSharp/TelegramSearchBot/feature/project-restructure-implementation/TelegramSearchBot.Test/Domain/Message/Events/MessageEventsTests.cs(52,38): warning CS8600: 将 null 文本或可能的 null 值转换为不可为 null 类型。 [/root/WorkSpace/CSharp/TelegramSearchBot/feature/project-restructure-implementation/TelegramSearchBot.Test/TelegramSearchBot.Test.csproj]
/root/WorkSpace/CSharp/TelegramSearchBot/feature/project-restructure-implementation/TelegramSearchBot.Test/Domain/Message/Events/MessageEventsTests.cs(56,67): warning CS8604: “MessageCreatedEvent.MessageCreatedEvent(MessageId messageId, MessageContent content, MessageMetadata metadata)”中的形参“content”可能传入 null 引用实参。 [/root/WorkSpace/CSharp/TelegramSearchBot/feature/project-restructure-implementation/TelegramSearchBot.Test/TelegramSearchBot.Test.csproj]
/root/WorkSpace/CSharp/TelegramSearchBot/feature/project-restructure-implementation/TelegramSearchBot.Test/Domain/TestBase.cs(76,28): warning CS8603: 可能返回 null 引用。 [/root/WorkSpace/CSharp/TelegramSearchBot/feature/project-restructure-implementation/TelegramSearchBot.Test/TelegramSearchBot.Test.csproj]
/root/WorkSpace/CSharp/TelegramSearchBot/feature/project-restructure-implementation/TelegramSearchBot.Test/Domain/TestBase.cs(92,58): warning CS8605: 取消装箱可能为 null 的值。 [/root/WorkSpace/CSharp/TelegramSearchBot/feature/project-restructure-implementation/TelegramSearchBot.Test/TelegramSearchBot.Test.csproj]
/root/WorkSpace/CSharp/TelegramSearchBot/feature/project-restructure-implementation/TelegramSearchBot.Test/Domain/Message/Events/MessageEventsTests.cs(69,40): warning CS8600: 将 null 文本或可能的 null 值转换为不可为 null 类型。 [/root/WorkSpace/CSharp/TelegramSearchBot/feature/project-restructure-implementation/TelegramSearchBot.Test/TelegramSearchBot.Test.csproj]
/root/WorkSpace/CSharp/TelegramSearchBot/feature/project-restructure-implementation/TelegramSearchBot.Test/Domain/Message/Events/MessageEventsTests.cs(72,76): warning CS8604: “MessageCreatedEvent.MessageCreatedEvent(MessageId messageId, MessageContent content, MessageMetadata metadata)”中的形参“metadata”可能传入 null 引用实参。 [/root/WorkSpace/CSharp/TelegramSearchBot/feature/project-restructure-implementation/TelegramSearchBot.Test/TelegramSearchBot.Test.csproj]
/root/WorkSpace/CSharp/TelegramSearchBot/feature/project-restructure-implementation/TelegramSearchBot.Test/DomainEvents/DomainEventBasicTests.cs(102,27): warning CS1998: 此异步方法缺少 "await" 运算符，将以同步方式运行。请考虑使用 "await" 运算符等待非阻止的 API 调用，或者使用 "await Task.Run(...)" 在后台线程上执行占用大量 CPU 的工作。 [/root/WorkSpace/CSharp/TelegramSearchBot/feature/project-restructure-implementation/TelegramSearchBot.Test/TelegramSearchBot.Test.csproj]
/root/WorkSpace/CSharp/TelegramSearchBot/feature/project-restructure-implementation/TelegramSearchBot.Test/Domain/Message/Events/MessageEventHandlerTests.cs(178,51): warning CS8602: 解引用可能出现空引用。 [/root/WorkSpace/CSharp/TelegramSearchBot/feature/project-restructure-implementation/TelegramSearchBot.Test/TelegramSearchBot.Test.csproj]
/root/WorkSpace/CSharp/TelegramSearchBot/feature/project-restructure-implementation/TelegramSearchBot.Test/Domain/Message/Events/MessageEventHandlerTests.cs(180,21): warning CS8620: 由于引用类型的可为 null 性差异，Func<It.IsAnyType, Exception, string> 类型的实参不能用于 void ILogger.Log<IsAnyType>(LogLevel logLevel, EventId eventId, IsAnyType state, Exception? exception, Func<IsAnyType, Exception?, string> formatter) 中 Func<It.IsAnyType, Exception?, string> 类型的形参 formatter。 [/root/WorkSpace/CSharp/TelegramSearchBot/feature/project-restructure-implementation/TelegramSearchBot.Test/TelegramSearchBot.Test.csproj]
/root/WorkSpace/CSharp/TelegramSearchBot/feature/project-restructure-implementation/TelegramSearchBot.Test/Domain/TestBase.cs(147,24): warning CS8600: 将 null 文本或可能的 null 值转换为不可为 null 类型。 [/root/WorkSpace/CSharp/TelegramSearchBot/feature/project-restructure-implementation/TelegramSearchBot.Test/TelegramSearchBot.Test.csproj]
/root/WorkSpace/CSharp/TelegramSearchBot/feature/project-restructure-implementation/TelegramSearchBot.Test/Domain/TestBase.cs(147,24): warning CS8603: 可能返回 null 引用。 [/root/WorkSpace/CSharp/TelegramSearchBot/feature/project-restructure-implementation/TelegramSearchBot.Test/TelegramSearchBot.Test.csproj]
/root/WorkSpace/CSharp/TelegramSearchBot/feature/project-restructure-implementation/TelegramSearchBot.Test/Application/Features/Messages/MessageApplicationServiceTests.cs(175,31): warning CS8600: 将 null 文本或可能的 null 值转换为不可为 null 类型。 [/root/WorkSpace/CSharp/TelegramSearchBot/feature/project-restructure-implementation/TelegramSearchBot.Test/TelegramSearchBot.Test.csproj]
/root/WorkSpace/CSharp/TelegramSearchBot/feature/project-restructure-implementation/TelegramSearchBot.Test/Application/Features/Messages/MessageApplicationServiceTests.cs(174,13): warning CS8620: 由于引用类型的可为 null 性差异，ISetup<IMessageRepository, Task<MessageAggregate>> 类型的实参不能用于 IReturnsResult<IMessageRepository> ReturnsExtensions.ReturnsAsync<IMessageRepository, MessageAggregate?>(IReturns<IMessageRepository, Task<MessageAggregate?>> mock, MessageAggregate? value) 中 IReturns<IMessageRepository, Task<MessageAggregate?>> 类型的形参 mock。 [/root/WorkSpace/CSharp/TelegramSearchBot/feature/project-restructure-implementation/TelegramSearchBot.Test/TelegramSearchBot.Test.csproj]
/root/WorkSpace/CSharp/TelegramSearchBot/feature/project-restructure-implementation/TelegramSearchBot.Test/Domain/Message/MessageAggregateTests.cs(55,38): warning CS8600: 将 null 文本或可能的 null 值转换为不可为 null 类型。 [/root/WorkSpace/CSharp/TelegramSearchBot/feature/project-restructure-implementation/TelegramSearchBot.Test/TelegramSearchBot.Test.csproj]
/root/WorkSpace/CSharp/TelegramSearchBot/feature/project-restructure-implementation/TelegramSearchBot.Test/Domain/Message/MessageAggregateTests.cs(59,64): warning CS8604: “MessageAggregate.MessageAggregate(MessageId id, MessageContent content, MessageMetadata metadata)”中的形参“content”可能传入 null 引用实参。 [/root/WorkSpace/CSharp/TelegramSearchBot/feature/project-restructure-implementation/TelegramSearchBot.Test/TelegramSearchBot.Test.csproj]
/root/WorkSpace/CSharp/TelegramSearchBot/feature/project-restructure-implementation/TelegramSearchBot.Test/Domain/Message/MessageAggregateTests.cs(72,40): warning CS8600: 将 null 文本或可能的 null 值转换为不可为 null 类型。 [/root/WorkSpace/CSharp/TelegramSearchBot/feature/project-restructure-implementation/TelegramSearchBot.Test/TelegramSearchBot.Test.csproj]
/root/WorkSpace/CSharp/TelegramSearchBot/feature/project-restructure-implementation/TelegramSearchBot.Test/Domain/Message/MessageAggregateTests.cs(75,73): warning CS8604: “MessageAggregate.MessageAggregate(MessageId id, MessageContent content, MessageMetadata metadata)”中的形参“metadata”可能传入 null 引用实参。 [/root/WorkSpace/CSharp/TelegramSearchBot/feature/project-restructure-implementation/TelegramSearchBot.Test/TelegramSearchBot.Test.csproj]
/root/WorkSpace/CSharp/TelegramSearchBot/feature/project-restructure-implementation/TelegramSearchBot.Test/Infrastructure/Search/Repositories/MessageSearchRepositoryTests.cs(110,42): warning CS8600: 将 null 文本或可能的 null 值转换为不可为 null 类型。 [/root/WorkSpace/CSharp/TelegramSearchBot/feature/project-restructure-implementation/TelegramSearchBot.Test/TelegramSearchBot.Test.csproj]
/root/WorkSpace/CSharp/TelegramSearchBot/feature/project-restructure-implementation/TelegramSearchBot.Test/Infrastructure/Search/Repositories/MessageSearchRepositoryTests.cs(113,90): warning CS8604: “Task MessageSearchRepository.IndexAsync(MessageAggregate aggregate, CancellationToken cancellationToken = default(CancellationToken))”中的形参“aggregate”可能传入 null 引用实参。 [/root/WorkSpace/CSharp/TelegramSearchBot/feature/project-restructure-implementation/TelegramSearchBot.Test/TelegramSearchBot.Test.csproj]
/root/WorkSpace/CSharp/TelegramSearchBot/feature/project-restructure-implementation/TelegramSearchBot.Test/Benchmarks/Search/SearchPerformanceBenchmarks.cs(211,28): warning CS1998: 此异步方法缺少 "await" 运算符，将以同步方式运行。请考虑使用 "await" 运算符等待非阻止的 API 调用，或者使用 "await Task.Run(...)" 在后台线程上执行占用大量 CPU 的工作。 [/root/WorkSpace/CSharp/TelegramSearchBot/feature/project-restructure-implementation/TelegramSearchBot.Test/TelegramSearchBot.Test.csproj]
/root/WorkSpace/CSharp/TelegramSearchBot/feature/project-restructure-implementation/TelegramSearchBot.Test/Domain/Message/Events/MessageEventHandlerTests.cs(209,21): warning CS8620: 由于引用类型的可为 null 性差异，Func<It.IsAnyType, Exception, string> 类型的实参不能用于 void ILogger.Log<IsAnyType>(LogLevel logLevel, EventId eventId, IsAnyType state, Exception? exception, Func<IsAnyType, Exception?, string> formatter) 中 Func<It.IsAnyType, Exception?, string> 类型的形参 formatter。 [/root/WorkSpace/CSharp/TelegramSearchBot/feature/project-restructure-implementation/TelegramSearchBot.Test/TelegramSearchBot.Test.csproj]
/root/WorkSpace/CSharp/TelegramSearchBot/feature/project-restructure-implementation/TelegramSearchBot.Test/Infrastructure/Search/Repositories/MessageSearchRepositoryTests.cs(137,35): warning CS8600: 将 null 文本或可能的 null 值转换为不可为 null 类型。 [/root/WorkSpace/CSharp/TelegramSearchBot/feature/project-restructure-implementation/TelegramSearchBot.Test/TelegramSearchBot.Test.csproj]
/root/WorkSpace/CSharp/TelegramSearchBot/feature/project-restructure-implementation/TelegramSearchBot.Test/Infrastructure/Search/Repositories/MessageSearchRepositoryTests.cs(140,100): warning CS8604: “Task MessageSearchRepository.RemoveFromIndexAsync(MessageId id, CancellationToken cancellationToken = default(CancellationToken))”中的形参“id”可能传入 null 引用实参。 [/root/WorkSpace/CSharp/TelegramSearchBot/feature/project-restructure-implementation/TelegramSearchBot.Test/TelegramSearchBot.Test.csproj]
/root/WorkSpace/CSharp/TelegramSearchBot/feature/project-restructure-implementation/TelegramSearchBot.Test/Core/Service/ServiceBasicTests.cs(192,75): warning CS8602: 解引用可能出现空引用。 [/root/WorkSpace/CSharp/TelegramSearchBot/feature/project-restructure-implementation/TelegramSearchBot.Test/TelegramSearchBot.Test.csproj]
/root/WorkSpace/CSharp/TelegramSearchBot/feature/project-restructure-implementation/TelegramSearchBot.Test/Domain/Message/MessageAggregateTests.cs(137,54): warning CS8625: 无法将 null 字面量转换为非 null 的引用类型。 [/root/WorkSpace/CSharp/TelegramSearchBot/feature/project-restructure-implementation/TelegramSearchBot.Test/TelegramSearchBot.Test.csproj]
/root/WorkSpace/CSharp/TelegramSearchBot/feature/project-restructure-implementation/TelegramSearchBot.Test/Domain/TestBase.cs(196,24): warning CS8600: 将 null 文本或可能的 null 值转换为不可为 null 类型。 [/root/WorkSpace/CSharp/TelegramSearchBot/feature/project-restructure-implementation/TelegramSearchBot.Test/TelegramSearchBot.Test.csproj]
/root/WorkSpace/CSharp/TelegramSearchBot/feature/project-restructure-implementation/TelegramSearchBot.Test/Domain/TestBase.cs(196,24): warning CS8603: 可能返回 null 引用。 [/root/WorkSpace/CSharp/TelegramSearchBot/feature/project-restructure-implementation/TelegramSearchBot.Test/TelegramSearchBot.Test.csproj]
/root/WorkSpace/CSharp/TelegramSearchBot/feature/project-restructure-implementation/TelegramSearchBot.Test/Benchmarks/Vector/VectorSearchBenchmarks.cs(526,27): warning CS8604: “IEnumerable<VectorSearchResult> Enumerable.Select<VectorData, VectorSearchResult>(IEnumerable<VectorData> source, Func<VectorData, VectorSearchResult> selector)”中的形参“source”可能传入 null 引用实参。 [/root/WorkSpace/CSharp/TelegramSearchBot/feature/project-restructure-implementation/TelegramSearchBot.Test/TelegramSearchBot.Test.csproj]
/root/WorkSpace/CSharp/TelegramSearchBot/feature/project-restructure-implementation/TelegramSearchBot.Test/Domain/TestBase.cs(217,24): warning CS8603: 可能返回 null 引用。 [/root/WorkSpace/CSharp/TelegramSearchBot/feature/project-restructure-implementation/TelegramSearchBot.Test/TelegramSearchBot.Test.csproj]
/root/WorkSpace/CSharp/TelegramSearchBot/feature/project-restructure-implementation/TelegramSearchBot.Test/Data/QueryServicesTests.cs(317,27): warning CS1998: 此异步方法缺少 "await" 运算符，将以同步方式运行。请考虑使用 "await" 运算符等待非阻止的 API 调用，或者使用 "await Task.Run(...)" 在后台线程上执行占用大量 CPU 的工作。 [/root/WorkSpace/CSharp/TelegramSearchBot/feature/project-restructure-implementation/TelegramSearchBot.Test/TelegramSearchBot.Test.csproj]
/root/WorkSpace/CSharp/TelegramSearchBot/feature/project-restructure-implementation/TelegramSearchBot.Test/Application/Features/Messages/MessageApplicationServiceTests.cs(245,31): warning CS8600: 将 null 文本或可能的 null 值转换为不可为 null 类型。 [/root/WorkSpace/CSharp/TelegramSearchBot/feature/project-restructure-implementation/TelegramSearchBot.Test/TelegramSearchBot.Test.csproj]
/root/WorkSpace/CSharp/TelegramSearchBot/feature/project-restructure-implementation/TelegramSearchBot.Test/Application/Features/Messages/MessageApplicationServiceTests.cs(244,13): warning CS8620: 由于引用类型的可为 null 性差异，ISetup<IMessageRepository, Task<MessageAggregate>> 类型的实参不能用于 IReturnsResult<IMessageRepository> ReturnsExtensions.ReturnsAsync<IMessageRepository, MessageAggregate?>(IReturns<IMessageRepository, Task<MessageAggregate?>> mock, MessageAggregate? value) 中 IReturns<IMessageRepository, Task<MessageAggregate?>> 类型的形参 mock。 [/root/WorkSpace/CSharp/TelegramSearchBot/feature/project-restructure-implementation/TelegramSearchBot.Test/TelegramSearchBot.Test.csproj]
/root/WorkSpace/CSharp/TelegramSearchBot/feature/project-restructure-implementation/TelegramSearchBot.Test/Domain/Message/ValueObjects/MessageSearchQueriesTests.cs(220,35): warning CS8600: 将 null 文本或可能的 null 值转换为不可为 null 类型。 [/root/WorkSpace/CSharp/TelegramSearchBot/feature/project-restructure-implementation/TelegramSearchBot.Test/TelegramSearchBot.Test.csproj]
/root/WorkSpace/CSharp/TelegramSearchBot/feature/project-restructure-implementation/TelegramSearchBot.Test/Domain/Message/ValueObjects/MessageSearchQueriesTests.cs(226,56): warning CS8604: “MessageSearchResult.MessageSearchResult(MessageId messageId, string content, DateTime timestamp, float score)”中的形参“messageId”可能传入 null 引用实参。 [/root/WorkSpace/CSharp/TelegramSearchBot/feature/project-restructure-implementation/TelegramSearchBot.Test/TelegramSearchBot.Test.csproj]
/root/WorkSpace/CSharp/TelegramSearchBot/feature/project-restructure-implementation/TelegramSearchBot.Test/Data/DataDbContextTests.cs(23,27): warning CS1998: 此异步方法缺少 "await" 运算符，将以同步方式运行。请考虑使用 "await" 运算符等待非阻止的 API 调用，或者使用 "await Task.Run(...)" 在后台线程上执行占用大量 CPU 的工作。 [/root/WorkSpace/CSharp/TelegramSearchBot/feature/project-restructure-implementation/TelegramSearchBot.Test/TelegramSearchBot.Test.csproj]
/root/WorkSpace/CSharp/TelegramSearchBot/feature/project-restructure-implementation/TelegramSearchBot.Test/Domain/Message/Events/MessageEventHandlerTests.cs(275,51): warning CS8602: 解引用可能出现空引用。 [/root/WorkSpace/CSharp/TelegramSearchBot/feature/project-restructure-implementation/TelegramSearchBot.Test/TelegramSearchBot.Test.csproj]
/root/WorkSpace/CSharp/TelegramSearchBot/feature/project-restructure-implementation/TelegramSearchBot.Test/Domain/Message/Events/MessageEventHandlerTests.cs(277,21): warning CS8620: 由于引用类型的可为 null 性差异，Func<It.IsAnyType, Exception, string> 类型的实参不能用于 void ILogger.Log<IsAnyType>(LogLevel logLevel, EventId eventId, IsAnyType state, Exception? exception, Func<IsAnyType, Exception?, string> formatter) 中 Func<It.IsAnyType, Exception?, string> 类型的形参 formatter。 [/root/WorkSpace/CSharp/TelegramSearchBot/feature/project-restructure-implementation/TelegramSearchBot.Test/TelegramSearchBot.Test.csproj]
/root/WorkSpace/CSharp/TelegramSearchBot/feature/project-restructure-implementation/TelegramSearchBot.Test/Domain/Message/ValueObjects/MessageSearchQueriesTests.cs(238,30): warning CS8600: 将 null 文本或可能的 null 值转换为不可为 null 类型。 [/root/WorkSpace/CSharp/TelegramSearchBot/feature/project-restructure-implementation/TelegramSearchBot.Test/TelegramSearchBot.Test.csproj]
/root/WorkSpace/CSharp/TelegramSearchBot/feature/project-restructure-implementation/TelegramSearchBot.Test/Domain/Message/ValueObjects/MessageSearchQueriesTests.cs(243,67): warning CS8604: “MessageSearchResult.MessageSearchResult(MessageId messageId, string content, DateTime timestamp, float score)”中的形参“content”可能传入 null 引用实参。 [/root/WorkSpace/CSharp/TelegramSearchBot/feature/project-restructure-implementation/TelegramSearchBot.Test/TelegramSearchBot.Test.csproj]
/root/WorkSpace/CSharp/TelegramSearchBot/feature/project-restructure-implementation/TelegramSearchBot.Test/Data/DataDbContextTests.cs(32,27): warning CS1998: 此异步方法缺少 "await" 运算符，将以同步方式运行。请考虑使用 "await" 运算符等待非阻止的 API 调用，或者使用 "await Task.Run(...)" 在后台线程上执行占用大量 CPU 的工作。 [/root/WorkSpace/CSharp/TelegramSearchBot/feature/project-restructure-implementation/TelegramSearchBot.Test/TelegramSearchBot.Test.csproj]
/root/WorkSpace/CSharp/TelegramSearchBot/feature/project-restructure-implementation/TelegramSearchBot.Test/Application/Features/Messages/MessageApplicationServiceTests.cs(288,31): warning CS8600: 将 null 文本或可能的 null 值转换为不可为 null 类型。 [/root/WorkSpace/CSharp/TelegramSearchBot/feature/project-restructure-implementation/TelegramSearchBot.Test/TelegramSearchBot.Test.csproj]
/root/WorkSpace/CSharp/TelegramSearchBot/feature/project-restructure-implementation/TelegramSearchBot.Test/Application/Features/Messages/MessageApplicationServiceTests.cs(287,13): warning CS8620: 由于引用类型的可为 null 性差异，ISetup<IMessageRepository, Task<MessageAggregate>> 类型的实参不能用于 IReturnsResult<IMessageRepository> ReturnsExtensions.ReturnsAsync<IMessageRepository, MessageAggregate?>(IReturns<IMessageRepository, Task<MessageAggregate?>> mock, MessageAggregate? value) 中 IReturns<IMessageRepository, Task<MessageAggregate?>> 类型的形参 mock。 [/root/WorkSpace/CSharp/TelegramSearchBot/feature/project-restructure-implementation/TelegramSearchBot.Test/TelegramSearchBot.Test.csproj]
/root/WorkSpace/CSharp/TelegramSearchBot/feature/project-restructure-implementation/TelegramSearchBot.Test/Domain/Message/Events/MessageEventsTests.cs(123,35): warning CS8600: 将 null 文本或可能的 null 值转换为不可为 null 类型。 [/root/WorkSpace/CSharp/TelegramSearchBot/feature/project-restructure-implementation/TelegramSearchBot.Test/TelegramSearchBot.Test.csproj]
/root/WorkSpace/CSharp/TelegramSearchBot/feature/project-restructure-implementation/TelegramSearchBot.Test/Domain/Message/Events/MessageEventsTests.cs(128,63): warning CS8604: “MessageContentUpdatedEvent.MessageContentUpdatedEvent(MessageId messageId, MessageContent oldContent, MessageContent newContent)”中的形参“messageId”可能传入 null 引用实参。 [/root/WorkSpace/CSharp/TelegramSearchBot/feature/project-restructure-implementation/TelegramSearchBot.Test/TelegramSearchBot.Test.csproj]
/root/WorkSpace/CSharp/TelegramSearchBot/feature/project-restructure-implementation/TelegramSearchBot.Test/Domain/Message/Events/MessageEventHandlerTests.cs(304,51): warning CS8602: 解引用可能出现空引用。 [/root/WorkSpace/CSharp/TelegramSearchBot/feature/project-restructure-implementation/TelegramSearchBot.Test/TelegramSearchBot.Test.csproj]
/root/WorkSpace/CSharp/TelegramSearchBot/feature/project-restructure-implementation/TelegramSearchBot.Test/Domain/Message/Events/MessageEventHandlerTests.cs(306,21): warning CS8620: 由于引用类型的可为 null 性差异，Func<It.IsAnyType, Exception, string> 类型的实参不能用于 void ILogger.Log<IsAnyType>(LogLevel logLevel, EventId eventId, IsAnyType state, Exception? exception, Func<IsAnyType, Exception?, string> formatter) 中 Func<It.IsAnyType, Exception?, string> 类型的形参 formatter。 [/root/WorkSpace/CSharp/TelegramSearchBot/feature/project-restructure-implementation/TelegramSearchBot.Test/TelegramSearchBot.Test.csproj]
/root/WorkSpace/CSharp/TelegramSearchBot/feature/project-restructure-implementation/TelegramSearchBot.Test/Domain/Message/Events/MessageEventHandlerTests.cs(332,51): warning CS8602: 解引用可能出现空引用。 [/root/WorkSpace/CSharp/TelegramSearchBot/feature/project-restructure-implementation/TelegramSearchBot.Test/TelegramSearchBot.Test.csproj]
/root/WorkSpace/CSharp/TelegramSearchBot/feature/project-restructure-implementation/TelegramSearchBot.Test/Domain/Message/Events/MessageEventHandlerTests.cs(334,21): warning CS8620: 由于引用类型的可为 null 性差异，Func<It.IsAnyType, Exception, string> 类型的实参不能用于 void ILogger.Log<IsAnyType>(LogLevel logLevel, EventId eventId, IsAnyType state, Exception? exception, Func<IsAnyType, Exception?, string> formatter) 中 Func<It.IsAnyType, Exception?, string> 类型的形参 formatter。 [/root/WorkSpace/CSharp/TelegramSearchBot/feature/project-restructure-implementation/TelegramSearchBot.Test/TelegramSearchBot.Test.csproj]
/root/WorkSpace/CSharp/TelegramSearchBot/feature/project-restructure-implementation/TelegramSearchBot.Test/Infrastructure/Search/Repositories/MessageSearchRepositoryTests.cs(191,54): warning CS8600: 将 null 文本或可能的 null 值转换为不可为 null 类型。 [/root/WorkSpace/CSharp/TelegramSearchBot/feature/project-restructure-implementation/TelegramSearchBot.Test/TelegramSearchBot.Test.csproj]
/root/WorkSpace/CSharp/TelegramSearchBot/feature/project-restructure-implementation/TelegramSearchBot.Test/Infrastructure/Search/Repositories/MessageSearchRepositoryTests.cs(194,97): warning CS8604: “Task MessageSearchRepository.RebuildIndexAsync(IEnumerable<MessageAggregate> messages, CancellationToken cancellationToken = default(CancellationToken))”中的形参“messages”可能传入 null 引用实参。 [/root/WorkSpace/CSharp/TelegramSearchBot/feature/project-restructure-implementation/TelegramSearchBot.Test/TelegramSearchBot.Test.csproj]
/root/WorkSpace/CSharp/TelegramSearchBot/feature/project-restructure-implementation/TelegramSearchBot.Test/Controller/AI/OCR/AutoOCRControllerTests.cs(265,31): warning CS8602: 解引用可能出现空引用。 [/root/WorkSpace/CSharp/TelegramSearchBot/feature/project-restructure-implementation/TelegramSearchBot.Test/TelegramSearchBot.Test.csproj]
/root/WorkSpace/CSharp/TelegramSearchBot/feature/project-restructure-implementation/TelegramSearchBot.Test/Domain/Message/Events/MessageEventsTests.cs(140,41): warning CS8600: 将 null 文本或可能的 null 值转换为不可为 null 类型。 [/root/WorkSpace/CSharp/TelegramSearchBot/feature/project-restructure-implementation/TelegramSearchBot.Test/TelegramSearchBot.Test.csproj]
/root/WorkSpace/CSharp/TelegramSearchBot/feature/project-restructure-implementation/TelegramSearchBot.Test/Domain/Message/Events/MessageEventsTests.cs(144,74): warning CS8604: “MessageContentUpdatedEvent.MessageContentUpdatedEvent(MessageId messageId, MessageContent oldContent, MessageContent newContent)”中的形参“oldContent”可能传入 null 引用实参。 [/root/WorkSpace/CSharp/TelegramSearchBot/feature/project-restructure-implementation/TelegramSearchBot.Test/TelegramSearchBot.Test.csproj]
/root/WorkSpace/CSharp/TelegramSearchBot/feature/project-restructure-implementation/TelegramSearchBot.Test/Domain/Message/Events/MessageEventsTests.cs(157,41): warning CS8600: 将 null 文本或可能的 null 值转换为不可为 null 类型。 [/root/WorkSpace/CSharp/TelegramSearchBot/feature/project-restructure-implementation/TelegramSearchBot.Test/TelegramSearchBot.Test.csproj]
/root/WorkSpace/CSharp/TelegramSearchBot/feature/project-restructure-implementation/TelegramSearchBot.Test/Domain/Message/Events/MessageEventsTests.cs(160,86): warning CS8604: “MessageContentUpdatedEvent.MessageContentUpdatedEvent(MessageId messageId, MessageContent oldContent, MessageContent newContent)”中的形参“newContent”可能传入 null 引用实参。 [/root/WorkSpace/CSharp/TelegramSearchBot/feature/project-restructure-implementation/TelegramSearchBot.Test/TelegramSearchBot.Test.csproj]
/root/WorkSpace/CSharp/TelegramSearchBot/feature/project-restructure-implementation/TelegramSearchBot.Test/Domain/Message/MessageProcessingPipelineTests.cs(73,62): warning CS8625: 无法将 null 字面量转换为非 null 的引用类型。 [/root/WorkSpace/CSharp/TelegramSearchBot/feature/project-restructure-implementation/TelegramSearchBot.Test/TelegramSearchBot.Test.csproj]
/root/WorkSpace/CSharp/TelegramSearchBot/feature/project-restructure-implementation/TelegramSearchBot.Test/Core/Service/ServiceBasicTests.cs(359,24): warning CS0618: “ChatContextProvider”已过时:“ChatContextProvider is deprecated. Use ToolContext instead for passing ChatId to tools.” [/root/WorkSpace/CSharp/TelegramSearchBot/feature/project-restructure-implementation/TelegramSearchBot.Test/TelegramSearchBot.Test.csproj]
/root/WorkSpace/CSharp/TelegramSearchBot/feature/project-restructure-implementation/TelegramSearchBot.Test/Domain/Message/MessageProcessingPipelineTests.cs(82,90): warning CS8625: 无法将 null 字面量转换为非 null 的引用类型。 [/root/WorkSpace/CSharp/TelegramSearchBot/feature/project-restructure-implementation/TelegramSearchBot.Test/TelegramSearchBot.Test.csproj]
/root/WorkSpace/CSharp/TelegramSearchBot/feature/project-restructure-implementation/TelegramSearchBot.Test/Core/Architecture/CoreArchitectureTests.cs(142,27): warning CS1998: 此异步方法缺少 "await" 运算符，将以同步方式运行。请考虑使用 "await" 运算符等待非阻止的 API 调用，或者使用 "await Task.Run(...)" 在后台线程上执行占用大量 CPU 的工作。 [/root/WorkSpace/CSharp/TelegramSearchBot/feature/project-restructure-implementation/TelegramSearchBot.Test/TelegramSearchBot.Test.csproj]
/root/WorkSpace/CSharp/TelegramSearchBot/feature/project-restructure-implementation/TelegramSearchBot.Test/Domain/Message/Events/MessageEventHandlerTests.cs(364,51): warning CS8602: 解引用可能出现空引用。 [/root/WorkSpace/CSharp/TelegramSearchBot/feature/project-restructure-implementation/TelegramSearchBot.Test/TelegramSearchBot.Test.csproj]
/root/WorkSpace/CSharp/TelegramSearchBot/feature/project-restructure-implementation/TelegramSearchBot.Test/Domain/Message/Events/MessageEventHandlerTests.cs(366,21): warning CS8620: 由于引用类型的可为 null 性差异，Func<It.IsAnyType, Exception, string> 类型的实参不能用于 void ILogger.Log<IsAnyType>(LogLevel logLevel, EventId eventId, IsAnyType state, Exception? exception, Func<IsAnyType, Exception?, string> formatter) 中 Func<It.IsAnyType, Exception?, string> 类型的形参 formatter。 [/root/WorkSpace/CSharp/TelegramSearchBot/feature/project-restructure-implementation/TelegramSearchBot.Test/TelegramSearchBot.Test.csproj]
/root/WorkSpace/CSharp/TelegramSearchBot/feature/project-restructure-implementation/TelegramSearchBot.Test/Core/Architecture/CoreArchitectureTests.cs(160,27): warning CS1998: 此异步方法缺少 "await" 运算符，将以同步方式运行。请考虑使用 "await" 运算符等待非阻止的 API 调用，或者使用 "await Task.Run(...)" 在后台线程上执行占用大量 CPU 的工作。 [/root/WorkSpace/CSharp/TelegramSearchBot/feature/project-restructure-implementation/TelegramSearchBot.Test/TelegramSearchBot.Test.csproj]
/root/WorkSpace/CSharp/TelegramSearchBot/feature/project-restructure-implementation/TelegramSearchBot.Test/Controllers/AI/AutoOCRControllerTests.cs(156,21): warning CS8620: 由于引用类型的可为 null 性差异，Func<It.IsAnyType, Exception, string> 类型的实参不能用于 void ILogger.Log<IsAnyType>(LogLevel logLevel, EventId eventId, IsAnyType state, Exception? exception, Func<IsAnyType, Exception?, string> formatter) 中 Func<It.IsAnyType, Exception?, string> 类型的形参 formatter。 [/root/WorkSpace/CSharp/TelegramSearchBot/feature/project-restructure-implementation/TelegramSearchBot.Test/TelegramSearchBot.Test.csproj]
/root/WorkSpace/CSharp/TelegramSearchBot/feature/project-restructure-implementation/TelegramSearchBot.Test/Controller/AI/LLM/AltPhotoControllerTests.cs(240,30): warning CS8602: 解引用可能出现空引用。 [/root/WorkSpace/CSharp/TelegramSearchBot/feature/project-restructure-implementation/TelegramSearchBot.Test/TelegramSearchBot.Test.csproj]
/root/WorkSpace/CSharp/TelegramSearchBot/feature/project-restructure-implementation/TelegramSearchBot.Test/Domain/Message/Events/MessageEventHandlerTests.cs(391,51): warning CS8602: 解引用可能出现空引用。 [/root/WorkSpace/CSharp/TelegramSearchBot/feature/project-restructure-implementation/TelegramSearchBot.Test/TelegramSearchBot.Test.csproj]
/root/WorkSpace/CSharp/TelegramSearchBot/feature/project-restructure-implementation/TelegramSearchBot.Test/Domain/Message/Events/MessageEventHandlerTests.cs(393,21): warning CS8620: 由于引用类型的可为 null 性差异，Func<It.IsAnyType, Exception, string> 类型的实参不能用于 void ILogger.Log<IsAnyType>(LogLevel logLevel, EventId eventId, IsAnyType state, Exception? exception, Func<IsAnyType, Exception?, string> formatter) 中 Func<It.IsAnyType, Exception?, string> 类型的形参 formatter。 [/root/WorkSpace/CSharp/TelegramSearchBot/feature/project-restructure-implementation/TelegramSearchBot.Test/TelegramSearchBot.Test.csproj]
/root/WorkSpace/CSharp/TelegramSearchBot/feature/project-restructure-implementation/TelegramSearchBot.Test/Domain/Message/Events/MessageEventHandlerTests.cs(418,51): warning CS8602: 解引用可能出现空引用。 [/root/WorkSpace/CSharp/TelegramSearchBot/feature/project-restructure-implementation/TelegramSearchBot.Test/TelegramSearchBot.Test.csproj]
/root/WorkSpace/CSharp/TelegramSearchBot/feature/project-restructure-implementation/TelegramSearchBot.Test/Domain/Message/Events/MessageEventHandlerTests.cs(420,21): warning CS8620: 由于引用类型的可为 null 性差异，Func<It.IsAnyType, Exception, string> 类型的实参不能用于 void ILogger.Log<IsAnyType>(LogLevel logLevel, EventId eventId, IsAnyType state, Exception? exception, Func<IsAnyType, Exception?, string> formatter) 中 Func<It.IsAnyType, Exception?, string> 类型的形参 formatter。 [/root/WorkSpace/CSharp/TelegramSearchBot/feature/project-restructure-implementation/TelegramSearchBot.Test/TelegramSearchBot.Test.csproj]
/root/WorkSpace/CSharp/TelegramSearchBot/feature/project-restructure-implementation/TelegramSearchBot.Test/Domain/Message/MessageProcessingPipelineTests.cs(120,51): warning CS8602: 解引用可能出现空引用。 [/root/WorkSpace/CSharp/TelegramSearchBot/feature/project-restructure-implementation/TelegramSearchBot.Test/TelegramSearchBot.Test.csproj]
/root/WorkSpace/CSharp/TelegramSearchBot/feature/project-restructure-implementation/TelegramSearchBot.Test/Domain/Message/MessageProcessingPipelineTests.cs(122,21): warning CS8620: 由于引用类型的可为 null 性差异，Func<It.IsAnyType, Exception, string> 类型的实参不能用于 void ILogger.Log<IsAnyType>(LogLevel logLevel, EventId eventId, IsAnyType state, Exception? exception, Func<IsAnyType, Exception?, string> formatter) 中 Func<It.IsAnyType, Exception?, string> 类型的形参 formatter。 [/root/WorkSpace/CSharp/TelegramSearchBot/feature/project-restructure-implementation/TelegramSearchBot.Test/TelegramSearchBot.Test.csproj]
/root/WorkSpace/CSharp/TelegramSearchBot/feature/project-restructure-implementation/TelegramSearchBot.Test/Domain/Message/MessageProcessingPipelineTests.cs(129,51): warning CS8602: 解引用可能出现空引用。 [/root/WorkSpace/CSharp/TelegramSearchBot/feature/project-restructure-implementation/TelegramSearchBot.Test/TelegramSearchBot.Test.csproj]
/root/WorkSpace/CSharp/TelegramSearchBot/feature/project-restructure-implementation/TelegramSearchBot.Test/Domain/Message/MessageProcessingPipelineTests.cs(131,21): warning CS8620: 由于引用类型的可为 null 性差异，Func<It.IsAnyType, Exception, string> 类型的实参不能用于 void ILogger.Log<IsAnyType>(LogLevel logLevel, EventId eventId, IsAnyType state, Exception? exception, Func<IsAnyType, Exception?, string> formatter) 中 Func<It.IsAnyType, Exception?, string> 类型的形参 formatter。 [/root/WorkSpace/CSharp/TelegramSearchBot/feature/project-restructure-implementation/TelegramSearchBot.Test/TelegramSearchBot.Test.csproj]
/root/WorkSpace/CSharp/TelegramSearchBot/feature/project-restructure-implementation/TelegramSearchBot.Test/Core/Controller/ControllerTestBase.cs(216,51): warning CS8602: 解引用可能出现空引用。 [/root/WorkSpace/CSharp/TelegramSearchBot/feature/project-restructure-implementation/TelegramSearchBot.Test/TelegramSearchBot.Test.csproj]
/root/WorkSpace/CSharp/TelegramSearchBot/feature/project-restructure-implementation/TelegramSearchBot.Test/Core/Controller/ControllerTestBase.cs(218,21): warning CS8620: 由于引用类型的可为 null 性差异，Func<It.IsAnyType, Exception, string> 类型的实参不能用于 void ILogger.Log<IsAnyType>(LogLevel logLevel, EventId eventId, IsAnyType state, Exception? exception, Func<IsAnyType, Exception?, string> formatter) 中 Func<It.IsAnyType, Exception?, string> 类型的形参 formatter。 [/root/WorkSpace/CSharp/TelegramSearchBot/feature/project-restructure-implementation/TelegramSearchBot.Test/TelegramSearchBot.Test.csproj]
/root/WorkSpace/CSharp/TelegramSearchBot/feature/project-restructure-implementation/TelegramSearchBot.Test/Domain/Message/ValueObjects/MessageMetadataTests.cs(259,29): warning CS8625: 无法将 null 字面量转换为非 null 的引用类型。 [/root/WorkSpace/CSharp/TelegramSearchBot/feature/project-restructure-implementation/TelegramSearchBot.Test/TelegramSearchBot.Test.csproj]
/root/WorkSpace/CSharp/TelegramSearchBot/feature/project-restructure-implementation/TelegramSearchBot.Test/Domain/Message/Events/MessageEventsTests.cs(220,35): warning CS8600: 将 null 文本或可能的 null 值转换为不可为 null 类型。 [/root/WorkSpace/CSharp/TelegramSearchBot/feature/project-restructure-implementation/TelegramSearchBot.Test/TelegramSearchBot.Test.csproj]
/root/WorkSpace/CSharp/TelegramSearchBot/feature/project-restructure-implementation/TelegramSearchBot.Test/Domain/Message/Events/MessageEventsTests.cs(228,17): warning CS8604: “MessageReplyUpdatedEvent.MessageReplyUpdatedEvent(MessageId messageId, long oldReplyToUserId, long oldReplyToMessageId, long newReplyToUserId, long newReplyToMessageId)”中的形参“messageId”可能传入 null 引用实参。 [/root/WorkSpace/CSharp/TelegramSearchBot/feature/project-restructure-implementation/TelegramSearchBot.Test/TelegramSearchBot.Test.csproj]
/root/WorkSpace/CSharp/TelegramSearchBot/feature/project-restructure-implementation/TelegramSearchBot.Test/Domain/Message/MessageEntityTests.cs(87,26): warning CS8602: 解引用可能出现空引用。 [/root/WorkSpace/CSharp/TelegramSearchBot/feature/project-restructure-implementation/TelegramSearchBot.Test/TelegramSearchBot.Test.csproj]
/root/WorkSpace/CSharp/TelegramSearchBot/feature/project-restructure-implementation/TelegramSearchBot.Test/Controller/AI/OCR/AutoOCRControllerTests.cs(338,31): warning CS8602: 解引用可能出现空引用。 [/root/WorkSpace/CSharp/TelegramSearchBot/feature/project-restructure-implementation/TelegramSearchBot.Test/TelegramSearchBot.Test.csproj]
/root/WorkSpace/CSharp/TelegramSearchBot/feature/project-restructure-implementation/TelegramSearchBot.Test/Domain/Message/Events/MessageEventHandlerTests.cs(445,51): warning CS8602: 解引用可能出现空引用。 [/root/WorkSpace/CSharp/TelegramSearchBot/feature/project-restructure-implementation/TelegramSearchBot.Test/TelegramSearchBot.Test.csproj]
/root/WorkSpace/CSharp/TelegramSearchBot/feature/project-restructure-implementation/TelegramSearchBot.Test/Domain/Message/Events/MessageEventHandlerTests.cs(447,21): warning CS8620: 由于引用类型的可为 null 性差异，Func<It.IsAnyType, Exception, string> 类型的实参不能用于 void ILogger.Log<IsAnyType>(LogLevel logLevel, EventId eventId, IsAnyType state, Exception? exception, Func<IsAnyType, Exception?, string> formatter) 中 Func<It.IsAnyType, Exception?, string> 类型的形参 formatter。 [/root/WorkSpace/CSharp/TelegramSearchBot/feature/project-restructure-implementation/TelegramSearchBot.Test/TelegramSearchBot.Test.csproj]
/root/WorkSpace/CSharp/TelegramSearchBot/feature/project-restructure-implementation/TelegramSearchBot.Test/Domain/Message/MessageEntityTests.cs(113,26): warning CS8602: 解引用可能出现空引用。 [/root/WorkSpace/CSharp/TelegramSearchBot/feature/project-restructure-implementation/TelegramSearchBot.Test/TelegramSearchBot.Test.csproj]
/root/WorkSpace/CSharp/TelegramSearchBot/feature/project-restructure-implementation/TelegramSearchBot.Test/Core/Service/ServiceBasicTests.cs(469,38): warning CS8602: 解引用可能出现空引用。 [/root/WorkSpace/CSharp/TelegramSearchBot/feature/project-restructure-implementation/TelegramSearchBot.Test/TelegramSearchBot.Test.csproj]
/root/WorkSpace/CSharp/TelegramSearchBot/feature/project-restructure-implementation/TelegramSearchBot.Test/Core/Controller/ControllerTestBase.cs(231,51): warning CS8602: 解引用可能出现空引用。 [/root/WorkSpace/CSharp/TelegramSearchBot/feature/project-restructure-implementation/TelegramSearchBot.Test/TelegramSearchBot.Test.csproj]
/root/WorkSpace/CSharp/TelegramSearchBot/feature/project-restructure-implementation/TelegramSearchBot.Test/Core/Controller/ControllerTestBase.cs(233,21): warning CS8620: 由于引用类型的可为 null 性差异，Func<It.IsAnyType, Exception, string> 类型的实参不能用于 void ILogger.Log<IsAnyType>(LogLevel logLevel, EventId eventId, IsAnyType state, Exception? exception, Func<IsAnyType, Exception?, string> formatter) 中 Func<It.IsAnyType, Exception?, string> 类型的形参 formatter。 [/root/WorkSpace/CSharp/TelegramSearchBot/feature/project-restructure-implementation/TelegramSearchBot.Test/TelegramSearchBot.Test.csproj]
/root/WorkSpace/CSharp/TelegramSearchBot/feature/project-restructure-implementation/TelegramSearchBot.Test/Domain/Message/MessageEntityTests.cs(130,26): warning CS8602: 解引用可能出现空引用。 [/root/WorkSpace/CSharp/TelegramSearchBot/feature/project-restructure-implementation/TelegramSearchBot.Test/TelegramSearchBot.Test.csproj]
/root/WorkSpace/CSharp/TelegramSearchBot/feature/project-restructure-implementation/TelegramSearchBot.Test/Domain/Message/MessageEntityTests.cs(131,26): warning CS8602: 解引用可能出现空引用。 [/root/WorkSpace/CSharp/TelegramSearchBot/feature/project-restructure-implementation/TelegramSearchBot.Test/TelegramSearchBot.Test.csproj]
/root/WorkSpace/CSharp/TelegramSearchBot/feature/project-restructure-implementation/TelegramSearchBot.Test/Domain/Message/MessageEntityTests.cs(131,26): warning CS8602: 解引用可能出现空引用。 [/root/WorkSpace/CSharp/TelegramSearchBot/feature/project-restructure-implementation/TelegramSearchBot.Test/TelegramSearchBot.Test.csproj]
/root/WorkSpace/CSharp/TelegramSearchBot/feature/project-restructure-implementation/TelegramSearchBot.Test/Controllers/ControllerTestBase.cs(262,51): warning CS8602: 解引用可能出现空引用。 [/root/WorkSpace/CSharp/TelegramSearchBot/feature/project-restructure-implementation/TelegramSearchBot.Test/TelegramSearchBot.Test.csproj]
/root/WorkSpace/CSharp/TelegramSearchBot/feature/project-restructure-implementation/TelegramSearchBot.Test/Controllers/ControllerTestBase.cs(264,21): warning CS8620: 由于引用类型的可为 null 性差异，Func<It.IsAnyType, Exception, string> 类型的实参不能用于 void ILogger.Log<IsAnyType>(LogLevel logLevel, EventId eventId, IsAnyType state, Exception? exception, Func<IsAnyType, Exception?, string> formatter) 中 Func<It.IsAnyType, Exception?, string> 类型的形参 formatter。 [/root/WorkSpace/CSharp/TelegramSearchBot/feature/project-restructure-implementation/TelegramSearchBot.Test/TelegramSearchBot.Test.csproj]
/root/WorkSpace/CSharp/TelegramSearchBot/feature/project-restructure-implementation/TelegramSearchBot.Test/Controller/AI/OCR/AutoOCRControllerTests.cs(350,42): warning CS8625: 无法将 null 字面量转换为非 null 的引用类型。 [/root/WorkSpace/CSharp/TelegramSearchBot/feature/project-restructure-implementation/TelegramSearchBot.Test/TelegramSearchBot.Test.csproj]
/root/WorkSpace/CSharp/TelegramSearchBot/feature/project-restructure-implementation/TelegramSearchBot.Test/Controller/AI/OCR/AutoOCRControllerTests.cs(361,30): warning CS8602: 解引用可能出现空引用。 [/root/WorkSpace/CSharp/TelegramSearchBot/feature/project-restructure-implementation/TelegramSearchBot.Test/TelegramSearchBot.Test.csproj]
/root/WorkSpace/CSharp/TelegramSearchBot/feature/project-restructure-implementation/TelegramSearchBot.Test/Domain/Message/MessageEntityTests.cs(143,55): warning CS8600: 将 null 文本或可能的 null 值转换为不可为 null 类型。 [/root/WorkSpace/CSharp/TelegramSearchBot/feature/project-restructure-implementation/TelegramSearchBot.Test/TelegramSearchBot.Test.csproj]
/root/WorkSpace/CSharp/TelegramSearchBot/feature/project-restructure-implementation/TelegramSearchBot.Test/Domain/Message/MessageProcessingPipelineTests.cs(174,61): warning CS8625: 无法将 null 字面量转换为非 null 的引用类型。 [/root/WorkSpace/CSharp/TelegramSearchBot/feature/project-restructure-implementation/TelegramSearchBot.Test/TelegramSearchBot.Test.csproj]
/root/WorkSpace/CSharp/TelegramSearchBot/feature/project-restructure-implementation/TelegramSearchBot.Test/Domain/Message/MessageProcessingPipelineTests.cs(189,51): warning CS8602: 解引用可能出现空引用。 [/root/WorkSpace/CSharp/TelegramSearchBot/feature/project-restructure-implementation/TelegramSearchBot.Test/TelegramSearchBot.Test.csproj]
/root/WorkSpace/CSharp/TelegramSearchBot/feature/project-restructure-implementation/TelegramSearchBot.Test/Domain/Message/MessageProcessingPipelineTests.cs(191,21): warning CS8620: 由于引用类型的可为 null 性差异，Func<It.IsAnyType, Exception, string> 类型的实参不能用于 void ILogger.Log<IsAnyType>(LogLevel logLevel, EventId eventId, IsAnyType state, Exception? exception, Func<IsAnyType, Exception?, string> formatter) 中 Func<It.IsAnyType, Exception?, string> 类型的形参 formatter。 [/root/WorkSpace/CSharp/TelegramSearchBot/feature/project-restructure-implementation/TelegramSearchBot.Test/TelegramSearchBot.Test.csproj]
/root/WorkSpace/CSharp/TelegramSearchBot/feature/project-restructure-implementation/TelegramSearchBot.Test/Domain/Message/MessageAggregateTests.cs(449,30): warning CS8600: 将 null 文本或可能的 null 值转换为不可为 null 类型。 [/root/WorkSpace/CSharp/TelegramSearchBot/feature/project-restructure-implementation/TelegramSearchBot.Test/TelegramSearchBot.Test.csproj]
/root/WorkSpace/CSharp/TelegramSearchBot/feature/project-restructure-implementation/TelegramSearchBot.Test/Domain/Message/MessageAggregateTests.cs(454,75): warning CS8604: “MessageAggregate MessageAggregate.Create(long chatId, long messageId, string content, long fromUserId, DateTime timestamp)”中的形参“content”可能传入 null 引用实参。 [/root/WorkSpace/CSharp/TelegramSearchBot/feature/project-restructure-implementation/TelegramSearchBot.Test/TelegramSearchBot.Test.csproj]
/root/WorkSpace/CSharp/TelegramSearchBot/feature/project-restructure-implementation/TelegramSearchBot.Test/Domain/Message/MessageEntityTests.cs(165,65): warning CS8600: 将 null 文本或可能的 null 值转换为不可为 null 类型。 [/root/WorkSpace/CSharp/TelegramSearchBot/feature/project-restructure-implementation/TelegramSearchBot.Test/TelegramSearchBot.Test.csproj]
/root/WorkSpace/CSharp/TelegramSearchBot/feature/project-restructure-implementation/TelegramSearchBot.Test/Helpers/TestConfigurationHelper.cs(34,44): warning CS8620: 由于引用类型的可为 null 性差异，Dictionary<string, string> 类型的实参不能用于 IConfigurationBuilder MemoryConfigurationBuilderExtensions.AddInMemoryCollection(IConfigurationBuilder configurationBuilder, IEnumerable<KeyValuePair<string, string?>>? initialData) 中 IEnumerable<KeyValuePair<string, string?>> 类型的形参 initialData。 [/root/WorkSpace/CSharp/TelegramSearchBot/feature/project-restructure-implementation/TelegramSearchBot.Test/TelegramSearchBot.Test.csproj]
/root/WorkSpace/CSharp/TelegramSearchBot/feature/project-restructure-implementation/TelegramSearchBot.Test/Controller/AI/LLM/AltPhotoControllerTests.cs(313,30): warning CS8602: 解引用可能出现空引用。 [/root/WorkSpace/CSharp/TelegramSearchBot/feature/project-restructure-implementation/TelegramSearchBot.Test/TelegramSearchBot.Test.csproj]
/root/WorkSpace/CSharp/TelegramSearchBot/feature/project-restructure-implementation/TelegramSearchBot.Test/Controllers/AI/AutoOCRControllerTests.cs(206,38): warning CS8600: 将 null 文本或可能的 null 值转换为不可为 null 类型。 [/root/WorkSpace/CSharp/TelegramSearchBot/feature/project-restructure-implementation/TelegramSearchBot.Test/TelegramSearchBot.Test.csproj]
/root/WorkSpace/CSharp/TelegramSearchBot/feature/project-restructure-implementation/TelegramSearchBot.Test/Domain/Message/MessageEntityTests.cs(186,55): warning CS8600: 将 null 文本或可能的 null 值转换为不可为 null 类型。 [/root/WorkSpace/CSharp/TelegramSearchBot/feature/project-restructure-implementation/TelegramSearchBot.Test/TelegramSearchBot.Test.csproj]
/root/WorkSpace/CSharp/TelegramSearchBot/feature/project-restructure-implementation/TelegramSearchBot.Test/Domain/Message/MessageEntityTests.cs(187,58): warning CS8600: 将 null 文本或可能的 null 值转换为不可为 null 类型。 [/root/WorkSpace/CSharp/TelegramSearchBot/feature/project-restructure-implementation/TelegramSearchBot.Test/TelegramSearchBot.Test.csproj]
/root/WorkSpace/CSharp/TelegramSearchBot/feature/project-restructure-implementation/TelegramSearchBot.Test/Domain/Message/Events/MessageEventHandlerTests.cs(521,63): warning CS8625: 无法将 null 字面量转换为非 null 的引用类型。 [/root/WorkSpace/CSharp/TelegramSearchBot/feature/project-restructure-implementation/TelegramSearchBot.Test/TelegramSearchBot.Test.csproj]
/root/WorkSpace/CSharp/TelegramSearchBot/feature/project-restructure-implementation/TelegramSearchBot.Test/Domain/Message/Events/MessageEventHandlerTests.cs(530,70): warning CS8625: 无法将 null 字面量转换为非 null 的引用类型。 [/root/WorkSpace/CSharp/TelegramSearchBot/feature/project-restructure-implementation/TelegramSearchBot.Test/TelegramSearchBot.Test.csproj]
/root/WorkSpace/CSharp/TelegramSearchBot/feature/project-restructure-implementation/TelegramSearchBot.Test/Controller/AI/LLM/AltPhotoControllerTests.cs(325,42): warning CS8625: 无法将 null 字面量转换为非 null 的引用类型。 [/root/WorkSpace/CSharp/TelegramSearchBot/feature/project-restructure-implementation/TelegramSearchBot.Test/TelegramSearchBot.Test.csproj]
/root/WorkSpace/CSharp/TelegramSearchBot/feature/project-restructure-implementation/TelegramSearchBot.Test/Controller/AI/LLM/AltPhotoControllerTests.cs(336,29): warning CS8602: 解引用可能出现空引用。 [/root/WorkSpace/CSharp/TelegramSearchBot/feature/project-restructure-implementation/TelegramSearchBot.Test/TelegramSearchBot.Test.csproj]
/root/WorkSpace/CSharp/TelegramSearchBot/feature/project-restructure-implementation/TelegramSearchBot.Test/Domain/Message/Events/MessageEventHandlerTests.cs(539,68): warning CS8625: 无法将 null 字面量转换为非 null 的引用类型。 [/root/WorkSpace/CSharp/TelegramSearchBot/feature/project-restructure-implementation/TelegramSearchBot.Test/TelegramSearchBot.Test.csproj]
/root/WorkSpace/CSharp/TelegramSearchBot/feature/project-restructure-implementation/TelegramSearchBot.Test/Helpers/MockServiceFactory.cs(399,74): warning CS8625: 无法将 null 字面量转换为非 null 的引用类型。 [/root/WorkSpace/CSharp/TelegramSearchBot/feature/project-restructure-implementation/TelegramSearchBot.Test/TelegramSearchBot.Test.csproj]
/root/WorkSpace/CSharp/TelegramSearchBot/feature/project-restructure-implementation/TelegramSearchBot.Test/Helpers/TestConfigurationHelper.cs(276,40): warning CS8620: 由于引用类型的可为 null 性差异，Dictionary<string, string> 类型的实参不能用于 IConfigurationBuilder MemoryConfigurationBuilderExtensions.AddInMemoryCollection(IConfigurationBuilder configurationBuilder, IEnumerable<KeyValuePair<string, string?>>? initialData) 中 IEnumerable<KeyValuePair<string, string?>> 类型的形参 initialData。 [/root/WorkSpace/CSharp/TelegramSearchBot/feature/project-restructure-implementation/TelegramSearchBot.Test/TelegramSearchBot.Test.csproj]
/root/WorkSpace/CSharp/TelegramSearchBot/feature/project-restructure-implementation/TelegramSearchBot.Test/Helpers/MockServiceFactory.cs(518,24): warning CS8603: 可能返回 null 引用。 [/root/WorkSpace/CSharp/TelegramSearchBot/feature/project-restructure-implementation/TelegramSearchBot.Test/TelegramSearchBot.Test.csproj]
/root/WorkSpace/CSharp/TelegramSearchBot/feature/project-restructure-implementation/TelegramSearchBot.Test/Service/BotAPI/SendServiceTests.cs(28,20): warning CS8600: 将 null 文本或可能的 null 值转换为不可为 null 类型。 [/root/WorkSpace/CSharp/TelegramSearchBot/feature/project-restructure-implementation/TelegramSearchBot.Test/TelegramSearchBot.Test.csproj]
/root/WorkSpace/CSharp/TelegramSearchBot/feature/project-restructure-implementation/TelegramSearchBot.Test/Service/BotAPI/SendServiceTests.cs(28,20): warning CS8603: 可能返回 null 引用。 [/root/WorkSpace/CSharp/TelegramSearchBot/feature/project-restructure-implementation/TelegramSearchBot.Test/TelegramSearchBot.Test.csproj]
/root/WorkSpace/CSharp/TelegramSearchBot/feature/project-restructure-implementation/TelegramSearchBot.Test/Controller/AI/OCR/AutoOCRControllerTests.cs(373,42): warning CS8625: 无法将 null 字面量转换为非 null 的引用类型。 [/root/WorkSpace/CSharp/TelegramSearchBot/feature/project-restructure-implementation/TelegramSearchBot.Test/TelegramSearchBot.Test.csproj]
/root/WorkSpace/CSharp/TelegramSearchBot/feature/project-restructure-implementation/TelegramSearchBot.Test/Controller/AI/OCR/AutoOCRControllerTests.cs(384,30): warning CS8602: 解引用可能出现空引用。 [/root/WorkSpace/CSharp/TelegramSearchBot/feature/project-restructure-implementation/TelegramSearchBot.Test/TelegramSearchBot.Test.csproj]
/root/WorkSpace/CSharp/TelegramSearchBot/feature/project-restructure-implementation/TelegramSearchBot.Test/Controller/AI/LLM/AltPhotoControllerTests.cs(348,42): warning CS8625: 无法将 null 字面量转换为非 null 的引用类型。 [/root/WorkSpace/CSharp/TelegramSearchBot/feature/project-restructure-implementation/TelegramSearchBot.Test/TelegramSearchBot.Test.csproj]
/root/WorkSpace/CSharp/TelegramSearchBot/feature/project-restructure-implementation/TelegramSearchBot.Test/Controller/AI/LLM/AltPhotoControllerTests.cs(359,29): warning CS8602: 解引用可能出现空引用。 [/root/WorkSpace/CSharp/TelegramSearchBot/feature/project-restructure-implementation/TelegramSearchBot.Test/TelegramSearchBot.Test.csproj]
/root/WorkSpace/CSharp/TelegramSearchBot/feature/project-restructure-implementation/TelegramSearchBot.Test/Controller/Storage/MessageControllerTests.cs(231,44): warning CS8600: 将 null 文本或可能的 null 值转换为不可为 null 类型。 [/root/WorkSpace/CSharp/TelegramSearchBot/feature/project-restructure-implementation/TelegramSearchBot.Test/TelegramSearchBot.Test.csproj]
/root/WorkSpace/CSharp/TelegramSearchBot/feature/project-restructure-implementation/TelegramSearchBot.Test/Controller/Storage/MessageControllerTests.cs(246,49): warning CS8602: 解引用可能出现空引用。 [/root/WorkSpace/CSharp/TelegramSearchBot/feature/project-restructure-implementation/TelegramSearchBot.Test/TelegramSearchBot.Test.csproj]
/root/WorkSpace/CSharp/TelegramSearchBot/feature/project-restructure-implementation/TelegramSearchBot.Test/Service/Common/UrlProcessingServiceTests.cs(39,60): warning CS8625: 无法将 null 字面量转换为非 null 的引用类型。 [/root/WorkSpace/CSharp/TelegramSearchBot/feature/project-restructure-implementation/TelegramSearchBot.Test/TelegramSearchBot.Test.csproj]
/root/WorkSpace/CSharp/TelegramSearchBot/feature/project-restructure-implementation/TelegramSearchBot.Test/Domain/Message/Integration/MessageProcessingIntegrationTests.cs(269,51): warning CS8602: 解引用可能出现空引用。 [/root/WorkSpace/CSharp/TelegramSearchBot/feature/project-restructure-implementation/TelegramSearchBot.Test/TelegramSearchBot.Test.csproj]
/root/WorkSpace/CSharp/TelegramSearchBot/feature/project-restructure-implementation/TelegramSearchBot.Test/Domain/Message/Integration/MessageProcessingIntegrationTests.cs(271,21): warning CS8620: 由于引用类型的可为 null 性差异，Func<It.IsAnyType, Exception, string> 类型的实参不能用于 void ILogger.Log<IsAnyType>(LogLevel logLevel, EventId eventId, IsAnyType state, Exception? exception, Func<IsAnyType, Exception?, string> formatter) 中 Func<It.IsAnyType, Exception?, string> 类型的形参 formatter。 [/root/WorkSpace/CSharp/TelegramSearchBot/feature/project-restructure-implementation/TelegramSearchBot.Test/TelegramSearchBot.Test.csproj]
/root/WorkSpace/CSharp/TelegramSearchBot/feature/project-restructure-implementation/TelegramSearchBot.Test/Domain/Message/MessageAggregateTests.cs(584,34): warning CS8625: 无法将 null 字面量转换为非 null 的引用类型。 [/root/WorkSpace/CSharp/TelegramSearchBot/feature/project-restructure-implementation/TelegramSearchBot.Test/TelegramSearchBot.Test.csproj]
/root/WorkSpace/CSharp/TelegramSearchBot/feature/project-restructure-implementation/TelegramSearchBot.Test/Integration/SimpleCoreIntegrationTests.cs(158,27): warning CS1998: 此异步方法缺少 "await" 运算符，将以同步方式运行。请考虑使用 "await" 运算符等待非阻止的 API 调用，或者使用 "await Task.Run(...)" 在后台线程上执行占用大量 CPU 的工作。 [/root/WorkSpace/CSharp/TelegramSearchBot/feature/project-restructure-implementation/TelegramSearchBot.Test/TelegramSearchBot.Test.csproj]
/root/WorkSpace/CSharp/TelegramSearchBot/feature/project-restructure-implementation/TelegramSearchBot.Test/Service/BotAPI/SendServiceTests.cs(73,26): warning CS8620: 由于引用类型的可为 null 性差异，ValueTask<EntityEntry<SearchPageCache>?> 类型的实参不能用于 IReturnsResult<DbSet<SearchPageCache>> IReturns<DbSet<SearchPageCache>, ValueTask<EntityEntry<SearchPageCache>>>.Returns(ValueTask<EntityEntry<SearchPageCache>> value) 中 ValueTask<EntityEntry<SearchPageCache>> 类型的形参 value。 [/root/WorkSpace/CSharp/TelegramSearchBot/feature/project-restructure-implementation/TelegramSearchBot.Test/TelegramSearchBot.Test.csproj]
/root/WorkSpace/CSharp/TelegramSearchBot/feature/project-restructure-implementation/TelegramSearchBot.Test/Performance/VectorSearchBenchmarks.cs(37,41): warning CS8618: 在退出构造函数时，不可为 null 的 字段 "_vectorSearchService" 必须包含非 null 值。请考虑添加 "required" 修饰符或将该 字段 声明为可为 null。 [/root/WorkSpace/CSharp/TelegramSearchBot/feature/project-restructure-implementation/TelegramSearchBot.Test/TelegramSearchBot.Test.csproj]
/root/WorkSpace/CSharp/TelegramSearchBot/feature/project-restructure-implementation/TelegramSearchBot.Test/Performance/VectorSearchBenchmarks.cs(38,57): warning CS8618: 在退出构造函数时，不可为 null 的 字段 "_indexedVectors" 必须包含非 null 值。请考虑添加 "required" 修饰符或将该 字段 声明为可为 null。 [/root/WorkSpace/CSharp/TelegramSearchBot/feature/project-restructure-implementation/TelegramSearchBot.Test/TelegramSearchBot.Test.csproj]
/root/WorkSpace/CSharp/TelegramSearchBot/feature/project-restructure-implementation/TelegramSearchBot.Test/Performance/VectorSearchBenchmarks.cs(39,25): warning CS8618: 在退出构造函数时，不可为 null 的 字段 "_queryVector" 必须包含非 null 值。请考虑添加 "required" 修饰符或将该 字段 声明为可为 null。 [/root/WorkSpace/CSharp/TelegramSearchBot/feature/project-restructure-implementation/TelegramSearchBot.Test/TelegramSearchBot.Test.csproj]
/root/WorkSpace/CSharp/TelegramSearchBot/feature/project-restructure-implementation/TelegramSearchBot.Test/Service/BotAPI/SendServiceTests.cs(99,72): warning CS8625: 无法将 null 字面量转换为非 null 的引用类型。 [/root/WorkSpace/CSharp/TelegramSearchBot/feature/project-restructure-implementation/TelegramSearchBot.Test/TelegramSearchBot.Test.csproj]
/root/WorkSpace/CSharp/TelegramSearchBot/feature/project-restructure-implementation/TelegramSearchBot.Test/Service/BotAPI/SendServiceTests.cs(100,95): warning CS8625: 无法将 null 字面量转换为非 null 的引用类型。 [/root/WorkSpace/CSharp/TelegramSearchBot/feature/project-restructure-implementation/TelegramSearchBot.Test/TelegramSearchBot.Test.csproj]
/root/WorkSpace/CSharp/TelegramSearchBot/feature/project-restructure-implementation/TelegramSearchBot.Test/Service/BotAPI/SendServiceTests.cs(101,120): warning CS8625: 无法将 null 字面量转换为非 null 的引用类型。 [/root/WorkSpace/CSharp/TelegramSearchBot/feature/project-restructure-implementation/TelegramSearchBot.Test/TelegramSearchBot.Test.csproj]
/root/WorkSpace/CSharp/TelegramSearchBot/feature/project-restructure-implementation/TelegramSearchBot.Test/Controller/Storage/MessageControllerTests.cs(274,44): warning CS8600: 将 null 文本或可能的 null 值转换为不可为 null 类型。 [/root/WorkSpace/CSharp/TelegramSearchBot/feature/project-restructure-implementation/TelegramSearchBot.Test/TelegramSearchBot.Test.csproj]
/root/WorkSpace/CSharp/TelegramSearchBot/feature/project-restructure-implementation/TelegramSearchBot.Test/Service/Storage/MessageServiceTests.cs(114,129): warning CS8604: “DataDbContext.DataDbContext(DbContextOptions<DataDbContext> options)”中的形参“options”可能传入 null 引用实参。 [/root/WorkSpace/CSharp/TelegramSearchBot/feature/project-restructure-implementation/TelegramSearchBot.Test/TelegramSearchBot.Test.csproj]
/root/WorkSpace/CSharp/TelegramSearchBot/feature/project-restructure-implementation/TelegramSearchBot.Test/Controllers/Search/SearchControllerTests.cs(256,48): warning CS8600: 将 null 文本或可能的 null 值转换为不可为 null 类型。 [/root/WorkSpace/CSharp/TelegramSearchBot/feature/project-restructure-implementation/TelegramSearchBot.Test/TelegramSearchBot.Test.csproj]
/root/WorkSpace/CSharp/TelegramSearchBot/feature/project-restructure-implementation/TelegramSearchBot.Test/Controllers/Search/SearchControllerTests.cs(257,50): warning CS8600: 将 null 文本或可能的 null 值转换为不可为 null 类型。 [/root/WorkSpace/CSharp/TelegramSearchBot/feature/project-restructure-implementation/TelegramSearchBot.Test/TelegramSearchBot.Test.csproj]
/root/WorkSpace/CSharp/TelegramSearchBot/feature/project-restructure-implementation/TelegramSearchBot.Test/Service/AI/LLM/McpToolHelperTests.cs(274,56): warning CS8625: 无法将 null 字面量转换为非 null 的引用类型。 [/root/WorkSpace/CSharp/TelegramSearchBot/feature/project-restructure-implementation/TelegramSearchBot.Test/TelegramSearchBot.Test.csproj]
/root/WorkSpace/CSharp/TelegramSearchBot/feature/project-restructure-implementation/TelegramSearchBot.Test/Controller/AI/OCR/AutoOCRControllerTests.cs(456,31): warning CS8602: 解引用可能出现空引用。 [/root/WorkSpace/CSharp/TelegramSearchBot/feature/project-restructure-implementation/TelegramSearchBot.Test/TelegramSearchBot.Test.csproj]
/root/WorkSpace/CSharp/TelegramSearchBot/feature/project-restructure-implementation/TelegramSearchBot.Test/Service/Tools/MemoryServiceTest.cs(71,25): warning CS8602: 解引用可能出现空引用。 [/root/WorkSpace/CSharp/TelegramSearchBot/feature/project-restructure-implementation/TelegramSearchBot.Test/TelegramSearchBot.Test.csproj]
/root/WorkSpace/CSharp/TelegramSearchBot/feature/project-restructure-implementation/TelegramSearchBot.Test/Domain/Message/ValueObjects/MessageIdTests.cs(139,30): warning CS8625: 无法将 null 字面量转换为非 null 的引用类型。 [/root/WorkSpace/CSharp/TelegramSearchBot/feature/project-restructure-implementation/TelegramSearchBot.Test/TelegramSearchBot.Test.csproj]
/root/WorkSpace/CSharp/TelegramSearchBot/feature/project-restructure-implementation/TelegramSearchBot.Test/Service/Storage/MessageServiceTests.cs(179,149): warning CS8604: “DataDbContext.DataDbContext(DbContextOptions<DataDbContext> options)”中的形参“options”可能传入 null 引用实参。 [/root/WorkSpace/CSharp/TelegramSearchBot/feature/project-restructure-implementation/TelegramSearchBot.Test/TelegramSearchBot.Test.csproj]
/root/WorkSpace/CSharp/TelegramSearchBot/feature/project-restructure-implementation/TelegramSearchBot.Test/Domain/Message/MessageServiceTests.cs(205,51): warning CS8602: 解引用可能出现空引用。 [/root/WorkSpace/CSharp/TelegramSearchBot/feature/project-restructure-implementation/TelegramSearchBot.Test/TelegramSearchBot.Test.csproj]
/root/WorkSpace/CSharp/TelegramSearchBot/feature/project-restructure-implementation/TelegramSearchBot.Test/Domain/Message/MessageServiceTests.cs(207,21): warning CS8620: 由于引用类型的可为 null 性差异，Func<It.IsAnyType, Exception, string> 类型的实参不能用于 void ILogger.Log<IsAnyType>(LogLevel logLevel, EventId eventId, IsAnyType state, Exception? exception, Func<IsAnyType, Exception?, string> formatter) 中 Func<It.IsAnyType, Exception?, string> 类型的形参 formatter。 [/root/WorkSpace/CSharp/TelegramSearchBot/feature/project-restructure-implementation/TelegramSearchBot.Test/TelegramSearchBot.Test.csproj]
/root/WorkSpace/CSharp/TelegramSearchBot/feature/project-restructure-implementation/TelegramSearchBot.Test/Controller/AI/LLM/AltPhotoControllerTests.cs(431,30): warning CS8602: 解引用可能出现空引用。 [/root/WorkSpace/CSharp/TelegramSearchBot/feature/project-restructure-implementation/TelegramSearchBot.Test/TelegramSearchBot.Test.csproj]
/root/WorkSpace/CSharp/TelegramSearchBot/feature/project-restructure-implementation/TelegramSearchBot.Test/Controller/AI/OCR/AutoOCRControllerTests.cs(487,31): warning CS8602: 解引用可能出现空引用。 [/root/WorkSpace/CSharp/TelegramSearchBot/feature/project-restructure-implementation/TelegramSearchBot.Test/TelegramSearchBot.Test.csproj]
/root/WorkSpace/CSharp/TelegramSearchBot/feature/project-restructure-implementation/TelegramSearchBot.Test/Domain/Message/Integration/MessageProcessingIntegrationTests.cs(349,51): warning CS8602: 解引用可能出现空引用。 [/root/WorkSpace/CSharp/TelegramSearchBot/feature/project-restructure-implementation/TelegramSearchBot.Test/TelegramSearchBot.Test.csproj]
/root/WorkSpace/CSharp/TelegramSearchBot/feature/project-restructure-implementation/TelegramSearchBot.Test/Domain/Message/Integration/MessageProcessingIntegrationTests.cs(351,21): warning CS8620: 由于引用类型的可为 null 性差异，Func<It.IsAnyType, Exception, string> 类型的实参不能用于 void ILogger.Log<IsAnyType>(LogLevel logLevel, EventId eventId, IsAnyType state, Exception? exception, Func<IsAnyType, Exception?, string> formatter) 中 Func<It.IsAnyType, Exception?, string> 类型的形参 formatter。 [/root/WorkSpace/CSharp/TelegramSearchBot/feature/project-restructure-implementation/TelegramSearchBot.Test/TelegramSearchBot.Test.csproj]
/root/WorkSpace/CSharp/TelegramSearchBot/feature/project-restructure-implementation/TelegramSearchBot.Test/Performance/SearchPerformanceBenchmarks.cs(47,32): warning CS8618: 在退出构造函数时，不可为 null 的 字段 "_luceneManager" 必须包含非 null 值。请考虑添加 "required" 修饰符或将该 字段 声明为可为 null。 [/root/WorkSpace/CSharp/TelegramSearchBot/feature/project-restructure-implementation/TelegramSearchBot.Test/TelegramSearchBot.Test.csproj]
/root/WorkSpace/CSharp/TelegramSearchBot/feature/project-restructure-implementation/TelegramSearchBot.Test/Performance/SearchPerformanceBenchmarks.cs(48,93): warning CS8618: 在退出构造函数时，不可为 null 的 字段 "_messageRepository" 必须包含非 null 值。请考虑添加 "required" 修饰符或将该 字段 声明为可为 null。 [/root/WorkSpace/CSharp/TelegramSearchBot/feature/project-restructure-implementation/TelegramSearchBot.Test/TelegramSearchBot.Test.csproj]
/root/WorkSpace/CSharp/TelegramSearchBot/feature/project-restructure-implementation/TelegramSearchBot.Test/Performance/SearchPerformanceBenchmarks.cs(49,31): warning CS8618: 在退出构造函数时，不可为 null 的 字段 "_context" 必须包含非 null 值。请考虑添加 "required" 修饰符或将该 字段 声明为可为 null。 [/root/WorkSpace/CSharp/TelegramSearchBot/feature/project-restructure-implementation/TelegramSearchBot.Test/TelegramSearchBot.Test.csproj]
/root/WorkSpace/CSharp/TelegramSearchBot/feature/project-restructure-implementation/TelegramSearchBot.Test/Performance/SearchPerformanceBenchmarks.cs(50,60): warning CS8618: 在退出构造函数时，不可为 null 的 字段 "_indexedMessages" 必须包含非 null 值。请考虑添加 "required" 修饰符或将该 字段 声明为可为 null。 [/root/WorkSpace/CSharp/TelegramSearchBot/feature/project-restructure-implementation/TelegramSearchBot.Test/TelegramSearchBot.Test.csproj]
/root/WorkSpace/CSharp/TelegramSearchBot/feature/project-restructure-implementation/TelegramSearchBot.Test/Domain/Message/MessageProcessingPipelineTests.cs(363,51): warning CS8602: 解引用可能出现空引用。 [/root/WorkSpace/CSharp/TelegramSearchBot/feature/project-restructure-implementation/TelegramSearchBot.Test/TelegramSearchBot.Test.csproj]
/root/WorkSpace/CSharp/TelegramSearchBot/feature/project-restructure-implementation/TelegramSearchBot.Test/Domain/Message/MessageProcessingPipelineTests.cs(365,21): warning CS8620: 由于引用类型的可为 null 性差异，Func<It.IsAnyType, Exception, string> 类型的实参不能用于 void ILogger.Log<IsAnyType>(LogLevel logLevel, EventId eventId, IsAnyType state, Exception? exception, Func<IsAnyType, Exception?, string> formatter) 中 Func<It.IsAnyType, Exception?, string> 类型的形参 formatter。 [/root/WorkSpace/CSharp/TelegramSearchBot/feature/project-restructure-implementation/TelegramSearchBot.Test/TelegramSearchBot.Test.csproj]
/root/WorkSpace/CSharp/TelegramSearchBot/feature/project-restructure-implementation/TelegramSearchBot.Test/Domain/Message/MessageServiceTests.cs(309,65): warning CS8625: 无法将 null 字面量转换为非 null 的引用类型。 [/root/WorkSpace/CSharp/TelegramSearchBot/feature/project-restructure-implementation/TelegramSearchBot.Test/TelegramSearchBot.Test.csproj]
/root/WorkSpace/CSharp/TelegramSearchBot/feature/project-restructure-implementation/TelegramSearchBot.Test/Service/Common/AppConfigurationServiceTests.cs(94,66): warning CS8625: 无法将 null 字面量转换为非 null 的引用类型。 [/root/WorkSpace/CSharp/TelegramSearchBot/feature/project-restructure-implementation/TelegramSearchBot.Test/TelegramSearchBot.Test.csproj]
/root/WorkSpace/CSharp/TelegramSearchBot/feature/project-restructure-implementation/TelegramSearchBot.Test/Performance/MessageProcessingBenchmarks.cs(43,43): warning CS8618: 在退出构造函数时，不可为 null 的 字段 "_pipeline" 必须包含非 null 值。请考虑添加 "required" 修饰符或将该 字段 声明为可为 null。 [/root/WorkSpace/CSharp/TelegramSearchBot/feature/project-restructure-implementation/TelegramSearchBot.Test/TelegramSearchBot.Test.csproj]
/root/WorkSpace/CSharp/TelegramSearchBot/feature/project-restructure-implementation/TelegramSearchBot.Test/Performance/MessageProcessingBenchmarks.cs(44,42): warning CS8618: 在退出构造函数时，不可为 null 的 字段 "_repositoryMock" 必须包含非 null 值。请考虑添加 "required" 修饰符或将该 字段 声明为可为 null。 [/root/WorkSpace/CSharp/TelegramSearchBot/feature/project-restructure-implementation/TelegramSearchBot.Test/TelegramSearchBot.Test.csproj]
/root/WorkSpace/CSharp/TelegramSearchBot/feature/project-restructure-implementation/TelegramSearchBot.Test/Performance/MessageProcessingBenchmarks.cs(45,48): warning CS8618: 在退出构造函数时，不可为 null 的 字段 "_vectorSearchMock" 必须包含非 null 值。请考虑添加 "required" 修饰符或将该 字段 声明为可为 null。 [/root/WorkSpace/CSharp/TelegramSearchBot/feature/project-restructure-implementation/TelegramSearchBot.Test/TelegramSearchBot.Test.csproj]
/root/WorkSpace/CSharp/TelegramSearchBot/feature/project-restructure-implementation/TelegramSearchBot.Test/Performance/MessageProcessingBenchmarks.cs(46,31): warning CS8618: 在退出构造函数时，不可为 null 的 字段 "_testMessages" 必须包含非 null 值。请考虑添加 "required" 修饰符或将该 字段 声明为可为 null。 [/root/WorkSpace/CSharp/TelegramSearchBot/feature/project-restructure-implementation/TelegramSearchBot.Test/TelegramSearchBot.Test.csproj]
/root/WorkSpace/CSharp/TelegramSearchBot/feature/project-restructure-implementation/TelegramSearchBot.Test/Controller/AI/OCR/AutoOCRControllerTests.cs(554,30): warning CS8602: 解引用可能出现空引用。 [/root/WorkSpace/CSharp/TelegramSearchBot/feature/project-restructure-implementation/TelegramSearchBot.Test/TelegramSearchBot.Test.csproj]
/root/WorkSpace/CSharp/TelegramSearchBot/feature/project-restructure-implementation/TelegramSearchBot.Test/Controller/AI/LLM/AltPhotoControllerTests.cs(461,31): warning CS8602: 解引用可能出现空引用。 [/root/WorkSpace/CSharp/TelegramSearchBot/feature/project-restructure-implementation/TelegramSearchBot.Test/TelegramSearchBot.Test.csproj]
/root/WorkSpace/CSharp/TelegramSearchBot/feature/project-restructure-implementation/TelegramSearchBot.Test/Performance/MessageRepositoryBenchmarks.cs(43,31): warning CS8618: 在退出构造函数时，不可为 null 的 字段 "_context" 必须包含非 null 值。请考虑添加 "required" 修饰符或将该 字段 声明为可为 null。 [/root/WorkSpace/CSharp/TelegramSearchBot/feature/project-restructure-implementation/TelegramSearchBot.Test/TelegramSearchBot.Test.csproj]
/root/WorkSpace/CSharp/TelegramSearchBot/feature/project-restructure-implementation/TelegramSearchBot.Test/Performance/MessageRepositoryBenchmarks.cs(44,68): warning CS8618: 在退出构造函数时，不可为 null 的 字段 "_repository" 必须包含非 null 值。请考虑添加 "required" 修饰符或将该 字段 声明为可为 null。 [/root/WorkSpace/CSharp/TelegramSearchBot/feature/project-restructure-implementation/TelegramSearchBot.Test/TelegramSearchBot.Test.csproj]
/root/WorkSpace/CSharp/TelegramSearchBot/feature/project-restructure-implementation/TelegramSearchBot.Test/Performance/MessageRepositoryBenchmarks.cs(45,31): warning CS8618: 在退出构造函数时，不可为 null 的 字段 "_testMessages" 必须包含非 null 值。请考虑添加 "required" 修饰符或将该 字段 声明为可为 null。 [/root/WorkSpace/CSharp/TelegramSearchBot/feature/project-restructure-implementation/TelegramSearchBot.Test/TelegramSearchBot.Test.csproj]
/root/WorkSpace/CSharp/TelegramSearchBot/feature/project-restructure-implementation/TelegramSearchBot.Test/Domain/Message/ValueObjects/MessageContentTests.cs(46,30): warning CS8600: 将 null 文本或可能的 null 值转换为不可为 null 类型。 [/root/WorkSpace/CSharp/TelegramSearchBot/feature/project-restructure-implementation/TelegramSearchBot.Test/TelegramSearchBot.Test.csproj]
/root/WorkSpace/CSharp/TelegramSearchBot/feature/project-restructure-implementation/TelegramSearchBot.Test/Domain/Message/ValueObjects/MessageContentTests.cs(49,51): warning CS8604: “MessageContent.MessageContent(string content)”中的形参“content”可能传入 null 引用实参。 [/root/WorkSpace/CSharp/TelegramSearchBot/feature/project-restructure-implementation/TelegramSearchBot.Test/TelegramSearchBot.Test.csproj]
/root/WorkSpace/CSharp/TelegramSearchBot/feature/project-restructure-implementation/TelegramSearchBot.Test/Controller/AI/OCR/AutoOCRControllerTests.cs(577,27): warning CS8602: 解引用可能出现空引用。 [/root/WorkSpace/CSharp/TelegramSearchBot/feature/project-restructure-implementation/TelegramSearchBot.Test/TelegramSearchBot.Test.csproj]
/root/WorkSpace/CSharp/TelegramSearchBot/feature/project-restructure-implementation/TelegramSearchBot.Test/Service/Common/AppConfigurationServiceTests.cs(146,54): warning CS8625: 无法将 null 字面量转换为非 null 的引用类型。 [/root/WorkSpace/CSharp/TelegramSearchBot/feature/project-restructure-implementation/TelegramSearchBot.Test/TelegramSearchBot.Test.csproj]
/root/WorkSpace/CSharp/TelegramSearchBot/feature/project-restructure-implementation/TelegramSearchBot.Test/Service/Tools/BraveSearchServiceTest.cs(40,33): warning CS8602: 解引用可能出现空引用。 [/root/WorkSpace/CSharp/TelegramSearchBot/feature/project-restructure-implementation/TelegramSearchBot.Test/TelegramSearchBot.Test.csproj]
/root/WorkSpace/CSharp/TelegramSearchBot/feature/project-restructure-implementation/TelegramSearchBot.Test/Service/Tools/BraveSearchServiceTest.cs(44,38): warning CS8600: 将 null 文本或可能的 null 值转换为不可为 null 类型。 [/root/WorkSpace/CSharp/TelegramSearchBot/feature/project-restructure-implementation/TelegramSearchBot.Test/TelegramSearchBot.Test.csproj]
/root/WorkSpace/CSharp/TelegramSearchBot/feature/project-restructure-implementation/TelegramSearchBot.Test/Domain/Message/MessageServiceTests.cs(387,51): warning CS8602: 解引用可能出现空引用。 [/root/WorkSpace/CSharp/TelegramSearchBot/feature/project-restructure-implementation/TelegramSearchBot.Test/TelegramSearchBot.Test.csproj]
/root/WorkSpace/CSharp/TelegramSearchBot/feature/project-restructure-implementation/TelegramSearchBot.Test/Domain/Message/MessageServiceTests.cs(389,21): warning CS8620: 由于引用类型的可为 null 性差异，Func<It.IsAnyType, Exception, string> 类型的实参不能用于 void ILogger.Log<IsAnyType>(LogLevel logLevel, EventId eventId, IsAnyType state, Exception? exception, Func<IsAnyType, Exception?, string> formatter) 中 Func<It.IsAnyType, Exception?, string> 类型的形参 formatter。 [/root/WorkSpace/CSharp/TelegramSearchBot/feature/project-restructure-implementation/TelegramSearchBot.Test/TelegramSearchBot.Test.csproj]
/root/WorkSpace/CSharp/TelegramSearchBot/feature/project-restructure-implementation/TelegramSearchBot.Test/Service/Tools/BraveSearchServiceTest.cs(79,33): warning CS8602: 解引用可能出现空引用。 [/root/WorkSpace/CSharp/TelegramSearchBot/feature/project-restructure-implementation/TelegramSearchBot.Test/TelegramSearchBot.Test.csproj]
/root/WorkSpace/CSharp/TelegramSearchBot/feature/project-restructure-implementation/TelegramSearchBot.Test/Domain/Message/MessageProcessingPipelineTests.cs(415,51): warning CS8602: 解引用可能出现空引用。 [/root/WorkSpace/CSharp/TelegramSearchBot/feature/project-restructure-implementation/TelegramSearchBot.Test/TelegramSearchBot.Test.csproj]
/root/WorkSpace/CSharp/TelegramSearchBot/feature/project-restructure-implementation/TelegramSearchBot.Test/Domain/Message/MessageProcessingPipelineTests.cs(417,21): warning CS8620: 由于引用类型的可为 null 性差异，Func<It.IsAnyType, Exception, string> 类型的实参不能用于 void ILogger.Log<IsAnyType>(LogLevel logLevel, EventId eventId, IsAnyType state, Exception? exception, Func<IsAnyType, Exception?, string> formatter) 中 Func<It.IsAnyType, Exception?, string> 类型的形参 formatter。 [/root/WorkSpace/CSharp/TelegramSearchBot/feature/project-restructure-implementation/TelegramSearchBot.Test/TelegramSearchBot.Test.csproj]
/root/WorkSpace/CSharp/TelegramSearchBot/feature/project-restructure-implementation/TelegramSearchBot.Test/Domain/Message/ValueObjects/MessageContentTests.cs(178,35): warning CS8625: 无法将 null 字面量转换为非 null 的引用类型。 [/root/WorkSpace/CSharp/TelegramSearchBot/feature/project-restructure-implementation/TelegramSearchBot.Test/TelegramSearchBot.Test.csproj]
/root/WorkSpace/CSharp/TelegramSearchBot/feature/project-restructure-implementation/TelegramSearchBot.Test/Service/Tools/BraveSearchServiceTest.cs(100,33): warning CS8602: 解引用可能出现空引用。 [/root/WorkSpace/CSharp/TelegramSearchBot/feature/project-restructure-implementation/TelegramSearchBot.Test/TelegramSearchBot.Test.csproj]
/root/WorkSpace/CSharp/TelegramSearchBot/feature/project-restructure-implementation/TelegramSearchBot.Test/Controller/AI/OCR/AutoOCRControllerTests.cs(600,32): warning CS8602: 解引用可能出现空引用。 [/root/WorkSpace/CSharp/TelegramSearchBot/feature/project-restructure-implementation/TelegramSearchBot.Test/TelegramSearchBot.Test.csproj]
/root/WorkSpace/CSharp/TelegramSearchBot/feature/project-restructure-implementation/TelegramSearchBot.Test/Service/Tools/BraveSearchServiceTest.cs(122,33): warning CS8602: 解引用可能出现空引用。 [/root/WorkSpace/CSharp/TelegramSearchBot/feature/project-restructure-implementation/TelegramSearchBot.Test/TelegramSearchBot.Test.csproj]
/root/WorkSpace/CSharp/TelegramSearchBot/feature/project-restructure-implementation/TelegramSearchBot.Test/Domain/Message/MessageProcessingPipelineTests.cs(464,51): warning CS8602: 解引用可能出现空引用。 [/root/WorkSpace/CSharp/TelegramSearchBot/feature/project-restructure-implementation/TelegramSearchBot.Test/TelegramSearchBot.Test.csproj]
/root/WorkSpace/CSharp/TelegramSearchBot/feature/project-restructure-implementation/TelegramSearchBot.Test/Domain/Message/MessageProcessingPipelineTests.cs(466,21): warning CS8620: 由于引用类型的可为 null 性差异，Func<It.IsAnyType, Exception, string> 类型的实参不能用于 void ILogger.Log<IsAnyType>(LogLevel logLevel, EventId eventId, IsAnyType state, Exception? exception, Func<IsAnyType, Exception?, string> formatter) 中 Func<It.IsAnyType, Exception?, string> 类型的形参 formatter。 [/root/WorkSpace/CSharp/TelegramSearchBot/feature/project-restructure-implementation/TelegramSearchBot.Test/TelegramSearchBot.Test.csproj]
/root/WorkSpace/CSharp/TelegramSearchBot/feature/project-restructure-implementation/TelegramSearchBot.Test/Service/Tools/BraveSearchServiceTest.cs(143,33): warning CS8602: 解引用可能出现空引用。 [/root/WorkSpace/CSharp/TelegramSearchBot/feature/project-restructure-implementation/TelegramSearchBot.Test/TelegramSearchBot.Test.csproj]
/root/WorkSpace/CSharp/TelegramSearchBot/feature/project-restructure-implementation/TelegramSearchBot.Test/Service/Tools/BraveSearchServiceTest.cs(147,38): warning CS8600: 将 null 文本或可能的 null 值转换为不可为 null 类型。 [/root/WorkSpace/CSharp/TelegramSearchBot/feature/project-restructure-implementation/TelegramSearchBot.Test/TelegramSearchBot.Test.csproj]
/root/WorkSpace/CSharp/TelegramSearchBot/feature/project-restructure-implementation/TelegramSearchBot.Test/Domain/Message/MessageProcessingPipelineTests.cs(477,74): warning CS8625: 无法将 null 字面量转换为非 null 的引用类型。 [/root/WorkSpace/CSharp/TelegramSearchBot/feature/project-restructure-implementation/TelegramSearchBot.Test/TelegramSearchBot.Test.csproj]
/root/WorkSpace/CSharp/TelegramSearchBot/feature/project-restructure-implementation/TelegramSearchBot.Test/Manage/EditLLMConfHelperTest.cs(248,33): warning CS8602: 解引用可能出现空引用。 [/root/WorkSpace/CSharp/TelegramSearchBot/feature/project-restructure-implementation/TelegramSearchBot.Test/TelegramSearchBot.Test.csproj]
/root/WorkSpace/CSharp/TelegramSearchBot/feature/project-restructure-implementation/TelegramSearchBot.Test/Domain/Message/MessageProcessingPipelineTests.cs(537,51): warning CS8600: 将 null 文本或可能的 null 值转换为不可为 null 类型。 [/root/WorkSpace/CSharp/TelegramSearchBot/feature/project-restructure-implementation/TelegramSearchBot.Test/TelegramSearchBot.Test.csproj]
/root/WorkSpace/CSharp/TelegramSearchBot/feature/project-restructure-implementation/TelegramSearchBot.Test/Controller/Storage/MessageControllerTests.cs(421,60): warning CS8602: 解引用可能出现空引用。 [/root/WorkSpace/CSharp/TelegramSearchBot/feature/project-restructure-implementation/TelegramSearchBot.Test/TelegramSearchBot.Test.csproj]
/root/WorkSpace/CSharp/TelegramSearchBot/feature/project-restructure-implementation/TelegramSearchBot.Test/Domain/Message/MessageServiceTests.cs(425,34): warning CS8625: 无法将 null 字面量转换为非 null 的引用类型。 [/root/WorkSpace/CSharp/TelegramSearchBot/feature/project-restructure-implementation/TelegramSearchBot.Test/TelegramSearchBot.Test.csproj]
/root/WorkSpace/CSharp/TelegramSearchBot/feature/project-restructure-implementation/TelegramSearchBot.Test/Integration/MinimalIntegrationTests.cs(158,27): warning CS1998: 此异步方法缺少 "await" 运算符，将以同步方式运行。请考虑使用 "await" 运算符等待非阻止的 API 调用，或者使用 "await Task.Run(...)" 在后台线程上执行占用大量 CPU 的工作。 [/root/WorkSpace/CSharp/TelegramSearchBot/feature/project-restructure-implementation/TelegramSearchBot.Test/TelegramSearchBot.Test.csproj]
/root/WorkSpace/CSharp/TelegramSearchBot/feature/project-restructure-implementation/TelegramSearchBot.Test/Domain/Message/MessageProcessingPipelineTests.cs(566,51): warning CS8600: 将 null 文本或可能的 null 值转换为不可为 null 类型。 [/root/WorkSpace/CSharp/TelegramSearchBot/feature/project-restructure-implementation/TelegramSearchBot.Test/TelegramSearchBot.Test.csproj]
/root/WorkSpace/CSharp/TelegramSearchBot/feature/project-restructure-implementation/TelegramSearchBot.Test/Domain/Message/MessageServiceTests.cs(447,34): warning CS8625: 无法将 null 字面量转换为非 null 的引用类型。 [/root/WorkSpace/CSharp/TelegramSearchBot/feature/project-restructure-implementation/TelegramSearchBot.Test/TelegramSearchBot.Test.csproj]
/root/WorkSpace/CSharp/TelegramSearchBot/feature/project-restructure-implementation/TelegramSearchBot.Test/Service/Vector/VectorSearchIntegrationTests.cs(35,40): warning CS0414: 字段“VectorSearchIntegrationTests._searchService”已被赋值，但从未使用过它的值 [/root/WorkSpace/CSharp/TelegramSearchBot/feature/project-restructure-implementation/TelegramSearchBot.Test/TelegramSearchBot.Test.csproj]
/root/WorkSpace/CSharp/TelegramSearchBot/feature/project-restructure-implementation/TelegramSearchBot.Test/Domain/Message/MessageEntityRedGreenRefactorTests.cs(46,13): warning xUnit2002: Do not use Assert.NotNull() on value type 'DateTime'. Remove this assert. (https://xunit.net/xunit.analyzers/rules/xUnit2002) [/root/WorkSpace/CSharp/TelegramSearchBot/feature/project-restructure-implementation/TelegramSearchBot.Test/TelegramSearchBot.Test.csproj]
/root/WorkSpace/CSharp/TelegramSearchBot/feature/project-restructure-implementation/TelegramSearchBot.Test/Helpers/MockServiceFactory.cs(362,74): warning EF1001: Microsoft.EntityFrameworkCore.ChangeTracking.EntityEntry<T> is an internal API that supports the Entity Framework Core infrastructure and not subject to the same compatibility standards as public APIs. It may be changed or removed without notice in any release. [/root/WorkSpace/CSharp/TelegramSearchBot/feature/project-restructure-implementation/TelegramSearchBot.Test/TelegramSearchBot.Test.csproj]
/root/WorkSpace/CSharp/TelegramSearchBot/feature/project-restructure-implementation/TelegramSearchBot.Test/Helpers/MockServiceFactory.cs(362,134): warning EF1001: Microsoft.EntityFrameworkCore.ChangeTracking.Internal.InternalEntityEntry is an internal API that supports the Entity Framework Core infrastructure and not subject to the same compatibility standards as public APIs. It may be changed or removed without notice in any release. [/root/WorkSpace/CSharp/TelegramSearchBot/feature/project-restructure-implementation/TelegramSearchBot.Test/TelegramSearchBot.Test.csproj]
/root/WorkSpace/CSharp/TelegramSearchBot/feature/project-restructure-implementation/TelegramSearchBot.Test/Service/Tools/MemoryServiceTest.cs(61,13): warning xUnit2013: Do not use Assert.Equal() to check for collection size. Use Assert.Single instead. (https://xunit.net/xunit.analyzers/rules/xUnit2013) [/root/WorkSpace/CSharp/TelegramSearchBot/feature/project-restructure-implementation/TelegramSearchBot.Test/TelegramSearchBot.Test.csproj]
/root/WorkSpace/CSharp/TelegramSearchBot/feature/project-restructure-implementation/TelegramSearchBot.Test/Service/AI/LLM/McpToolHelperTests.cs(311,13): warning xUnit2013: Do not use Assert.Equal() to check for collection size. Use Assert.Single instead. (https://xunit.net/xunit.analyzers/rules/xUnit2013) [/root/WorkSpace/CSharp/TelegramSearchBot/feature/project-restructure-implementation/TelegramSearchBot.Test/TelegramSearchBot.Test.csproj]
/root/WorkSpace/CSharp/TelegramSearchBot/feature/project-restructure-implementation/TelegramSearchBot.Test/Service/Tools/MemoryServiceTest.cs(71,13): warning xUnit2009: Do not use Assert.True() to check for substrings. Use Assert.Contains instead. (https://xunit.net/xunit.analyzers/rules/xUnit2009) [/root/WorkSpace/CSharp/TelegramSearchBot/feature/project-restructure-implementation/TelegramSearchBot.Test/TelegramSearchBot.Test.csproj]
/root/WorkSpace/CSharp/TelegramSearchBot/feature/project-restructure-implementation/TelegramSearchBot.Test/Service/Tools/MemoryServiceTest.cs(72,13): warning xUnit2009: Do not use Assert.True() to check for substrings. Use Assert.Contains instead. (https://xunit.net/xunit.analyzers/rules/xUnit2009) [/root/WorkSpace/CSharp/TelegramSearchBot/feature/project-restructure-implementation/TelegramSearchBot.Test/TelegramSearchBot.Test.csproj]
/root/WorkSpace/CSharp/TelegramSearchBot/feature/project-restructure-implementation/TelegramSearchBot.Test/Service/AI/LLM/McpToolHelperTests.cs(325,13): warning xUnit2013: Do not use Assert.Equal() to check for collection size. Use Assert.Single instead. (https://xunit.net/xunit.analyzers/rules/xUnit2013) [/root/WorkSpace/CSharp/TelegramSearchBot/feature/project-restructure-implementation/TelegramSearchBot.Test/TelegramSearchBot.Test.csproj]
/root/WorkSpace/CSharp/TelegramSearchBot/feature/project-restructure-implementation/TelegramSearchBot.Test/Service/Tools/MemoryServiceTest.cs(100,13): warning xUnit2013: Do not use Assert.Equal() to check for collection size. Use Assert.Single instead. (https://xunit.net/xunit.analyzers/rules/xUnit2013) [/root/WorkSpace/CSharp/TelegramSearchBot/feature/project-restructure-implementation/TelegramSearchBot.Test/TelegramSearchBot.Test.csproj]
/root/WorkSpace/CSharp/TelegramSearchBot/feature/project-restructure-implementation/TelegramSearchBot.Test/Service/AI/LLM/McpToolHelperTests.cs(357,13): warning xUnit2013: Do not use Assert.Equal() to check for collection size. Use Assert.Single instead. (https://xunit.net/xunit.analyzers/rules/xUnit2013) [/root/WorkSpace/CSharp/TelegramSearchBot/feature/project-restructure-implementation/TelegramSearchBot.Test/TelegramSearchBot.Test.csproj]
/root/WorkSpace/CSharp/TelegramSearchBot/feature/project-restructure-implementation/TelegramSearchBot.Test/Service/AI/LLM/McpToolHelperTests.cs(373,13): warning xUnit2013: Do not use Assert.Equal() to check for collection size. Use Assert.Single instead. (https://xunit.net/xunit.analyzers/rules/xUnit2013) [/root/WorkSpace/CSharp/TelegramSearchBot/feature/project-restructure-implementation/TelegramSearchBot.Test/TelegramSearchBot.Test.csproj]
/root/WorkSpace/CSharp/TelegramSearchBot/feature/project-restructure-implementation/TelegramSearchBot.Test/Service/AI/LLM/McpToolHelperTests.cs(379,13): warning xUnit2013: Do not use Assert.Equal() to check for collection size. Use Assert.Single instead. (https://xunit.net/xunit.analyzers/rules/xUnit2013) [/root/WorkSpace/CSharp/TelegramSearchBot/feature/project-restructure-implementation/TelegramSearchBot.Test/TelegramSearchBot.Test.csproj]
/root/WorkSpace/CSharp/TelegramSearchBot/feature/project-restructure-implementation/TelegramSearchBot.Test/Service/Tools/MemoryServiceTest.cs(159,13): warning xUnit2017: Do not use Assert.True() to check if a value exists in a collection. Use Assert.Contains instead. (https://xunit.net/xunit.analyzers/rules/xUnit2017) [/root/WorkSpace/CSharp/TelegramSearchBot/feature/project-restructure-implementation/TelegramSearchBot.Test/TelegramSearchBot.Test.csproj]
/root/WorkSpace/CSharp/TelegramSearchBot/feature/project-restructure-implementation/TelegramSearchBot.Test/Service/AI/LLM/McpToolHelperTests.cs(371,13): warning xUnit2002: Do not use Assert.NotNull() on value type '(string toolName, Dictionary<string, string> arguments)'. Remove this assert. (https://xunit.net/xunit.analyzers/rules/xUnit2002) [/root/WorkSpace/CSharp/TelegramSearchBot/feature/project-restructure-implementation/TelegramSearchBot.Test/TelegramSearchBot.Test.csproj]
/root/WorkSpace/CSharp/TelegramSearchBot/feature/project-restructure-implementation/TelegramSearchBot.Test/Service/AI/LLM/McpToolHelperTests.cs(377,13): warning xUnit2002: Do not use Assert.NotNull() on value type '(string toolName, Dictionary<string, string> arguments)'. Remove this assert. (https://xunit.net/xunit.analyzers/rules/xUnit2002) [/root/WorkSpace/CSharp/TelegramSearchBot/feature/project-restructure-implementation/TelegramSearchBot.Test/TelegramSearchBot.Test.csproj]
/root/WorkSpace/CSharp/TelegramSearchBot/feature/project-restructure-implementation/TelegramSearchBot.Test/Service/Tools/MemoryServiceTest.cs(157,13): warning xUnit2013: Do not use Assert.Equal() to check for collection size. Use Assert.Single instead. (https://xunit.net/xunit.analyzers/rules/xUnit2013) [/root/WorkSpace/CSharp/TelegramSearchBot/feature/project-restructure-implementation/TelegramSearchBot.Test/TelegramSearchBot.Test.csproj]
/root/WorkSpace/CSharp/TelegramSearchBot/feature/project-restructure-implementation/TelegramSearchBot.Test/Service/Tools/MemoryServiceTest.cs(202,13): warning xUnit2013: Do not use Assert.Equal() to check for collection size. Use Assert.Single instead. (https://xunit.net/xunit.analyzers/rules/xUnit2013) [/root/WorkSpace/CSharp/TelegramSearchBot/feature/project-restructure-implementation/TelegramSearchBot.Test/TelegramSearchBot.Test.csproj]
/root/WorkSpace/CSharp/TelegramSearchBot/feature/project-restructure-implementation/TelegramSearchBot.Test/Service/Tools/MemoryServiceTest.cs(203,13): warning xUnit2013: Do not use Assert.Equal() to check for collection size. Use Assert.Single instead. (https://xunit.net/xunit.analyzers/rules/xUnit2013) [/root/WorkSpace/CSharp/TelegramSearchBot/feature/project-restructure-implementation/TelegramSearchBot.Test/TelegramSearchBot.Test.csproj]
/root/WorkSpace/CSharp/TelegramSearchBot/feature/project-restructure-implementation/TelegramSearchBot.Test/Service/Tools/MemoryServiceTest.cs(218,13): warning xUnit2009: Do not use Assert.True() to check for substrings. Use Assert.Contains instead. (https://xunit.net/xunit.analyzers/rules/xUnit2009) [/root/WorkSpace/CSharp/TelegramSearchBot/feature/project-restructure-implementation/TelegramSearchBot.Test/TelegramSearchBot.Test.csproj]
/root/WorkSpace/CSharp/TelegramSearchBot/feature/project-restructure-implementation/TelegramSearchBot.Test/Service/Tools/MemoryServiceTest.cs(233,13): warning xUnit2009: Do not use Assert.True() to check for substrings. Use Assert.Contains instead. (https://xunit.net/xunit.analyzers/rules/xUnit2009) [/root/WorkSpace/CSharp/TelegramSearchBot/feature/project-restructure-implementation/TelegramSearchBot.Test/TelegramSearchBot.Test.csproj]
/root/WorkSpace/CSharp/TelegramSearchBot/feature/project-restructure-implementation/TelegramSearchBot.Test/Service/Manage/AccountServiceTests.cs(287,50): warning xUnit1012: Null should not be used for type parameter 'expectedDescription' of type 'string'. Use a non-null value, or convert the parameter to a nullable type. (https://xunit.net/xunit.analyzers/rules/xUnit1012) [/root/WorkSpace/CSharp/TelegramSearchBot/feature/project-restructure-implementation/TelegramSearchBot.Test/TelegramSearchBot.Test.csproj]
/root/WorkSpace/CSharp/TelegramSearchBot/feature/project-restructure-implementation/TelegramSearchBot.Test/Service/Manage/AccountServiceTests.cs(288,56): warning xUnit1012: Null should not be used for type parameter 'expectedDescription' of type 'string'. Use a non-null value, or convert the parameter to a nullable type. (https://xunit.net/xunit.analyzers/rules/xUnit1012) [/root/WorkSpace/CSharp/TelegramSearchBot/feature/project-restructure-implementation/TelegramSearchBot.Test/TelegramSearchBot.Test.csproj]
/root/WorkSpace/CSharp/TelegramSearchBot/feature/project-restructure-implementation/TelegramSearchBot.Test/Service/Manage/AccountServiceTests.cs(289,49): warning xUnit1012: Null should not be used for type parameter 'expectedTag' of type 'string'. Use a non-null value, or convert the parameter to a nullable type. (https://xunit.net/xunit.analyzers/rules/xUnit1012) [/root/WorkSpace/CSharp/TelegramSearchBot/feature/project-restructure-implementation/TelegramSearchBot.Test/TelegramSearchBot.Test.csproj]
/root/WorkSpace/CSharp/TelegramSearchBot/feature/project-restructure-implementation/TelegramSearchBot.Test/Service/Manage/AccountServiceTests.cs(289,55): warning xUnit1012: Null should not be used for type parameter 'expectedDescription' of type 'string'. Use a non-null value, or convert the parameter to a nullable type. (https://xunit.net/xunit.analyzers/rules/xUnit1012) [/root/WorkSpace/CSharp/TelegramSearchBot/feature/project-restructure-implementation/TelegramSearchBot.Test/TelegramSearchBot.Test.csproj]
/root/WorkSpace/CSharp/TelegramSearchBot/feature/project-restructure-implementation/TelegramSearchBot.Test/Service/Manage/AccountServiceTests.cs(290,35): warning xUnit1012: Null should not be used for type parameter 'expectedTag' of type 'string'. Use a non-null value, or convert the parameter to a nullable type. (https://xunit.net/xunit.analyzers/rules/xUnit1012) [/root/WorkSpace/CSharp/TelegramSearchBot/feature/project-restructure-implementation/TelegramSearchBot.Test/TelegramSearchBot.Test.csproj]
/root/WorkSpace/CSharp/TelegramSearchBot/feature/project-restructure-implementation/TelegramSearchBot.Test/Service/Manage/AccountServiceTests.cs(290,41): warning xUnit1012: Null should not be used for type parameter 'expectedDescription' of type 'string'. Use a non-null value, or convert the parameter to a nullable type. (https://xunit.net/xunit.analyzers/rules/xUnit1012) [/root/WorkSpace/CSharp/TelegramSearchBot/feature/project-restructure-implementation/TelegramSearchBot.Test/TelegramSearchBot.Test.csproj]
/root/WorkSpace/CSharp/TelegramSearchBot/feature/project-restructure-implementation/TelegramSearchBot.Test/Service/Manage/AccountServiceTests.cs(291,37): warning xUnit1012: Null should not be used for type parameter 'expectedTag' of type 'string'. Use a non-null value, or convert the parameter to a nullable type. (https://xunit.net/xunit.analyzers/rules/xUnit1012) [/root/WorkSpace/CSharp/TelegramSearchBot/feature/project-restructure-implementation/TelegramSearchBot.Test/TelegramSearchBot.Test.csproj]
/root/WorkSpace/CSharp/TelegramSearchBot/feature/project-restructure-implementation/TelegramSearchBot.Test/Service/Manage/AccountServiceTests.cs(291,43): warning xUnit1012: Null should not be used for type parameter 'expectedDescription' of type 'string'. Use a non-null value, or convert the parameter to a nullable type. (https://xunit.net/xunit.analyzers/rules/xUnit1012) [/root/WorkSpace/CSharp/TelegramSearchBot/feature/project-restructure-implementation/TelegramSearchBot.Test/TelegramSearchBot.Test.csproj]
/root/WorkSpace/CSharp/TelegramSearchBot/feature/project-restructure-implementation/TelegramSearchBot.Test/Benchmarks/Domain/Message/MessageRepositoryBenchmarks.cs(55,44): error CS0104: “MessageRepository”是“TelegramSearchBot.Domain.Message.MessageRepository”和“TelegramSearchBot.Infrastructure.Persistence.Repositories.MessageRepository”之间的不明确的引用 [/root/WorkSpace/CSharp/TelegramSearchBot/feature/project-restructure-implementation/TelegramSearchBot.Test/TelegramSearchBot.Test.csproj]
/root/WorkSpace/CSharp/TelegramSearchBot/feature/project-restructure-implementation/TelegramSearchBot.Test/Benchmarks/Domain/Message/MessageRepositoryBenchmarks.cs(56,49): error CS0118: “Message”是 命名空间，但此处被当做 类型 来使用 [/root/WorkSpace/CSharp/TelegramSearchBot/feature/project-restructure-implementation/TelegramSearchBot.Test/TelegramSearchBot.Test.csproj]
/root/WorkSpace/CSharp/TelegramSearchBot/feature/project-restructure-implementation/TelegramSearchBot.Test/Benchmarks/Domain/Message/MessageRepositoryBenchmarks.cs(65,31): error CS0104: “MessageRepository”是“TelegramSearchBot.Domain.Message.MessageRepository”和“TelegramSearchBot.Infrastructure.Persistence.Repositories.MessageRepository”之间的不明确的引用 [/root/WorkSpace/CSharp/TelegramSearchBot/feature/project-restructure-implementation/TelegramSearchBot.Test/TelegramSearchBot.Test.csproj]
/root/WorkSpace/CSharp/TelegramSearchBot/feature/project-restructure-implementation/TelegramSearchBot.Test/Benchmarks/Domain/Message/MessageRepositoryBenchmarks.cs(132,33): error CS0117: “MessageExtension”未包含“MessageId”的定义 [/root/WorkSpace/CSharp/TelegramSearchBot/feature/project-restructure-implementation/TelegramSearchBot.Test/TelegramSearchBot.Test.csproj]
/root/WorkSpace/CSharp/TelegramSearchBot/feature/project-restructure-implementation/TelegramSearchBot.Test/Benchmarks/Domain/Message/MessageRepositoryBenchmarks.cs(154,44): error CS1061: “IMessageRepository”未包含“GetMessagesByGroupIdAsync”的定义，并且找不到可接受第一个“IMessageRepository”类型参数的可访问扩展方法“GetMessagesByGroupIdAsync”(是否缺少 using 指令或程序集引用?) [/root/WorkSpace/CSharp/TelegramSearchBot/feature/project-restructure-implementation/TelegramSearchBot.Test/TelegramSearchBot.Test.csproj]
/root/WorkSpace/CSharp/TelegramSearchBot/feature/project-restructure-implementation/TelegramSearchBot.Test/Benchmarks/Domain/Message/MessageRepositoryBenchmarks.cs(166,44): error CS1061: “IMessageRepository”未包含“GetMessagesByGroupIdAsync”的定义，并且找不到可接受第一个“IMessageRepository”类型参数的可访问扩展方法“GetMessagesByGroupIdAsync”(是否缺少 using 指令或程序集引用?) [/root/WorkSpace/CSharp/TelegramSearchBot/feature/project-restructure-implementation/TelegramSearchBot.Test/TelegramSearchBot.Test.csproj]
/root/WorkSpace/CSharp/TelegramSearchBot/feature/project-restructure-implementation/TelegramSearchBot.Test/Benchmarks/Domain/Message/MessageRepositoryBenchmarks.cs(178,44): error CS1061: “IMessageRepository”未包含“GetMessagesByGroupIdAsync”的定义，并且找不到可接受第一个“IMessageRepository”类型参数的可访问扩展方法“GetMessagesByGroupIdAsync”(是否缺少 using 指令或程序集引用?) [/root/WorkSpace/CSharp/TelegramSearchBot/feature/project-restructure-implementation/TelegramSearchBot.Test/TelegramSearchBot.Test.csproj]
/root/WorkSpace/CSharp/TelegramSearchBot/feature/project-restructure-implementation/TelegramSearchBot.Test/Benchmarks/Domain/Message/MessageRepositoryBenchmarks.cs(190,44): error CS1061: “IMessageRepository”未包含“GetMessageByIdAsync”的定义，并且找不到可接受第一个“IMessageRepository”类型参数的可访问扩展方法“GetMessageByIdAsync”(是否缺少 using 指令或程序集引用?) [/root/WorkSpace/CSharp/TelegramSearchBot/feature/project-restructure-implementation/TelegramSearchBot.Test/TelegramSearchBot.Test.csproj]
/root/WorkSpace/CSharp/TelegramSearchBot/feature/project-restructure-implementation/TelegramSearchBot.Test/Benchmarks/Domain/Message/MessageProcessingBenchmarks.cs(77,46): error CS0117: “TestDataFactory”未包含“CreateValidMessageOption”的定义 [/root/WorkSpace/CSharp/TelegramSearchBot/feature/project-restructure-implementation/TelegramSearchBot.Test/TelegramSearchBot.Test.csproj]
/root/WorkSpace/CSharp/TelegramSearchBot/feature/project-restructure-implementation/TelegramSearchBot.Test/Benchmarks/Domain/Message/MessageProcessingBenchmarks.cs(85,44): error CS0117: “TestDataFactory”未包含“CreateLongMessage”的定义 [/root/WorkSpace/CSharp/TelegramSearchBot/feature/project-restructure-implementation/TelegramSearchBot.Test/TelegramSearchBot.Test.csproj]
/root/WorkSpace/CSharp/TelegramSearchBot/feature/project-restructure-implementation/TelegramSearchBot.Test/Benchmarks/Domain/Message/MessageProcessingBenchmarks.cs(92,54): error CS0117: “TestDataFactory”未包含“CreateValidMessageOption”的定义 [/root/WorkSpace/CSharp/TelegramSearchBot/feature/project-restructure-implementation/TelegramSearchBot.Test/TelegramSearchBot.Test.csproj]
/root/WorkSpace/CSharp/TelegramSearchBot/feature/project-restructure-implementation/TelegramSearchBot.Test/Benchmarks/Domain/Message/MessageProcessingBenchmarks.cs(101,46): error CS0117: “TestDataFactory”未包含“CreateValidMessageOption”的定义 [/root/WorkSpace/CSharp/TelegramSearchBot/feature/project-restructure-implementation/TelegramSearchBot.Test/TelegramSearchBot.Test.csproj]
/root/WorkSpace/CSharp/TelegramSearchBot/feature/project-restructure-implementation/TelegramSearchBot.Test/Benchmarks/Domain/Message/MessageProcessingBenchmarks.cs(111,46): error CS0117: “TestDataFactory”未包含“CreateValidMessageOption”的定义 [/root/WorkSpace/CSharp/TelegramSearchBot/feature/project-restructure-implementation/TelegramSearchBot.Test/TelegramSearchBot.Test.csproj]
/root/WorkSpace/CSharp/TelegramSearchBot/feature/project-restructure-implementation/TelegramSearchBot.Test/Benchmarks/Domain/Message/MessageProcessingBenchmarks.cs(121,46): error CS0117: “TestDataFactory”未包含“CreateValidMessageOption”的定义 [/root/WorkSpace/CSharp/TelegramSearchBot/feature/project-restructure-implementation/TelegramSearchBot.Test/TelegramSearchBot.Test.csproj]
/root/WorkSpace/CSharp/TelegramSearchBot/feature/project-restructure-implementation/TelegramSearchBot.Test/Benchmarks/Domain/Message/MessageRepositoryBenchmarks.cs(202,44): error CS1061: “IMessageRepository”未包含“GetMessagesByUserAsync”的定义，并且找不到可接受第一个“IMessageRepository”类型参数的可访问扩展方法“GetMessagesByUserAsync”(是否缺少 using 指令或程序集引用?) [/root/WorkSpace/CSharp/TelegramSearchBot/feature/project-restructure-implementation/TelegramSearchBot.Test/TelegramSearchBot.Test.csproj]
/root/WorkSpace/CSharp/TelegramSearchBot/feature/project-restructure-implementation/TelegramSearchBot.Test/Domain/MessageTestDataFactory.cs(32,53): error CS0234: 命名空间“TelegramSearchBot.Model.Data”中不存在类型或命名空间名“MessageOption”(是否缺少程序集引用?) [/root/WorkSpace/CSharp/TelegramSearchBot/feature/project-restructure-implementation/TelegramSearchBot.Test/TelegramSearchBot.Test.csproj]
/root/WorkSpace/CSharp/TelegramSearchBot/feature/project-restructure-implementation/TelegramSearchBot.Test/Benchmarks/Domain/Message/MessageRepositoryBenchmarks.cs(218,44): error CS1061: “IMessageRepository”未包含“SearchMessagesAsync”的定义，并且找不到可接受第一个“IMessageRepository”类型参数的可访问扩展方法“SearchMessagesAsync”(是否缺少 using 指令或程序集引用?) [/root/WorkSpace/CSharp/TelegramSearchBot/feature/project-restructure-implementation/TelegramSearchBot.Test/TelegramSearchBot.Test.csproj]
/root/WorkSpace/CSharp/TelegramSearchBot/feature/project-restructure-implementation/TelegramSearchBot.Test/Benchmarks/Domain/Message/MessageRepositoryBenchmarks.cs(230,44): error CS1061: “IMessageRepository”未包含“SearchMessagesAsync”的定义，并且找不到可接受第一个“IMessageRepository”类型参数的可访问扩展方法“SearchMessagesAsync”(是否缺少 using 指令或程序集引用?) [/root/WorkSpace/CSharp/TelegramSearchBot/feature/project-restructure-implementation/TelegramSearchBot.Test/TelegramSearchBot.Test.csproj]
/root/WorkSpace/CSharp/TelegramSearchBot/feature/project-restructure-implementation/TelegramSearchBot.Test/Benchmarks/Domain/Message/MessageRepositoryBenchmarks.cs(242,44): error CS1061: “IMessageRepository”未包含“SearchMessagesAsync”的定义，并且找不到可接受第一个“IMessageRepository”类型参数的可访问扩展方法“SearchMessagesAsync”(是否缺少 using 指令或程序集引用?) [/root/WorkSpace/CSharp/TelegramSearchBot/feature/project-restructure-implementation/TelegramSearchBot.Test/TelegramSearchBot.Test.csproj]
/root/WorkSpace/CSharp/TelegramSearchBot/feature/project-restructure-implementation/TelegramSearchBot.Test/Benchmarks/Domain/Message/MessageRepositoryBenchmarks.cs(254,44): error CS1061: “IMessageRepository”未包含“SearchMessagesAsync”的定义，并且找不到可接受第一个“IMessageRepository”类型参数的可访问扩展方法“SearchMessagesAsync”(是否缺少 using 指令或程序集引用?) [/root/WorkSpace/CSharp/TelegramSearchBot/feature/project-restructure-implementation/TelegramSearchBot.Test/TelegramSearchBot.Test.csproj]
/root/WorkSpace/CSharp/TelegramSearchBot/feature/project-restructure-implementation/TelegramSearchBot.Test/Benchmarks/Vector/VectorSearchBenchmarks.cs(156,28): error CS0029: 无法将类型“string[]”隐式转换为“System.Collections.Generic.List<string>” [/root/WorkSpace/CSharp/TelegramSearchBot/feature/project-restructure-implementation/TelegramSearchBot.Test/TelegramSearchBot.Test.csproj]
/root/WorkSpace/CSharp/TelegramSearchBot/feature/project-restructure-implementation/TelegramSearchBot.Test/Benchmarks/Vector/VectorSearchBenchmarks.cs(209,33): error CS0117: “MessageExtension”未包含“MessageId”的定义 [/root/WorkSpace/CSharp/TelegramSearchBot/feature/project-restructure-implementation/TelegramSearchBot.Test/TelegramSearchBot.Test.csproj]
/root/WorkSpace/CSharp/TelegramSearchBot/feature/project-restructure-implementation/TelegramSearchBot.Test/Benchmarks/Domain/Message/MessageRepositoryBenchmarks.cs(269,37): error CS0118: “Message”是 命名空间，但此处被当做 类型 来使用 [/root/WorkSpace/CSharp/TelegramSearchBot/feature/project-restructure-implementation/TelegramSearchBot.Test/TelegramSearchBot.Test.csproj]
/root/WorkSpace/CSharp/TelegramSearchBot/feature/project-restructure-implementation/TelegramSearchBot.Test/Benchmarks/Domain/Message/MessageRepositoryBenchmarks.cs(270,28): error CS1503: 参数 1: 无法从“System.Collections.Generic.List<TelegramSearchBot.Benchmarks.Domain.Message>”转换为“System.Collections.Generic.List<TelegramSearchBot.Model.Data.Message>” [/root/WorkSpace/CSharp/TelegramSearchBot/feature/project-restructure-implementation/TelegramSearchBot.Test/TelegramSearchBot.Test.csproj]
/root/WorkSpace/CSharp/TelegramSearchBot/feature/project-restructure-implementation/TelegramSearchBot.Test/Benchmarks/Domain/Message/MessageRepositoryBenchmarks.cs(275,30): error CS0103: 当前上下文中不存在名称“MessageTestDataFactory” [/root/WorkSpace/CSharp/TelegramSearchBot/feature/project-restructure-implementation/TelegramSearchBot.Test/TelegramSearchBot.Test.csproj]
/root/WorkSpace/CSharp/TelegramSearchBot/feature/project-restructure-implementation/TelegramSearchBot.Test/Benchmarks/Domain/Message/MessageRepositoryBenchmarks.cs(276,44): error CS1061: “IMessageRepository”未包含“AddMessageAsync”的定义，并且找不到可接受第一个“IMessageRepository”类型参数的可访问扩展方法“AddMessageAsync”(是否缺少 using 指令或程序集引用?) [/root/WorkSpace/CSharp/TelegramSearchBot/feature/project-restructure-implementation/TelegramSearchBot.Test/TelegramSearchBot.Test.csproj]
/root/WorkSpace/CSharp/TelegramSearchBot/feature/project-restructure-implementation/TelegramSearchBot.Test/Controllers/Storage/MessageControllerTests.cs(59,26): error CS0103: 当前上下文中不存在名称“BotMessageType” [/root/WorkSpace/CSharp/TelegramSearchBot/feature/project-restructure-implementation/TelegramSearchBot.Test/TelegramSearchBot.Test.csproj]
/root/WorkSpace/CSharp/TelegramSearchBot/feature/project-restructure-implementation/TelegramSearchBot.Test/Benchmarks/Domain/Message/MessageRepositoryBenchmarks.cs(287,37): error CS0118: “Message”是 命名空间，但此处被当做 类型 来使用 [/root/WorkSpace/CSharp/TelegramSearchBot/feature/project-restructure-implementation/TelegramSearchBot.Test/TelegramSearchBot.Test.csproj]
/root/WorkSpace/CSharp/TelegramSearchBot/feature/project-restructure-implementation/TelegramSearchBot.Test/Benchmarks/Domain/Message/MessageRepositoryBenchmarks.cs(288,28): error CS1503: 参数 1: 无法从“System.Collections.Generic.List<TelegramSearchBot.Benchmarks.Domain.Message>”转换为“System.Collections.Generic.List<TelegramSearchBot.Model.Data.Message>” [/root/WorkSpace/CSharp/TelegramSearchBot/feature/project-restructure-implementation/TelegramSearchBot.Test/TelegramSearchBot.Test.csproj]
/root/WorkSpace/CSharp/TelegramSearchBot/feature/project-restructure-implementation/TelegramSearchBot.Test/Benchmarks/Domain/Message/MessageRepositoryBenchmarks.cs(296,34): error CS0103: 当前上下文中不存在名称“MessageTestDataFactory” [/root/WorkSpace/CSharp/TelegramSearchBot/feature/project-restructure-implementation/TelegramSearchBot.Test/TelegramSearchBot.Test.csproj]
/root/WorkSpace/CSharp/TelegramSearchBot/feature/project-restructure-implementation/TelegramSearchBot.Test/Benchmarks/Domain/Message/MessageRepositoryBenchmarks.cs(297,48): error CS1061: “IMessageRepository”未包含“AddMessageAsync”的定义，并且找不到可接受第一个“IMessageRepository”类型参数的可访问扩展方法“AddMessageAsync”(是否缺少 using 指令或程序集引用?) [/root/WorkSpace/CSharp/TelegramSearchBot/feature/project-restructure-implementation/TelegramSearchBot.Test/TelegramSearchBot.Test.csproj]
/root/WorkSpace/CSharp/TelegramSearchBot/feature/project-restructure-implementation/TelegramSearchBot.Test/Domain/Message/Integration/MessageProcessingIntegrationTests.cs(38,58): error CS0104: “MessageService”是“TelegramSearchBot.Domain.Message.MessageService”和“TelegramSearchBot.Service.Storage.MessageService”之间的不明确的引用 [/root/WorkSpace/CSharp/TelegramSearchBot/feature/project-restructure-implementation/TelegramSearchBot.Test/TelegramSearchBot.Test.csproj]
/root/WorkSpace/CSharp/TelegramSearchBot/feature/project-restructure-implementation/TelegramSearchBot.Test/Domain/Message/Integration/MessageProcessingIntegrationTests.cs(43,30): error CS0103: 当前上下文中不存在名称“CreateMockDbContext” [/root/WorkSpace/CSharp/TelegramSearchBot/feature/project-restructure-implementation/TelegramSearchBot.Test/TelegramSearchBot.Test.csproj]
/root/WorkSpace/CSharp/TelegramSearchBot/feature/project-restructure-implementation/TelegramSearchBot.Test/Domain/Message/Integration/MessageProcessingIntegrationTests.cs(50,24): error CS1729: “MessageService”不包含采用 5 个参数的构造函数 [/root/WorkSpace/CSharp/TelegramSearchBot/feature/project-restructure-implementation/TelegramSearchBot.Test/TelegramSearchBot.Test.csproj]
/root/WorkSpace/CSharp/TelegramSearchBot/feature/project-restructure-implementation/TelegramSearchBot.Test/Base/IntegrationTestBase.cs(101,32): error CS0246: 未能找到类型或命名空间名“IMessageRepository”(是否缺少 using 指令或程序集引用?) [/root/WorkSpace/CSharp/TelegramSearchBot/feature/project-restructure-implementation/TelegramSearchBot.Test/TelegramSearchBot.Test.csproj]
/root/WorkSpace/CSharp/TelegramSearchBot/feature/project-restructure-implementation/TelegramSearchBot.Test/Base/IntegrationTestBase.cs(101,22): error CS0311: 类型“TelegramSearchBot.Domain.Message.MessageRepository”不能用作泛型类型或方法“ServiceCollectionServiceExtensions.AddScoped<TService, TImplementation>(IServiceCollection)”中的类型参数“TImplementation”。没有从“TelegramSearchBot.Domain.Message.MessageRepository”到“IMessageRepository”的隐式引用转换。 [/root/WorkSpace/CSharp/TelegramSearchBot/feature/project-restructure-implementation/TelegramSearchBot.Test/TelegramSearchBot.Test.csproj]
/root/WorkSpace/CSharp/TelegramSearchBot/feature/project-restructure-implementation/TelegramSearchBot.Test/Base/IntegrationTestBase.cs(102,32): error CS0104: “IMessageService”是“TelegramSearchBot.Interface.IMessageService”和“TelegramSearchBot.Domain.Message.IMessageService”之间的不明确的引用 [/root/WorkSpace/CSharp/TelegramSearchBot/feature/project-restructure-implementation/TelegramSearchBot.Test/TelegramSearchBot.Test.csproj]
/root/WorkSpace/CSharp/TelegramSearchBot/feature/project-restructure-implementation/TelegramSearchBot.Test/Base/IntegrationTestBase.cs(102,22): error CS0311: 类型“TelegramSearchBot.Domain.Message.MessageService”不能用作泛型类型或方法“ServiceCollectionServiceExtensions.AddScoped<TService, TImplementation>(IServiceCollection)”中的类型参数“TImplementation”。没有从“TelegramSearchBot.Domain.Message.MessageService”到“TelegramSearchBot.Interface.IMessageService”的隐式引用转换。 [/root/WorkSpace/CSharp/TelegramSearchBot/feature/project-restructure-implementation/TelegramSearchBot.Test/TelegramSearchBot.Test.csproj]
/root/WorkSpace/CSharp/TelegramSearchBot/feature/project-restructure-implementation/TelegramSearchBot.Test/Base/IntegrationTestBase.cs(108,32): error CS0246: 未能找到类型或命名空间名“SendMessage”(是否缺少 using 指令或程序集引用?) [/root/WorkSpace/CSharp/TelegramSearchBot/feature/project-restructure-implementation/TelegramSearchBot.Test/TelegramSearchBot.Test.csproj]
/root/WorkSpace/CSharp/TelegramSearchBot/feature/project-restructure-implementation/TelegramSearchBot.Test/Base/IntegrationTestBase.cs(111,32): error CS0246: 未能找到类型或命名空间名“PaddleOCR”(是否缺少 using 指令或程序集引用?) [/root/WorkSpace/CSharp/TelegramSearchBot/feature/project-restructure-implementation/TelegramSearchBot.Test/TelegramSearchBot.Test.csproj]
/root/WorkSpace/CSharp/TelegramSearchBot/feature/project-restructure-implementation/TelegramSearchBot.Test/Base/IntegrationTestBase.cs(112,32): error CS0246: 未能找到类型或命名空间名“WhisperManager”(是否缺少 using 指令或程序集引用?) [/root/WorkSpace/CSharp/TelegramSearchBot/feature/project-restructure-implementation/TelegramSearchBot.Test/TelegramSearchBot.Test.csproj]
/root/WorkSpace/CSharp/TelegramSearchBot/feature/project-restructure-implementation/TelegramSearchBot.Test/Base/IntegrationTestBase.cs(113,32): error CS0246: 未能找到类型或命名空间名“QRManager”(是否缺少 using 指令或程序集引用?) [/root/WorkSpace/CSharp/TelegramSearchBot/feature/project-restructure-implementation/TelegramSearchBot.Test/TelegramSearchBot.Test.csproj]
/root/WorkSpace/CSharp/TelegramSearchBot/feature/project-restructure-implementation/TelegramSearchBot.Test/Base/IntegrationTestBase.cs(116,32): error CS0246: 未能找到类型或命名空间名“AutoASRService”(是否缺少 using 指令或程序集引用?) [/root/WorkSpace/CSharp/TelegramSearchBot/feature/project-restructure-implementation/TelegramSearchBot.Test/TelegramSearchBot.Test.csproj]
/root/WorkSpace/CSharp/TelegramSearchBot/feature/project-restructure-implementation/TelegramSearchBot.Test/Base/IntegrationTestBase.cs(117,32): error CS0246: 未能找到类型或命名空间名“AutoOCRService”(是否缺少 using 指令或程序集引用?) [/root/WorkSpace/CSharp/TelegramSearchBot/feature/project-restructure-implementation/TelegramSearchBot.Test/TelegramSearchBot.Test.csproj]
/root/WorkSpace/CSharp/TelegramSearchBot/feature/project-restructure-implementation/TelegramSearchBot.Test/Base/IntegrationTestBase.cs(118,32): error CS0246: 未能找到类型或命名空间名“RefreshService”(是否缺少 using 指令或程序集引用?) [/root/WorkSpace/CSharp/TelegramSearchBot/feature/project-restructure-implementation/TelegramSearchBot.Test/TelegramSearchBot.Test.csproj]
/root/WorkSpace/CSharp/TelegramSearchBot/feature/project-restructure-implementation/TelegramSearchBot.Test/Base/IntegrationTestBase.cs(119,32): error CS0246: 未能找到类型或命名空间名“SearchToolService”(是否缺少 using 指令或程序集引用?) [/root/WorkSpace/CSharp/TelegramSearchBot/feature/project-restructure-implementation/TelegramSearchBot.Test/TelegramSearchBot.Test.csproj]
/root/WorkSpace/CSharp/TelegramSearchBot/feature/project-restructure-implementation/TelegramSearchBot.Test/Base/IntegrationTestBase.cs(122,32): error CS0246: 未能找到类型或命名空间名“AutoASRController”(是否缺少 using 指令或程序集引用?) [/root/WorkSpace/CSharp/TelegramSearchBot/feature/project-restructure-implementation/TelegramSearchBot.Test/TelegramSearchBot.Test.csproj]
/root/WorkSpace/CSharp/TelegramSearchBot/feature/project-restructure-implementation/TelegramSearchBot.Test/Base/IntegrationTestBase.cs(123,32): error CS0246: 未能找到类型或命名空间名“AutoOCRController”(是否缺少 using 指令或程序集引用?) [/root/WorkSpace/CSharp/TelegramSearchBot/feature/project-restructure-implementation/TelegramSearchBot.Test/TelegramSearchBot.Test.csproj]
/root/WorkSpace/CSharp/TelegramSearchBot/feature/project-restructure-implementation/TelegramSearchBot.Test/Base/IntegrationTestBase.cs(124,32): error CS0246: 未能找到类型或命名空间名“RefreshService”(是否缺少 using 指令或程序集引用?) [/root/WorkSpace/CSharp/TelegramSearchBot/feature/project-restructure-implementation/TelegramSearchBot.Test/TelegramSearchBot.Test.csproj]
/root/WorkSpace/CSharp/TelegramSearchBot/feature/project-restructure-implementation/TelegramSearchBot.Test/Base/IntegrationTestBase.cs(125,32): error CS0246: 未能找到类型或命名空间名“SearchToolService”(是否缺少 using 指令或程序集引用?) [/root/WorkSpace/CSharp/TelegramSearchBot/feature/project-restructure-implementation/TelegramSearchBot.Test/TelegramSearchBot.Test.csproj]
/root/WorkSpace/CSharp/TelegramSearchBot/feature/project-restructure-implementation/TelegramSearchBot.Test/Base/IntegrationTestBase.cs(137,23): error CS1061: “TestDataSet”未包含“Initialize”的定义，并且找不到可接受第一个“TestDataSet”类型参数的可访问扩展方法“Initialize”(是否缺少 using 指令或程序集引用?) [/root/WorkSpace/CSharp/TelegramSearchBot/feature/project-restructure-implementation/TelegramSearchBot.Test/TelegramSearchBot.Test.csproj]
/root/WorkSpace/CSharp/TelegramSearchBot/feature/project-restructure-implementation/TelegramSearchBot.Test/Domain/Message/Integration/MessageProcessingIntegrationTests.cs(82,28): error CS0234: 命名空间“Telegram.Bot.Types”中不存在类型或命名空间名“ChatType”(是否缺少程序集引用?) [/root/WorkSpace/CSharp/TelegramSearchBot/feature/project-restructure-implementation/TelegramSearchBot.Test/TelegramSearchBot.Test.csproj]
/root/WorkSpace/CSharp/TelegramSearchBot/feature/project-restructure-implementation/TelegramSearchBot.Test/Controllers/Storage/MessageControllerTests.cs(94,26): error CS0103: 当前上下文中不存在名称“BotMessageType” [/root/WorkSpace/CSharp/TelegramSearchBot/feature/project-restructure-implementation/TelegramSearchBot.Test/TelegramSearchBot.Test.csproj]
/root/WorkSpace/CSharp/TelegramSearchBot/feature/project-restructure-implementation/TelegramSearchBot.Test/Domain/MessageTestDataFactory.cs(111,17): error CS0117: “UserData”未包含“Username”的定义 [/root/WorkSpace/CSharp/TelegramSearchBot/feature/project-restructure-implementation/TelegramSearchBot.Test/TelegramSearchBot.Test.csproj]
/root/WorkSpace/CSharp/TelegramSearchBot/feature/project-restructure-implementation/TelegramSearchBot.Test/Domain/MessageTestDataFactory.cs(113,17): error CS0117: “UserData”未包含“LanguageCode”的定义 [/root/WorkSpace/CSharp/TelegramSearchBot/feature/project-restructure-implementation/TelegramSearchBot.Test/TelegramSearchBot.Test.csproj]
/root/WorkSpace/CSharp/TelegramSearchBot/feature/project-restructure-implementation/TelegramSearchBot.Test/Domain/MessageTestDataFactory.cs(115,17): error CS0117: “UserData”未包含“AddedToAttachmentMenu”的定义 [/root/WorkSpace/CSharp/TelegramSearchBot/feature/project-restructure-implementation/TelegramSearchBot.Test/TelegramSearchBot.Test.csproj]
/root/WorkSpace/CSharp/TelegramSearchBot/feature/project-restructure-implementation/TelegramSearchBot.Test/Domain/MessageTestDataFactory.cs(116,17): error CS0117: “UserData”未包含“CanJoinGroups”的定义 [/root/WorkSpace/CSharp/TelegramSearchBot/feature/project-restructure-implementation/TelegramSearchBot.Test/TelegramSearchBot.Test.csproj]
/root/WorkSpace/CSharp/TelegramSearchBot/feature/project-restructure-implementation/TelegramSearchBot.Test/Domain/MessageTestDataFactory.cs(117,17): error CS0117: “UserData”未包含“CanReadAllGroupMessages”的定义 [/root/WorkSpace/CSharp/TelegramSearchBot/feature/project-restructure-implementation/TelegramSearchBot.Test/TelegramSearchBot.Test.csproj]
/root/WorkSpace/CSharp/TelegramSearchBot/feature/project-restructure-implementation/TelegramSearchBot.Test/Domain/MessageTestDataFactory.cs(118,17): error CS0117: “UserData”未包含“SupportsInlineQueries”的定义 [/root/WorkSpace/CSharp/TelegramSearchBot/feature/project-restructure-implementation/TelegramSearchBot.Test/TelegramSearchBot.Test.csproj]
/root/WorkSpace/CSharp/TelegramSearchBot/feature/project-restructure-implementation/TelegramSearchBot.Test/Benchmarks/Domain/Message/MessageRepositoryBenchmarks.cs(308,45): error CS0118: “Message”是 命名空间，但此处被当做 类型 来使用 [/root/WorkSpace/CSharp/TelegramSearchBot/feature/project-restructure-implementation/TelegramSearchBot.Test/TelegramSearchBot.Test.csproj]
/root/WorkSpace/CSharp/TelegramSearchBot/feature/project-restructure-implementation/TelegramSearchBot.Test/Benchmarks/Domain/Message/MessageRepositoryBenchmarks.cs(310,17): error CS0103: 当前上下文中不存在名称“MessageTestDataFactory” [/root/WorkSpace/CSharp/TelegramSearchBot/feature/project-restructure-implementation/TelegramSearchBot.Test/TelegramSearchBot.Test.csproj]
/root/WorkSpace/CSharp/TelegramSearchBot/feature/project-restructure-implementation/TelegramSearchBot.Test/Benchmarks/Domain/Message/MessageRepositoryBenchmarks.cs(312,28): error CS1503: 参数 1: 无法从“System.Collections.Generic.List<TelegramSearchBot.Benchmarks.Domain.Message>”转换为“System.Collections.Generic.List<TelegramSearchBot.Model.Data.Message>” [/root/WorkSpace/CSharp/TelegramSearchBot/feature/project-restructure-implementation/TelegramSearchBot.Test/TelegramSearchBot.Test.csproj]
/root/WorkSpace/CSharp/TelegramSearchBot/feature/project-restructure-implementation/TelegramSearchBot.Test/Benchmarks/Domain/Message/MessageRepositoryBenchmarks.cs(317,44): error CS1061: “IMessageRepository”未包含“UpdateMessageContentAsync”的定义，并且找不到可接受第一个“IMessageRepository”类型参数的可访问扩展方法“UpdateMessageContentAsync”(是否缺少 using 指令或程序集引用?) [/root/WorkSpace/CSharp/TelegramSearchBot/feature/project-restructure-implementation/TelegramSearchBot.Test/TelegramSearchBot.Test.csproj]
/root/WorkSpace/CSharp/TelegramSearchBot/feature/project-restructure-implementation/TelegramSearchBot.Test/Application/Features/Messages/MessageApplicationServiceTests.cs(55,26): error CS1503: 参数 1: 无法从“System.Threading.Tasks.Task”转换为“System.Threading.Tasks.Task<TelegramSearchBot.Domain.Message.MessageAggregate>” [/root/WorkSpace/CSharp/TelegramSearchBot/feature/project-restructure-implementation/TelegramSearchBot.Test/TelegramSearchBot.Test.csproj]
/root/WorkSpace/CSharp/TelegramSearchBot/feature/project-restructure-implementation/TelegramSearchBot.Test/Application/Features/Messages/MessageApplicationServiceTests.cs(54,47): error CS0854: 表达式树可能不包含使用可选参数的调用 [/root/WorkSpace/CSharp/TelegramSearchBot/feature/project-restructure-implementation/TelegramSearchBot.Test/TelegramSearchBot.Test.csproj]
/root/WorkSpace/CSharp/TelegramSearchBot/feature/project-restructure-implementation/TelegramSearchBot.Test/Application/Features/Messages/MessageApplicationServiceTests.cs(62,48): error CS0854: 表达式树可能不包含使用可选参数的调用 [/root/WorkSpace/CSharp/TelegramSearchBot/feature/project-restructure-implementation/TelegramSearchBot.Test/TelegramSearchBot.Test.csproj]
/root/WorkSpace/CSharp/TelegramSearchBot/feature/project-restructure-implementation/TelegramSearchBot.Test/Application/Features/Messages/MessageApplicationServiceTests.cs(66,54): error CS0854: 表达式树可能不包含使用可选参数的调用 [/root/WorkSpace/CSharp/TelegramSearchBot/feature/project-restructure-implementation/TelegramSearchBot.Test/TelegramSearchBot.Test.csproj]
/root/WorkSpace/CSharp/TelegramSearchBot/feature/project-restructure-implementation/TelegramSearchBot.Test/Domain/MessageTestDataFactory.cs(140,17): error CS0117: “GroupData”未包含“Username”的定义 [/root/WorkSpace/CSharp/TelegramSearchBot/feature/project-restructure-implementation/TelegramSearchBot.Test/TelegramSearchBot.Test.csproj]
/root/WorkSpace/CSharp/TelegramSearchBot/feature/project-restructure-implementation/TelegramSearchBot.Test/Domain/MessageTestDataFactory.cs(141,17): error CS0117: “GroupData”未包含“Photo”的定义 [/root/WorkSpace/CSharp/TelegramSearchBot/feature/project-restructure-implementation/TelegramSearchBot.Test/TelegramSearchBot.Test.csproj]
/root/WorkSpace/CSharp/TelegramSearchBot/feature/project-restructure-implementation/TelegramSearchBot.Test/Domain/MessageTestDataFactory.cs(142,17): error CS0117: “GroupData”未包含“Description”的定义 [/root/WorkSpace/CSharp/TelegramSearchBot/feature/project-restructure-implementation/TelegramSearchBot.Test/TelegramSearchBot.Test.csproj]
/root/WorkSpace/CSharp/TelegramSearchBot/feature/project-restructure-implementation/TelegramSearchBot.Test/Domain/MessageTestDataFactory.cs(143,17): error CS0117: “GroupData”未包含“InviteLink”的定义 [/root/WorkSpace/CSharp/TelegramSearchBot/feature/project-restructure-implementation/TelegramSearchBot.Test/TelegramSearchBot.Test.csproj]
/root/WorkSpace/CSharp/TelegramSearchBot/feature/project-restructure-implementation/TelegramSearchBot.Test/Domain/MessageTestDataFactory.cs(144,17): error CS0117: “GroupData”未包含“PinnedMessage”的定义 [/root/WorkSpace/CSharp/TelegramSearchBot/feature/project-restructure-implementation/TelegramSearchBot.Test/TelegramSearchBot.Test.csproj]
/root/WorkSpace/CSharp/TelegramSearchBot/feature/project-restructure-implementation/TelegramSearchBot.Test/Domain/MessageTestDataFactory.cs(145,17): error CS0117: “GroupData”未包含“Permissions”的定义 [/root/WorkSpace/CSharp/TelegramSearchBot/feature/project-restructure-implementation/TelegramSearchBot.Test/TelegramSearchBot.Test.csproj]
/root/WorkSpace/CSharp/TelegramSearchBot/feature/project-restructure-implementation/TelegramSearchBot.Test/Domain/MessageTestDataFactory.cs(146,17): error CS0117: “GroupData”未包含“SlowModeDelay”的定义 [/root/WorkSpace/CSharp/TelegramSearchBot/feature/project-restructure-implementation/TelegramSearchBot.Test/TelegramSearchBot.Test.csproj]
/root/WorkSpace/CSharp/TelegramSearchBot/feature/project-restructure-implementation/TelegramSearchBot.Test/Domain/MessageTestDataFactory.cs(147,17): error CS0117: “GroupData”未包含“MessageAutoDeleteTime”的定义 [/root/WorkSpace/CSharp/TelegramSearchBot/feature/project-restructure-implementation/TelegramSearchBot.Test/TelegramSearchBot.Test.csproj]
/root/WorkSpace/CSharp/TelegramSearchBot/feature/project-restructure-implementation/TelegramSearchBot.Test/Domain/MessageTestDataFactory.cs(148,17): error CS0117: “GroupData”未包含“HasProtectedContent”的定义 [/root/WorkSpace/CSharp/TelegramSearchBot/feature/project-restructure-implementation/TelegramSearchBot.Test/TelegramSearchBot.Test.csproj]
/root/WorkSpace/CSharp/TelegramSearchBot/feature/project-restructure-implementation/TelegramSearchBot.Test/Domain/MessageTestDataFactory.cs(149,17): error CS0117: “GroupData”未包含“HasVisibleHistory”的定义 [/root/WorkSpace/CSharp/TelegramSearchBot/feature/project-restructure-implementation/TelegramSearchBot.Test/TelegramSearchBot.Test.csproj]
/root/WorkSpace/CSharp/TelegramSearchBot/feature/project-restructure-implementation/TelegramSearchBot.Test/Domain/MessageTestDataFactory.cs(150,17): error CS0117: “GroupData”未包含“StickerSetName”的定义 [/root/WorkSpace/CSharp/TelegramSearchBot/feature/project-restructure-implementation/TelegramSearchBot.Test/TelegramSearchBot.Test.csproj]
/root/WorkSpace/CSharp/TelegramSearchBot/feature/project-restructure-implementation/TelegramSearchBot.Test/Domain/MessageTestDataFactory.cs(151,17): error CS0117: “GroupData”未包含“CanSetStickerSet”的定义 [/root/WorkSpace/CSharp/TelegramSearchBot/feature/project-restructure-implementation/TelegramSearchBot.Test/TelegramSearchBot.Test.csproj]
/root/WorkSpace/CSharp/TelegramSearchBot/feature/project-restructure-implementation/TelegramSearchBot.Test/Domain/MessageTestDataFactory.cs(152,17): error CS0117: “GroupData”未包含“LinkedChatId”的定义 [/root/WorkSpace/CSharp/TelegramSearchBot/feature/project-restructure-implementation/TelegramSearchBot.Test/TelegramSearchBot.Test.csproj]
/root/WorkSpace/CSharp/TelegramSearchBot/feature/project-restructure-implementation/TelegramSearchBot.Test/Controllers/Storage/MessageControllerTests.cs(119,26): error CS0103: 当前上下文中不存在名称“BotMessageType” [/root/WorkSpace/CSharp/TelegramSearchBot/feature/project-restructure-implementation/TelegramSearchBot.Test/TelegramSearchBot.Test.csproj]
/root/WorkSpace/CSharp/TelegramSearchBot/feature/project-restructure-implementation/TelegramSearchBot.Test/Benchmarks/Domain/Message/MessageRepositoryBenchmarks.cs(327,45): error CS0118: “Message”是 命名空间，但此处被当做 类型 来使用 [/root/WorkSpace/CSharp/TelegramSearchBot/feature/project-restructure-implementation/TelegramSearchBot.Test/TelegramSearchBot.Test.csproj]
/root/WorkSpace/CSharp/TelegramSearchBot/feature/project-restructure-implementation/TelegramSearchBot.Test/Benchmarks/Domain/Message/MessageRepositoryBenchmarks.cs(329,17): error CS0103: 当前上下文中不存在名称“MessageTestDataFactory” [/root/WorkSpace/CSharp/TelegramSearchBot/feature/project-restructure-implementation/TelegramSearchBot.Test/TelegramSearchBot.Test.csproj]
/root/WorkSpace/CSharp/TelegramSearchBot/feature/project-restructure-implementation/TelegramSearchBot.Test/Benchmarks/Domain/Message/MessageRepositoryBenchmarks.cs(331,28): error CS1503: 参数 1: 无法从“System.Collections.Generic.List<TelegramSearchBot.Benchmarks.Domain.Message>”转换为“System.Collections.Generic.List<TelegramSearchBot.Model.Data.Message>” [/root/WorkSpace/CSharp/TelegramSearchBot/feature/project-restructure-implementation/TelegramSearchBot.Test/TelegramSearchBot.Test.csproj]
/root/WorkSpace/CSharp/TelegramSearchBot/feature/project-restructure-implementation/TelegramSearchBot.Test/Benchmarks/Domain/Message/MessageRepositoryBenchmarks.cs(336,44): error CS1061: “IMessageRepository”未包含“DeleteMessageAsync”的定义，并且找不到可接受第一个“IMessageRepository”类型参数的可访问扩展方法“DeleteMessageAsync”(是否缺少 using 指令或程序集引用?) [/root/WorkSpace/CSharp/TelegramSearchBot/feature/project-restructure-implementation/TelegramSearchBot.Test/TelegramSearchBot.Test.csproj]
/root/WorkSpace/CSharp/TelegramSearchBot/feature/project-restructure-implementation/TelegramSearchBot.Test/Domain/MessageTestDataFactory.cs(172,17): error CS0117: “UserWithGroup”未包含“Status”的定义 [/root/WorkSpace/CSharp/TelegramSearchBot/feature/project-restructure-implementation/TelegramSearchBot.Test/TelegramSearchBot.Test.csproj]
/root/WorkSpace/CSharp/TelegramSearchBot/feature/project-restructure-implementation/TelegramSearchBot.Test/Domain/MessageTestDataFactory.cs(173,17): error CS0117: “UserWithGroup”未包含“UntilDate”的定义 [/root/WorkSpace/CSharp/TelegramSearchBot/feature/project-restructure-implementation/TelegramSearchBot.Test/TelegramSearchBot.Test.csproj]
/root/WorkSpace/CSharp/TelegramSearchBot/feature/project-restructure-implementation/TelegramSearchBot.Test/Domain/MessageTestDataFactory.cs(174,17): error CS0117: “UserWithGroup”未包含“CanBeEdited”的定义 [/root/WorkSpace/CSharp/TelegramSearchBot/feature/project-restructure-implementation/TelegramSearchBot.Test/TelegramSearchBot.Test.csproj]
/root/WorkSpace/CSharp/TelegramSearchBot/feature/project-restructure-implementation/TelegramSearchBot.Test/Domain/MessageTestDataFactory.cs(175,17): error CS0117: “UserWithGroup”未包含“CanChangeInfo”的定义 [/root/WorkSpace/CSharp/TelegramSearchBot/feature/project-restructure-implementation/TelegramSearchBot.Test/TelegramSearchBot.Test.csproj]
/root/WorkSpace/CSharp/TelegramSearchBot/feature/project-restructure-implementation/TelegramSearchBot.Test/Domain/MessageTestDataFactory.cs(176,17): error CS0117: “UserWithGroup”未包含“CanPostMessages”的定义 [/root/WorkSpace/CSharp/TelegramSearchBot/feature/project-restructure-implementation/TelegramSearchBot.Test/TelegramSearchBot.Test.csproj]
/root/WorkSpace/CSharp/TelegramSearchBot/feature/project-restructure-implementation/TelegramSearchBot.Test/Domain/MessageTestDataFactory.cs(177,17): error CS0117: “UserWithGroup”未包含“CanEditMessages”的定义 [/root/WorkSpace/CSharp/TelegramSearchBot/feature/project-restructure-implementation/TelegramSearchBot.Test/TelegramSearchBot.Test.csproj]
/root/WorkSpace/CSharp/TelegramSearchBot/feature/project-restructure-implementation/TelegramSearchBot.Test/Domain/MessageTestDataFactory.cs(178,17): error CS0117: “UserWithGroup”未包含“CanDeleteMessages”的定义 [/root/WorkSpace/CSharp/TelegramSearchBot/feature/project-restructure-implementation/TelegramSearchBot.Test/TelegramSearchBot.Test.csproj]
/root/WorkSpace/CSharp/TelegramSearchBot/feature/project-restructure-implementation/TelegramSearchBot.Test/Domain/MessageTestDataFactory.cs(179,17): error CS0117: “UserWithGroup”未包含“CanInviteUsers”的定义 [/root/WorkSpace/CSharp/TelegramSearchBot/feature/project-restructure-implementation/TelegramSearchBot.Test/TelegramSearchBot.Test.csproj]
/root/WorkSpace/CSharp/TelegramSearchBot/feature/project-restructure-implementation/TelegramSearchBot.Test/Domain/MessageTestDataFactory.cs(180,17): error CS0117: “UserWithGroup”未包含“CanRestrictMembers”的定义 [/root/WorkSpace/CSharp/TelegramSearchBot/feature/project-restructure-implementation/TelegramSearchBot.Test/TelegramSearchBot.Test.csproj]
/root/WorkSpace/CSharp/TelegramSearchBot/feature/project-restructure-implementation/TelegramSearchBot.Test/Domain/MessageTestDataFactory.cs(181,17): error CS0117: “UserWithGroup”未包含“CanPinMessages”的定义 [/root/WorkSpace/CSharp/TelegramSearchBot/feature/project-restructure-implementation/TelegramSearchBot.Test/TelegramSearchBot.Test.csproj]
/root/WorkSpace/CSharp/TelegramSearchBot/feature/project-restructure-implementation/TelegramSearchBot.Test/Domain/MessageTestDataFactory.cs(182,17): error CS0117: “UserWithGroup”未包含“CanManageTopics”的定义 [/root/WorkSpace/CSharp/TelegramSearchBot/feature/project-restructure-implementation/TelegramSearchBot.Test/TelegramSearchBot.Test.csproj]
/root/WorkSpace/CSharp/TelegramSearchBot/feature/project-restructure-implementation/TelegramSearchBot.Test/Domain/MessageTestDataFactory.cs(183,17): error CS0117: “UserWithGroup”未包含“CanPromoteMembers”的定义 [/root/WorkSpace/CSharp/TelegramSearchBot/feature/project-restructure-implementation/TelegramSearchBot.Test/TelegramSearchBot.Test.csproj]
/root/WorkSpace/CSharp/TelegramSearchBot/feature/project-restructure-implementation/TelegramSearchBot.Test/Domain/MessageTestDataFactory.cs(184,17): error CS0117: “UserWithGroup”未包含“IsAnonymous”的定义 [/root/WorkSpace/CSharp/TelegramSearchBot/feature/project-restructure-implementation/TelegramSearchBot.Test/TelegramSearchBot.Test.csproj]
/root/WorkSpace/CSharp/TelegramSearchBot/feature/project-restructure-implementation/TelegramSearchBot.Test/Domain/MessageTestDataFactory.cs(185,17): error CS0117: “UserWithGroup”未包含“CustomTitle”的定义 [/root/WorkSpace/CSharp/TelegramSearchBot/feature/project-restructure-implementation/TelegramSearchBot.Test/TelegramSearchBot.Test.csproj]
/root/WorkSpace/CSharp/TelegramSearchBot/feature/project-restructure-implementation/TelegramSearchBot.Test/Domain/MessageTestDataFactory.cs(209,17): error CS0117: “MessageExtension”未包含“CreatedAt”的定义 [/root/WorkSpace/CSharp/TelegramSearchBot/feature/project-restructure-implementation/TelegramSearchBot.Test/TelegramSearchBot.Test.csproj]
/root/WorkSpace/CSharp/TelegramSearchBot/feature/project-restructure-implementation/TelegramSearchBot.Test/Controllers/Storage/MessageControllerTests.cs(138,26): error CS0103: 当前上下文中不存在名称“BotMessageType” [/root/WorkSpace/CSharp/TelegramSearchBot/feature/project-restructure-implementation/TelegramSearchBot.Test/TelegramSearchBot.Test.csproj]
/root/WorkSpace/CSharp/TelegramSearchBot/feature/project-restructure-implementation/TelegramSearchBot.Test/Infrastructure/Search/Repositories/MessageSearchRepositoryTests.cs(35,42): error CS0246: 未能找到类型或命名空间名“SearchResult”(是否缺少 using 指令或程序集引用?) [/root/WorkSpace/CSharp/TelegramSearchBot/feature/project-restructure-implementation/TelegramSearchBot.Test/TelegramSearchBot.Test.csproj]
/root/WorkSpace/CSharp/TelegramSearchBot/feature/project-restructure-implementation/TelegramSearchBot.Test/Infrastructure/Search/Repositories/MessageSearchRepositoryTests.cs(37,21): error CS0246: 未能找到类型或命名空间名“SearchResult”(是否缺少 using 指令或程序集引用?) [/root/WorkSpace/CSharp/TelegramSearchBot/feature/project-restructure-implementation/TelegramSearchBot.Test/TelegramSearchBot.Test.csproj]
/root/WorkSpace/CSharp/TelegramSearchBot/feature/project-restructure-implementation/TelegramSearchBot.Test/Infrastructure/Search/Repositories/MessageSearchRepositoryTests.cs(38,21): error CS0246: 未能找到类型或命名空间名“SearchResult”(是否缺少 using 指令或程序集引用?) [/root/WorkSpace/CSharp/TelegramSearchBot/feature/project-restructure-implementation/TelegramSearchBot.Test/TelegramSearchBot.Test.csproj]
/root/WorkSpace/CSharp/TelegramSearchBot/feature/project-restructure-implementation/TelegramSearchBot.Test/Infrastructure/Search/Repositories/MessageSearchRepositoryTests.cs(41,52): error CS1503: 参数 1: 无法从“long”转换为“string” [/root/WorkSpace/CSharp/TelegramSearchBot/feature/project-restructure-implementation/TelegramSearchBot.Test/TelegramSearchBot.Test.csproj]
/root/WorkSpace/CSharp/TelegramSearchBot/feature/project-restructure-implementation/TelegramSearchBot.Test/Infrastructure/Search/Repositories/MessageSearchRepositoryTests.cs(41,67): error CS1503: 参数 2: 无法从“string”转换为“long” [/root/WorkSpace/CSharp/TelegramSearchBot/feature/project-restructure-implementation/TelegramSearchBot.Test/TelegramSearchBot.Test.csproj]
/root/WorkSpace/CSharp/TelegramSearchBot/feature/project-restructure-implementation/TelegramSearchBot.Test/Benchmarks/Domain/Message/MessageProcessingBenchmarks.cs(202,48): error CS0117: “TestDataFactory”未包含“CreateMessageWithReply”的定义 [/root/WorkSpace/CSharp/TelegramSearchBot/feature/project-restructure-implementation/TelegramSearchBot.Test/TelegramSearchBot.Test.csproj]
/root/WorkSpace/CSharp/TelegramSearchBot/feature/project-restructure-implementation/TelegramSearchBot.Test/Infrastructure/Search/Repositories/MessageSearchRepositoryTests.cs(60,42): error CS0246: 未能找到类型或命名空间名“SearchResult”(是否缺少 using 指令或程序集引用?) [/root/WorkSpace/CSharp/TelegramSearchBot/feature/project-restructure-implementation/TelegramSearchBot.Test/TelegramSearchBot.Test.csproj]
/root/WorkSpace/CSharp/TelegramSearchBot/feature/project-restructure-implementation/TelegramSearchBot.Test/Infrastructure/Search/Repositories/MessageSearchRepositoryTests.cs(62,52): error CS1503: 参数 1: 无法从“long”转换为“string” [/root/WorkSpace/CSharp/TelegramSearchBot/feature/project-restructure-implementation/TelegramSearchBot.Test/TelegramSearchBot.Test.csproj]
/root/WorkSpace/CSharp/TelegramSearchBot/feature/project-restructure-implementation/TelegramSearchBot.Test/Infrastructure/Search/Repositories/MessageSearchRepositoryTests.cs(62,67): error CS1503: 参数 2: 无法从“string”转换为“long” [/root/WorkSpace/CSharp/TelegramSearchBot/feature/project-restructure-implementation/TelegramSearchBot.Test/TelegramSearchBot.Test.csproj]
/root/WorkSpace/CSharp/TelegramSearchBot/feature/project-restructure-implementation/TelegramSearchBot.Test/Benchmarks/Domain/Message/MessageProcessingBenchmarks.cs(259,50): error CS0117: “TestDataFactory”未包含“CreateValidMessageOption”的定义 [/root/WorkSpace/CSharp/TelegramSearchBot/feature/project-restructure-implementation/TelegramSearchBot.Test/TelegramSearchBot.Test.csproj]
/root/WorkSpace/CSharp/TelegramSearchBot/feature/project-restructure-implementation/TelegramSearchBot.Test/Benchmarks/Domain/Message/MessageProcessingBenchmarks.cs(275,50): error CS0117: “TestDataFactory”未包含“CreateMessageWithSpecialChars”的定义 [/root/WorkSpace/CSharp/TelegramSearchBot/feature/project-restructure-implementation/TelegramSearchBot.Test/TelegramSearchBot.Test.csproj]
/root/WorkSpace/CSharp/TelegramSearchBot/feature/project-restructure-implementation/TelegramSearchBot.Test/Application/Features/Messages/MessageApplicationServiceTests.cs(87,26): error CS1503: 参数 1: 无法从“System.Threading.Tasks.Task”转换为“System.Threading.Tasks.Task<TelegramSearchBot.Domain.Message.MessageAggregate>” [/root/WorkSpace/CSharp/TelegramSearchBot/feature/project-restructure-implementation/TelegramSearchBot.Test/TelegramSearchBot.Test.csproj]
/root/WorkSpace/CSharp/TelegramSearchBot/feature/project-restructure-implementation/TelegramSearchBot.Test/Application/Features/Messages/MessageApplicationServiceTests.cs(86,47): error CS0854: 表达式树可能不包含使用可选参数的调用 [/root/WorkSpace/CSharp/TelegramSearchBot/feature/project-restructure-implementation/TelegramSearchBot.Test/TelegramSearchBot.Test.csproj]
/root/WorkSpace/CSharp/TelegramSearchBot/feature/project-restructure-implementation/TelegramSearchBot.Test/Application/Features/Messages/MessageApplicationServiceTests.cs(94,48): error CS0854: 表达式树可能不包含使用可选参数的调用 [/root/WorkSpace/CSharp/TelegramSearchBot/feature/project-restructure-implementation/TelegramSearchBot.Test/TelegramSearchBot.Test.csproj]
/root/WorkSpace/CSharp/TelegramSearchBot/feature/project-restructure-implementation/TelegramSearchBot.Test/Benchmarks/Domain/Message/MessageProcessingBenchmarks.cs(289,48): error CS0117: “TestDataFactory”未包含“CreateValidMessageOption”的定义 [/root/WorkSpace/CSharp/TelegramSearchBot/feature/project-restructure-implementation/TelegramSearchBot.Test/TelegramSearchBot.Test.csproj]
/root/WorkSpace/CSharp/TelegramSearchBot/feature/project-restructure-implementation/TelegramSearchBot.Test/Benchmarks/Domain/Message/MessageProcessingBenchmarks.cs(305,47): error CS0117: “TestDataFactory”未包含“CreateValidMessageOption”的定义 [/root/WorkSpace/CSharp/TelegramSearchBot/feature/project-restructure-implementation/TelegramSearchBot.Test/TelegramSearchBot.Test.csproj]
/root/WorkSpace/CSharp/TelegramSearchBot/feature/project-restructure-implementation/TelegramSearchBot.Test/Benchmarks/Quick/QuickPerformanceBenchmarks.cs(89,32): error CS0246: 未能找到类型或命名空间名“User”(是否缺少 using 指令或程序集引用?) [/root/WorkSpace/CSharp/TelegramSearchBot/feature/project-restructure-implementation/TelegramSearchBot.Test/TelegramSearchBot.Test.csproj]
/root/WorkSpace/CSharp/TelegramSearchBot/feature/project-restructure-implementation/TelegramSearchBot.Test/Benchmarks/Quick/QuickPerformanceBenchmarks.cs(90,32): error CS0246: 未能找到类型或命名空间名“Chat”(是否缺少 using 指令或程序集引用?) [/root/WorkSpace/CSharp/TelegramSearchBot/feature/project-restructure-implementation/TelegramSearchBot.Test/TelegramSearchBot.Test.csproj]
/root/WorkSpace/CSharp/TelegramSearchBot/feature/project-restructure-implementation/TelegramSearchBot.Test/DomainEvents/DomainEventBasicTests.cs(22,33): error CS0246: 未能找到类型或命名空间名“MessageId”(是否缺少 using 指令或程序集引用?) [/root/WorkSpace/CSharp/TelegramSearchBot/feature/project-restructure-implementation/TelegramSearchBot.Test/TelegramSearchBot.Test.csproj]
/root/WorkSpace/CSharp/TelegramSearchBot/feature/project-restructure-implementation/TelegramSearchBot.Test/DomainEvents/DomainEventBasicTests.cs(23,31): error CS0246: 未能找到类型或命名空间名“MessageContent”(是否缺少 using 指令或程序集引用?) [/root/WorkSpace/CSharp/TelegramSearchBot/feature/project-restructure-implementation/TelegramSearchBot.Test/TelegramSearchBot.Test.csproj]
/root/WorkSpace/CSharp/TelegramSearchBot/feature/project-restructure-implementation/TelegramSearchBot.Test/DomainEvents/DomainEventBasicTests.cs(24,32): error CS0246: 未能找到类型或命名空间名“MessageMetadata”(是否缺少 using 指令或程序集引用?) [/root/WorkSpace/CSharp/TelegramSearchBot/feature/project-restructure-implementation/TelegramSearchBot.Test/TelegramSearchBot.Test.csproj]
/root/WorkSpace/CSharp/TelegramSearchBot/feature/project-restructure-implementation/TelegramSearchBot.Test/Benchmarks/Search/SearchPerformanceBenchmarks.cs(70,13): error CS0104: “Directory”是“Lucene.Net.Store.Directory”和“System.IO.Directory”之间的不明确的引用 [/root/WorkSpace/CSharp/TelegramSearchBot/feature/project-restructure-implementation/TelegramSearchBot.Test/TelegramSearchBot.Test.csproj]
/root/WorkSpace/CSharp/TelegramSearchBot/feature/project-restructure-implementation/TelegramSearchBot.Test/Benchmarks/Search/SearchPerformanceBenchmarks.cs(80,54): error CS1503: 参数 1: 无法从“TelegramSearchBot.Interface.ISendMessageService”转换为“string” [/root/WorkSpace/CSharp/TelegramSearchBot/feature/project-restructure-implementation/TelegramSearchBot.Test/TelegramSearchBot.Test.csproj]
/root/WorkSpace/CSharp/TelegramSearchBot/feature/project-restructure-implementation/TelegramSearchBot.Test/Application/Features/Messages/MessageApplicationServiceTests.cs(124,47): error CS0854: 表达式树可能不包含使用可选参数的调用 [/root/WorkSpace/CSharp/TelegramSearchBot/feature/project-restructure-implementation/TelegramSearchBot.Test/TelegramSearchBot.Test.csproj]
/root/WorkSpace/CSharp/TelegramSearchBot/feature/project-restructure-implementation/TelegramSearchBot.Test/Benchmarks/Search/SearchPerformanceBenchmarks.cs(92,21): error CS0104: “Directory”是“Lucene.Net.Store.Directory”和“System.IO.Directory”之间的不明确的引用 [/root/WorkSpace/CSharp/TelegramSearchBot/feature/project-restructure-implementation/TelegramSearchBot.Test/TelegramSearchBot.Test.csproj]
/root/WorkSpace/CSharp/TelegramSearchBot/feature/project-restructure-implementation/TelegramSearchBot.Test/Benchmarks/Search/SearchPerformanceBenchmarks.cs(94,21): error CS0104: “Directory”是“Lucene.Net.Store.Directory”和“System.IO.Directory”之间的不明确的引用 [/root/WorkSpace/CSharp/TelegramSearchBot/feature/project-restructure-implementation/TelegramSearchBot.Test/TelegramSearchBot.Test.csproj]
/root/WorkSpace/CSharp/TelegramSearchBot/feature/project-restructure-implementation/TelegramSearchBot.Test/Benchmarks/Domain/Message/MessageProcessingBenchmarks.cs(335,46): error CS0117: “TestDataFactory”未包含“CreateValidMessageOption”的定义 [/root/WorkSpace/CSharp/TelegramSearchBot/feature/project-restructure-implementation/TelegramSearchBot.Test/TelegramSearchBot.Test.csproj]
/root/WorkSpace/CSharp/TelegramSearchBot/feature/project-restructure-implementation/TelegramSearchBot.Test/DomainEvents/DomainEventBasicTests.cs(40,31): error CS0246: 未能找到类型或命名空间名“MessageContent”(是否缺少 using 指令或程序集引用?) [/root/WorkSpace/CSharp/TelegramSearchBot/feature/project-restructure-implementation/TelegramSearchBot.Test/TelegramSearchBot.Test.csproj]
/root/WorkSpace/CSharp/TelegramSearchBot/feature/project-restructure-implementation/TelegramSearchBot.Test/DomainEvents/DomainEventBasicTests.cs(41,32): error CS0246: 未能找到类型或命名空间名“MessageMetadata”(是否缺少 using 指令或程序集引用?) [/root/WorkSpace/CSharp/TelegramSearchBot/feature/project-restructure-implementation/TelegramSearchBot.Test/TelegramSearchBot.Test.csproj]
/root/WorkSpace/CSharp/TelegramSearchBot/feature/project-restructure-implementation/TelegramSearchBot.Test/DomainEvents/DomainEventBasicTests.cs(44,13): error CS0619: “Assert.Throws<T>(Func<Task>)”已过时:“You must call Assert.ThrowsAsync<T> (and await the result) when testing async code.” [/root/WorkSpace/CSharp/TelegramSearchBot/feature/project-restructure-implementation/TelegramSearchBot.Test/TelegramSearchBot.Test.csproj]
/root/WorkSpace/CSharp/TelegramSearchBot/feature/project-restructure-implementation/TelegramSearchBot.Test/DomainEvents/DomainEventBasicTests.cs(52,33): error CS0246: 未能找到类型或命名空间名“MessageId”(是否缺少 using 指令或程序集引用?) [/root/WorkSpace/CSharp/TelegramSearchBot/feature/project-restructure-implementation/TelegramSearchBot.Test/TelegramSearchBot.Test.csproj]
/root/WorkSpace/CSharp/TelegramSearchBot/feature/project-restructure-implementation/TelegramSearchBot.Test/DomainEvents/DomainEventBasicTests.cs(53,32): error CS0246: 未能找到类型或命名空间名“MessageMetadata”(是否缺少 using 指令或程序集引用?) [/root/WorkSpace/CSharp/TelegramSearchBot/feature/project-restructure-implementation/TelegramSearchBot.Test/TelegramSearchBot.Test.csproj]
/root/WorkSpace/CSharp/TelegramSearchBot/feature/project-restructure-implementation/TelegramSearchBot.Test/DomainEvents/DomainEventBasicTests.cs(56,13): error CS0619: “Assert.Throws<T>(Func<Task>)”已过时:“You must call Assert.ThrowsAsync<T> (and await the result) when testing async code.” [/root/WorkSpace/CSharp/TelegramSearchBot/feature/project-restructure-implementation/TelegramSearchBot.Test/TelegramSearchBot.Test.csproj]
/root/WorkSpace/CSharp/TelegramSearchBot/feature/project-restructure-implementation/TelegramSearchBot.Test/Benchmarks/Domain/Message/MessageProcessingBenchmarks.cs(360,47): error CS0117: “TestDataFactory”未包含“CreateMessageWithSpecialChars”的定义 [/root/WorkSpace/CSharp/TelegramSearchBot/feature/project-restructure-implementation/TelegramSearchBot.Test/TelegramSearchBot.Test.csproj]
/root/WorkSpace/CSharp/TelegramSearchBot/feature/project-restructure-implementation/TelegramSearchBot.Test/Benchmarks/Domain/Message/MessageProcessingBenchmarks.cs(361,47): error CS0117: “TestDataFactory”未包含“CreateValidMessageOption”的定义 [/root/WorkSpace/CSharp/TelegramSearchBot/feature/project-restructure-implementation/TelegramSearchBot.Test/TelegramSearchBot.Test.csproj]
/root/WorkSpace/CSharp/TelegramSearchBot/feature/project-restructure-implementation/TelegramSearchBot.Test/Benchmarks/Domain/Message/MessageProcessingBenchmarks.cs(379,46): error CS0117: “TestDataFactory”未包含“CreateValidMessageOption”的定义 [/root/WorkSpace/CSharp/TelegramSearchBot/feature/project-restructure-implementation/TelegramSearchBot.Test/TelegramSearchBot.Test.csproj]
/root/WorkSpace/CSharp/TelegramSearchBot/feature/project-restructure-implementation/TelegramSearchBot.Test/Benchmarks/Domain/Message/MessageProcessingBenchmarks.cs(399,46): error CS0117: “TestDataFactory”未包含“CreateLongMessage”的定义 [/root/WorkSpace/CSharp/TelegramSearchBot/feature/project-restructure-implementation/TelegramSearchBot.Test/TelegramSearchBot.Test.csproj]
/root/WorkSpace/CSharp/TelegramSearchBot/feature/project-restructure-implementation/TelegramSearchBot.Test/Service/Vector/VectorSearchIntegrationTests.cs(71,39): error CS7036: 未提供与“FaissVectorService.FaissVectorService(ILogger<FaissVectorService>, IServiceProvider, IGeneralLLMService, IEnvService)”的所需参数“envService”对应的参数 [/root/WorkSpace/CSharp/TelegramSearchBot/feature/project-restructure-implementation/TelegramSearchBot.Test/TelegramSearchBot.Test.csproj]
/root/WorkSpace/CSharp/TelegramSearchBot/feature/project-restructure-implementation/TelegramSearchBot.Test/DomainEvents/DomainEventBasicTests.cs(64,33): error CS0246: 未能找到类型或命名空间名“MessageId”(是否缺少 using 指令或程序集引用?) [/root/WorkSpace/CSharp/TelegramSearchBot/feature/project-restructure-implementation/TelegramSearchBot.Test/TelegramSearchBot.Test.csproj]
/root/WorkSpace/CSharp/TelegramSearchBot/feature/project-restructure-implementation/TelegramSearchBot.Test/DomainEvents/DomainEventBasicTests.cs(65,34): error CS0246: 未能找到类型或命名空间名“MessageContent”(是否缺少 using 指令或程序集引用?) [/root/WorkSpace/CSharp/TelegramSearchBot/feature/project-restructure-implementation/TelegramSearchBot.Test/TelegramSearchBot.Test.csproj]
/root/WorkSpace/CSharp/TelegramSearchBot/feature/project-restructure-implementation/TelegramSearchBot.Test/DomainEvents/DomainEventBasicTests.cs(66,34): error CS0246: 未能找到类型或命名空间名“MessageContent”(是否缺少 using 指令或程序集引用?) [/root/WorkSpace/CSharp/TelegramSearchBot/feature/project-restructure-implementation/TelegramSearchBot.Test/TelegramSearchBot.Test.csproj]
/root/WorkSpace/CSharp/TelegramSearchBot/feature/project-restructure-implementation/TelegramSearchBot.Test/Domain/TestBase.cs(59,29): error CS0854: 表达式树可能不包含使用可选参数的调用 [/root/WorkSpace/CSharp/TelegramSearchBot/feature/project-restructure-implementation/TelegramSearchBot.Test/TelegramSearchBot.Test.csproj]
/root/WorkSpace/CSharp/TelegramSearchBot/feature/project-restructure-implementation/TelegramSearchBot.Test/Domain/Message/ValueObjects/MessageSearchQueriesTests.cs(102,77): error CS1503: 参数 3: 无法从“int”转换为“string” [/root/WorkSpace/CSharp/TelegramSearchBot/feature/project-restructure-implementation/TelegramSearchBot.Test/TelegramSearchBot.Test.csproj]
/root/WorkSpace/CSharp/TelegramSearchBot/feature/project-restructure-implementation/TelegramSearchBot.Test/DomainEvents/DomainEventBasicTests.cs(82,33): error CS0246: 未能找到类型或命名空间名“MessageId”(是否缺少 using 指令或程序集引用?) [/root/WorkSpace/CSharp/TelegramSearchBot/feature/project-restructure-implementation/TelegramSearchBot.Test/TelegramSearchBot.Test.csproj]
/root/WorkSpace/CSharp/TelegramSearchBot/feature/project-restructure-implementation/TelegramSearchBot.Test/Domain/Message/ValueObjects/MessageSearchQueriesTests.cs(119,77): error CS1503: 参数 3: 无法从“int”转换为“string” [/root/WorkSpace/CSharp/TelegramSearchBot/feature/project-restructure-implementation/TelegramSearchBot.Test/TelegramSearchBot.Test.csproj]
/root/WorkSpace/CSharp/TelegramSearchBot/feature/project-restructure-implementation/TelegramSearchBot.Test/Benchmarks/Search/SearchPerformanceBenchmarks.cs(181,33): error CS0117: “MessageExtension”未包含“MessageId”的定义 [/root/WorkSpace/CSharp/TelegramSearchBot/feature/project-restructure-implementation/TelegramSearchBot.Test/TelegramSearchBot.Test.csproj]
/root/WorkSpace/CSharp/TelegramSearchBot/feature/project-restructure-implementation/TelegramSearchBot.Test/Application/Features/Messages/MessageApplicationServiceTests.cs(150,47): error CS0854: 表达式树可能不包含使用可选参数的调用 [/root/WorkSpace/CSharp/TelegramSearchBot/feature/project-restructure-implementation/TelegramSearchBot.Test/TelegramSearchBot.Test.csproj]
/root/WorkSpace/CSharp/TelegramSearchBot/feature/project-restructure-implementation/TelegramSearchBot.Test/Application/Features/Messages/MessageApplicationServiceTests.cs(152,47): error CS0854: 表达式树可能不包含使用可选参数的调用 [/root/WorkSpace/CSharp/TelegramSearchBot/feature/project-restructure-implementation/TelegramSearchBot.Test/TelegramSearchBot.Test.csproj]
/root/WorkSpace/CSharp/TelegramSearchBot/feature/project-restructure-implementation/TelegramSearchBot.Test/Application/Features/Messages/MessageApplicationServiceTests.cs(160,48): error CS0854: 表达式树可能不包含使用可选参数的调用 [/root/WorkSpace/CSharp/TelegramSearchBot/feature/project-restructure-implementation/TelegramSearchBot.Test/TelegramSearchBot.Test.csproj]
/root/WorkSpace/CSharp/TelegramSearchBot/feature/project-restructure-implementation/TelegramSearchBot.Test/Application/Features/Messages/MessageApplicationServiceTests.cs(161,54): error CS0854: 表达式树可能不包含使用可选参数的调用 [/root/WorkSpace/CSharp/TelegramSearchBot/feature/project-restructure-implementation/TelegramSearchBot.Test/TelegramSearchBot.Test.csproj]
/root/WorkSpace/CSharp/TelegramSearchBot/feature/project-restructure-implementation/TelegramSearchBot.Test/DomainEvents/DomainEventBasicTests.cs(105,33): error CS0246: 未能找到类型或命名空间名“MessageId”(是否缺少 using 指令或程序集引用?) [/root/WorkSpace/CSharp/TelegramSearchBot/feature/project-restructure-implementation/TelegramSearchBot.Test/TelegramSearchBot.Test.csproj]
/root/WorkSpace/CSharp/TelegramSearchBot/feature/project-restructure-implementation/TelegramSearchBot.Test/DomainEvents/DomainEventBasicTests.cs(106,31): error CS0246: 未能找到类型或命名空间名“MessageContent”(是否缺少 using 指令或程序集引用?) [/root/WorkSpace/CSharp/TelegramSearchBot/feature/project-restructure-implementation/TelegramSearchBot.Test/TelegramSearchBot.Test.csproj]
/root/WorkSpace/CSharp/TelegramSearchBot/feature/project-restructure-implementation/TelegramSearchBot.Test/DomainEvents/DomainEventBasicTests.cs(107,32): error CS0246: 未能找到类型或命名空间名“MessageMetadata”(是否缺少 using 指令或程序集引用?) [/root/WorkSpace/CSharp/TelegramSearchBot/feature/project-restructure-implementation/TelegramSearchBot.Test/TelegramSearchBot.Test.csproj]
/root/WorkSpace/CSharp/TelegramSearchBot/feature/project-restructure-implementation/TelegramSearchBot.Test/Controller/AI/LLM/AltPhotoControllerTests.cs(49,24): error CS7036: 未提供与“AltPhotoController.AltPhotoController(ITelegramBotClient, IGeneralLLMService, SendMessage, MessageService, ILogger<AltPhotoController>, ISendMessageService, MessageExtensionService)”的所需参数“messageExtensionService”对应的参数 [/root/WorkSpace/CSharp/TelegramSearchBot/feature/project-restructure-implementation/TelegramSearchBot.Test/TelegramSearchBot.Test.csproj]
/root/WorkSpace/CSharp/TelegramSearchBot/feature/project-restructure-implementation/TelegramSearchBot.Test/Benchmarks/Quick/QuickPerformanceBenchmarks.cs(178,13): error CS1929: “bool”不包含“Consume”的定义，并且最佳扩展方法重载“ConsumerExtensions.Consume(IEnumerable, Consumer)”需要类型为“System.Collections.IEnumerable”的接收器 [/root/WorkSpace/CSharp/TelegramSearchBot/feature/project-restructure-implementation/TelegramSearchBot.Test/TelegramSearchBot.Test.csproj]
/root/WorkSpace/CSharp/TelegramSearchBot/feature/project-restructure-implementation/TelegramSearchBot.Test/Application/Features/Messages/MessageApplicationServiceTests.cs(174,47): error CS0854: 表达式树可能不包含使用可选参数的调用 [/root/WorkSpace/CSharp/TelegramSearchBot/feature/project-restructure-implementation/TelegramSearchBot.Test/TelegramSearchBot.Test.csproj]
/root/WorkSpace/CSharp/TelegramSearchBot/feature/project-restructure-implementation/TelegramSearchBot.Test/Domain/Message/Integration/MessageProcessingIntegrationTests.cs(101,69): error CS0103: 当前上下文中不存在名称“CreateMockDbSet” [/root/WorkSpace/CSharp/TelegramSearchBot/feature/project-restructure-implementation/TelegramSearchBot.Test/TelegramSearchBot.Test.csproj]
/root/WorkSpace/CSharp/TelegramSearchBot/feature/project-restructure-implementation/TelegramSearchBot.Test/Domain/Message/Integration/MessageProcessingIntegrationTests.cs(102,63): error CS0103: 当前上下文中不存在名称“CreateMockDbSet” [/root/WorkSpace/CSharp/TelegramSearchBot/feature/project-restructure-implementation/TelegramSearchBot.Test/TelegramSearchBot.Test.csproj]
/root/WorkSpace/CSharp/TelegramSearchBot/feature/project-restructure-implementation/TelegramSearchBot.Test/Domain/Message/Integration/MessageProcessingIntegrationTests.cs(103,64): error CS0103: 当前上下文中不存在名称“CreateMockDbSet” [/root/WorkSpace/CSharp/TelegramSearchBot/feature/project-restructure-implementation/TelegramSearchBot.Test/TelegramSearchBot.Test.csproj]
/root/WorkSpace/CSharp/TelegramSearchBot/feature/project-restructure-implementation/TelegramSearchBot.Test/Domain/Message/Integration/MessageProcessingIntegrationTests.cs(104,63): error CS0103: 当前上下文中不存在名称“CreateMockDbSet” [/root/WorkSpace/CSharp/TelegramSearchBot/feature/project-restructure-implementation/TelegramSearchBot.Test/TelegramSearchBot.Test.csproj]
/root/WorkSpace/CSharp/TelegramSearchBot/feature/project-restructure-implementation/TelegramSearchBot.Test/Infrastructure/Search/Repositories/MessageSearchRepositoryTests.cs(99,66): error CS0246: 未能找到类型或命名空间名“SearchDocument”(是否缺少 using 指令或程序集引用?) [/root/WorkSpace/CSharp/TelegramSearchBot/feature/project-restructure-implementation/TelegramSearchBot.Test/TelegramSearchBot.Test.csproj]
/root/WorkSpace/CSharp/TelegramSearchBot/feature/project-restructure-implementation/TelegramSearchBot.Test/Infrastructure/Search/Repositories/MessageSearchRepositoryTests.cs(99,46): error CS1061: “ILuceneManager”未包含“IndexDocument”的定义，并且找不到可接受第一个“ILuceneManager”类型参数的可访问扩展方法“IndexDocument”(是否缺少 using 指令或程序集引用?) [/root/WorkSpace/CSharp/TelegramSearchBot/feature/project-restructure-implementation/TelegramSearchBot.Test/TelegramSearchBot.Test.csproj]
/root/WorkSpace/CSharp/TelegramSearchBot/feature/project-restructure-implementation/TelegramSearchBot.Test/Controllers/AI/AutoOCRControllerTests.cs(48,17): error CS1503: 参数 2: 无法从“TelegramSearchBot.Interface.AI.LLM.IGeneralLLMService”转换为“TelegramSearchBot.Interface.AI.OCR.IPaddleOCRService” [/root/WorkSpace/CSharp/TelegramSearchBot/feature/project-restructure-implementation/TelegramSearchBot.Test/TelegramSearchBot.Test.csproj]
/root/WorkSpace/CSharp/TelegramSearchBot/feature/project-restructure-implementation/TelegramSearchBot.Test/Controllers/AI/AutoOCRControllerTests.cs(49,17): error CS1503: 参数 3: 无法从“TelegramSearchBot.Interface.ISendMessageService”转换为“TelegramSearchBot.Manager.SendMessage” [/root/WorkSpace/CSharp/TelegramSearchBot/feature/project-restructure-implementation/TelegramSearchBot.Test/TelegramSearchBot.Test.csproj]
/root/WorkSpace/CSharp/TelegramSearchBot/feature/project-restructure-implementation/TelegramSearchBot.Test/Controllers/Storage/MessageControllerSimpleTests.cs(45,31): error CS0246: 未能找到类型或命名空间名“PipelineContext”(是否缺少 using 指令或程序集引用?) [/root/WorkSpace/CSharp/TelegramSearchBot/feature/project-restructure-implementation/TelegramSearchBot.Test/TelegramSearchBot.Test.csproj]
/root/WorkSpace/CSharp/TelegramSearchBot/feature/project-restructure-implementation/TelegramSearchBot.Test/Controllers/Storage/MessageControllerSimpleTests.cs(50,34): error CS0103: 当前上下文中不存在名称“BotMessageType” [/root/WorkSpace/CSharp/TelegramSearchBot/feature/project-restructure-implementation/TelegramSearchBot.Test/TelegramSearchBot.Test.csproj]
/root/WorkSpace/CSharp/TelegramSearchBot/feature/project-restructure-implementation/TelegramSearchBot.Test/Controllers/Storage/MessageControllerSimpleTests.cs(62,26): error CS0103: 当前上下文中不存在名称“BotMessageType” [/root/WorkSpace/CSharp/TelegramSearchBot/feature/project-restructure-implementation/TelegramSearchBot.Test/TelegramSearchBot.Test.csproj]
/root/WorkSpace/CSharp/TelegramSearchBot/feature/project-restructure-implementation/TelegramSearchBot.Test/Application/Features/Messages/MessageApplicationServiceTests.cs(197,47): error CS0854: 表达式树可能不包含使用可选参数的调用 [/root/WorkSpace/CSharp/TelegramSearchBot/feature/project-restructure-implementation/TelegramSearchBot.Test/TelegramSearchBot.Test.csproj]
/root/WorkSpace/CSharp/TelegramSearchBot/feature/project-restructure-implementation/TelegramSearchBot.Test/Application/Features/Messages/MessageApplicationServiceTests.cs(204,48): error CS0854: 表达式树可能不包含使用可选参数的调用 [/root/WorkSpace/CSharp/TelegramSearchBot/feature/project-restructure-implementation/TelegramSearchBot.Test/TelegramSearchBot.Test.csproj]
/root/WorkSpace/CSharp/TelegramSearchBot/feature/project-restructure-implementation/TelegramSearchBot.Test/Application/Features/Messages/MessageApplicationServiceTests.cs(205,54): error CS0854: 表达式树可能不包含使用可选参数的调用 [/root/WorkSpace/CSharp/TelegramSearchBot/feature/project-restructure-implementation/TelegramSearchBot.Test/TelegramSearchBot.Test.csproj]
/root/WorkSpace/CSharp/TelegramSearchBot/feature/project-restructure-implementation/TelegramSearchBot.Test/Domain/Message/ValueObjects/MessageSearchQueriesTests.cs(153,94): error CS1503: 参数 4: 无法从“int”转换为“string” [/root/WorkSpace/CSharp/TelegramSearchBot/feature/project-restructure-implementation/TelegramSearchBot.Test/TelegramSearchBot.Test.csproj]
/root/WorkSpace/CSharp/TelegramSearchBot/feature/project-restructure-implementation/TelegramSearchBot.Test/Domain/Message/ValueObjects/MessageSearchQueriesTests.cs(172,94): error CS1503: 参数 4: 无法从“int”转换为“string” [/root/WorkSpace/CSharp/TelegramSearchBot/feature/project-restructure-implementation/TelegramSearchBot.Test/TelegramSearchBot.Test.csproj]
/root/WorkSpace/CSharp/TelegramSearchBot/feature/project-restructure-implementation/TelegramSearchBot.Test/Infrastructure/Search/Repositories/MessageSearchRepositoryTests.cs(130,46): error CS1061: “ILuceneManager”未包含“DeleteDocument”的定义，并且找不到可接受第一个“ILuceneManager”类型参数的可访问扩展方法“DeleteDocument”(是否缺少 using 指令或程序集引用?) [/root/WorkSpace/CSharp/TelegramSearchBot/feature/project-restructure-implementation/TelegramSearchBot.Test/TelegramSearchBot.Test.csproj]
/root/WorkSpace/CSharp/TelegramSearchBot/feature/project-restructure-implementation/TelegramSearchBot.Test/Controllers/Storage/MessageControllerSimpleTests.cs(96,31): error CS0246: 未能找到类型或命名空间名“PipelineContext”(是否缺少 using 指令或程序集引用?) [/root/WorkSpace/CSharp/TelegramSearchBot/feature/project-restructure-implementation/TelegramSearchBot.Test/TelegramSearchBot.Test.csproj]
/root/WorkSpace/CSharp/TelegramSearchBot/feature/project-restructure-implementation/TelegramSearchBot.Test/Controllers/Storage/MessageControllerSimpleTests.cs(101,34): error CS0103: 当前上下文中不存在名称“BotMessageType” [/root/WorkSpace/CSharp/TelegramSearchBot/feature/project-restructure-implementation/TelegramSearchBot.Test/TelegramSearchBot.Test.csproj]
/root/WorkSpace/CSharp/TelegramSearchBot/feature/project-restructure-implementation/TelegramSearchBot.Test/Controllers/Storage/MessageControllerSimpleTests.cs(109,26): error CS0103: 当前上下文中不存在名称“BotMessageType” [/root/WorkSpace/CSharp/TelegramSearchBot/feature/project-restructure-implementation/TelegramSearchBot.Test/TelegramSearchBot.Test.csproj]
/root/WorkSpace/CSharp/TelegramSearchBot/feature/project-restructure-implementation/TelegramSearchBot.Test/Application/Features/Messages/MessageApplicationServiceTests.cs(224,47): error CS0854: 表达式树可能不包含使用可选参数的调用 [/root/WorkSpace/CSharp/TelegramSearchBot/feature/project-restructure-implementation/TelegramSearchBot.Test/TelegramSearchBot.Test.csproj]
/root/WorkSpace/CSharp/TelegramSearchBot/feature/project-restructure-implementation/TelegramSearchBot.Test/Application/Features/Messages/MessageApplicationServiceTests.cs(226,47): error CS0854: 表达式树可能不包含使用可选参数的调用 [/root/WorkSpace/CSharp/TelegramSearchBot/feature/project-restructure-implementation/TelegramSearchBot.Test/TelegramSearchBot.Test.csproj]
/root/WorkSpace/CSharp/TelegramSearchBot/feature/project-restructure-implementation/TelegramSearchBot.Test/Application/Features/Messages/MessageApplicationServiceTests.cs(233,48): error CS0854: 表达式树可能不包含使用可选参数的调用 [/root/WorkSpace/CSharp/TelegramSearchBot/feature/project-restructure-implementation/TelegramSearchBot.Test/TelegramSearchBot.Test.csproj]
/root/WorkSpace/CSharp/TelegramSearchBot/feature/project-restructure-implementation/TelegramSearchBot.Test/Application/Features/Messages/MessageApplicationServiceTests.cs(234,54): error CS0854: 表达式树可能不包含使用可选参数的调用 [/root/WorkSpace/CSharp/TelegramSearchBot/feature/project-restructure-implementation/TelegramSearchBot.Test/TelegramSearchBot.Test.csproj]
/root/WorkSpace/CSharp/TelegramSearchBot/feature/project-restructure-implementation/TelegramSearchBot.Test/Core/Manager/ManagerSimpleTests.cs(57,24): error CS0246: 未能找到类型或命名空间名“LuceneManager”(是否缺少 using 指令或程序集引用?) [/root/WorkSpace/CSharp/TelegramSearchBot/feature/project-restructure-implementation/TelegramSearchBot.Test/TelegramSearchBot.Test.csproj]
/root/WorkSpace/CSharp/TelegramSearchBot/feature/project-restructure-implementation/TelegramSearchBot.Test/Application/Features/Messages/MessageApplicationServiceTests.cs(244,47): error CS0854: 表达式树可能不包含使用可选参数的调用 [/root/WorkSpace/CSharp/TelegramSearchBot/feature/project-restructure-implementation/TelegramSearchBot.Test/TelegramSearchBot.Test.csproj]
/root/WorkSpace/CSharp/TelegramSearchBot/feature/project-restructure-implementation/TelegramSearchBot.Test/Benchmarks/Search/SearchPerformanceBenchmarks.cs(440,18): error CS0104: “Directory”是“Lucene.Net.Store.Directory”和“System.IO.Directory”之间的不明确的引用 [/root/WorkSpace/CSharp/TelegramSearchBot/feature/project-restructure-implementation/TelegramSearchBot.Test/TelegramSearchBot.Test.csproj]
/root/WorkSpace/CSharp/TelegramSearchBot/feature/project-restructure-implementation/TelegramSearchBot.Test/Application/Features/Messages/MessageApplicationServiceTests.cs(267,47): error CS0854: 表达式树可能不包含使用可选参数的调用 [/root/WorkSpace/CSharp/TelegramSearchBot/feature/project-restructure-implementation/TelegramSearchBot.Test/TelegramSearchBot.Test.csproj]
/root/WorkSpace/CSharp/TelegramSearchBot/feature/project-restructure-implementation/TelegramSearchBot.Test/Domain/Message/MessageEntitySimpleTests.cs(47,17): error CS0200: 无法为属性或索引器“Message.MessageId”赋值 - 它是只读的 [/root/WorkSpace/CSharp/TelegramSearchBot/feature/project-restructure-implementation/TelegramSearchBot.Test/TelegramSearchBot.Test.csproj]
/root/WorkSpace/CSharp/TelegramSearchBot/feature/project-restructure-implementation/TelegramSearchBot.Test/Domain/Message/MessageEntitySimpleTests.cs(55,26): error CS0234: 命名空间“TelegramSearchBot.Domain.Tests.Message”中不存在类型或命名空间名“FromTelegramMessage”(是否缺少程序集引用?) [/root/WorkSpace/CSharp/TelegramSearchBot/feature/project-restructure-implementation/TelegramSearchBot.Test/TelegramSearchBot.Test.csproj]
/root/WorkSpace/CSharp/TelegramSearchBot/feature/project-restructure-implementation/TelegramSearchBot.Test/Application/Features/Messages/MessageApplicationServiceTests.cs(287,47): error CS0854: 表达式树可能不包含使用可选参数的调用 [/root/WorkSpace/CSharp/TelegramSearchBot/feature/project-restructure-implementation/TelegramSearchBot.Test/TelegramSearchBot.Test.csproj]
/root/WorkSpace/CSharp/TelegramSearchBot/feature/project-restructure-implementation/TelegramSearchBot.Test/Core/Manager/ManagerSimpleTests.cs(79,44): error CS0246: 未能找到类型或命名空间名“LuceneManager”(是否缺少 using 指令或程序集引用?) [/root/WorkSpace/CSharp/TelegramSearchBot/feature/project-restructure-implementation/TelegramSearchBot.Test/TelegramSearchBot.Test.csproj]
/root/WorkSpace/CSharp/TelegramSearchBot/feature/project-restructure-implementation/TelegramSearchBot.Test/Infrastructure/Search/Repositories/MessageSearchRepositoryTests.cs(167,77): error CS0246: 未能找到类型或命名空间名“SearchDocument”(是否缺少 using 指令或程序集引用?) [/root/WorkSpace/CSharp/TelegramSearchBot/feature/project-restructure-implementation/TelegramSearchBot.Test/TelegramSearchBot.Test.csproj]
/root/WorkSpace/CSharp/TelegramSearchBot/feature/project-restructure-implementation/TelegramSearchBot.Test/Infrastructure/Search/Repositories/MessageSearchRepositoryTests.cs(167,46): error CS1061: “ILuceneManager”未包含“RebuildIndex”的定义，并且找不到可接受第一个“ILuceneManager”类型参数的可访问扩展方法“RebuildIndex”(是否缺少 using 指令或程序集引用?) [/root/WorkSpace/CSharp/TelegramSearchBot/feature/project-restructure-implementation/TelegramSearchBot.Test/TelegramSearchBot.Test.csproj]
/root/WorkSpace/CSharp/TelegramSearchBot/feature/project-restructure-implementation/TelegramSearchBot.Test/Controller/AI/OCR/AutoOCRControllerTests.cs(231,63): error CS0433: 类型“CannotGetPhotoException”同时存在于“TelegramSearchBot.Common, Version=1.0.0.0, Culture=neutral, PublicKeyToken=null”和“TelegramSearchBot, Version=1.0.0.0, Culture=neutral, PublicKeyToken=null”中 [/root/WorkSpace/CSharp/TelegramSearchBot/feature/project-restructure-implementation/TelegramSearchBot.Test/TelegramSearchBot.Test.csproj]
/root/WorkSpace/CSharp/TelegramSearchBot/feature/project-restructure-implementation/TelegramSearchBot.Test/Controllers/Bilibili/BiliMessageControllerTests.cs(25,31): error CS7036: 未提供与“BiliMessageController.BiliMessageController(ITelegramBotClient, IBiliApiService, BiliVideoProcessingService, BiliOpusProcessingService, VideoView, GenericView, ILogger<BiliMessageController>, ILogger<VideoView>)”的所需参数“genericView”对应的参数 [/root/WorkSpace/CSharp/TelegramSearchBot/feature/project-restructure-implementation/TelegramSearchBot.Test/TelegramSearchBot.Test.csproj]
/root/WorkSpace/CSharp/TelegramSearchBot/feature/project-restructure-implementation/TelegramSearchBot.Test/Domain/Message/MessageEntitySimpleTests.cs(73,17): error CS0200: 无法为属性或索引器“Message.MessageId”赋值 - 它是只读的 [/root/WorkSpace/CSharp/TelegramSearchBot/feature/project-restructure-implementation/TelegramSearchBot.Test/TelegramSearchBot.Test.csproj]
/root/WorkSpace/CSharp/TelegramSearchBot/feature/project-restructure-implementation/TelegramSearchBot.Test/Domain/Message/MessageEntitySimpleTests.cs(79,21): error CS0200: 无法为属性或索引器“Message.MessageId”赋值 - 它是只读的 [/root/WorkSpace/CSharp/TelegramSearchBot/feature/project-restructure-implementation/TelegramSearchBot.Test/TelegramSearchBot.Test.csproj]
/root/WorkSpace/CSharp/TelegramSearchBot/feature/project-restructure-implementation/TelegramSearchBot.Test/Domain/Message/MessageEntitySimpleTests.cs(86,26): error CS0234: 命名空间“TelegramSearchBot.Domain.Tests.Message”中不存在类型或命名空间名“FromTelegramMessage”(是否缺少程序集引用?) [/root/WorkSpace/CSharp/TelegramSearchBot/feature/project-restructure-implementation/TelegramSearchBot.Test/TelegramSearchBot.Test.csproj]
/root/WorkSpace/CSharp/TelegramSearchBot/feature/project-restructure-implementation/TelegramSearchBot.Test/Application/Features/Messages/MessageApplicationServiceTests.cs(317,47): error CS0854: 表达式树可能不包含使用可选参数的调用 [/root/WorkSpace/CSharp/TelegramSearchBot/feature/project-restructure-implementation/TelegramSearchBot.Test/TelegramSearchBot.Test.csproj]
/root/WorkSpace/CSharp/TelegramSearchBot/feature/project-restructure-implementation/TelegramSearchBot.Test/Domain/Message/MessageEntitySimpleTests.cs(103,17): error CS0200: 无法为属性或索引器“Message.MessageId”赋值 - 它是只读的 [/root/WorkSpace/CSharp/TelegramSearchBot/feature/project-restructure-implementation/TelegramSearchBot.Test/TelegramSearchBot.Test.csproj]
/root/WorkSpace/CSharp/TelegramSearchBot/feature/project-restructure-implementation/TelegramSearchBot.Test/Domain/Message/MessageEntitySimpleTests.cs(111,26): error CS0234: 命名空间“TelegramSearchBot.Domain.Tests.Message”中不存在类型或命名空间名“FromTelegramMessage”(是否缺少程序集引用?) [/root/WorkSpace/CSharp/TelegramSearchBot/feature/project-restructure-implementation/TelegramSearchBot.Test/TelegramSearchBot.Test.csproj]
/root/WorkSpace/CSharp/TelegramSearchBot/feature/project-restructure-implementation/TelegramSearchBot.Test/Domain/Message/MessageEntitySimpleTests.cs(123,17): error CS0200: 无法为属性或索引器“Message.MessageId”赋值 - 它是只读的 [/root/WorkSpace/CSharp/TelegramSearchBot/feature/project-restructure-implementation/TelegramSearchBot.Test/TelegramSearchBot.Test.csproj]
/root/WorkSpace/CSharp/TelegramSearchBot/feature/project-restructure-implementation/TelegramSearchBot.Test/Domain/Message/MessageEntitySimpleTests.cs(132,26): error CS0234: 命名空间“TelegramSearchBot.Domain.Tests.Message”中不存在类型或命名空间名“FromTelegramMessage”(是否缺少程序集引用?) [/root/WorkSpace/CSharp/TelegramSearchBot/feature/project-restructure-implementation/TelegramSearchBot.Test/TelegramSearchBot.Test.csproj]
/root/WorkSpace/CSharp/TelegramSearchBot/feature/project-restructure-implementation/TelegramSearchBot.Test/Examples/TestToolsExample.cs(158,34): error CS0103: 当前上下文中不存在名称“CreateMessageService” [/root/WorkSpace/CSharp/TelegramSearchBot/feature/project-restructure-implementation/TelegramSearchBot.Test/TelegramSearchBot.Test.csproj]
/root/WorkSpace/CSharp/TelegramSearchBot/feature/project-restructure-implementation/TelegramSearchBot.Test/Examples/TestToolsExample.cs(162,33): error CS0103: 当前上下文中不存在名称“CreateSearchService” [/root/WorkSpace/CSharp/TelegramSearchBot/feature/project-restructure-implementation/TelegramSearchBot.Test/TelegramSearchBot.Test.csproj]
/root/WorkSpace/CSharp/TelegramSearchBot/feature/project-restructure-implementation/TelegramSearchBot.Test/Examples/TestToolsExample.cs(167,19): error CS0103: 当前上下文中不存在名称“SimulateBotMessageReceivedAsync” [/root/WorkSpace/CSharp/TelegramSearchBot/feature/project-restructure-implementation/TelegramSearchBot.Test/TelegramSearchBot.Test.csproj]
/root/WorkSpace/CSharp/TelegramSearchBot/feature/project-restructure-implementation/TelegramSearchBot.Test/Examples/TestToolsExample.cs(170,39): error CS0103: 当前上下文中不存在名称“SimulateSearchRequestAsync” [/root/WorkSpace/CSharp/TelegramSearchBot/feature/project-restructure-implementation/TelegramSearchBot.Test/TelegramSearchBot.Test.csproj]
/root/WorkSpace/CSharp/TelegramSearchBot/feature/project-restructure-implementation/TelegramSearchBot.Test/Examples/TestToolsExample.cs(174,19): error CS0103: 当前上下文中不存在名称“ValidateDatabaseStateAsync” [/root/WorkSpace/CSharp/TelegramSearchBot/feature/project-restructure-implementation/TelegramSearchBot.Test/TelegramSearchBot.Test.csproj]
/root/WorkSpace/CSharp/TelegramSearchBot/feature/project-restructure-implementation/TelegramSearchBot.Test/Infrastructure/Search/Repositories/MessageSearchRepositoryTests.cs(183,77): error CS0246: 未能找到类型或命名空间名“SearchDocument”(是否缺少 using 指令或程序集引用?) [/root/WorkSpace/CSharp/TelegramSearchBot/feature/project-restructure-implementation/TelegramSearchBot.Test/TelegramSearchBot.Test.csproj]
/root/WorkSpace/CSharp/TelegramSearchBot/feature/project-restructure-implementation/TelegramSearchBot.Test/Infrastructure/Search/Repositories/MessageSearchRepositoryTests.cs(183,46): error CS1061: “ILuceneManager”未包含“RebuildIndex”的定义，并且找不到可接受第一个“ILuceneManager”类型参数的可访问扩展方法“RebuildIndex”(是否缺少 using 指令或程序集引用?) [/root/WorkSpace/CSharp/TelegramSearchBot/feature/project-restructure-implementation/TelegramSearchBot.Test/TelegramSearchBot.Test.csproj]
/root/WorkSpace/CSharp/TelegramSearchBot/feature/project-restructure-implementation/TelegramSearchBot.Test/Examples/TestToolsExample.cs(188,34): error CS0103: 当前上下文中不存在名称“CreateDatabaseSnapshotAsync” [/root/WorkSpace/CSharp/TelegramSearchBot/feature/project-restructure-implementation/TelegramSearchBot.Test/TelegramSearchBot.Test.csproj]
/root/WorkSpace/CSharp/TelegramSearchBot/feature/project-restructure-implementation/TelegramSearchBot.Test/Examples/TestToolsExample.cs(193,42): error CS0246: 未能找到类型或命名空间名“MessageOptionBuilder”(是否缺少 using 指令或程序集引用?) [/root/WorkSpace/CSharp/TelegramSearchBot/feature/project-restructure-implementation/TelegramSearchBot.Test/TelegramSearchBot.Test.csproj]
/root/WorkSpace/CSharp/TelegramSearchBot/feature/project-restructure-implementation/TelegramSearchBot.Test/Examples/TestToolsExample.cs(202,23): error CS0103: 当前上下文中不存在名称“SimulateBotMessageReceivedAsync” [/root/WorkSpace/CSharp/TelegramSearchBot/feature/project-restructure-implementation/TelegramSearchBot.Test/TelegramSearchBot.Test.csproj]
/root/WorkSpace/CSharp/TelegramSearchBot/feature/project-restructure-implementation/TelegramSearchBot.Test/Examples/TestToolsExample.cs(220,23): error CS0103: 当前上下文中不存在名称“RestoreDatabaseFromSnapshotAsync” [/root/WorkSpace/CSharp/TelegramSearchBot/feature/project-restructure-implementation/TelegramSearchBot.Test/TelegramSearchBot.Test.csproj]
/root/WorkSpace/CSharp/TelegramSearchBot/feature/project-restructure-implementation/TelegramSearchBot.Test/Domain/Message/ValueObjects/MessageSearchQueriesTests.cs(313,72): error CS1503: 参数 3: 无法从“int”转换为“string” [/root/WorkSpace/CSharp/TelegramSearchBot/feature/project-restructure-implementation/TelegramSearchBot.Test/TelegramSearchBot.Test.csproj]
/root/WorkSpace/CSharp/TelegramSearchBot/feature/project-restructure-implementation/TelegramSearchBot.Test/Domain/Message/ValueObjects/MessageSearchQueriesTests.cs(314,72): error CS1503: 参数 3: 无法从“int”转换为“string” [/root/WorkSpace/CSharp/TelegramSearchBot/feature/project-restructure-implementation/TelegramSearchBot.Test/TelegramSearchBot.Test.csproj]
/root/WorkSpace/CSharp/TelegramSearchBot/feature/project-restructure-implementation/TelegramSearchBot.Test/Application/Features/Messages/MessageApplicationServiceTests.cs(345,47): error CS0854: 表达式树可能不包含使用可选参数的调用 [/root/WorkSpace/CSharp/TelegramSearchBot/feature/project-restructure-implementation/TelegramSearchBot.Test/TelegramSearchBot.Test.csproj]
/root/WorkSpace/CSharp/TelegramSearchBot/feature/project-restructure-implementation/TelegramSearchBot.Test/Core/Manager/ManagerSimpleTests.cs(111,44): error CS0246: 未能找到类型或命名空间名“LuceneManager”(是否缺少 using 指令或程序集引用?) [/root/WorkSpace/CSharp/TelegramSearchBot/feature/project-restructure-implementation/TelegramSearchBot.Test/TelegramSearchBot.Test.csproj]
/root/WorkSpace/CSharp/TelegramSearchBot/feature/project-restructure-implementation/TelegramSearchBot.Test/Core/Manager/ManagerSimpleTests.cs(137,24): error CS0246: 未能找到类型或命名空间名“LuceneManager”(是否缺少 using 指令或程序集引用?) [/root/WorkSpace/CSharp/TelegramSearchBot/feature/project-restructure-implementation/TelegramSearchBot.Test/TelegramSearchBot.Test.csproj]
/root/WorkSpace/CSharp/TelegramSearchBot/feature/project-restructure-implementation/TelegramSearchBot.Test/Domain/Message/ValueObjects/MessageSearchQueriesTests.cs(330,89): error CS1503: 参数 4: 无法从“int”转换为“string” [/root/WorkSpace/CSharp/TelegramSearchBot/feature/project-restructure-implementation/TelegramSearchBot.Test/TelegramSearchBot.Test.csproj]
/root/WorkSpace/CSharp/TelegramSearchBot/feature/project-restructure-implementation/TelegramSearchBot.Test/Domain/Message/ValueObjects/MessageSearchQueriesTests.cs(331,89): error CS1503: 参数 4: 无法从“int”转换为“string” [/root/WorkSpace/CSharp/TelegramSearchBot/feature/project-restructure-implementation/TelegramSearchBot.Test/TelegramSearchBot.Test.csproj]
/root/WorkSpace/CSharp/TelegramSearchBot/feature/project-restructure-implementation/TelegramSearchBot.Test/Core/Manager/ManagerSimpleTests.cs(156,24): error CS0246: 未能找到类型或命名空间名“LuceneManager”(是否缺少 using 指令或程序集引用?) [/root/WorkSpace/CSharp/TelegramSearchBot/feature/project-restructure-implementation/TelegramSearchBot.Test/TelegramSearchBot.Test.csproj]
/root/WorkSpace/CSharp/TelegramSearchBot/feature/project-restructure-implementation/TelegramSearchBot.Test/Core/Manager/ManagerSimpleTests.cs(175,24): error CS0246: 未能找到类型或命名空间名“LuceneManager”(是否缺少 using 指令或程序集引用?) [/root/WorkSpace/CSharp/TelegramSearchBot/feature/project-restructure-implementation/TelegramSearchBot.Test/TelegramSearchBot.Test.csproj]
/root/WorkSpace/CSharp/TelegramSearchBot/feature/project-restructure-implementation/TelegramSearchBot.Test/Application/Features/Messages/MessageApplicationServiceTests.cs(364,47): error CS0854: 表达式树可能不包含使用可选参数的调用 [/root/WorkSpace/CSharp/TelegramSearchBot/feature/project-restructure-implementation/TelegramSearchBot.Test/TelegramSearchBot.Test.csproj]
/root/WorkSpace/CSharp/TelegramSearchBot/feature/project-restructure-implementation/TelegramSearchBot.Test/Examples/TestToolsExample.cs(229,19): error CS0103: 当前上下文中不存在名称“SimulateLLMRequestAsync” [/root/WorkSpace/CSharp/TelegramSearchBot/feature/project-restructure-implementation/TelegramSearchBot.Test/TelegramSearchBot.Test.csproj]
/root/WorkSpace/CSharp/TelegramSearchBot/feature/project-restructure-implementation/TelegramSearchBot.Test/Examples/TestToolsExample.cs(234,13): error CS0103: 当前上下文中不存在名称“VerifyMockCall” [/root/WorkSpace/CSharp/TelegramSearchBot/feature/project-restructure-implementation/TelegramSearchBot.Test/TelegramSearchBot.Test.csproj]
/root/WorkSpace/CSharp/TelegramSearchBot/feature/project-restructure-implementation/TelegramSearchBot.Test/Domain/Message/MessageEntityRedGreenRefactorTests.cs(74,17): error CS0200: 无法为属性或索引器“Message.MessageId”赋值 - 它是只读的 [/root/WorkSpace/CSharp/TelegramSearchBot/feature/project-restructure-implementation/TelegramSearchBot.Test/TelegramSearchBot.Test.csproj]
/root/WorkSpace/CSharp/TelegramSearchBot/feature/project-restructure-implementation/TelegramSearchBot.Test/Examples/TestToolsExample.cs(259,39): error CS0103: 当前上下文中不存在名称“SimulateSearchRequestAsync” [/root/WorkSpace/CSharp/TelegramSearchBot/feature/project-restructure-implementation/TelegramSearchBot.Test/TelegramSearchBot.Test.csproj]
/root/WorkSpace/CSharp/TelegramSearchBot/feature/project-restructure-implementation/TelegramSearchBot.Test/Controllers/AI/AutoOCRControllerTests.cs(70,24): error CS0144: 无法创建抽象类型或接口“FileBase”的实例 [/root/WorkSpace/CSharp/TelegramSearchBot/feature/project-restructure-implementation/TelegramSearchBot.Test/TelegramSearchBot.Test.csproj]
/root/WorkSpace/CSharp/TelegramSearchBot/feature/project-restructure-implementation/TelegramSearchBot.Test/Controllers/AI/AutoOCRControllerTests.cs(73,17): error CS0117: “FileBase”未包含“FilePath”的定义 [/root/WorkSpace/CSharp/TelegramSearchBot/feature/project-restructure-implementation/TelegramSearchBot.Test/TelegramSearchBot.Test.csproj]
/root/WorkSpace/CSharp/TelegramSearchBot/feature/project-restructure-implementation/TelegramSearchBot.Test/Controllers/AI/AutoOCRControllerTests.cs(78,31): error CS1061: “ITelegramBotClient”未包含“GetFileAsync”的定义，并且找不到可接受第一个“ITelegramBotClient”类型参数的可访问扩展方法“GetFileAsync”(是否缺少 using 指令或程序集引用?) [/root/WorkSpace/CSharp/TelegramSearchBot/feature/project-restructure-implementation/TelegramSearchBot.Test/TelegramSearchBot.Test.csproj]
/root/WorkSpace/CSharp/TelegramSearchBot/feature/project-restructure-implementation/TelegramSearchBot.Test/Controllers/AI/AutoOCRControllerTests.cs(83,31): error CS1061: “IGeneralLLMService”未包含“GetOCRAsync”的定义，并且找不到可接受第一个“IGeneralLLMService”类型参数的可访问扩展方法“GetOCRAsync”(是否缺少 using 指令或程序集引用?) [/root/WorkSpace/CSharp/TelegramSearchBot/feature/project-restructure-implementation/TelegramSearchBot.Test/TelegramSearchBot.Test.csproj]
/root/WorkSpace/CSharp/TelegramSearchBot/feature/project-restructure-implementation/TelegramSearchBot.Test/Controllers/AI/AutoOCRControllerTests.cs(96,24): error CS1061: “ITelegramBotClient”未包含“GetFileAsync”的定义，并且找不到可接受第一个“ITelegramBotClient”类型参数的可访问扩展方法“GetFileAsync”(是否缺少 using 指令或程序集引用?) [/root/WorkSpace/CSharp/TelegramSearchBot/feature/project-restructure-implementation/TelegramSearchBot.Test/TelegramSearchBot.Test.csproj]
/root/WorkSpace/CSharp/TelegramSearchBot/feature/project-restructure-implementation/TelegramSearchBot.Test/Controllers/AI/AutoOCRControllerTests.cs(100,24): error CS1061: “IGeneralLLMService”未包含“GetOCRAsync”的定义，并且找不到可接受第一个“IGeneralLLMService”类型参数的可访问扩展方法“GetOCRAsync”(是否缺少 using 指令或程序集引用?) [/root/WorkSpace/CSharp/TelegramSearchBot/feature/project-restructure-implementation/TelegramSearchBot.Test/TelegramSearchBot.Test.csproj]
/root/WorkSpace/CSharp/TelegramSearchBot/feature/project-restructure-implementation/TelegramSearchBot.Test/Controllers/ControllerTestBase.cs(186,25): error CS0200: 无法为属性或索引器“Message.MessageId”赋值 - 它是只读的 [/root/WorkSpace/CSharp/TelegramSearchBot/feature/project-restructure-implementation/TelegramSearchBot.Test/TelegramSearchBot.Test.csproj]
/root/WorkSpace/CSharp/TelegramSearchBot/feature/project-restructure-implementation/TelegramSearchBot.Test/Examples/TestToolsExample.cs(280,17): error CS0103: 当前上下文中不存在名称“SimulateLLMRequestAsync” [/root/WorkSpace/CSharp/TelegramSearchBot/feature/project-restructure-implementation/TelegramSearchBot.Test/TelegramSearchBot.Test.csproj]
/root/WorkSpace/CSharp/TelegramSearchBot/feature/project-restructure-implementation/TelegramSearchBot.Test/Controller/AI/LLM/AltPhotoControllerTests.cs(206,63): error CS0433: 类型“CannotGetPhotoException”同时存在于“TelegramSearchBot.Common, Version=1.0.0.0, Culture=neutral, PublicKeyToken=null”和“TelegramSearchBot, Version=1.0.0.0, Culture=neutral, PublicKeyToken=null”中 [/root/WorkSpace/CSharp/TelegramSearchBot/feature/project-restructure-implementation/TelegramSearchBot.Test/TelegramSearchBot.Test.csproj]
/root/WorkSpace/CSharp/TelegramSearchBot/feature/project-restructure-implementation/TelegramSearchBot.Test/Helpers/TestDataFactory.cs(275,17): error CS0200: 无法为属性或索引器“Message.MessageId”赋值 - 它是只读的 [/root/WorkSpace/CSharp/TelegramSearchBot/feature/project-restructure-implementation/TelegramSearchBot.Test/TelegramSearchBot.Test.csproj]
/root/WorkSpace/CSharp/TelegramSearchBot/feature/project-restructure-implementation/TelegramSearchBot.Test/Helpers/TestDataFactory.cs(291,17): error CS0200: 无法为属性或索引器“Message.MessageId”赋值 - 它是只读的 [/root/WorkSpace/CSharp/TelegramSearchBot/feature/project-restructure-implementation/TelegramSearchBot.Test/TelegramSearchBot.Test.csproj]
/root/WorkSpace/CSharp/TelegramSearchBot/feature/project-restructure-implementation/TelegramSearchBot.Test/Application/Features/Messages/MessageApplicationServiceTests.cs(397,53): error CS0854: 表达式树可能不包含使用可选参数的调用 [/root/WorkSpace/CSharp/TelegramSearchBot/feature/project-restructure-implementation/TelegramSearchBot.Test/TelegramSearchBot.Test.csproj]
/root/WorkSpace/CSharp/TelegramSearchBot/feature/project-restructure-implementation/TelegramSearchBot.Test/Infrastructure/Search/Repositories/MessageSearchRepositoryTests.cs(205,66): error CS1503: 参数 3: 无法从“int”转换为“string” [/root/WorkSpace/CSharp/TelegramSearchBot/feature/project-restructure-implementation/TelegramSearchBot.Test/TelegramSearchBot.Test.csproj]
/root/WorkSpace/CSharp/TelegramSearchBot/feature/project-restructure-implementation/TelegramSearchBot.Test/Infrastructure/Search/Repositories/MessageSearchRepositoryTests.cs(206,42): error CS0246: 未能找到类型或命名空间名“SearchResult”(是否缺少 using 指令或程序集引用?) [/root/WorkSpace/CSharp/TelegramSearchBot/feature/project-restructure-implementation/TelegramSearchBot.Test/TelegramSearchBot.Test.csproj]
/root/WorkSpace/CSharp/TelegramSearchBot/feature/project-restructure-implementation/TelegramSearchBot.Test/Infrastructure/Search/Repositories/MessageSearchRepositoryTests.cs(208,21): error CS0246: 未能找到类型或命名空间名“SearchResult”(是否缺少 using 指令或程序集引用?) [/root/WorkSpace/CSharp/TelegramSearchBot/feature/project-restructure-implementation/TelegramSearchBot.Test/TelegramSearchBot.Test.csproj]
/root/WorkSpace/CSharp/TelegramSearchBot/feature/project-restructure-implementation/TelegramSearchBot.Test/Infrastructure/Search/Repositories/MessageSearchRepositoryTests.cs(209,21): error CS0246: 未能找到类型或命名空间名“SearchResult”(是否缺少 using 指令或程序集引用?) [/root/WorkSpace/CSharp/TelegramSearchBot/feature/project-restructure-implementation/TelegramSearchBot.Test/TelegramSearchBot.Test.csproj]
/root/WorkSpace/CSharp/TelegramSearchBot/feature/project-restructure-implementation/TelegramSearchBot.Test/Infrastructure/Search/Repositories/MessageSearchRepositoryTests.cs(212,52): error CS1503: 参数 1: 无法从“long”转换为“string” [/root/WorkSpace/CSharp/TelegramSearchBot/feature/project-restructure-implementation/TelegramSearchBot.Test/TelegramSearchBot.Test.csproj]
/root/WorkSpace/CSharp/TelegramSearchBot/feature/project-restructure-implementation/TelegramSearchBot.Test/Infrastructure/Search/Repositories/MessageSearchRepositoryTests.cs(212,67): error CS1503: 参数 2: 无法从“string”转换为“long” [/root/WorkSpace/CSharp/TelegramSearchBot/feature/project-restructure-implementation/TelegramSearchBot.Test/TelegramSearchBot.Test.csproj]
/root/WorkSpace/CSharp/TelegramSearchBot/feature/project-restructure-implementation/TelegramSearchBot.Test/Controllers/AI/AutoOCRControllerTests.cs(121,24): error CS1061: “ITelegramBotClient”未包含“GetFileAsync”的定义，并且找不到可接受第一个“ITelegramBotClient”类型参数的可访问扩展方法“GetFileAsync”(是否缺少 using 指令或程序集引用?) [/root/WorkSpace/CSharp/TelegramSearchBot/feature/project-restructure-implementation/TelegramSearchBot.Test/TelegramSearchBot.Test.csproj]
/root/WorkSpace/CSharp/TelegramSearchBot/feature/project-restructure-implementation/TelegramSearchBot.Test/Controllers/AI/AutoOCRControllerTests.cs(125,24): error CS1061: “IGeneralLLMService”未包含“GetOCRAsync”的定义，并且找不到可接受第一个“IGeneralLLMService”类型参数的可访问扩展方法“GetOCRAsync”(是否缺少 using 指令或程序集引用?) [/root/WorkSpace/CSharp/TelegramSearchBot/feature/project-restructure-implementation/TelegramSearchBot.Test/TelegramSearchBot.Test.csproj]
/root/WorkSpace/CSharp/TelegramSearchBot/feature/project-restructure-implementation/TelegramSearchBot.Test/Controllers/AI/AutoOCRControllerTests.cs(136,24): error CS0144: 无法创建抽象类型或接口“FileBase”的实例 [/root/WorkSpace/CSharp/TelegramSearchBot/feature/project-restructure-implementation/TelegramSearchBot.Test/TelegramSearchBot.Test.csproj]
/root/WorkSpace/CSharp/TelegramSearchBot/feature/project-restructure-implementation/TelegramSearchBot.Test/Controllers/AI/AutoOCRControllerTests.cs(138,31): error CS1061: “ITelegramBotClient”未包含“GetFileAsync”的定义，并且找不到可接受第一个“ITelegramBotClient”类型参数的可访问扩展方法“GetFileAsync”(是否缺少 using 指令或程序集引用?) [/root/WorkSpace/CSharp/TelegramSearchBot/feature/project-restructure-implementation/TelegramSearchBot.Test/TelegramSearchBot.Test.csproj]
/root/WorkSpace/CSharp/TelegramSearchBot/feature/project-restructure-implementation/TelegramSearchBot.Test/Controllers/AI/AutoOCRControllerTests.cs(142,31): error CS1061: “IGeneralLLMService”未包含“GetOCRAsync”的定义，并且找不到可接受第一个“IGeneralLLMService”类型参数的可访问扩展方法“GetOCRAsync”(是否缺少 using 指令或程序集引用?) [/root/WorkSpace/CSharp/TelegramSearchBot/feature/project-restructure-implementation/TelegramSearchBot.Test/TelegramSearchBot.Test.csproj]
/root/WorkSpace/CSharp/TelegramSearchBot/feature/project-restructure-implementation/TelegramSearchBot.Test/Infrastructure/Search/Repositories/MessageSearchRepositoryTests.cs(227,66): error CS1503: 参数 3: 无法从“int”转换为“string” [/root/WorkSpace/CSharp/TelegramSearchBot/feature/project-restructure-implementation/TelegramSearchBot.Test/TelegramSearchBot.Test.csproj]
/root/WorkSpace/CSharp/TelegramSearchBot/feature/project-restructure-implementation/TelegramSearchBot.Test/Infrastructure/Search/Repositories/MessageSearchRepositoryTests.cs(228,42): error CS0246: 未能找到类型或命名空间名“SearchResult”(是否缺少 using 指令或程序集引用?) [/root/WorkSpace/CSharp/TelegramSearchBot/feature/project-restructure-implementation/TelegramSearchBot.Test/TelegramSearchBot.Test.csproj]
/root/WorkSpace/CSharp/TelegramSearchBot/feature/project-restructure-implementation/TelegramSearchBot.Test/Infrastructure/Search/Repositories/MessageSearchRepositoryTests.cs(230,52): error CS1503: 参数 1: 无法从“long”转换为“string” [/root/WorkSpace/CSharp/TelegramSearchBot/feature/project-restructure-implementation/TelegramSearchBot.Test/TelegramSearchBot.Test.csproj]
/root/WorkSpace/CSharp/TelegramSearchBot/feature/project-restructure-implementation/TelegramSearchBot.Test/Infrastructure/Search/Repositories/MessageSearchRepositoryTests.cs(230,67): error CS1503: 参数 2: 无法从“string”转换为“long” [/root/WorkSpace/CSharp/TelegramSearchBot/feature/project-restructure-implementation/TelegramSearchBot.Test/TelegramSearchBot.Test.csproj]
/root/WorkSpace/CSharp/TelegramSearchBot/feature/project-restructure-implementation/TelegramSearchBot.Test/Domain/Message/MessageRepositoryTests.cs(29,31): error CS1729: “MessageRepository”不包含采用 2 个参数的构造函数 [/root/WorkSpace/CSharp/TelegramSearchBot/feature/project-restructure-implementation/TelegramSearchBot.Test/TelegramSearchBot.Test.csproj]
/root/WorkSpace/CSharp/TelegramSearchBot/feature/project-restructure-implementation/TelegramSearchBot.Test/Integration/SimpleCoreIntegrationTests.cs(50,32): error CS0246: 未能找到类型或命名空间名“IMessageRepository”(是否缺少 using 指令或程序集引用?) [/root/WorkSpace/CSharp/TelegramSearchBot/feature/project-restructure-implementation/TelegramSearchBot.Test/TelegramSearchBot.Test.csproj]
/root/WorkSpace/CSharp/TelegramSearchBot/feature/project-restructure-implementation/TelegramSearchBot.Test/Integration/SimpleCoreIntegrationTests.cs(50,22): error CS0311: 类型“TelegramSearchBot.Domain.Message.MessageRepository”不能用作泛型类型或方法“ServiceCollectionServiceExtensions.AddScoped<TService, TImplementation>(IServiceCollection)”中的类型参数“TImplementation”。没有从“TelegramSearchBot.Domain.Message.MessageRepository”到“IMessageRepository”的隐式引用转换。 [/root/WorkSpace/CSharp/TelegramSearchBot/feature/project-restructure-implementation/TelegramSearchBot.Test/TelegramSearchBot.Test.csproj]
/root/WorkSpace/CSharp/TelegramSearchBot/feature/project-restructure-implementation/TelegramSearchBot.Test/Integration/SimpleCoreIntegrationTests.cs(69,66): error CS0246: 未能找到类型或命名空间名“IMessageRepository”(是否缺少 using 指令或程序集引用?) [/root/WorkSpace/CSharp/TelegramSearchBot/feature/project-restructure-implementation/TelegramSearchBot.Test/TelegramSearchBot.Test.csproj]
/root/WorkSpace/CSharp/TelegramSearchBot/feature/project-restructure-implementation/TelegramSearchBot.Test/Domain/Message/MessageRepositoryTests.cs(50,43): error CS1061: “IMessageRepository”未包含“GetMessagesByGroupIdAsync”的定义，并且找不到可接受第一个“IMessageRepository”类型参数的可访问扩展方法“GetMessagesByGroupIdAsync”(是否缺少 using 指令或程序集引用?) [/root/WorkSpace/CSharp/TelegramSearchBot/feature/project-restructure-implementation/TelegramSearchBot.Test/TelegramSearchBot.Test.csproj]
/root/WorkSpace/CSharp/TelegramSearchBot/feature/project-restructure-implementation/TelegramSearchBot.Test/Domain/Message/MessageRepositoryTests.cs(73,43): error CS1061: “IMessageRepository”未包含“GetMessagesByGroupIdAsync”的定义，并且找不到可接受第一个“IMessageRepository”类型参数的可访问扩展方法“GetMessagesByGroupIdAsync”(是否缺少 using 指令或程序集引用?) [/root/WorkSpace/CSharp/TelegramSearchBot/feature/project-restructure-implementation/TelegramSearchBot.Test/TelegramSearchBot.Test.csproj]
/root/WorkSpace/CSharp/TelegramSearchBot/feature/project-restructure-implementation/TelegramSearchBot.Test/Infrastructure/Search/Repositories/MessageSearchRepositoryTests.cs(250,85): error CS1503: 参数 4: 无法从“int”转换为“string” [/root/WorkSpace/CSharp/TelegramSearchBot/feature/project-restructure-implementation/TelegramSearchBot.Test/TelegramSearchBot.Test.csproj]
/root/WorkSpace/CSharp/TelegramSearchBot/feature/project-restructure-implementation/TelegramSearchBot.Test/Infrastructure/Search/Repositories/MessageSearchRepositoryTests.cs(253,42): error CS0246: 未能找到类型或命名空间名“SearchResult”(是否缺少 using 指令或程序集引用?) [/root/WorkSpace/CSharp/TelegramSearchBot/feature/project-restructure-implementation/TelegramSearchBot.Test/TelegramSearchBot.Test.csproj]
/root/WorkSpace/CSharp/TelegramSearchBot/feature/project-restructure-implementation/TelegramSearchBot.Test/Infrastructure/Search/Repositories/MessageSearchRepositoryTests.cs(255,21): error CS0246: 未能找到类型或命名空间名“SearchResult”(是否缺少 using 指令或程序集引用?) [/root/WorkSpace/CSharp/TelegramSearchBot/feature/project-restructure-implementation/TelegramSearchBot.Test/TelegramSearchBot.Test.csproj]
/root/WorkSpace/CSharp/TelegramSearchBot/feature/project-restructure-implementation/TelegramSearchBot.Test/Infrastructure/Search/Repositories/MessageSearchRepositoryTests.cs(258,52): error CS1503: 参数 1: 无法从“long”转换为“string” [/root/WorkSpace/CSharp/TelegramSearchBot/feature/project-restructure-implementation/TelegramSearchBot.Test/TelegramSearchBot.Test.csproj]
/root/WorkSpace/CSharp/TelegramSearchBot/feature/project-restructure-implementation/TelegramSearchBot.Test/Infrastructure/Search/Repositories/MessageSearchRepositoryTests.cs(258,67): error CS1503: 参数 2: 无法从“string”转换为“long” [/root/WorkSpace/CSharp/TelegramSearchBot/feature/project-restructure-implementation/TelegramSearchBot.Test/TelegramSearchBot.Test.csproj]
/root/WorkSpace/CSharp/TelegramSearchBot/feature/project-restructure-implementation/TelegramSearchBot.Test/Domain/Message/MessageRepositoryTests.cs(88,28): error CS1061: “IMessageRepository”未包含“GetMessagesByGroupIdAsync”的定义，并且找不到可接受第一个“IMessageRepository”类型参数的可访问扩展方法“GetMessagesByGroupIdAsync”(是否缺少 using 指令或程序集引用?) [/root/WorkSpace/CSharp/TelegramSearchBot/feature/project-restructure-implementation/TelegramSearchBot.Test/TelegramSearchBot.Test.csproj]
/root/WorkSpace/CSharp/TelegramSearchBot/feature/project-restructure-implementation/TelegramSearchBot.Test/Examples/TestToolsExample.cs(308,23): error CS0103: 当前上下文中不存在名称“SimulateBotMessageReceivedAsync” [/root/WorkSpace/CSharp/TelegramSearchBot/feature/project-restructure-implementation/TelegramSearchBot.Test/TelegramSearchBot.Test.csproj]
/root/WorkSpace/CSharp/TelegramSearchBot/feature/project-restructure-implementation/TelegramSearchBot.Test/Domain/Message/MessageServiceTests.cs(46,24): error CS1729: “MessageService”不包含采用 5 个参数的构造函数 [/root/WorkSpace/CSharp/TelegramSearchBot/feature/project-restructure-implementation/TelegramSearchBot.Test/TelegramSearchBot.Test.csproj]
/root/WorkSpace/CSharp/TelegramSearchBot/feature/project-restructure-implementation/TelegramSearchBot.Test/Domain/Message/Integration/MessageProcessingIntegrationTests.cs(180,69): error CS0103: 当前上下文中不存在名称“CreateMockDbSet” [/root/WorkSpace/CSharp/TelegramSearchBot/feature/project-restructure-implementation/TelegramSearchBot.Test/TelegramSearchBot.Test.csproj]
/root/WorkSpace/CSharp/TelegramSearchBot/feature/project-restructure-implementation/TelegramSearchBot.Test/Domain/Message/Integration/MessageProcessingIntegrationTests.cs(181,63): error CS0103: 当前上下文中不存在名称“CreateMockDbSet” [/root/WorkSpace/CSharp/TelegramSearchBot/feature/project-restructure-implementation/TelegramSearchBot.Test/TelegramSearchBot.Test.csproj]
/root/WorkSpace/CSharp/TelegramSearchBot/feature/project-restructure-implementation/TelegramSearchBot.Test/Domain/Message/Integration/MessageProcessingIntegrationTests.cs(182,64): error CS0103: 当前上下文中不存在名称“CreateMockDbSet” [/root/WorkSpace/CSharp/TelegramSearchBot/feature/project-restructure-implementation/TelegramSearchBot.Test/TelegramSearchBot.Test.csproj]
/root/WorkSpace/CSharp/TelegramSearchBot/feature/project-restructure-implementation/TelegramSearchBot.Test/Domain/Message/Integration/MessageProcessingIntegrationTests.cs(183,63): error CS0103: 当前上下文中不存在名称“CreateMockDbSet” [/root/WorkSpace/CSharp/TelegramSearchBot/feature/project-restructure-implementation/TelegramSearchBot.Test/TelegramSearchBot.Test.csproj]
/root/WorkSpace/CSharp/TelegramSearchBot/feature/project-restructure-implementation/TelegramSearchBot.Test/Controllers/AI/AutoOCRControllerTests.cs(167,29): error CS0144: 无法创建抽象类型或接口“FileBase”的实例 [/root/WorkSpace/CSharp/TelegramSearchBot/feature/project-restructure-implementation/TelegramSearchBot.Test/TelegramSearchBot.Test.csproj]
/root/WorkSpace/CSharp/TelegramSearchBot/feature/project-restructure-implementation/TelegramSearchBot.Test/Controllers/AI/AutoOCRControllerTests.cs(174,31): error CS1061: “ITelegramBotClient”未包含“GetFileAsync”的定义，并且找不到可接受第一个“ITelegramBotClient”类型参数的可访问扩展方法“GetFileAsync”(是否缺少 using 指令或程序集引用?) [/root/WorkSpace/CSharp/TelegramSearchBot/feature/project-restructure-implementation/TelegramSearchBot.Test/TelegramSearchBot.Test.csproj]
/root/WorkSpace/CSharp/TelegramSearchBot/feature/project-restructure-implementation/TelegramSearchBot.Test/Controllers/AI/AutoOCRControllerTests.cs(178,31): error CS1061: “IGeneralLLMService”未包含“GetOCRAsync”的定义，并且找不到可接受第一个“IGeneralLLMService”类型参数的可访问扩展方法“GetOCRAsync”(是否缺少 using 指令或程序集引用?) [/root/WorkSpace/CSharp/TelegramSearchBot/feature/project-restructure-implementation/TelegramSearchBot.Test/TelegramSearchBot.Test.csproj]
/root/WorkSpace/CSharp/TelegramSearchBot/feature/project-restructure-implementation/TelegramSearchBot.Test/Controllers/AI/AutoOCRControllerTests.cs(190,24): error CS1061: “IGeneralLLMService”未包含“GetOCRAsync”的定义，并且找不到可接受第一个“IGeneralLLMService”类型参数的可访问扩展方法“GetOCRAsync”(是否缺少 using 指令或程序集引用?) [/root/WorkSpace/CSharp/TelegramSearchBot/feature/project-restructure-implementation/TelegramSearchBot.Test/TelegramSearchBot.Test.csproj]
/root/WorkSpace/CSharp/TelegramSearchBot/feature/project-restructure-implementation/TelegramSearchBot.Test/Controllers/Bilibili/BiliMessageControllerTests.cs(158,21): error CS7036: 未提供与“BiliMessageController.BiliMessageController(ITelegramBotClient, IBiliApiService, BiliVideoProcessingService, BiliOpusProcessingService, VideoView, GenericView, ILogger<BiliMessageController>, ILogger<VideoView>)”的所需参数“genericView”对应的参数 [/root/WorkSpace/CSharp/TelegramSearchBot/feature/project-restructure-implementation/TelegramSearchBot.Test/TelegramSearchBot.Test.csproj]
/root/WorkSpace/CSharp/TelegramSearchBot/feature/project-restructure-implementation/TelegramSearchBot.Test/Controllers/Bilibili/BiliMessageControllerTests.cs(162,21): error CS7036: 未提供与“BiliMessageController.BiliMessageController(ITelegramBotClient, IBiliApiService, BiliVideoProcessingService, BiliOpusProcessingService, VideoView, GenericView, ILogger<BiliMessageController>, ILogger<VideoView>)”的所需参数“genericView”对应的参数 [/root/WorkSpace/CSharp/TelegramSearchBot/feature/project-restructure-implementation/TelegramSearchBot.Test/TelegramSearchBot.Test.csproj]
/root/WorkSpace/CSharp/TelegramSearchBot/feature/project-restructure-implementation/TelegramSearchBot.Test/Infrastructure/Search/Repositories/MessageSearchRepositoryTests.cs(275,85): error CS1503: 参数 4: 无法从“int”转换为“string” [/root/WorkSpace/CSharp/TelegramSearchBot/feature/project-restructure-implementation/TelegramSearchBot.Test/TelegramSearchBot.Test.csproj]
/root/WorkSpace/CSharp/TelegramSearchBot/feature/project-restructure-implementation/TelegramSearchBot.Test/Infrastructure/Search/Repositories/MessageSearchRepositoryTests.cs(278,42): error CS0246: 未能找到类型或命名空间名“SearchResult”(是否缺少 using 指令或程序集引用?) [/root/WorkSpace/CSharp/TelegramSearchBot/feature/project-restructure-implementation/TelegramSearchBot.Test/TelegramSearchBot.Test.csproj]
/root/WorkSpace/CSharp/TelegramSearchBot/feature/project-restructure-implementation/TelegramSearchBot.Test/Infrastructure/Search/Repositories/MessageSearchRepositoryTests.cs(280,52): error CS1503: 参数 1: 无法从“long”转换为“string” [/root/WorkSpace/CSharp/TelegramSearchBot/feature/project-restructure-implementation/TelegramSearchBot.Test/TelegramSearchBot.Test.csproj]
/root/WorkSpace/CSharp/TelegramSearchBot/feature/project-restructure-implementation/TelegramSearchBot.Test/Infrastructure/Search/Repositories/MessageSearchRepositoryTests.cs(280,67): error CS1503: 参数 2: 无法从“string”转换为“long” [/root/WorkSpace/CSharp/TelegramSearchBot/feature/project-restructure-implementation/TelegramSearchBot.Test/TelegramSearchBot.Test.csproj]
/root/WorkSpace/CSharp/TelegramSearchBot/feature/project-restructure-implementation/TelegramSearchBot.Test/Application/Features/Messages/MessageApplicationServiceTests.cs(418,53): error CS0854: 表达式树可能不包含使用可选参数的调用 [/root/WorkSpace/CSharp/TelegramSearchBot/feature/project-restructure-implementation/TelegramSearchBot.Test/TelegramSearchBot.Test.csproj]
/root/WorkSpace/CSharp/TelegramSearchBot/feature/project-restructure-implementation/TelegramSearchBot.Test/Application/Features/Messages/MessageApplicationServiceTests.cs(426,54): error CS0854: 表达式树可能不包含使用可选参数的调用 [/root/WorkSpace/CSharp/TelegramSearchBot/feature/project-restructure-implementation/TelegramSearchBot.Test/TelegramSearchBot.Test.csproj]
/root/WorkSpace/CSharp/TelegramSearchBot/feature/project-restructure-implementation/TelegramSearchBot.Test/Infrastructure/Search/Repositories/MessageSearchRepositoryTests.cs(296,85): error CS1503: 参数 4: 无法从“int”转换为“string” [/root/WorkSpace/CSharp/TelegramSearchBot/feature/project-restructure-implementation/TelegramSearchBot.Test/TelegramSearchBot.Test.csproj]
/root/WorkSpace/CSharp/TelegramSearchBot/feature/project-restructure-implementation/TelegramSearchBot.Test/Infrastructure/Search/Repositories/MessageSearchRepositoryTests.cs(299,42): error CS0246: 未能找到类型或命名空间名“SearchResult”(是否缺少 using 指令或程序集引用?) [/root/WorkSpace/CSharp/TelegramSearchBot/feature/project-restructure-implementation/TelegramSearchBot.Test/TelegramSearchBot.Test.csproj]
/root/WorkSpace/CSharp/TelegramSearchBot/feature/project-restructure-implementation/TelegramSearchBot.Test/Infrastructure/Search/Repositories/MessageSearchRepositoryTests.cs(301,52): error CS1503: 参数 1: 无法从“long”转换为“string” [/root/WorkSpace/CSharp/TelegramSearchBot/feature/project-restructure-implementation/TelegramSearchBot.Test/TelegramSearchBot.Test.csproj]
/root/WorkSpace/CSharp/TelegramSearchBot/feature/project-restructure-implementation/TelegramSearchBot.Test/Infrastructure/Search/Repositories/MessageSearchRepositoryTests.cs(301,67): error CS1503: 参数 2: 无法从“string”转换为“long” [/root/WorkSpace/CSharp/TelegramSearchBot/feature/project-restructure-implementation/TelegramSearchBot.Test/TelegramSearchBot.Test.csproj]
/root/WorkSpace/CSharp/TelegramSearchBot/feature/project-restructure-implementation/TelegramSearchBot.Test/Domain/Message/MessageRepositoryTests.cs(109,43): error CS1061: “IMessageRepository”未包含“GetMessageByIdAsync”的定义，并且找不到可接受第一个“IMessageRepository”类型参数的可访问扩展方法“GetMessageByIdAsync”(是否缺少 using 指令或程序集引用?) [/root/WorkSpace/CSharp/TelegramSearchBot/feature/project-restructure-implementation/TelegramSearchBot.Test/TelegramSearchBot.Test.csproj]
/root/WorkSpace/CSharp/TelegramSearchBot/feature/project-restructure-implementation/TelegramSearchBot.Test/Domain/Message/MessageRepositoryTests.cs(133,43): error CS1061: “IMessageRepository”未包含“GetMessageByIdAsync”的定义，并且找不到可接受第一个“IMessageRepository”类型参数的可访问扩展方法“GetMessageByIdAsync”(是否缺少 using 指令或程序集引用?) [/root/WorkSpace/CSharp/TelegramSearchBot/feature/project-restructure-implementation/TelegramSearchBot.Test/TelegramSearchBot.Test.csproj]
/root/WorkSpace/CSharp/TelegramSearchBot/feature/project-restructure-implementation/TelegramSearchBot.Test/Domain/Message/MessageRepositoryTests.cs(149,28): error CS1061: “IMessageRepository”未包含“GetMessageByIdAsync”的定义，并且找不到可接受第一个“IMessageRepository”类型参数的可访问扩展方法“GetMessageByIdAsync”(是否缺少 using 指令或程序集引用?) [/root/WorkSpace/CSharp/TelegramSearchBot/feature/project-restructure-implementation/TelegramSearchBot.Test/TelegramSearchBot.Test.csproj]
/root/WorkSpace/CSharp/TelegramSearchBot/feature/project-restructure-implementation/TelegramSearchBot.Test/Domain/Message/MessageRepositoryTests.cs(162,28): error CS1061: “IMessageRepository”未包含“GetMessageByIdAsync”的定义，并且找不到可接受第一个“IMessageRepository”类型参数的可访问扩展方法“GetMessageByIdAsync”(是否缺少 using 指令或程序集引用?) [/root/WorkSpace/CSharp/TelegramSearchBot/feature/project-restructure-implementation/TelegramSearchBot.Test/TelegramSearchBot.Test.csproj]
/root/WorkSpace/CSharp/TelegramSearchBot/feature/project-restructure-implementation/TelegramSearchBot.Test/Infrastructure/Search/Repositories/MessageSearchRepositoryTests.cs(323,52): error CS1503: 参数 1: 无法从“long”转换为“string” [/root/WorkSpace/CSharp/TelegramSearchBot/feature/project-restructure-implementation/TelegramSearchBot.Test/TelegramSearchBot.Test.csproj]
/root/WorkSpace/CSharp/TelegramSearchBot/feature/project-restructure-implementation/TelegramSearchBot.Test/Infrastructure/Search/Repositories/MessageSearchRepositoryTests.cs(323,70): error CS1503: 参数 2: 无法从“string”转换为“long” [/root/WorkSpace/CSharp/TelegramSearchBot/feature/project-restructure-implementation/TelegramSearchBot.Test/TelegramSearchBot.Test.csproj]
/root/WorkSpace/CSharp/TelegramSearchBot/feature/project-restructure-implementation/TelegramSearchBot.Test/Infrastructure/Search/Repositories/MessageSearchRepositoryTests.cs(325,35): error CS0246: 未能找到类型或命名空间名“SearchResult”(是否缺少 using 指令或程序集引用?) [/root/WorkSpace/CSharp/TelegramSearchBot/feature/project-restructure-implementation/TelegramSearchBot.Test/TelegramSearchBot.Test.csproj]
/root/WorkSpace/CSharp/TelegramSearchBot/feature/project-restructure-implementation/TelegramSearchBot.Test/Application/Features/Messages/MessageApplicationServiceTests.cs(436,53): error CS0854: 表达式树可能不包含使用可选参数的调用 [/root/WorkSpace/CSharp/TelegramSearchBot/feature/project-restructure-implementation/TelegramSearchBot.Test/TelegramSearchBot.Test.csproj]
/root/WorkSpace/CSharp/TelegramSearchBot/feature/project-restructure-implementation/TelegramSearchBot.Test/Controllers/AI/AutoOCRControllerTests.cs(201,24): error CS0144: 无法创建抽象类型或接口“FileBase”的实例 [/root/WorkSpace/CSharp/TelegramSearchBot/feature/project-restructure-implementation/TelegramSearchBot.Test/TelegramSearchBot.Test.csproj]
/root/WorkSpace/CSharp/TelegramSearchBot/feature/project-restructure-implementation/TelegramSearchBot.Test/Controllers/AI/AutoOCRControllerTests.cs(203,31): error CS1061: “ITelegramBotClient”未包含“GetFileAsync”的定义，并且找不到可接受第一个“ITelegramBotClient”类型参数的可访问扩展方法“GetFileAsync”(是否缺少 using 指令或程序集引用?) [/root/WorkSpace/CSharp/TelegramSearchBot/feature/project-restructure-implementation/TelegramSearchBot.Test/TelegramSearchBot.Test.csproj]
/root/WorkSpace/CSharp/TelegramSearchBot/feature/project-restructure-implementation/TelegramSearchBot.Test/Controllers/AI/AutoOCRControllerTests.cs(208,31): error CS1061: “IGeneralLLMService”未包含“GetOCRAsync”的定义，并且找不到可接受第一个“IGeneralLLMService”类型参数的可访问扩展方法“GetOCRAsync”(是否缺少 using 指令或程序集引用?) [/root/WorkSpace/CSharp/TelegramSearchBot/feature/project-restructure-implementation/TelegramSearchBot.Test/TelegramSearchBot.Test.csproj]
/root/WorkSpace/CSharp/TelegramSearchBot/feature/project-restructure-implementation/TelegramSearchBot.Test/Domain/Message/MessageRepositoryTests.cs(184,43): error CS1061: “IMessageRepository”未包含“AddMessageAsync”的定义，并且找不到可接受第一个“IMessageRepository”类型参数的可访问扩展方法“AddMessageAsync”(是否缺少 using 指令或程序集引用?) [/root/WorkSpace/CSharp/TelegramSearchBot/feature/project-restructure-implementation/TelegramSearchBot.Test/TelegramSearchBot.Test.csproj]
/root/WorkSpace/CSharp/TelegramSearchBot/feature/project-restructure-implementation/TelegramSearchBot.Test/Domain/Message/MessageRepositoryTests.cs(199,78): error CS1061: “IMessageRepository”未包含“AddMessageAsync”的定义，并且找不到可接受第一个“IMessageRepository”类型参数的可访问扩展方法“AddMessageAsync”(是否缺少 using 指令或程序集引用?) [/root/WorkSpace/CSharp/TelegramSearchBot/feature/project-restructure-implementation/TelegramSearchBot.Test/TelegramSearchBot.Test.csproj]
/root/WorkSpace/CSharp/TelegramSearchBot/feature/project-restructure-implementation/TelegramSearchBot.Test/Integration/SimpleCoreIntegrationTests.cs(97,66): error CS0246: 未能找到类型或命名空间名“IMessageRepository”(是否缺少 using 指令或程序集引用?) [/root/WorkSpace/CSharp/TelegramSearchBot/feature/project-restructure-implementation/TelegramSearchBot.Test/TelegramSearchBot.Test.csproj]
/root/WorkSpace/CSharp/TelegramSearchBot/feature/project-restructure-implementation/TelegramSearchBot.Test/Helpers/MockServiceFactory.cs(383,31): error CS1061: “SendMessage”未包含“SendMessageAsync”的定义，并且找不到可接受第一个“SendMessage”类型参数的可访问扩展方法“SendMessageAsync”(是否缺少 using 指令或程序集引用?) [/root/WorkSpace/CSharp/TelegramSearchBot/feature/project-restructure-implementation/TelegramSearchBot.Test/TelegramSearchBot.Test.csproj]
/root/WorkSpace/CSharp/TelegramSearchBot/feature/project-restructure-implementation/TelegramSearchBot.Test/Domain/Message/MessageRepositoryTests.cs(206,38): error CS0246: 未能找到类型或命名空间名“MessageBuilder”(是否缺少 using 指令或程序集引用?) [/root/WorkSpace/CSharp/TelegramSearchBot/feature/project-restructure-implementation/TelegramSearchBot.Test/TelegramSearchBot.Test.csproj]
/root/WorkSpace/CSharp/TelegramSearchBot/feature/project-restructure-implementation/TelegramSearchBot.Test/Domain/Message/MessageRepositoryTests.cs(214,74): error CS1061: “IMessageRepository”未包含“AddMessageAsync”的定义，并且找不到可接受第一个“IMessageRepository”类型参数的可访问扩展方法“AddMessageAsync”(是否缺少 using 指令或程序集引用?) [/root/WorkSpace/CSharp/TelegramSearchBot/feature/project-restructure-implementation/TelegramSearchBot.Test/TelegramSearchBot.Test.csproj]
/root/WorkSpace/CSharp/TelegramSearchBot/feature/project-restructure-implementation/TelegramSearchBot.Test/Integration/SimpleCoreIntegrationTests.cs(130,66): error CS0246: 未能找到类型或命名空间名“IMessageRepository”(是否缺少 using 指令或程序集引用?) [/root/WorkSpace/CSharp/TelegramSearchBot/feature/project-restructure-implementation/TelegramSearchBot.Test/TelegramSearchBot.Test.csproj]
/root/WorkSpace/CSharp/TelegramSearchBot/feature/project-restructure-implementation/TelegramSearchBot.Test/Domain/Message/Performance/MessageProcessingPerformanceTests.cs(45,30): error CS0103: 当前上下文中不存在名称“CreateMockDbContext” [/root/WorkSpace/CSharp/TelegramSearchBot/feature/project-restructure-implementation/TelegramSearchBot.Test/TelegramSearchBot.Test.csproj]
/root/WorkSpace/CSharp/TelegramSearchBot/feature/project-restructure-implementation/TelegramSearchBot.Test/Infrastructure/Search/Repositories/MessageSearchRepositoryTests.cs(342,68): error CS0246: 未能找到类型或命名空间名“SearchDocument”(是否缺少 using 指令或程序集引用?) [/root/WorkSpace/CSharp/TelegramSearchBot/feature/project-restructure-implementation/TelegramSearchBot.Test/TelegramSearchBot.Test.csproj]
/root/WorkSpace/CSharp/TelegramSearchBot/feature/project-restructure-implementation/TelegramSearchBot.Test/Infrastructure/Search/Repositories/MessageSearchRepositoryTests.cs(342,45): error CS1061: “ILuceneManager”未包含“IndexDocument”的定义，并且找不到可接受第一个“ILuceneManager”类型参数的可访问扩展方法“IndexDocument”(是否缺少 using 指令或程序集引用?) [/root/WorkSpace/CSharp/TelegramSearchBot/feature/project-restructure-implementation/TelegramSearchBot.Test/TelegramSearchBot.Test.csproj]
/root/WorkSpace/CSharp/TelegramSearchBot/feature/project-restructure-implementation/TelegramSearchBot.Test/Domain/Message/Performance/MessageProcessingPerformanceTests.cs(52,24): error CS1729: “MessageService”不包含采用 5 个参数的构造函数 [/root/WorkSpace/CSharp/TelegramSearchBot/feature/project-restructure-implementation/TelegramSearchBot.Test/TelegramSearchBot.Test.csproj]
/root/WorkSpace/CSharp/TelegramSearchBot/feature/project-restructure-implementation/TelegramSearchBot.Test/Helpers/MockServiceFactory.cs(405,46): error CS1503: 参数 1: 无法从“System.Collections.Generic.IEnumerable<TelegramSearchBot.Model.Data.Message>”转换为“System.Collections.Generic.List<TelegramSearchBot.Model.Data.Message>” [/root/WorkSpace/CSharp/TelegramSearchBot/feature/project-restructure-implementation/TelegramSearchBot.Test/TelegramSearchBot.Test.csproj]
/root/WorkSpace/CSharp/TelegramSearchBot/feature/project-restructure-implementation/TelegramSearchBot.Test/Infrastructure/Search/Repositories/MessageSearchRepositoryTests.cs(360,52): error CS1503: 参数 1: 无法从“long”转换为“string” [/root/WorkSpace/CSharp/TelegramSearchBot/feature/project-restructure-implementation/TelegramSearchBot.Test/TelegramSearchBot.Test.csproj]
/root/WorkSpace/CSharp/TelegramSearchBot/feature/project-restructure-implementation/TelegramSearchBot.Test/Infrastructure/Search/Repositories/MessageSearchRepositoryTests.cs(360,70): error CS1503: 参数 2: 无法从“string”转换为“long” [/root/WorkSpace/CSharp/TelegramSearchBot/feature/project-restructure-implementation/TelegramSearchBot.Test/TelegramSearchBot.Test.csproj]
/root/WorkSpace/CSharp/TelegramSearchBot/feature/project-restructure-implementation/TelegramSearchBot.Test/Domain/Message/MessageRepositoryTests.cs(240,43): error CS1061: “IMessageRepository”未包含“SearchMessagesAsync”的定义，并且找不到可接受第一个“IMessageRepository”类型参数的可访问扩展方法“SearchMessagesAsync”(是否缺少 using 指令或程序集引用?) [/root/WorkSpace/CSharp/TelegramSearchBot/feature/project-restructure-implementation/TelegramSearchBot.Test/TelegramSearchBot.Test.csproj]
/root/WorkSpace/CSharp/TelegramSearchBot/feature/project-restructure-implementation/TelegramSearchBot.Test/Domain/Message/MessageRepositoryTests.cs(263,43): error CS1061: “IMessageRepository”未包含“SearchMessagesAsync”的定义，并且找不到可接受第一个“IMessageRepository”类型参数的可访问扩展方法“SearchMessagesAsync”(是否缺少 using 指令或程序集引用?) [/root/WorkSpace/CSharp/TelegramSearchBot/feature/project-restructure-implementation/TelegramSearchBot.Test/TelegramSearchBot.Test.csproj]
/root/WorkSpace/CSharp/TelegramSearchBot/feature/project-restructure-implementation/TelegramSearchBot.Test/Domain/Message/MessageRepositoryTests.cs(278,28): error CS1061: “IMessageRepository”未包含“SearchMessagesAsync”的定义，并且找不到可接受第一个“IMessageRepository”类型参数的可访问扩展方法“SearchMessagesAsync”(是否缺少 using 指令或程序集引用?) [/root/WorkSpace/CSharp/TelegramSearchBot/feature/project-restructure-implementation/TelegramSearchBot.Test/TelegramSearchBot.Test.csproj]
/root/WorkSpace/CSharp/TelegramSearchBot/feature/project-restructure-implementation/TelegramSearchBot.Test/Application/Features/Messages/MessageApplicationServiceTests.cs(466,47): error CS0854: 表达式树可能不包含使用可选参数的调用 [/root/WorkSpace/CSharp/TelegramSearchBot/feature/project-restructure-implementation/TelegramSearchBot.Test/TelegramSearchBot.Test.csproj]
/root/WorkSpace/CSharp/TelegramSearchBot/feature/project-restructure-implementation/TelegramSearchBot.Test/Application/Features/Messages/MessageApplicationServiceTests.cs(468,47): error CS0854: 表达式树可能不包含使用可选参数的调用 [/root/WorkSpace/CSharp/TelegramSearchBot/feature/project-restructure-implementation/TelegramSearchBot.Test/TelegramSearchBot.Test.csproj]
/root/WorkSpace/CSharp/TelegramSearchBot/feature/project-restructure-implementation/TelegramSearchBot.Test/Application/Features/Messages/MessageApplicationServiceTests.cs(479,48): error CS0854: 表达式树可能不包含使用可选参数的调用 [/root/WorkSpace/CSharp/TelegramSearchBot/feature/project-restructure-implementation/TelegramSearchBot.Test/TelegramSearchBot.Test.csproj]
/root/WorkSpace/CSharp/TelegramSearchBot/feature/project-restructure-implementation/TelegramSearchBot.Test/Infrastructure/Search/Repositories/MessageSearchRepositoryTests.cs(376,68): error CS0246: 未能找到类型或命名空间名“SearchDocument”(是否缺少 using 指令或程序集引用?) [/root/WorkSpace/CSharp/TelegramSearchBot/feature/project-restructure-implementation/TelegramSearchBot.Test/TelegramSearchBot.Test.csproj]
/root/WorkSpace/CSharp/TelegramSearchBot/feature/project-restructure-implementation/TelegramSearchBot.Test/Infrastructure/Search/Repositories/MessageSearchRepositoryTests.cs(376,45): error CS1061: “ILuceneManager”未包含“IndexDocument”的定义，并且找不到可接受第一个“ILuceneManager”类型参数的可访问扩展方法“IndexDocument”(是否缺少 using 指令或程序集引用?) [/root/WorkSpace/CSharp/TelegramSearchBot/feature/project-restructure-implementation/TelegramSearchBot.Test/TelegramSearchBot.Test.csproj]
/root/WorkSpace/CSharp/TelegramSearchBot/feature/project-restructure-implementation/TelegramSearchBot.Test/Performance/VectorSearchBenchmarks.cs(57,31): error CS0103: 当前上下文中不存在名称“MessageTestDataFactory” [/root/WorkSpace/CSharp/TelegramSearchBot/feature/project-restructure-implementation/TelegramSearchBot.Test/TelegramSearchBot.Test.csproj]
/root/WorkSpace/CSharp/TelegramSearchBot/feature/project-restructure-implementation/TelegramSearchBot.Test/Performance/VectorSearchBenchmarks.cs(64,37): error CS1503: 参数 1: 无法从“(?, float[])”转换为“(TelegramSearchBot.Model.Data.Message Message, float[] Vector)” [/root/WorkSpace/CSharp/TelegramSearchBot/feature/project-restructure-implementation/TelegramSearchBot.Test/TelegramSearchBot.Test.csproj]
/root/WorkSpace/CSharp/TelegramSearchBot/feature/project-restructure-implementation/TelegramSearchBot.Test/Domain/Message/Performance/MessageProcessingPerformanceTests.cs(84,28): error CS0234: 命名空间“Telegram.Bot.Types”中不存在类型或命名空间名“ChatType”(是否缺少程序集引用?) [/root/WorkSpace/CSharp/TelegramSearchBot/feature/project-restructure-implementation/TelegramSearchBot.Test/TelegramSearchBot.Test.csproj]
/root/WorkSpace/CSharp/TelegramSearchBot/feature/project-restructure-implementation/TelegramSearchBot.Test/Manager/SendMessageSimpleTests.cs(64,29): error CS0854: 表达式树可能不包含使用可选参数的调用 [/root/WorkSpace/CSharp/TelegramSearchBot/feature/project-restructure-implementation/TelegramSearchBot.Test/TelegramSearchBot.Test.csproj]
/root/WorkSpace/CSharp/TelegramSearchBot/feature/project-restructure-implementation/TelegramSearchBot.Test/Domain/Message/MessageServiceTests.cs(111,21): error CS1061: “MessageService”未包含“ServiceName”的定义，并且找不到可接受第一个“MessageService”类型参数的可访问扩展方法“ServiceName”(是否缺少 using 指令或程序集引用?) [/root/WorkSpace/CSharp/TelegramSearchBot/feature/project-restructure-implementation/TelegramSearchBot.Test/TelegramSearchBot.Test.csproj]
/root/WorkSpace/CSharp/TelegramSearchBot/feature/project-restructure-implementation/TelegramSearchBot.Test/Manager/SendMessageSimpleTests.cs(95,29): error CS0854: 表达式树可能不包含使用可选参数的调用 [/root/WorkSpace/CSharp/TelegramSearchBot/feature/project-restructure-implementation/TelegramSearchBot.Test/TelegramSearchBot.Test.csproj]
/root/WorkSpace/CSharp/TelegramSearchBot/feature/project-restructure-implementation/TelegramSearchBot.Test/Domain/Message/MessageServiceTests.cs(118,36): error CS0104: “MessageService”是“TelegramSearchBot.Domain.Message.MessageService”和“TelegramSearchBot.Service.Storage.MessageService”之间的不明确的引用 [/root/WorkSpace/CSharp/TelegramSearchBot/feature/project-restructure-implementation/TelegramSearchBot.Test/TelegramSearchBot.Test.csproj]
/root/WorkSpace/CSharp/TelegramSearchBot/feature/project-restructure-implementation/TelegramSearchBot.Test/Domain/Message/MessageServiceTests.cs(133,36): error CS0104: “MessageService”是“TelegramSearchBot.Domain.Message.MessageService”和“TelegramSearchBot.Service.Storage.MessageService”之间的不明确的引用 [/root/WorkSpace/CSharp/TelegramSearchBot/feature/project-restructure-implementation/TelegramSearchBot.Test/TelegramSearchBot.Test.csproj]
/root/WorkSpace/CSharp/TelegramSearchBot/feature/project-restructure-implementation/TelegramSearchBot.Test/Domain/Message/MessageTestsSimplified.cs(139,56): error CS1501: “CreateMessageWithReply”方法没有采用 5 个参数的重载 [/root/WorkSpace/CSharp/TelegramSearchBot/feature/project-restructure-implementation/TelegramSearchBot.Test/TelegramSearchBot.Test.csproj]
/root/WorkSpace/CSharp/TelegramSearchBot/feature/project-restructure-implementation/TelegramSearchBot.Test/Domain/Message/MessageServiceTests.cs(148,36): error CS0104: “MessageService”是“TelegramSearchBot.Domain.Message.MessageService”和“TelegramSearchBot.Service.Storage.MessageService”之间的不明确的引用 [/root/WorkSpace/CSharp/TelegramSearchBot/feature/project-restructure-implementation/TelegramSearchBot.Test/TelegramSearchBot.Test.csproj]
/root/WorkSpace/CSharp/TelegramSearchBot/feature/project-restructure-implementation/TelegramSearchBot.Test/Domain/Message/MessageTestsSimplified.cs(169,56): error CS0117: “MessageTestDataFactory”未包含“CreateMessageWithSpecialChars”的定义 [/root/WorkSpace/CSharp/TelegramSearchBot/feature/project-restructure-implementation/TelegramSearchBot.Test/TelegramSearchBot.Test.csproj]
/root/WorkSpace/CSharp/TelegramSearchBot/feature/project-restructure-implementation/TelegramSearchBot.Test/Performance/MessageProcessingBenchmarks.cs(55,42): error CS0246: 未能找到类型或命名空间名“IVectorSearchService”(是否缺少 using 指令或程序集引用?) [/root/WorkSpace/CSharp/TelegramSearchBot/feature/project-restructure-implementation/TelegramSearchBot.Test/TelegramSearchBot.Test.csproj]
/root/WorkSpace/CSharp/TelegramSearchBot/feature/project-restructure-implementation/TelegramSearchBot.Test/Performance/MessageProcessingBenchmarks.cs(58,51): error CS1503: 参数 1: 无法从“TelegramSearchBot.Model.Data.Message”转换为“TelegramSearchBot.Domain.Message.MessageAggregate” [/root/WorkSpace/CSharp/TelegramSearchBot/feature/project-restructure-implementation/TelegramSearchBot.Test/TelegramSearchBot.Test.csproj]
/root/WorkSpace/CSharp/TelegramSearchBot/feature/project-restructure-implementation/TelegramSearchBot.Test/Performance/MessageProcessingBenchmarks.cs(62,44): error CS1061: “IVectorGenerationService”未包含“GenerateEmbeddingAsync”的定义，并且找不到可接受第一个“IVectorGenerationService”类型参数的可访问扩展方法“GenerateEmbeddingAsync”(是否缺少 using 指令或程序集引用?) [/root/WorkSpace/CSharp/TelegramSearchBot/feature/project-restructure-implementation/TelegramSearchBot.Test/TelegramSearchBot.Test.csproj]
/root/WorkSpace/CSharp/TelegramSearchBot/feature/project-restructure-implementation/TelegramSearchBot.Test/Performance/MessageProcessingBenchmarks.cs(65,29): error CS1729: “MessageProcessingPipeline”不包含采用 3 个参数的构造函数 [/root/WorkSpace/CSharp/TelegramSearchBot/feature/project-restructure-implementation/TelegramSearchBot.Test/TelegramSearchBot.Test.csproj]
/root/WorkSpace/CSharp/TelegramSearchBot/feature/project-restructure-implementation/TelegramSearchBot.Test/Performance/MessageProcessingBenchmarks.cs(84,21): error CS1739: “CreateValidMessage”的最佳重载没有名为“fromUserId”的参数 [/root/WorkSpace/CSharp/TelegramSearchBot/feature/project-restructure-implementation/TelegramSearchBot.Test/TelegramSearchBot.Test.csproj]
/root/WorkSpace/CSharp/TelegramSearchBot/feature/project-restructure-implementation/TelegramSearchBot.Test/Domain/Message/MessageServiceTests.cs(163,36): error CS0104: “MessageService”是“TelegramSearchBot.Domain.Message.MessageService”和“TelegramSearchBot.Service.Storage.MessageService”之间的不明确的引用 [/root/WorkSpace/CSharp/TelegramSearchBot/feature/project-restructure-implementation/TelegramSearchBot.Test/TelegramSearchBot.Test.csproj]
/root/WorkSpace/CSharp/TelegramSearchBot/feature/project-restructure-implementation/TelegramSearchBot.Test/Performance/MessageProcessingBenchmarks.cs(151,21): error CS1739: “CreateValidMessage”的最佳重载没有名为“fromUserId”的参数 [/root/WorkSpace/CSharp/TelegramSearchBot/feature/project-restructure-implementation/TelegramSearchBot.Test/TelegramSearchBot.Test.csproj]
/root/WorkSpace/CSharp/TelegramSearchBot/feature/project-restructure-implementation/TelegramSearchBot.Test/Integration/MessageDatabaseIntegrationTests.cs(43,31): error CS7036: 未提供与“MessageRepository.MessageRepository(DataDbContext, ILogger<MessageRepository>)”的所需参数“logger”对应的参数 [/root/WorkSpace/CSharp/TelegramSearchBot/feature/project-restructure-implementation/TelegramSearchBot.Test/TelegramSearchBot.Test.csproj]
/root/WorkSpace/CSharp/TelegramSearchBot/feature/project-restructure-implementation/TelegramSearchBot.Test/Integration/MessageDatabaseIntegrationTests.cs(52,27): error CS0103: 当前上下文中不存在名称“MessageTestDataFactory” [/root/WorkSpace/CSharp/TelegramSearchBot/feature/project-restructure-implementation/TelegramSearchBot.Test/TelegramSearchBot.Test.csproj]
/root/WorkSpace/CSharp/TelegramSearchBot/feature/project-restructure-implementation/TelegramSearchBot.Test/Integration/MessageDatabaseIntegrationTests.cs(58,44): error CS1061: “MessageRepository”未包含“AddMessageAsync”的定义，并且找不到可接受第一个“MessageRepository”类型参数的可访问扩展方法“AddMessageAsync”(是否缺少 using 指令或程序集引用?) [/root/WorkSpace/CSharp/TelegramSearchBot/feature/project-restructure-implementation/TelegramSearchBot.Test/TelegramSearchBot.Test.csproj]
/root/WorkSpace/CSharp/TelegramSearchBot/feature/project-restructure-implementation/TelegramSearchBot.Test/Domain/Message/Performance/MessageProcessingPerformanceTests.cs(103,69): error CS0103: 当前上下文中不存在名称“CreateMockDbSet” [/root/WorkSpace/CSharp/TelegramSearchBot/feature/project-restructure-implementation/TelegramSearchBot.Test/TelegramSearchBot.Test.csproj]
/root/WorkSpace/CSharp/TelegramSearchBot/feature/project-restructure-implementation/TelegramSearchBot.Test/Domain/Message/Performance/MessageProcessingPerformanceTests.cs(104,63): error CS0103: 当前上下文中不存在名称“CreateMockDbSet” [/root/WorkSpace/CSharp/TelegramSearchBot/feature/project-restructure-implementation/TelegramSearchBot.Test/TelegramSearchBot.Test.csproj]
/root/WorkSpace/CSharp/TelegramSearchBot/feature/project-restructure-implementation/TelegramSearchBot.Test/Domain/Message/Performance/MessageProcessingPerformanceTests.cs(105,64): error CS0103: 当前上下文中不存在名称“CreateMockDbSet” [/root/WorkSpace/CSharp/TelegramSearchBot/feature/project-restructure-implementation/TelegramSearchBot.Test/TelegramSearchBot.Test.csproj]
/root/WorkSpace/CSharp/TelegramSearchBot/feature/project-restructure-implementation/TelegramSearchBot.Test/Domain/Message/Performance/MessageProcessingPerformanceTests.cs(106,63): error CS0103: 当前上下文中不存在名称“CreateMockDbSet” [/root/WorkSpace/CSharp/TelegramSearchBot/feature/project-restructure-implementation/TelegramSearchBot.Test/TelegramSearchBot.Test.csproj]
/root/WorkSpace/CSharp/TelegramSearchBot/feature/project-restructure-implementation/TelegramSearchBot.Test/Integration/SimpleCoreIntegrationTests.cs(181,66): error CS0246: 未能找到类型或命名空间名“IMessageRepository”(是否缺少 using 指令或程序集引用?) [/root/WorkSpace/CSharp/TelegramSearchBot/feature/project-restructure-implementation/TelegramSearchBot.Test/TelegramSearchBot.Test.csproj]
/root/WorkSpace/CSharp/TelegramSearchBot/feature/project-restructure-implementation/TelegramSearchBot.Test/Integration/MessageDatabaseIntegrationTests.cs(79,27): error CS0103: 当前上下文中不存在名称“MessageTestDataFactory” [/root/WorkSpace/CSharp/TelegramSearchBot/feature/project-restructure-implementation/TelegramSearchBot.Test/TelegramSearchBot.Test.csproj]
/root/WorkSpace/CSharp/TelegramSearchBot/feature/project-restructure-implementation/TelegramSearchBot.Test/Integration/MessageDatabaseIntegrationTests.cs(88,44): error CS1061: “MessageRepository”未包含“GetMessageByIdAsync”的定义，并且找不到可接受第一个“MessageRepository”类型参数的可访问扩展方法“GetMessageByIdAsync”(是否缺少 using 指令或程序集引用?) [/root/WorkSpace/CSharp/TelegramSearchBot/feature/project-restructure-implementation/TelegramSearchBot.Test/TelegramSearchBot.Test.csproj]
/root/WorkSpace/CSharp/TelegramSearchBot/feature/project-restructure-implementation/TelegramSearchBot.Test/Performance/SearchPerformanceBenchmarks.cs(63,38): error CS1729: “MessageRepository”不包含采用 2 个参数的构造函数 [/root/WorkSpace/CSharp/TelegramSearchBot/feature/project-restructure-implementation/TelegramSearchBot.Test/TelegramSearchBot.Test.csproj]
/root/WorkSpace/CSharp/TelegramSearchBot/feature/project-restructure-implementation/TelegramSearchBot.Test/Integration/MessageDatabaseIntegrationTests.cs(103,27): error CS0103: 当前上下文中不存在名称“MessageTestDataFactory” [/root/WorkSpace/CSharp/TelegramSearchBot/feature/project-restructure-implementation/TelegramSearchBot.Test/TelegramSearchBot.Test.csproj]
/root/WorkSpace/CSharp/TelegramSearchBot/feature/project-restructure-implementation/TelegramSearchBot.Test/Integration/MessageDatabaseIntegrationTests.cs(112,44): error CS1061: “MessageRepository”未包含“UpdateMessageContentAsync”的定义，并且找不到可接受第一个“MessageRepository”类型参数的可访问扩展方法“UpdateMessageContentAsync”(是否缺少 using 指令或程序集引用?) [/root/WorkSpace/CSharp/TelegramSearchBot/feature/project-restructure-implementation/TelegramSearchBot.Test/TelegramSearchBot.Test.csproj]
/root/WorkSpace/CSharp/TelegramSearchBot/feature/project-restructure-implementation/TelegramSearchBot.Test/Performance/MessageProcessingBenchmarks.cs(174,17): error CS1739: “CreateValidMessage”的最佳重载没有名为“fromUserId”的参数 [/root/WorkSpace/CSharp/TelegramSearchBot/feature/project-restructure-implementation/TelegramSearchBot.Test/TelegramSearchBot.Test.csproj]
/root/WorkSpace/CSharp/TelegramSearchBot/feature/project-restructure-implementation/TelegramSearchBot.Test/Integration/SimpleCoreIntegrationTests.cs(212,66): error CS0246: 未能找到类型或命名空间名“IMessageRepository”(是否缺少 using 指令或程序集引用?) [/root/WorkSpace/CSharp/TelegramSearchBot/feature/project-restructure-implementation/TelegramSearchBot.Test/TelegramSearchBot.Test.csproj]
/root/WorkSpace/CSharp/TelegramSearchBot/feature/project-restructure-implementation/TelegramSearchBot.Test/Performance/SearchPerformanceBenchmarks.cs(136,52): error CS1061: “MessageRepository”未包含“SearchMessagesAsync”的定义，并且找不到可接受第一个“MessageRepository”类型参数的可访问扩展方法“SearchMessagesAsync”(是否缺少 using 指令或程序集引用?) [/root/WorkSpace/CSharp/TelegramSearchBot/feature/project-restructure-implementation/TelegramSearchBot.Test/TelegramSearchBot.Test.csproj]
/root/WorkSpace/CSharp/TelegramSearchBot/feature/project-restructure-implementation/TelegramSearchBot.Test/Integration/MessageDatabaseIntegrationTests.cs(132,27): error CS0103: 当前上下文中不存在名称“MessageTestDataFactory” [/root/WorkSpace/CSharp/TelegramSearchBot/feature/project-restructure-implementation/TelegramSearchBot.Test/TelegramSearchBot.Test.csproj]
/root/WorkSpace/CSharp/TelegramSearchBot/feature/project-restructure-implementation/TelegramSearchBot.Test/Integration/MessageDatabaseIntegrationTests.cs(146,44): error CS1061: “MessageRepository”未包含“DeleteMessageAsync”的定义，并且找不到可接受第一个“MessageRepository”类型参数的可访问扩展方法“DeleteMessageAsync”(是否缺少 using 指令或程序集引用?) [/root/WorkSpace/CSharp/TelegramSearchBot/feature/project-restructure-implementation/TelegramSearchBot.Test/TelegramSearchBot.Test.csproj]
/root/WorkSpace/CSharp/TelegramSearchBot/feature/project-restructure-implementation/TelegramSearchBot.Test/Manager/SendMessageSimpleTests.cs(133,29): error CS0854: 表达式树可能不包含使用可选参数的调用 [/root/WorkSpace/CSharp/TelegramSearchBot/feature/project-restructure-implementation/TelegramSearchBot.Test/TelegramSearchBot.Test.csproj]
/root/WorkSpace/CSharp/TelegramSearchBot/feature/project-restructure-implementation/TelegramSearchBot.Test/Manager/SendMessageSimpleTests.cs(158,40): error CS0854: 表达式树可能不包含使用可选参数的调用 [/root/WorkSpace/CSharp/TelegramSearchBot/feature/project-restructure-implementation/TelegramSearchBot.Test/TelegramSearchBot.Test.csproj]
/root/WorkSpace/CSharp/TelegramSearchBot/feature/project-restructure-implementation/TelegramSearchBot.Test/Integration/MessageRepositoryIntegrationTests.cs(42,31): error CS0104: “MessageRepository”是“TelegramSearchBot.Domain.Message.MessageRepository”和“TelegramSearchBot.Infrastructure.Persistence.Repositories.MessageRepository”之间的不明确的引用 [/root/WorkSpace/CSharp/TelegramSearchBot/feature/project-restructure-implementation/TelegramSearchBot.Test/TelegramSearchBot.Test.csproj]
/root/WorkSpace/CSharp/TelegramSearchBot/feature/project-restructure-implementation/TelegramSearchBot.Test/Integration/MessageDatabaseIntegrationTests.cs(166,30): error CS0103: 当前上下文中不存在名称“MessageTestDataFactory” [/root/WorkSpace/CSharp/TelegramSearchBot/feature/project-restructure-implementation/TelegramSearchBot.Test/TelegramSearchBot.Test.csproj]
/root/WorkSpace/CSharp/TelegramSearchBot/feature/project-restructure-implementation/TelegramSearchBot.Test/Integration/MessageDatabaseIntegrationTests.cs(173,26): error CS0103: 当前上下文中不存在名称“MessageTestDataFactory” [/root/WorkSpace/CSharp/TelegramSearchBot/feature/project-restructure-implementation/TelegramSearchBot.Test/TelegramSearchBot.Test.csproj]
/root/WorkSpace/CSharp/TelegramSearchBot/feature/project-restructure-implementation/TelegramSearchBot.Test/Integration/MessageDatabaseIntegrationTests.cs(182,45): error CS1061: “MessageRepository”未包含“GetMessagesByGroupIdAsync”的定义，并且找不到可接受第一个“MessageRepository”类型参数的可访问扩展方法“GetMessagesByGroupIdAsync”(是否缺少 using 指令或程序集引用?) [/root/WorkSpace/CSharp/TelegramSearchBot/feature/project-restructure-implementation/TelegramSearchBot.Test/TelegramSearchBot.Test.csproj]
/root/WorkSpace/CSharp/TelegramSearchBot/feature/project-restructure-implementation/TelegramSearchBot.Test/Performance/MessageProcessingBenchmarks.cs(196,17): error CS1739: “CreateValidMessage”的最佳重载没有名为“fromUserId”的参数 [/root/WorkSpace/CSharp/TelegramSearchBot/feature/project-restructure-implementation/TelegramSearchBot.Test/TelegramSearchBot.Test.csproj]
/root/WorkSpace/CSharp/TelegramSearchBot/feature/project-restructure-implementation/TelegramSearchBot.Test/Domain/Message/Integration/MessageProcessingIntegrationTests.cs(335,13): error CS0021: 无法将带 [] 的索引应用于“IEnumerable<MessageProcessingResult>”类型的表达式 [/root/WorkSpace/CSharp/TelegramSearchBot/feature/project-restructure-implementation/TelegramSearchBot.Test/TelegramSearchBot.Test.csproj]
/root/WorkSpace/CSharp/TelegramSearchBot/feature/project-restructure-implementation/TelegramSearchBot.Test/Domain/Message/Integration/MessageProcessingIntegrationTests.cs(336,13): error CS0021: 无法将带 [] 的索引应用于“IEnumerable<MessageProcessingResult>”类型的表达式 [/root/WorkSpace/CSharp/TelegramSearchBot/feature/project-restructure-implementation/TelegramSearchBot.Test/TelegramSearchBot.Test.csproj]
/root/WorkSpace/CSharp/TelegramSearchBot/feature/project-restructure-implementation/TelegramSearchBot.Test/Domain/Message/Integration/MessageProcessingIntegrationTests.cs(338,13): error CS0021: 无法将带 [] 的索引应用于“IEnumerable<MessageProcessingResult>”类型的表达式 [/root/WorkSpace/CSharp/TelegramSearchBot/feature/project-restructure-implementation/TelegramSearchBot.Test/TelegramSearchBot.Test.csproj]
/root/WorkSpace/CSharp/TelegramSearchBot/feature/project-restructure-implementation/TelegramSearchBot.Test/Domain/Message/Integration/MessageProcessingIntegrationTests.cs(339,13): error CS0021: 无法将带 [] 的索引应用于“IEnumerable<MessageProcessingResult>”类型的表达式 [/root/WorkSpace/CSharp/TelegramSearchBot/feature/project-restructure-implementation/TelegramSearchBot.Test/TelegramSearchBot.Test.csproj]
/root/WorkSpace/CSharp/TelegramSearchBot/feature/project-restructure-implementation/TelegramSearchBot.Test/Domain/Message/Integration/MessageProcessingIntegrationTests.cs(341,13): error CS0021: 无法将带 [] 的索引应用于“IEnumerable<MessageProcessingResult>”类型的表达式 [/root/WorkSpace/CSharp/TelegramSearchBot/feature/project-restructure-implementation/TelegramSearchBot.Test/TelegramSearchBot.Test.csproj]
/root/WorkSpace/CSharp/TelegramSearchBot/feature/project-restructure-implementation/TelegramSearchBot.Test/Domain/Message/Integration/MessageProcessingIntegrationTests.cs(342,13): error CS0021: 无法将带 [] 的索引应用于“IEnumerable<MessageProcessingResult>”类型的表达式 [/root/WorkSpace/CSharp/TelegramSearchBot/feature/project-restructure-implementation/TelegramSearchBot.Test/TelegramSearchBot.Test.csproj]
/root/WorkSpace/CSharp/TelegramSearchBot/feature/project-restructure-implementation/TelegramSearchBot.Test/Integration/MinimalIntegrationTests.cs(50,32): error CS0246: 未能找到类型或命名空间名“IMessageRepository”(是否缺少 using 指令或程序集引用?) [/root/WorkSpace/CSharp/TelegramSearchBot/feature/project-restructure-implementation/TelegramSearchBot.Test/TelegramSearchBot.Test.csproj]
/root/WorkSpace/CSharp/TelegramSearchBot/feature/project-restructure-implementation/TelegramSearchBot.Test/Integration/MinimalIntegrationTests.cs(50,22): error CS0311: 类型“TelegramSearchBot.Domain.Message.MessageRepository”不能用作泛型类型或方法“ServiceCollectionServiceExtensions.AddScoped<TService, TImplementation>(IServiceCollection)”中的类型参数“TImplementation”。没有从“TelegramSearchBot.Domain.Message.MessageRepository”到“IMessageRepository”的隐式引用转换。 [/root/WorkSpace/CSharp/TelegramSearchBot/feature/project-restructure-implementation/TelegramSearchBot.Test/TelegramSearchBot.Test.csproj]
/root/WorkSpace/CSharp/TelegramSearchBot/feature/project-restructure-implementation/TelegramSearchBot.Test/Performance/MessageRepositoryBenchmarks.cs(59,31): error CS7036: 未提供与“MessageRepository.MessageRepository(DataDbContext, ILogger<MessageRepository>)”的所需参数“logger”对应的参数 [/root/WorkSpace/CSharp/TelegramSearchBot/feature/project-restructure-implementation/TelegramSearchBot.Test/TelegramSearchBot.Test.csproj]
/root/WorkSpace/CSharp/TelegramSearchBot/feature/project-restructure-implementation/TelegramSearchBot.Test/Performance/MessageRepositoryBenchmarks.cs(83,31): error CS1061: “MessageRepository”未包含“AddMessageAsync”的定义，并且找不到可接受第一个“MessageRepository”类型参数的可访问扩展方法“AddMessageAsync”(是否缺少 using 指令或程序集引用?) [/root/WorkSpace/CSharp/TelegramSearchBot/feature/project-restructure-implementation/TelegramSearchBot.Test/TelegramSearchBot.Test.csproj]
/root/WorkSpace/CSharp/TelegramSearchBot/feature/project-restructure-implementation/TelegramSearchBot.Test/Domain/Message/MessageServiceTests.cs(255,17): error CS1739: “CreateMessageWithReply”的最佳重载没有名为“userId”的参数 [/root/WorkSpace/CSharp/TelegramSearchBot/feature/project-restructure-implementation/TelegramSearchBot.Test/TelegramSearchBot.Test.csproj]
/root/WorkSpace/CSharp/TelegramSearchBot/feature/project-restructure-implementation/TelegramSearchBot.Test/Performance/MessageRepositoryBenchmarks.cs(101,35): error CS1061: “MessageRepository”未包含“AddMessageAsync”的定义，并且找不到可接受第一个“MessageRepository”类型参数的可访问扩展方法“AddMessageAsync”(是否缺少 using 指令或程序集引用?) [/root/WorkSpace/CSharp/TelegramSearchBot/feature/project-restructure-implementation/TelegramSearchBot.Test/TelegramSearchBot.Test.csproj]
/root/WorkSpace/CSharp/TelegramSearchBot/feature/project-restructure-implementation/TelegramSearchBot.Test/Performance/MessageRepositoryBenchmarks.cs(111,31): error CS1061: “MessageRepository”未包含“GetMessageByIdAsync”的定义，并且找不到可接受第一个“MessageRepository”类型参数的可访问扩展方法“GetMessageByIdAsync”(是否缺少 using 指令或程序集引用?) [/root/WorkSpace/CSharp/TelegramSearchBot/feature/project-restructure-implementation/TelegramSearchBot.Test/TelegramSearchBot.Test.csproj]
/root/WorkSpace/CSharp/TelegramSearchBot/feature/project-restructure-implementation/TelegramSearchBot.Test/Performance/MessageRepositoryBenchmarks.cs(118,46): error CS1061: “MessageRepository”未包含“GetMessagesByGroupIdAsync”的定义，并且找不到可接受第一个“MessageRepository”类型参数的可访问扩展方法“GetMessagesByGroupIdAsync”(是否缺少 using 指令或程序集引用?) [/root/WorkSpace/CSharp/TelegramSearchBot/feature/project-restructure-implementation/TelegramSearchBot.Test/TelegramSearchBot.Test.csproj]
/root/WorkSpace/CSharp/TelegramSearchBot/feature/project-restructure-implementation/TelegramSearchBot.Test/Performance/MessageRepositoryBenchmarks.cs(125,45): error CS1061: “MessageRepository”未包含“SearchMessagesAsync”的定义，并且找不到可接受第一个“MessageRepository”类型参数的可访问扩展方法“SearchMessagesAsync”(是否缺少 using 指令或程序集引用?) [/root/WorkSpace/CSharp/TelegramSearchBot/feature/project-restructure-implementation/TelegramSearchBot.Test/TelegramSearchBot.Test.csproj]
/root/WorkSpace/CSharp/TelegramSearchBot/feature/project-restructure-implementation/TelegramSearchBot.Test/Performance/MessageRepositoryBenchmarks.cs(131,46): error CS1061: “MessageRepository”未包含“GetMessagesByGroupIdAsync”的定义，并且找不到可接受第一个“MessageRepository”类型参数的可访问扩展方法“GetMessagesByGroupIdAsync”(是否缺少 using 指令或程序集引用?) [/root/WorkSpace/CSharp/TelegramSearchBot/feature/project-restructure-implementation/TelegramSearchBot.Test/TelegramSearchBot.Test.csproj]
/root/WorkSpace/CSharp/TelegramSearchBot/feature/project-restructure-implementation/TelegramSearchBot.Test/Performance/MessageRepositoryBenchmarks.cs(138,31): error CS1061: “MessageRepository”未包含“UpdateMessageContentAsync”的定义，并且找不到可接受第一个“MessageRepository”类型参数的可访问扩展方法“UpdateMessageContentAsync”(是否缺少 using 指令或程序集引用?) [/root/WorkSpace/CSharp/TelegramSearchBot/feature/project-restructure-implementation/TelegramSearchBot.Test/TelegramSearchBot.Test.csproj]
/root/WorkSpace/CSharp/TelegramSearchBot/feature/project-restructure-implementation/TelegramSearchBot.Test/Domain/Message/MessageServiceTests.cs(283,58): error CS1739: “CreateValidMessageOption”的最佳重载没有名为“replyTo”的参数 [/root/WorkSpace/CSharp/TelegramSearchBot/feature/project-restructure-implementation/TelegramSearchBot.Test/TelegramSearchBot.Test.csproj]
/root/WorkSpace/CSharp/TelegramSearchBot/feature/project-restructure-implementation/TelegramSearchBot.Test/Performance/MessageRepositoryBenchmarks.cs(146,31): error CS1061: “MessageRepository”未包含“DeleteMessageAsync”的定义，并且找不到可接受第一个“MessageRepository”类型参数的可访问扩展方法“DeleteMessageAsync”(是否缺少 using 指令或程序集引用?) [/root/WorkSpace/CSharp/TelegramSearchBot/feature/project-restructure-implementation/TelegramSearchBot.Test/TelegramSearchBot.Test.csproj]
/root/WorkSpace/CSharp/TelegramSearchBot/feature/project-restructure-implementation/TelegramSearchBot.Test/Performance/MessageProcessingBenchmarks.cs(267,21): error CS1739: “CreateValidMessage”的最佳重载没有名为“fromUserId”的参数 [/root/WorkSpace/CSharp/TelegramSearchBot/feature/project-restructure-implementation/TelegramSearchBot.Test/TelegramSearchBot.Test.csproj]
/root/WorkSpace/CSharp/TelegramSearchBot/feature/project-restructure-implementation/TelegramSearchBot.Test/Integration/MessageRepositoryIntegrationTests.cs(63,80): error CS1061: “MessageContent”未包含“Text”的定义，并且找不到可接受第一个“MessageContent”类型参数的可访问扩展方法“Text”(是否缺少 using 指令或程序集引用?) [/root/WorkSpace/CSharp/TelegramSearchBot/feature/project-restructure-implementation/TelegramSearchBot.Test/TelegramSearchBot.Test.csproj]
/root/WorkSpace/CSharp/TelegramSearchBot/feature/project-restructure-implementation/TelegramSearchBot.Test/Integration/MinimalIntegrationTests.cs(69,66): error CS0246: 未能找到类型或命名空间名“IMessageRepository”(是否缺少 using 指令或程序集引用?) [/root/WorkSpace/CSharp/TelegramSearchBot/feature/project-restructure-implementation/TelegramSearchBot.Test/TelegramSearchBot.Test.csproj]
/root/WorkSpace/CSharp/TelegramSearchBot/feature/project-restructure-implementation/TelegramSearchBot.Test/Domain/Message/Integration/MessageProcessingIntegrationTests.cs(380,55): error CS1061: “ObjectAssertions”未包含“BeLessThan”的定义，并且找不到可接受第一个“ObjectAssertions”类型参数的可访问扩展方法“BeLessThan”(是否缺少 using 指令或程序集引用?) [/root/WorkSpace/CSharp/TelegramSearchBot/feature/project-restructure-implementation/TelegramSearchBot.Test/TelegramSearchBot.Test.csproj]
/root/WorkSpace/CSharp/TelegramSearchBot/feature/project-restructure-implementation/TelegramSearchBot.Test/Performance/MessageProcessingBenchmarks.cs(309,21): error CS1739: “CreateValidMessage”的最佳重载没有名为“fromUserId”的参数 [/root/WorkSpace/CSharp/TelegramSearchBot/feature/project-restructure-implementation/TelegramSearchBot.Test/TelegramSearchBot.Test.csproj]
/root/WorkSpace/CSharp/TelegramSearchBot/feature/project-restructure-implementation/TelegramSearchBot.Test/Integration/MessageDatabaseIntegrationTests.cs(199,34): error CS0103: 当前上下文中不存在名称“MessageTestDataFactory” [/root/WorkSpace/CSharp/TelegramSearchBot/feature/project-restructure-implementation/TelegramSearchBot.Test/TelegramSearchBot.Test.csproj]
/root/WorkSpace/CSharp/TelegramSearchBot/feature/project-restructure-implementation/TelegramSearchBot.Test/Integration/MessageDatabaseIntegrationTests.cs(207,30): error CS0103: 当前上下文中不存在名称“MessageTestDataFactory” [/root/WorkSpace/CSharp/TelegramSearchBot/feature/project-restructure-implementation/TelegramSearchBot.Test/TelegramSearchBot.Test.csproj]
/root/WorkSpace/CSharp/TelegramSearchBot/feature/project-restructure-implementation/TelegramSearchBot.Test/Integration/MessageDatabaseIntegrationTests.cs(217,45): error CS1061: “MessageRepository”未包含“GetMessagesByUserIdAsync”的定义，并且找不到可接受第一个“MessageRepository”类型参数的可访问扩展方法“GetMessagesByUserIdAsync”(是否缺少 using 指令或程序集引用?) [/root/WorkSpace/CSharp/TelegramSearchBot/feature/project-restructure-implementation/TelegramSearchBot.Test/TelegramSearchBot.Test.csproj]
/root/WorkSpace/CSharp/TelegramSearchBot/feature/project-restructure-implementation/TelegramSearchBot.Test/Performance/MessageRepositoryBenchmarks.cs(192,21): error CS1739: “CreateValidMessage”的最佳重载没有名为“fromUserId”的参数 [/root/WorkSpace/CSharp/TelegramSearchBot/feature/project-restructure-implementation/TelegramSearchBot.Test/TelegramSearchBot.Test.csproj]
/root/WorkSpace/CSharp/TelegramSearchBot/feature/project-restructure-implementation/TelegramSearchBot.Test/Integration/MessageRepositoryIntegrationTests.cs(88,17): error CS0117: “Message”未包含“Processed”的定义 [/root/WorkSpace/CSharp/TelegramSearchBot/feature/project-restructure-implementation/TelegramSearchBot.Test/TelegramSearchBot.Test.csproj]
/root/WorkSpace/CSharp/TelegramSearchBot/feature/project-restructure-implementation/TelegramSearchBot.Test/Integration/MessageRepositoryIntegrationTests.cs(89,17): error CS0117: “Message”未包含“Vectorized”的定义 [/root/WorkSpace/CSharp/TelegramSearchBot/feature/project-restructure-implementation/TelegramSearchBot.Test/TelegramSearchBot.Test.csproj]
/root/WorkSpace/CSharp/TelegramSearchBot/feature/project-restructure-implementation/TelegramSearchBot.Test/Integration/MessageRepositoryIntegrationTests.cs(104,72): error CS1061: “MessageContent”未包含“Text”的定义，并且找不到可接受第一个“MessageContent”类型参数的可访问扩展方法“Text”(是否缺少 using 指令或程序集引用?) [/root/WorkSpace/CSharp/TelegramSearchBot/feature/project-restructure-implementation/TelegramSearchBot.Test/TelegramSearchBot.Test.csproj]
/root/WorkSpace/CSharp/TelegramSearchBot/feature/project-restructure-implementation/TelegramSearchBot.Test/Integration/MessageRepositoryIntegrationTests.cs(107,77): error CS1061: “MessageContent”未包含“Text”的定义，并且找不到可接受第一个“MessageContent”类型参数的可访问扩展方法“Text”(是否缺少 using 指令或程序集引用?) [/root/WorkSpace/CSharp/TelegramSearchBot/feature/project-restructure-implementation/TelegramSearchBot.Test/TelegramSearchBot.Test.csproj]
/root/WorkSpace/CSharp/TelegramSearchBot/feature/project-restructure-implementation/TelegramSearchBot.Test/Domain/Message/MessageServiceTests.cs(358,27): error CS1061: “MessageService”未包含“AddToLucene”的定义，并且找不到可接受第一个“MessageService”类型参数的可访问扩展方法“AddToLucene”(是否缺少 using 指令或程序集引用?) [/root/WorkSpace/CSharp/TelegramSearchBot/feature/project-restructure-implementation/TelegramSearchBot.Test/TelegramSearchBot.Test.csproj]
/root/WorkSpace/CSharp/TelegramSearchBot/feature/project-restructure-implementation/TelegramSearchBot.Test/Integration/MessageDatabaseIntegrationTests.cs(234,17): error CS0103: 当前上下文中不存在名称“MessageTestDataFactory” [/root/WorkSpace/CSharp/TelegramSearchBot/feature/project-restructure-implementation/TelegramSearchBot.Test/TelegramSearchBot.Test.csproj]
/root/WorkSpace/CSharp/TelegramSearchBot/feature/project-restructure-implementation/TelegramSearchBot.Test/Integration/MessageDatabaseIntegrationTests.cs(240,17): error CS0103: 当前上下文中不存在名称“MessageTestDataFactory” [/root/WorkSpace/CSharp/TelegramSearchBot/feature/project-restructure-implementation/TelegramSearchBot.Test/TelegramSearchBot.Test.csproj]
/root/WorkSpace/CSharp/TelegramSearchBot/feature/project-restructure-implementation/TelegramSearchBot.Test/Integration/MessageDatabaseIntegrationTests.cs(246,17): error CS0103: 当前上下文中不存在名称“MessageTestDataFactory” [/root/WorkSpace/CSharp/TelegramSearchBot/feature/project-restructure-implementation/TelegramSearchBot.Test/TelegramSearchBot.Test.csproj]
/root/WorkSpace/CSharp/TelegramSearchBot/feature/project-restructure-implementation/TelegramSearchBot.Test/Integration/MessageDatabaseIntegrationTests.cs(252,17): error CS0103: 当前上下文中不存在名称“MessageTestDataFactory” [/root/WorkSpace/CSharp/TelegramSearchBot/feature/project-restructure-implementation/TelegramSearchBot.Test/TelegramSearchBot.Test.csproj]
/root/WorkSpace/CSharp/TelegramSearchBot/feature/project-restructure-implementation/TelegramSearchBot.Test/Integration/MessageDatabaseIntegrationTests.cs(266,45): error CS1061: “MessageRepository”未包含“GetMessagesByDateRangeAsync”的定义，并且找不到可接受第一个“MessageRepository”类型参数的可访问扩展方法“GetMessagesByDateRangeAsync”(是否缺少 using 指令或程序集引用?) [/root/WorkSpace/CSharp/TelegramSearchBot/feature/project-restructure-implementation/TelegramSearchBot.Test/TelegramSearchBot.Test.csproj]
/root/WorkSpace/CSharp/TelegramSearchBot/feature/project-restructure-implementation/TelegramSearchBot.Test/Domain/Message/MessageServiceTests.cs(378,27): error CS1061: “MessageService”未包含“AddToLucene”的定义，并且找不到可接受第一个“MessageService”类型参数的可访问扩展方法“AddToLucene”(是否缺少 using 指令或程序集引用?) [/root/WorkSpace/CSharp/TelegramSearchBot/feature/project-restructure-implementation/TelegramSearchBot.Test/TelegramSearchBot.Test.csproj]
/root/WorkSpace/CSharp/TelegramSearchBot/feature/project-restructure-implementation/TelegramSearchBot.Test/Integration/MessageRepositoryIntegrationTests.cs(124,21): error CS0117: “Message”未包含“Processed”的定义 [/root/WorkSpace/CSharp/TelegramSearchBot/feature/project-restructure-implementation/TelegramSearchBot.Test/TelegramSearchBot.Test.csproj]
/root/WorkSpace/CSharp/TelegramSearchBot/feature/project-restructure-implementation/TelegramSearchBot.Test/Integration/MessageRepositoryIntegrationTests.cs(125,21): error CS0117: “Message”未包含“Vectorized”的定义 [/root/WorkSpace/CSharp/TelegramSearchBot/feature/project-restructure-implementation/TelegramSearchBot.Test/TelegramSearchBot.Test.csproj]
/root/WorkSpace/CSharp/TelegramSearchBot/feature/project-restructure-implementation/TelegramSearchBot.Test/Integration/MinimalIntegrationTests.cs(97,66): error CS0246: 未能找到类型或命名空间名“IMessageRepository”(是否缺少 using 指令或程序集引用?) [/root/WorkSpace/CSharp/TelegramSearchBot/feature/project-restructure-implementation/TelegramSearchBot.Test/TelegramSearchBot.Test.csproj]
/root/WorkSpace/CSharp/TelegramSearchBot/feature/project-restructure-implementation/TelegramSearchBot.Test/Domain/Message/Performance/MessageProcessingPerformanceTests.cs(302,73): error CS1503: 参数 1: 无法从“double”转换为“long” [/root/WorkSpace/CSharp/TelegramSearchBot/feature/project-restructure-implementation/TelegramSearchBot.Test/TelegramSearchBot.Test.csproj]
/root/WorkSpace/CSharp/TelegramSearchBot/feature/project-restructure-implementation/TelegramSearchBot.Test/Integration/MinimalIntegrationTests.cs(130,66): error CS0246: 未能找到类型或命名空间名“IMessageRepository”(是否缺少 using 指令或程序集引用?) [/root/WorkSpace/CSharp/TelegramSearchBot/feature/project-restructure-implementation/TelegramSearchBot.Test/TelegramSearchBot.Test.csproj]
/root/WorkSpace/CSharp/TelegramSearchBot/feature/project-restructure-implementation/TelegramSearchBot.Test/Domain/Message/MessageProcessingPipelineTests.cs(450,13): error CS0021: 无法将带 [] 的索引应用于“IEnumerable<MessageProcessingResult>”类型的表达式 [/root/WorkSpace/CSharp/TelegramSearchBot/feature/project-restructure-implementation/TelegramSearchBot.Test/TelegramSearchBot.Test.csproj]
/root/WorkSpace/CSharp/TelegramSearchBot/feature/project-restructure-implementation/TelegramSearchBot.Test/Domain/Message/MessageProcessingPipelineTests.cs(451,13): error CS0021: 无法将带 [] 的索引应用于“IEnumerable<MessageProcessingResult>”类型的表达式 [/root/WorkSpace/CSharp/TelegramSearchBot/feature/project-restructure-implementation/TelegramSearchBot.Test/TelegramSearchBot.Test.csproj]
/root/WorkSpace/CSharp/TelegramSearchBot/feature/project-restructure-implementation/TelegramSearchBot.Test/Domain/Message/MessageProcessingPipelineTests.cs(453,13): error CS0021: 无法将带 [] 的索引应用于“IEnumerable<MessageProcessingResult>”类型的表达式 [/root/WorkSpace/CSharp/TelegramSearchBot/feature/project-restructure-implementation/TelegramSearchBot.Test/TelegramSearchBot.Test.csproj]
/root/WorkSpace/CSharp/TelegramSearchBot/feature/project-restructure-implementation/TelegramSearchBot.Test/Domain/Message/MessageProcessingPipelineTests.cs(454,13): error CS0021: 无法将带 [] 的索引应用于“IEnumerable<MessageProcessingResult>”类型的表达式 [/root/WorkSpace/CSharp/TelegramSearchBot/feature/project-restructure-implementation/TelegramSearchBot.Test/TelegramSearchBot.Test.csproj]
/root/WorkSpace/CSharp/TelegramSearchBot/feature/project-restructure-implementation/TelegramSearchBot.Test/Domain/Message/MessageProcessingPipelineTests.cs(456,13): error CS0021: 无法将带 [] 的索引应用于“IEnumerable<MessageProcessingResult>”类型的表达式 [/root/WorkSpace/CSharp/TelegramSearchBot/feature/project-restructure-implementation/TelegramSearchBot.Test/TelegramSearchBot.Test.csproj]
/root/WorkSpace/CSharp/TelegramSearchBot/feature/project-restructure-implementation/TelegramSearchBot.Test/Domain/Message/MessageProcessingPipelineTests.cs(457,13): error CS0021: 无法将带 [] 的索引应用于“IEnumerable<MessageProcessingResult>”类型的表达式 [/root/WorkSpace/CSharp/TelegramSearchBot/feature/project-restructure-implementation/TelegramSearchBot.Test/TelegramSearchBot.Test.csproj]
/root/WorkSpace/CSharp/TelegramSearchBot/feature/project-restructure-implementation/TelegramSearchBot.Test/Integration/MessageRepositoryIntegrationTests.cs(161,17): error CS0117: “Message”未包含“Processed”的定义 [/root/WorkSpace/CSharp/TelegramSearchBot/feature/project-restructure-implementation/TelegramSearchBot.Test/TelegramSearchBot.Test.csproj]
/root/WorkSpace/CSharp/TelegramSearchBot/feature/project-restructure-implementation/TelegramSearchBot.Test/Integration/MessageRepositoryIntegrationTests.cs(162,17): error CS0117: “Message”未包含“Vectorized”的定义 [/root/WorkSpace/CSharp/TelegramSearchBot/feature/project-restructure-implementation/TelegramSearchBot.Test/TelegramSearchBot.Test.csproj]
/root/WorkSpace/CSharp/TelegramSearchBot/feature/project-restructure-implementation/TelegramSearchBot.Test/Integration/MessageRepositoryIntegrationTests.cs(172,37): error CS1503: 参数 1: 无法从“string”转换为“TelegramSearchBot.Domain.Message.ValueObjects.MessageContent” [/root/WorkSpace/CSharp/TelegramSearchBot/feature/project-restructure-implementation/TelegramSearchBot.Test/TelegramSearchBot.Test.csproj]
/root/WorkSpace/CSharp/TelegramSearchBot/feature/project-restructure-implementation/TelegramSearchBot.Test/Integration/MessageRepositoryIntegrationTests.cs(198,17): error CS0117: “Message”未包含“Processed”的定义 [/root/WorkSpace/CSharp/TelegramSearchBot/feature/project-restructure-implementation/TelegramSearchBot.Test/TelegramSearchBot.Test.csproj]
/root/WorkSpace/CSharp/TelegramSearchBot/feature/project-restructure-implementation/TelegramSearchBot.Test/Integration/MessageRepositoryIntegrationTests.cs(199,17): error CS0117: “Message”未包含“Vectorized”的定义 [/root/WorkSpace/CSharp/TelegramSearchBot/feature/project-restructure-implementation/TelegramSearchBot.Test/TelegramSearchBot.Test.csproj]
/root/WorkSpace/CSharp/TelegramSearchBot/feature/project-restructure-implementation/TelegramSearchBot.Test/Domain/Message/MessageProcessingPipelineTests.cs(526,55): error CS1061: “ObjectAssertions”未包含“BeLessThan”的定义，并且找不到可接受第一个“ObjectAssertions”类型参数的可访问扩展方法“BeLessThan”(是否缺少 using 指令或程序集引用?) [/root/WorkSpace/CSharp/TelegramSearchBot/feature/project-restructure-implementation/TelegramSearchBot.Test/TelegramSearchBot.Test.csproj]
/root/WorkSpace/CSharp/TelegramSearchBot/feature/project-restructure-implementation/TelegramSearchBot.Test/Domain/Message/Performance/MessageProcessingPerformanceTests.cs(430,59): error CS0103: 当前上下文中不存在名称“content” [/root/WorkSpace/CSharp/TelegramSearchBot/feature/project-restructure-implementation/TelegramSearchBot.Test/TelegramSearchBot.Test.csproj]
/root/WorkSpace/CSharp/TelegramSearchBot/feature/project-restructure-implementation/TelegramSearchBot.Test/Domain/Message/Performance/MessageProcessingPerformanceTests.cs(431,59): error CS0103: 当前上下文中不存在名称“content” [/root/WorkSpace/CSharp/TelegramSearchBot/feature/project-restructure-implementation/TelegramSearchBot.Test/TelegramSearchBot.Test.csproj]
/root/WorkSpace/CSharp/TelegramSearchBot/feature/project-restructure-implementation/TelegramSearchBot.Test/Domain/Message/Performance/MessageProcessingPerformanceTests.cs(432,59): error CS0103: 当前上下文中不存在名称“content” [/root/WorkSpace/CSharp/TelegramSearchBot/feature/project-restructure-implementation/TelegramSearchBot.Test/TelegramSearchBot.Test.csproj]
/root/WorkSpace/CSharp/TelegramSearchBot/feature/project-restructure-implementation/TelegramSearchBot.Test/Domain/Message/Performance/MessageProcessingPerformanceTests.cs(433,59): error CS0103: 当前上下文中不存在名称“content” [/root/WorkSpace/CSharp/TelegramSearchBot/feature/project-restructure-implementation/TelegramSearchBot.Test/TelegramSearchBot.Test.csproj]
/root/WorkSpace/CSharp/TelegramSearchBot/feature/project-restructure-implementation/TelegramSearchBot.Test/Domain/Message/MessageServiceTests.cs(407,40): error CS1061: “MessageService”未包含“AddToSqlite”的定义，并且找不到可接受第一个“MessageService”类型参数的可访问扩展方法“AddToSqlite”(是否缺少 using 指令或程序集引用?) [/root/WorkSpace/CSharp/TelegramSearchBot/feature/project-restructure-implementation/TelegramSearchBot.Test/TelegramSearchBot.Test.csproj]
/root/WorkSpace/CSharp/TelegramSearchBot/feature/project-restructure-implementation/TelegramSearchBot.Test/Integration/MessageDatabaseIntegrationTests.cs(283,17): error CS0103: 当前上下文中不存在名称“MessageTestDataFactory” [/root/WorkSpace/CSharp/TelegramSearchBot/feature/project-restructure-implementation/TelegramSearchBot.Test/TelegramSearchBot.Test.csproj]
/root/WorkSpace/CSharp/TelegramSearchBot/feature/project-restructure-implementation/TelegramSearchBot.Test/Integration/MessageDatabaseIntegrationTests.cs(288,17): error CS0103: 当前上下文中不存在名称“MessageTestDataFactory” [/root/WorkSpace/CSharp/TelegramSearchBot/feature/project-restructure-implementation/TelegramSearchBot.Test/TelegramSearchBot.Test.csproj]
/root/WorkSpace/CSharp/TelegramSearchBot/feature/project-restructure-implementation/TelegramSearchBot.Test/Integration/MessageDatabaseIntegrationTests.cs(293,17): error CS0103: 当前上下文中不存在名称“MessageTestDataFactory” [/root/WorkSpace/CSharp/TelegramSearchBot/feature/project-restructure-implementation/TelegramSearchBot.Test/TelegramSearchBot.Test.csproj]
/root/WorkSpace/CSharp/TelegramSearchBot/feature/project-restructure-implementation/TelegramSearchBot.Test/Integration/MessageDatabaseIntegrationTests.cs(303,45): error CS1061: “MessageRepository”未包含“SearchMessagesAsync”的定义，并且找不到可接受第一个“MessageRepository”类型参数的可访问扩展方法“SearchMessagesAsync”(是否缺少 using 指令或程序集引用?) [/root/WorkSpace/CSharp/TelegramSearchBot/feature/project-restructure-implementation/TelegramSearchBot.Test/TelegramSearchBot.Test.csproj]
/root/WorkSpace/CSharp/TelegramSearchBot/feature/project-restructure-implementation/TelegramSearchBot.Test/Domain/Message/MessageServiceTests.cs(432,40): error CS1061: “MessageService”未包含“AddToSqlite”的定义，并且找不到可接受第一个“MessageService”类型参数的可访问扩展方法“AddToSqlite”(是否缺少 using 指令或程序集引用?) [/root/WorkSpace/CSharp/TelegramSearchBot/feature/project-restructure-implementation/TelegramSearchBot.Test/TelegramSearchBot.Test.csproj]
/root/WorkSpace/CSharp/TelegramSearchBot/feature/project-restructure-implementation/TelegramSearchBot.Test/Integration/MessageDatabaseIntegrationTests.cs(320,17): error CS0103: 当前上下文中不存在名称“MessageTestDataFactory” [/root/WorkSpace/CSharp/TelegramSearchBot/feature/project-restructure-implementation/TelegramSearchBot.Test/TelegramSearchBot.Test.csproj]
/root/WorkSpace/CSharp/TelegramSearchBot/feature/project-restructure-implementation/TelegramSearchBot.Test/Integration/MessageDatabaseIntegrationTests.cs(326,17): error CS0103: 当前上下文中不存在名称“MessageTestDataFactory” [/root/WorkSpace/CSharp/TelegramSearchBot/feature/project-restructure-implementation/TelegramSearchBot.Test/TelegramSearchBot.Test.csproj]
/root/WorkSpace/CSharp/TelegramSearchBot/feature/project-restructure-implementation/TelegramSearchBot.Test/Integration/MessageDatabaseIntegrationTests.cs(332,17): error CS0103: 当前上下文中不存在名称“MessageTestDataFactory” [/root/WorkSpace/CSharp/TelegramSearchBot/feature/project-restructure-implementation/TelegramSearchBot.Test/TelegramSearchBot.Test.csproj]
/root/WorkSpace/CSharp/TelegramSearchBot/feature/project-restructure-implementation/TelegramSearchBot.Test/Integration/MessageDatabaseIntegrationTests.cs(343,44): error CS1061: “MessageRepository”未包含“GetLatestMessageByGroupIdAsync”的定义，并且找不到可接受第一个“MessageRepository”类型参数的可访问扩展方法“GetLatestMessageByGroupIdAsync”(是否缺少 using 指令或程序集引用?) [/root/WorkSpace/CSharp/TelegramSearchBot/feature/project-restructure-implementation/TelegramSearchBot.Test/TelegramSearchBot.Test.csproj]
/root/WorkSpace/CSharp/TelegramSearchBot/feature/project-restructure-implementation/TelegramSearchBot.Test/Domain/Message/MessageProcessingPipelineTests.cs(585,63): error CS1503: 参数 1: 无法从“char”转换为“string” [/root/WorkSpace/CSharp/TelegramSearchBot/feature/project-restructure-implementation/TelegramSearchBot.Test/TelegramSearchBot.Test.csproj]
/root/WorkSpace/CSharp/TelegramSearchBot/feature/project-restructure-implementation/TelegramSearchBot.Test/Domain/Message/MessageProcessingPipelineTests.cs(586,63): error CS1503: 参数 1: 无法从“char”转换为“string” [/root/WorkSpace/CSharp/TelegramSearchBot/feature/project-restructure-implementation/TelegramSearchBot.Test/TelegramSearchBot.Test.csproj]
/root/WorkSpace/CSharp/TelegramSearchBot/feature/project-restructure-implementation/TelegramSearchBot.Test/Domain/Message/MessageProcessingPipelineTests.cs(587,63): error CS1503: 参数 1: 无法从“char”转换为“string” [/root/WorkSpace/CSharp/TelegramSearchBot/feature/project-restructure-implementation/TelegramSearchBot.Test/TelegramSearchBot.Test.csproj]
/root/WorkSpace/CSharp/TelegramSearchBot/feature/project-restructure-implementation/TelegramSearchBot.Test/Integration/MessageRepositoryIntegrationTests.cs(233,23): error CS1061: “MessageAggregate”未包含“AddExtension”的定义，并且找不到可接受第一个“MessageAggregate”类型参数的可访问扩展方法“AddExtension”(是否缺少 using 指令或程序集引用?) [/root/WorkSpace/CSharp/TelegramSearchBot/feature/project-restructure-implementation/TelegramSearchBot.Test/TelegramSearchBot.Test.csproj]
/root/WorkSpace/CSharp/TelegramSearchBot/feature/project-restructure-implementation/TelegramSearchBot.Test/Integration/MessageRepositoryIntegrationTests.cs(234,23): error CS1061: “MessageAggregate”未包含“AddExtension”的定义，并且找不到可接受第一个“MessageAggregate”类型参数的可访问扩展方法“AddExtension”(是否缺少 using 指令或程序集引用?) [/root/WorkSpace/CSharp/TelegramSearchBot/feature/project-restructure-implementation/TelegramSearchBot.Test/TelegramSearchBot.Test.csproj]
/root/WorkSpace/CSharp/TelegramSearchBot/feature/project-restructure-implementation/TelegramSearchBot.Test/Integration/MessageRepositoryIntegrationTests.cs(241,36): error CS1061: “MessageAggregate”未包含“Extensions”的定义，并且找不到可接受第一个“MessageAggregate”类型参数的可访问扩展方法“Extensions”(是否缺少 using 指令或程序集引用?) [/root/WorkSpace/CSharp/TelegramSearchBot/feature/project-restructure-implementation/TelegramSearchBot.Test/TelegramSearchBot.Test.csproj]
/root/WorkSpace/CSharp/TelegramSearchBot/feature/project-restructure-implementation/TelegramSearchBot.Test/Integration/MinimalIntegrationTests.cs(181,66): error CS0246: 未能找到类型或命名空间名“IMessageRepository”(是否缺少 using 指令或程序集引用?) [/root/WorkSpace/CSharp/TelegramSearchBot/feature/project-restructure-implementation/TelegramSearchBot.Test/TelegramSearchBot.Test.csproj]
/root/WorkSpace/CSharp/TelegramSearchBot/feature/project-restructure-implementation/TelegramSearchBot.Test/Integration/MessageDatabaseIntegrationTests.cs(360,30): error CS0103: 当前上下文中不存在名称“MessageTestDataFactory” [/root/WorkSpace/CSharp/TelegramSearchBot/feature/project-restructure-implementation/TelegramSearchBot.Test/TelegramSearchBot.Test.csproj]
/root/WorkSpace/CSharp/TelegramSearchBot/feature/project-restructure-implementation/TelegramSearchBot.Test/Integration/MessageDatabaseIntegrationTests.cs(367,26): error CS0103: 当前上下文中不存在名称“MessageTestDataFactory” [/root/WorkSpace/CSharp/TelegramSearchBot/feature/project-restructure-implementation/TelegramSearchBot.Test/TelegramSearchBot.Test.csproj]
/root/WorkSpace/CSharp/TelegramSearchBot/feature/project-restructure-implementation/TelegramSearchBot.Test/Integration/MessageDatabaseIntegrationTests.cs(376,43): error CS1061: “MessageRepository”未包含“GetMessageCountByGroupIdAsync”的定义，并且找不到可接受第一个“MessageRepository”类型参数的可访问扩展方法“GetMessageCountByGroupIdAsync”(是否缺少 using 指令或程序集引用?) [/root/WorkSpace/CSharp/TelegramSearchBot/feature/project-restructure-implementation/TelegramSearchBot.Test/TelegramSearchBot.Test.csproj]
/root/WorkSpace/CSharp/TelegramSearchBot/feature/project-restructure-implementation/TelegramSearchBot.Test/Domain/Message/MessageServiceTests.cs(454,40): error CS1061: “MessageService”未包含“AddToSqlite”的定义，并且找不到可接受第一个“MessageService”类型参数的可访问扩展方法“AddToSqlite”(是否缺少 using 指令或程序集引用?) [/root/WorkSpace/CSharp/TelegramSearchBot/feature/project-restructure-implementation/TelegramSearchBot.Test/TelegramSearchBot.Test.csproj]
/root/WorkSpace/CSharp/TelegramSearchBot/feature/project-restructure-implementation/TelegramSearchBot.Test/Integration/MinimalIntegrationTests.cs(212,66): error CS0246: 未能找到类型或命名空间名“IMessageRepository”(是否缺少 using 指令或程序集引用?) [/root/WorkSpace/CSharp/TelegramSearchBot/feature/project-restructure-implementation/TelegramSearchBot.Test/TelegramSearchBot.Test.csproj]
/root/WorkSpace/CSharp/TelegramSearchBot/feature/project-restructure-implementation/TelegramSearchBot.Test/Integration/MessageRepositoryIntegrationTests.cs(302,40): error CS1061: “MessageContent”未包含“Text”的定义，并且找不到可接受第一个“MessageContent”类型参数的可访问扩展方法“Text”(是否缺少 using 指令或程序集引用?) [/root/WorkSpace/CSharp/TelegramSearchBot/feature/project-restructure-implementation/TelegramSearchBot.Test/TelegramSearchBot.Test.csproj]
/root/WorkSpace/CSharp/TelegramSearchBot/feature/project-restructure-implementation/TelegramSearchBot.Test/Integration/MessageDatabaseIntegrationTests.cs(399,35): error CS0103: 当前上下文中不存在名称“MessageTestDataFactory” [/root/WorkSpace/CSharp/TelegramSearchBot/feature/project-restructure-implementation/TelegramSearchBot.Test/TelegramSearchBot.Test.csproj]
/root/WorkSpace/CSharp/TelegramSearchBot/feature/project-restructure-implementation/TelegramSearchBot.Test/Integration/MessageDatabaseIntegrationTests.cs(403,46): error CS1061: “MessageRepository”未包含“AddMessageAsync”的定义，并且找不到可接受第一个“MessageRepository”类型参数的可访问扩展方法“AddMessageAsync”(是否缺少 using 指令或程序集引用?) [/root/WorkSpace/CSharp/TelegramSearchBot/feature/project-restructure-implementation/TelegramSearchBot.Test/TelegramSearchBot.Test.csproj]
/root/WorkSpace/CSharp/TelegramSearchBot/feature/project-restructure-implementation/TelegramSearchBot.Test/Integration/MessageDatabaseIntegrationTests.cs(434,30): error CS0103: 当前上下文中不存在名称“MessageTestDataFactory” [/root/WorkSpace/CSharp/TelegramSearchBot/feature/project-restructure-implementation/TelegramSearchBot.Test/TelegramSearchBot.Test.csproj]
/root/WorkSpace/CSharp/TelegramSearchBot/feature/project-restructure-implementation/TelegramSearchBot.Test/Integration/MessageDatabaseIntegrationTests.cs(447,45): error CS1061: “MessageRepository”未包含“GetMessagesByGroupIdAsync”的定义，并且找不到可接受第一个“MessageRepository”类型参数的可访问扩展方法“GetMessagesByGroupIdAsync”(是否缺少 using 指令或程序集引用?) [/root/WorkSpace/CSharp/TelegramSearchBot/feature/project-restructure-implementation/TelegramSearchBot.Test/TelegramSearchBot.Test.csproj]
/root/WorkSpace/CSharp/TelegramSearchBot/feature/project-restructure-implementation/TelegramSearchBot.Test/Integration/MessageDatabaseIntegrationTests.cs(452,51): error CS1061: “MessageRepository”未包含“SearchMessagesAsync”的定义，并且找不到可接受第一个“MessageRepository”类型参数的可访问扩展方法“SearchMessagesAsync”(是否缺少 using 指令或程序集引用?) [/root/WorkSpace/CSharp/TelegramSearchBot/feature/project-restructure-implementation/TelegramSearchBot.Test/TelegramSearchBot.Test.csproj]
    693 个警告
    451 个错误

已用时间 00:00:07.70
